Archive member included to satisfy reference by file (symbol)

../circle/lib/usb/libusb.a(usbkeyboard.o)
                              kernel.o (CUSBKeyboardDevice::RegisterKeyStatusHandlerRaw(void (*)(unsigned char, unsigned char const*)))
../circle/lib/usb/libusb.a(dwhcidevice.o)
                              kernel.o (CDWHCIDevice::CDWHCIDevice(CInterruptSystem*, CTimer*))
../circle/lib/usb/libusb.a(dwhciframeschednper.o)
                              ../circle/lib/usb/libusb.a(dwhcidevice.o) (CDWHCIFrameSchedulerNonPeriodic::InitProtectedAllocator(unsigned int, unsigned int))
../circle/lib/usb/libusb.a(dwhciframeschednsplit.o)
                              ../circle/lib/usb/libusb.a(dwhcidevice.o) (CDWHCIFrameSchedulerNoSplit::InitProtectedAllocator(unsigned int, unsigned int))
../circle/lib/usb/libusb.a(dwhciframeschedper.o)
                              ../circle/lib/usb/libusb.a(dwhcidevice.o) (CDWHCIFrameSchedulerPeriodic::InitProtectedAllocator(unsigned int, unsigned int))
../circle/lib/usb/libusb.a(dwhciregister.o)
                              ../circle/lib/usb/libusb.a(dwhcidevice.o) (CDWHCIRegister::CDWHCIRegister(unsigned int))
../circle/lib/usb/libusb.a(dwhcirootport.o)
                              ../circle/lib/usb/libusb.a(dwhcidevice.o) (CDWHCIRootPort::~CDWHCIRootPort())
../circle/lib/usb/libusb.a(dwhcixferstagedata.o)
                              ../circle/lib/usb/libusb.a(dwhcidevice.o) (CDWHCITransferStageData::~CDWHCITransferStageData())
../circle/lib/usb/libusb.a(usbdevice.o)
                              ../circle/lib/usb/libusb.a(dwhcirootport.o) (CUSBDevice::CUSBDevice(CUSBHostController*, TUSBSpeed, CUSBHCIRootPort*))
../circle/lib/usb/libusb.a(usbdevicefactory.o)
                              ../circle/lib/usb/libusb.a(usbdevice.o) (CUSBDeviceFactory::GetDevice(CUSBFunction*, CString*))
../circle/lib/usb/libusb.a(usbendpoint.o)
                              ../circle/lib/usb/libusb.a(usbdevice.o) (CUSBEndpoint::CUSBEndpoint(CUSBDevice*))
../circle/lib/usb/libusb.a(usbfunction.o)
                              ../circle/lib/usb/libusb.a(usbkeyboard.o) (CUSBFunction::Initialize())
../circle/lib/usb/libusb.a(usbgamepadps3.o)
                              ../circle/lib/usb/libusb.a(usbdevicefactory.o) (CUSBGamePadPS3Device::CUSBGamePadPS3Device(CUSBFunction*))
../circle/lib/usb/libusb.a(usbgamepadps4.o)
                              ../circle/lib/usb/libusb.a(usbdevicefactory.o) (CUSBGamePadPS4Device::CUSBGamePadPS4Device(CUSBFunction*))
../circle/lib/usb/libusb.a(usbgamepadstandard.o)
                              ../circle/lib/usb/libusb.a(usbgamepadps3.o) (CUSBGamePadStandardDevice::~CUSBGamePadStandardDevice())
../circle/lib/usb/libusb.a(usbgamepadswitchpro.o)
                              ../circle/lib/usb/libusb.a(usbdevicefactory.o) (CUSBGamePadSwitchProDevice::CUSBGamePadSwitchProDevice(CUSBFunction*))
../circle/lib/usb/libusb.a(usbgamepadxbox360.o)
                              ../circle/lib/usb/libusb.a(usbdevicefactory.o) (CUSBGamePadXbox360Device::CUSBGamePadXbox360Device(CUSBFunction*))
../circle/lib/usb/libusb.a(usbgamepadxboxone.o)
                              ../circle/lib/usb/libusb.a(usbdevicefactory.o) (CUSBGamePadXboxOneDevice::CUSBGamePadXboxOneDevice(CUSBFunction*))
../circle/lib/usb/libusb.a(usbhiddevice.o)
                              ../circle/lib/usb/libusb.a(usbkeyboard.o) (CUSBHIDDevice::CUSBHIDDevice(CUSBFunction*, unsigned int))
../circle/lib/usb/libusb.a(usbhostcontroller.o)
                              ../circle/lib/usb/libusb.a(dwhcidevice.o) (CUSBHostController::CUSBHostController())
../circle/lib/usb/libusb.a(usbmassdevice.o)
                              ../circle/lib/usb/libusb.a(usbdevicefactory.o) (CUSBBulkOnlyMassStorageDevice::CUSBBulkOnlyMassStorageDevice(CUSBFunction*))
../circle/lib/usb/libusb.a(usbmidi.o)
                              ../circle/lib/usb/libusb.a(usbdevicefactory.o) (CUSBMIDIDevice::CUSBMIDIDevice(CUSBFunction*))
../circle/lib/usb/libusb.a(usbmouse.o)
                              ../circle/lib/usb/libusb.a(usbdevicefactory.o) (CUSBMouseDevice::CUSBMouseDevice(CUSBFunction*))
../circle/lib/usb/libusb.a(usbprinter.o)
                              ../circle/lib/usb/libusb.a(usbdevicefactory.o) (CUSBPrinterDevice::CUSBPrinterDevice(CUSBFunction*))
../circle/lib/usb/libusb.a(usbrequest.o)
                              ../circle/lib/usb/libusb.a(usbhiddevice.o) (CUSBRequest::CUSBRequest(CUSBEndpoint*, void*, unsigned int, TSetupData*))
../circle/lib/usb/libusb.a(usbstandardhub.o)
                              ../circle/lib/usb/libusb.a(usbdevicefactory.o) (CUSBStandardHub::CUSBStandardHub(CUSBFunction*))
../circle/lib/usb/libusb.a(lan7800.o)
                              ../circle/lib/usb/libusb.a(usbdevicefactory.o) (CLAN7800Device::CLAN7800Device(CUSBFunction*))
../circle/lib/usb/libusb.a(smsc951x.o)
[...]
Memory Configuration

Name             Origin             Length             Attributes
*default*        0x0000000000000000 0xffffffffffffffff

Linker script and memory map

Address of section .init set to 0x8000

.init           0x0000000000008000       0x64
 *(.init)
 .init          0x0000000000008000       0x64 ../circle/lib/libcircle.a(startup.o)
                0x0000000000008000                _start

.text           0x0000000000008068    0x38588
 *(.text*)
 .text          0x0000000000008068        0x0 main.o
 .text.startup  0x0000000000008068       0x58 main.o
                0x0000000000008068                main
 .text          0x00000000000080c0      0x3a8 kernel.o
                0x00000000000080c0                CKernel::CKernel()
                0x00000000000080c0                CKernel::CKernel()
                0x00000000000081e8                CKernel::~CKernel()
                0x00000000000081e8                CKernel::~CKernel()
                0x0000000000008288                CKernel::Initialize()
                0x0000000000008358                CKernel::Run()
                0x0000000000008448                CKernel::KeyStatusHandlerRaw(unsigned char, unsigned char const*)
 .text          0x0000000000008468     0x1344 BusRaiderApp.o
                0x0000000000008468                BusRaiderApp::BusRaiderApp(Display&, CUartMaxiSerialDevice&)
                0x0000000000008468                BusRaiderApp::BusRaiderApp(Display&, CUartMaxiSerialDevice&)
                0x0000000000008564                BusRaiderApp::init()
                0x0000000000008630                BusRaiderApp::clear()
                0x0000000000008698                BusRaiderApp::peripheralStatus(bool, bool)
                0x00000000000086ec                BusRaiderApp::statusDisplayUpdate()
                0x0000000000008ccc                BusRaiderApp::keyStatusHandlerRaw(unsigned char, unsigned char const*)
                0x0000000000008da0                BusRaiderApp::handleUSBKeypress(unsigned char, unsigned char const*)
                0x0000000000009258                BusRaiderApp::service()
                0x00000000000094d4                BusRaiderApp::getPiStatus(char*, int)
                0x0000000000009510                BusRaiderApp::storeESP32StatusInfo(char const*)
                0x0000000000009698                BusRaiderApp::handleRxMsg(char const*, unsigned char const*, unsigned int, char*, unsigned int)
                0x0000000000009784                BusRaiderApp::handleRxMsgStatic(void*, char const*, unsigned char const*, unsigned int, char*, unsigned int)
                0x0000000000009790                BusRaiderApp::selfTestHelperService()
                0x0000000000009794                BusRaiderApp::selfTestKeyboardGet()
 .text._ZN12SimpleBufferD2Ev
                0x00000000000097ac        0x4 BusRaiderApp.o
                0x00000000000097ac                SimpleBuffer::~SimpleBuffer()
                0x00000000000097ac                SimpleBuffer::~SimpleBuffer()
 .text._ZN12SimpleBufferD0Ev
                0x00000000000097b0       0x1c BusRaiderApp.o
                0x00000000000097b0                SimpleBuffer::~SimpleBuffer()
 .text          0x00000000000097cc      0x42c ../circle/lib/usb/libusb.a(usbkeyboard.o)
                0x00000000000097cc                CUSBKeyboardDevice::~CUSBKeyboardDevice()
                0x00000000000097cc                CUSBKeyboardDevice::~CUSBKeyboardDevice()
                0x0000000000009818                CUSBKeyboardDevice::~CUSBKeyboardDevice()
                0x0000000000009838                CUSBKeyboardDevice::ReportHandler(unsigned char const*, unsigned int)
                0x00000000000099b0                CUSBKeyboardDevice::CUSBKeyboardDevice(CUSBFunction*)
                0x00000000000099b0                CUSBKeyboardDevice::CUSBKeyboardDevice(CUSBFunction*)
                0x00000000000099f8                CUSBKeyboardDevice::RegisterKeyPressedHandler(void (*)(char const*))
                0x0000000000009a00                CUSBKeyboardDevice::RegisterSelectConsoleHandler(void (*)(unsigned int))
                0x0000000000009a08                CUSBKeyboardDevice::RegisterShutdownHandler(void (*)())
                0x0000000000009a10                CUSBKeyboardDevice::GetLEDStatus() const
                0x0000000000009a38                CUSBKeyboardDevice::RegisterKeyStatusHandlerRaw(void (*)(unsigned char, unsigned char const*))
                0x0000000000009a64                CUSBKeyboardDevice::SetLEDs(unsigned char)
                0x0000000000009ad8                CUSBKeyboardDevice::Configure()
                0x0000000000009b70                CUSBKeyboardDevice::UpdateLEDs()
                0x0000000000009bcc                CUSBKeyboardDevice::FindByte(unsigned char const*, unsigned char, unsigned int)
 .text          0x0000000000009bf8     0x2704 ../circle/lib/usb/libusb.a(dwhcidevice.o)
                0x0000000000009bf8                CDWHCIDevice::CompletionRoutine(CUSBRequest*, void*, void*)
                0x0000000000009cac                CDWHCIDevice::CDWHCIDevice(CInterruptSystem*, CTimer*)
                0x0000000000009cac                CDWHCIDevice::CDWHCIDevice(CInterruptSystem*, CTimer*)
                0x0000000000009d88                CDWHCIDevice::GetPortSpeed()
                0x0000000000009dd4                CDWHCIDevice::OvercurrentDetected()
                0x0000000000009e10                CDWHCIDevice::DisableRootPort(bool)
                0x0000000000009e78                CDWHCIDevice::PowerOn()
                0x0000000000009ee4                CDWHCIDevice::EnableGlobalInterrupts()
                0x0000000000009f28                CDWHCIDevice::EnableCommonInterrupts()
                0x0000000000009f60                CDWHCIDevice::EnableHostInterrupts()
                0x0000000000009fbc                CDWHCIDevice::EnableChannelInterrupt(unsigned int)
                0x000000000000a040                CDWHCIDevice::DisableChannelInterrupt(unsigned int)
                0x000000000000a0c4                CDWHCIDevice::StartChannel(CDWHCITransferStageData*)
                0x000000000000a4b8                CDWHCIDevice::StartTransaction(CDWHCITransferStageData*)
                0x000000000000a5cc                CDWHCIDevice::TimerHandler(CDWHCITransferStageData*)
                0x000000000000a68c                CDWHCIDevice::TimerStub(unsigned int, void*, void*)
                0x000000000000a6dc                CDWHCIDevice::AllocateChannel()
                0x000000000000a7a4                CDWHCIDevice::FreeChannel(unsigned int)
                0x000000000000a834                CDWHCIDevice::TransferStageAsync(CUSBRequest*, bool, bool, unsigned int)
                0x000000000000a994                CDWHCIDevice::SubmitAsyncRequest(CUSBRequest*, unsigned int)
                0x000000000000afbc                CDWHCIDevice::ChannelInterruptHandler(unsigned int)
                0x000000000000afcc                CDWHCIDevice::InterruptHandler()
                0x000000000000b0d0                CDWHCIDevice::InterruptStub(void*)
                0x000000000000b0fc                CDWHCIDevice::AllocateWaitBlock()
                0x000000000000b170                CDWHCIDevice::FreeWaitBlock(unsigned int)
                0x000000000000b1fc                CDWHCIDevice::TransferStage(CUSBRequest*, bool, bool, unsigned int)
                0x000000000000b310                CDWHCIDevice::SubmitBlockingRequest(CUSBRequest*, unsigned int)
                0x000000000000b584                CDWHCIDevice::WaitForBit(CDWHCIRegister*, unsigned int, bool, unsigned int)
                0x000000000000b664                CDWHCIDevice::EnableRootPort()
                0x000000000000b740                CDWHCIDevice::Reset()
                0x000000000000b7e0                CDWHCIDevice::InitCore()
                0x000000000000ba54                CDWHCIDevice::FlushTxFIFO(unsigned int)
                0x000000000000bae0                CDWHCIDevice::FlushRxFIFO()
                0x000000000000bb50                CDWHCIDevice::InitHost()
                0x000000000000bd58                CDWHCIDevice::DumpRegister(char const*, unsigned int)
                0x000000000000bdb8                CDWHCIDevice::DumpStatus(unsigned int)
                0x000000000000bf60                CDWHCIDevice::~CDWHCIDevice()
                0x000000000000bf60                CDWHCIDevice::~CDWHCIDevice()
                0x000000000000c044                CDWHCIDevice::~CDWHCIDevice()
                0x000000000000c064                CDWHCIDevice::ReScanDevices()
                0x000000000000c0f4                CDWHCIDevice::Initialize()
 .text          0x000000000000c2fc      0x37c ../circle/lib/usb/libusb.a(dwhciframeschednper.o)
                0x000000000000c2fc                CDWHCIFrameSchedulerNonPeriodic::~CDWHCIFrameSchedulerNonPeriodic()
                0x000000000000c2fc                CDWHCIFrameSchedulerNonPeriodic::~CDWHCIFrameSchedulerNonPeriodic()
                0x000000000000c300                CDWHCIFrameSchedulerNonPeriodic::StartSplit()
                0x000000000000c30c                CDWHCIFrameSchedulerNonPeriodic::WaitForFrame()
                0x000000000000c310                CDWHCIFrameSchedulerNonPeriodic::IsOddFrame() const
                0x000000000000c318                CDWHCIFrameSchedulerNonPeriodic::CompleteSplit()
                0x000000000000c390                CDWHCIFrameSchedulerNonPeriodic::TransactionComplete(unsigned int)
                0x000000000000c4a0                CDWHCIFrameSchedulerNonPeriodic::CDWHCIFrameSchedulerNonPeriodic()
                0x000000000000c4a0                CDWHCIFrameSchedulerNonPeriodic::CDWHCIFrameSchedulerNonPeriodic()
                0x000000000000c4e8                CDWHCIFrameSchedulerNonPeriodic::operator new(unsigned int)
                0x000000000000c53c                CDWHCIFrameSchedulerNonPeriodic::operator delete(void*, unsigned int)
                0x000000000000c594                CDWHCIFrameSchedulerNonPeriodic::~CDWHCIFrameSchedulerNonPeriodic()
                0x000000000000c5ac                CDWHCIFrameSchedulerNonPeriodic::InitAllocator(unsigned int)
                0x000000000000c608                CDWHCIFrameSchedulerNonPeriodic::InitProtectedAllocator(unsigned int, unsigned int)
 .text          0x000000000000c678      0x280 ../circle/lib/usb/libusb.a(dwhciframeschednsplit.o)
                0x000000000000c678                CDWHCIFrameSchedulerNoSplit::~CDWHCIFrameSchedulerNoSplit()
                0x000000000000c678                CDWHCIFrameSchedulerNoSplit::~CDWHCIFrameSchedulerNoSplit()
                0x000000000000c67c                CDWHCIFrameSchedulerNoSplit::IsOddFrame() const
                0x000000000000c688                CDWHCIFrameSchedulerNoSplit::StartSplit()
                0x000000000000c6a4                CDWHCIFrameSchedulerNoSplit::CompleteSplit()
                0x000000000000c6c0                CDWHCIFrameSchedulerNoSplit::TransactionComplete(unsigned int)
                0x000000000000c6dc                CDWHCIFrameSchedulerNoSplit::WaitForFrame()
                0x000000000000c74c                CDWHCIFrameSchedulerNoSplit::CDWHCIFrameSchedulerNoSplit(bool)
                0x000000000000c74c                CDWHCIFrameSchedulerNoSplit::CDWHCIFrameSchedulerNoSplit(bool)
                0x000000000000c768                CDWHCIFrameSchedulerNoSplit::operator new(unsigned int)
                0x000000000000c7bc                CDWHCIFrameSchedulerNoSplit::operator delete(void*, unsigned int)
                0x000000000000c814                CDWHCIFrameSchedulerNoSplit::~CDWHCIFrameSchedulerNoSplit()
                0x000000000000c82c                CDWHCIFrameSchedulerNoSplit::InitAllocator(unsigned int)
                0x000000000000c888                CDWHCIFrameSchedulerNoSplit::InitProtectedAllocator(unsigned int, unsigned int)
 .text          0x000000000000c8f8      0x440 ../circle/lib/usb/libusb.a(dwhciframeschedper.o)
                0x000000000000c8f8                CDWHCIFrameSchedulerPeriodic::~CDWHCIFrameSchedulerPeriodic()
                0x000000000000c8f8                CDWHCIFrameSchedulerPeriodic::~CDWHCIFrameSchedulerPeriodic()
                0x000000000000c8fc                CDWHCIFrameSchedulerPeriodic::StartSplit()
                0x000000000000c910                CDWHCIFrameSchedulerPeriodic::IsOddFrame() const
                0x000000000000c91c                CDWHCIFrameSchedulerPeriodic::WaitForFrame()
                0x000000000000c98c                CDWHCIFrameSchedulerPeriodic::CompleteSplit()
                0x000000000000ca50                CDWHCIFrameSchedulerPeriodic::TransactionComplete(unsigned int)
                0x000000000000cb58                CDWHCIFrameSchedulerPeriodic::CDWHCIFrameSchedulerPeriodic()
                0x000000000000cb58                CDWHCIFrameSchedulerPeriodic::CDWHCIFrameSchedulerPeriodic()
                0x000000000000cba8                CDWHCIFrameSchedulerPeriodic::operator new(unsigned int)
                0x000000000000cbfc                CDWHCIFrameSchedulerPeriodic::operator delete(void*, unsigned int)
                0x000000000000cc54                CDWHCIFrameSchedulerPeriodic::~CDWHCIFrameSchedulerPeriodic()
                0x000000000000cc6c                CDWHCIFrameSchedulerPeriodic::InitAllocator(unsigned int)
                0x000000000000ccc8                CDWHCIFrameSchedulerPeriodic::InitProtectedAllocator(unsigned int, unsigned int)
 .text          0x000000000000cd38      0x2c0 ../circle/lib/usb/libusb.a(dwhciregister.o)
                0x000000000000cd38                CDWHCIRegister::CDWHCIRegister(unsigned int)
                0x000000000000cd38                CDWHCIRegister::CDWHCIRegister(unsigned int)
                0x000000000000cd48                CDWHCIRegister::CDWHCIRegister(unsigned int, unsigned int)
                0x000000000000cd48                CDWHCIRegister::CDWHCIRegister(unsigned int, unsigned int)
                0x000000000000cd58                CDWHCIRegister::~CDWHCIRegister()
                0x000000000000cd58                CDWHCIRegister::~CDWHCIRegister()
                0x000000000000cd5c                CDWHCIRegister::Read()
                0x000000000000cd78                CDWHCIRegister::Write()
                0x000000000000cdb0                CDWHCIRegister::Get() const
                0x000000000000cde0                CDWHCIRegister::Set(unsigned int)
                0x000000000000cdf0                CDWHCIRegister::IsSet(unsigned int) const
                0x000000000000ce2c                CDWHCIRegister::And(unsigned int)
                0x000000000000ce64                CDWHCIRegister::Or(unsigned int)
                0x000000000000ce9c                CDWHCIRegister::ClearBit(unsigned int)
                0x000000000000cef4                CDWHCIRegister::SetBit(unsigned int)
                0x000000000000cf4c                CDWHCIRegister::ClearAll()
                0x000000000000cf60                CDWHCIRegister::SetAll()
                0x000000000000cf74                CDWHCIRegister::Dump() const
 .text          0x000000000000cff8      0x2c8 ../circle/lib/usb/libusb.a(dwhcirootport.o)
                0x000000000000cff8                CDWHCIRootPort::~CDWHCIRootPort()
                0x000000000000cff8                CDWHCIRootPort::~CDWHCIRootPort()
                0x000000000000d02c                CDWHCIRootPort::~CDWHCIRootPort()
                0x000000000000d06c                CDWHCIRootPort::RemoveDevice()
                0x000000000000d0c8                CDWHCIRootPort::ReScanDevices()
                0x000000000000d108                CDWHCIRootPort::CDWHCIRootPort(CDWHCIDevice*)
                0x000000000000d108                CDWHCIRootPort::CDWHCIRootPort(CDWHCIDevice*)
                0x000000000000d144                CDWHCIRootPort::Initialize()
 .text          0x000000000000d2c0      0xaa0 ../circle/lib/usb/libusb.a(dwhcixferstagedata.o)
                0x000000000000d2c0                CDWHCITransferStageData::~CDWHCITransferStageData()
                0x000000000000d2c0                CDWHCITransferStageData::~CDWHCITransferStageData()
                0x000000000000d304                CDWHCITransferStageData::SetChannelNumber(unsigned int)
                0x000000000000d30c                CDWHCITransferStageData::TransactionComplete(unsigned int, unsigned int, unsigned int)
                0x000000000000d4ac                CDWHCITransferStageData::SetSplitComplete(bool)
                0x000000000000d4dc                CDWHCITransferStageData::SetState(unsigned int)
                0x000000000000d4e4                CDWHCITransferStageData::GetState() const
                0x000000000000d4ec                CDWHCITransferStageData::SetSubState(unsigned int)
                0x000000000000d4f4                CDWHCITransferStageData::GetSubState() const
                0x000000000000d4fc                CDWHCITransferStageData::BeginSplitCycle()
                0x000000000000d504                CDWHCITransferStageData::GetChannelNumber() const
                0x000000000000d50c                CDWHCITransferStageData::IsPeriodic() const
                0x000000000000d550                CDWHCITransferStageData::CDWHCITransferStageData(unsigned int, CUSBRequest*, bool, bool, unsigned int)
                0x000000000000d550                CDWHCITransferStageData::CDWHCITransferStageData(unsigned int, CUSBRequest*, bool, bool, unsigned int)
                0x000000000000d870                CDWHCITransferStageData::GetDeviceAddress() const
                0x000000000000d8a0                CDWHCITransferStageData::GetEndpointType() const
                0x000000000000d900                CDWHCITransferStageData::GetEndpointNumber() const
                0x000000000000d930                CDWHCITransferStageData::GetMaxPacketSize() const
                0x000000000000d938                CDWHCITransferStageData::GetSpeed() const
                0x000000000000d940                CDWHCITransferStageData::GetPID() const
                0x000000000000d9ac                CDWHCITransferStageData::IsDirectionIn() const
                0x000000000000d9b4                CDWHCITransferStageData::IsStatusStage() const
                0x000000000000d9bc                CDWHCITransferStageData::GetDMAAddress() const
                0x000000000000d9e8                CDWHCITransferStageData::GetBytesToTransfer() const
                0x000000000000d9f0                CDWHCITransferStageData::GetPacketsToTransfer() const
                0x000000000000d9f8                CDWHCITransferStageData::IsSplit() const
                0x000000000000da00                CDWHCITransferStageData::IsSplitComplete() const
                0x000000000000da34                CDWHCITransferStageData::GetHubAddress() const
                0x000000000000da88                CDWHCITransferStageData::GetHubPortAddress() const
                0x000000000000dadc                CDWHCITransferStageData::GetSplitPosition() const
                0x000000000000dae4                CDWHCITransferStageData::GetStatusMask() const
                0x000000000000db18                CDWHCITransferStageData::GetTransactionStatus() const
                0x000000000000db44                CDWHCITransferStageData::IsStageComplete() const
                0x000000000000db54                CDWHCITransferStageData::GetResultLen() const
                0x000000000000db68                CDWHCITransferStageData::IsTimeout() const
                0x000000000000dba8                CDWHCITransferStageData::GetURB() const
                0x000000000000dbd0                CDWHCITransferStageData::GetFrameScheduler() const
                0x000000000000dbd8                CDWHCITransferStageData::operator new(unsigned int)
                0x000000000000dc30                CDWHCITransferStageData::operator delete(void*, unsigned int)
                0x000000000000dc8c                CDWHCITransferStageData::InitAllocator(unsigned int)
                0x000000000000dcec                CDWHCITransferStageData::InitProtectedAllocator(unsigned int, unsigned int)
 .text          0x000000000000dd60     0x1050 ../circle/lib/usb/libusb.a(usbdevice.o)
                0x000000000000dd60                CUSBDevice::~CUSBDevice()
                0x000000000000dd60                CUSBDevice::~CUSBDevice()
                0x000000000000de98                CUSBDevice::~CUSBDevice()
                0x000000000000deb8                CUSBDevice::CUSBDevice(CUSBHostController*, TUSBSpeed, CUSBHCIRootPort*)
                0x000000000000deb8                CUSBDevice::CUSBDevice(CUSBHostController*, TUSBSpeed, CUSBHCIRootPort*)
                0x000000000000df74                CUSBDevice::CUSBDevice(CUSBHostController*, TUSBSpeed, CUSBStandardHub*, unsigned int)
                0x000000000000df74                CUSBDevice::CUSBDevice(CUSBHostController*, TUSBSpeed, CUSBStandardHub*, unsigned int)
                0x000000000000e0d4                CUSBDevice::ReScanDevices()
                0x000000000000e114                CUSBDevice::RemoveDevice()
                0x000000000000e164                CUSBDevice::GetName(TDeviceNameSelector) const
                0x000000000000e278                CUSBDevice::GetNames() const
                0x000000000000e368                CUSBDevice::SetAddress(unsigned char)
                0x000000000000e398                CUSBDevice::GetAddress() const
                0x000000000000e3a0                CUSBDevice::GetSpeed() const
                0x000000000000e3a8                CUSBDevice::IsSplit() const
                0x000000000000e3b0                CUSBDevice::GetHubAddress() const
                0x000000000000e3b8                CUSBDevice::GetHubPortNumber() const
                0x000000000000e3c0                CUSBDevice::GetTTHubDevice() const
                0x000000000000e3c8                CUSBDevice::GetEndpoint0() const
                0x000000000000e3f0                CUSBDevice::GetHost() const
                0x000000000000e41c                CUSBDevice::GetDeviceDescriptor() const
                0x000000000000e444                CUSBDevice::GetConfigurationDescriptor() const
                0x000000000000e470                CUSBDevice::GetDescriptor(unsigned char)
                0x000000000000e49c                CUSBDevice::ConfigurationError(char const*) const
                0x000000000000e4cc                CUSBDevice::LogWrite(TLogSeverity, char const*, ...)
                0x000000000000e57c                CUSBDevice::Initialize()
                0x000000000000ecbc                CUSBDevice::Configure()
 .text          0x000000000000edb0      0x464 ../circle/lib/usb/libusb.a(usbdevicefactory.o)
                0x000000000000edb0                CUSBDeviceFactory::GetDevice(CUSBFunction*, CString*)
 .text          0x000000000000f214      0x37c ../circle/lib/usb/libusb.a(usbendpoint.o)
                0x000000000000f214                CUSBEndpoint::CUSBEndpoint(CUSBDevice*)
                0x000000000000f214                CUSBEndpoint::CUSBEndpoint(CUSBDevice*)
                0x000000000000f25c                CUSBEndpoint::CUSBEndpoint(CUSBDevice*, TUSBEndpointDescriptor const*)
                0x000000000000f25c                CUSBEndpoint::CUSBEndpoint(CUSBDevice*, TUSBEndpointDescriptor const*)
                0x000000000000f3ec                CUSBEndpoint::~CUSBEndpoint()
                0x000000000000f3ec                CUSBEndpoint::~CUSBEndpoint()
                0x000000000000f3f0                CUSBEndpoint::GetDevice() const
                0x000000000000f418                CUSBEndpoint::GetNumber() const
                0x000000000000f420                CUSBEndpoint::GetType() const
                0x000000000000f428                CUSBEndpoint::IsDirectionIn() const
                0x000000000000f430                CUSBEndpoint::SetMaxPacketSize(unsigned int)
                0x000000000000f440                CUSBEndpoint::GetMaxPacketSize() const
                0x000000000000f448                CUSBEndpoint::GetInterval() const
                0x000000000000f478                CUSBEndpoint::GetNextPID(bool)
                0x000000000000f4b8                CUSBEndpoint::SkipPID(unsigned int, bool)
                0x000000000000f560                CUSBEndpoint::ResetPID()
 .text          0x000000000000f590      0x658 ../circle/lib/usb/libusb.a(usbfunction.o)
                0x000000000000f590                CUSBFunction::Initialize()
                0x000000000000f598                CUSBFunction::ReScanDevices()
                0x000000000000f5a0                CUSBFunction::~CUSBFunction()
                0x000000000000f5a0                CUSBFunction::~CUSBFunction()
                0x000000000000f5f8                CUSBFunction::~CUSBFunction()
                0x000000000000f618                CUSBFunction::RemoveDevice()
                0x000000000000f644                CUSBFunction::Configure()
                0x000000000000f738                CUSBFunction::CUSBFunction(CUSBDevice*, CUSBConfigurationParser*)
                0x000000000000f738                CUSBFunction::CUSBFunction(CUSBDevice*, CUSBConfigurationParser*)
                0x000000000000f7e8                CUSBFunction::CUSBFunction(CUSBFunction*)
                0x000000000000f7e8                CUSBFunction::CUSBFunction(CUSBFunction*)
                0x000000000000f8bc                CUSBFunction::GetInterfaceName() const
                0x000000000000f934                CUSBFunction::GetNumEndpoints() const
                0x000000000000f964                CUSBFunction::GetDevice() const
                0x000000000000f98c                CUSBFunction::GetEndpoint0() const
                0x000000000000f9b8                CUSBFunction::GetHost() const
                0x000000000000f9e4                CUSBFunction::GetDescriptor(unsigned char)
                0x000000000000fa10                CUSBFunction::ConfigurationError(char const*) const
                0x000000000000fa5c                CUSBFunction::SelectInterfaceByClass(unsigned char, unsigned char, unsigned char)
                0x000000000000fb28                CUSBFunction::GetInterfaceNumber() const
                0x000000000000fb58                CUSBFunction::GetInterfaceClass() const
                0x000000000000fb88                CUSBFunction::GetInterfaceSubClass() const
                0x000000000000fbb8                CUSBFunction::GetInterfaceProtocol() const
 .text          0x000000000000fbe8      0x54c ../circle/lib/usb/libusb.a(usbgamepadps3.o)
                0x000000000000fbe8                CUSBGamePadPS3Device::~CUSBGamePadPS3Device()
                0x000000000000fbe8                CUSBGamePadPS3Device::~CUSBGamePadPS3Device()
                0x000000000000fc08                CUSBGamePadPS3Device::~CUSBGamePadPS3Device()
                0x000000000000fc34                CUSBGamePadPS3Device::SetRumbleMode(TGamePadRumbleMode)
                0x000000000000fd38                CUSBGamePadPS3Device::SetLEDMode(TGamePadLEDMode)
                0x000000000000fdc8                CUSBGamePadPS3Device::CUSBGamePadPS3Device(CUSBFunction*)
                0x000000000000fdc8                CUSBGamePadPS3Device::CUSBGamePadPS3Device(CUSBFunction*)
                0x000000000000fe18                CUSBGamePadPS3Device::PS3Enable()
                0x000000000000feac                CUSBGamePadPS3Device::Configure()
                0x000000000000ffc8                CUSBGamePadPS3Device::DecodeReport(unsigned char const*)
 .text._ZN17CUSBGamePadDevice10SetLEDModeEjhh
                0x0000000000010134        0x8 ../circle/lib/usb/libusb.a(usbgamepadps3.o)
                0x0000000000010134                CUSBGamePadDevice::SetLEDMode(unsigned int, unsigned char, unsigned char)
 .text._ZN20CUSBGamePadPS3Device13GetPropertiesEv
                0x000000000001013c        0x8 ../circle/lib/usb/libusb.a(usbgamepadps3.o)
                0x000000000001013c                CUSBGamePadPS3Device::GetProperties()
 .text          0x0000000000010144      0x7d8 ../circle/lib/usb/libusb.a(usbgamepadps4.o)
                0x0000000000010144                CUSBGamePadPS4Device::DecodeReport(unsigned char const*)
                0x00000000000102f4                CUSBGamePadPS4Device::~CUSBGamePadPS4Device()
                0x00000000000102f4                CUSBGamePadPS4Device::~CUSBGamePadPS4Device()
                0x0000000000010340                CUSBGamePadPS4Device::~CUSBGamePadPS4Device()
                0x0000000000010360                CUSBGamePadPS4Device::CUSBGamePadPS4Device(CUSBFunction*)
                0x0000000000010360                CUSBGamePadPS4Device::CUSBGamePadPS4Device(CUSBFunction*)
                0x00000000000103ac                CUSBGamePadPS4Device::HandleTouchpad(unsigned char const*)
                0x0000000000010534                CUSBGamePadPS4Device::ReportHandler(unsigned char const*, unsigned int)
                0x00000000000105a0                CUSBGamePadPS4Device::SendLedRumbleCommand()
                0x0000000000010648                CUSBGamePadPS4Device::SetLEDMode(TGamePadLEDMode)
                0x0000000000010728                CUSBGamePadPS4Device::SetLEDMode(unsigned int, unsigned char, unsigned char)
                0x0000000000010750                CUSBGamePadPS4Device::SetRumbleMode(TGamePadRumbleMode)
                0x00000000000107b4                CUSBGamePadPS4Device::DisableTouchpad()
                0x00000000000107c8                CUSBGamePadPS4Device::Configure()
 .text._ZN20CUSBGamePadPS4Device13GetPropertiesEv
                0x000000000001091c        0x8 ../circle/lib/usb/libusb.a(usbgamepadps4.o)
                0x000000000001091c                CUSBGamePadPS4Device::GetProperties()
 .text          0x0000000000010924      0x790 ../circle/lib/usb/libusb.a(usbgamepadstandard.o)
                0x0000000000010924                CUSBGamePadStandardDevice::~CUSBGamePadStandardDevice()
                0x0000000000010924                CUSBGamePadStandardDevice::~CUSBGamePadStandardDevice()
                0x0000000000010960                CUSBGamePadStandardDevice::~CUSBGamePadStandardDevice()
                0x0000000000010980                CUSBGamePadStandardDevice::CUSBGamePadStandardDevice(CUSBFunction*, bool)
                0x0000000000010980                CUSBGamePadStandardDevice::CUSBGamePadStandardDevice(CUSBFunction*, bool)
                0x00000000000109b8                CUSBGamePadStandardDevice::BitGetUnsigned(void const*, unsigned int, unsigned int)
                0x0000000000010ab8                CUSBGamePadStandardDevice::BitGetSigned(void const*, unsigned int, unsigned int)
                0x0000000000010ae0                CUSBGamePadStandardDevice::DecodeReport(unsigned char const*)
                0x0000000000010f04                CUSBGamePadStandardDevice::Configure()
 .text._ZN17CUSBGamePadDevice13GetPropertiesEv
                0x00000000000110b4        0x8 ../circle/lib/usb/libusb.a(usbgamepadstandard.o)
                0x00000000000110b4                CUSBGamePadDevice::GetProperties()
 .text._ZN17CUSBGamePadDevice10SetLEDModeE15TGamePadLEDMode
                0x00000000000110bc        0x8 ../circle/lib/usb/libusb.a(usbgamepadstandard.o)
                0x00000000000110bc                CUSBGamePadDevice::SetLEDMode(TGamePadLEDMode)
 .text._ZN17CUSBGamePadDevice13SetRumbleModeE18TGamePadRumbleMode
                0x00000000000110c4        0x8 ../circle/lib/usb/libusb.a(usbgamepadstandard.o)
                0x00000000000110c4                CUSBGamePadDevice::SetRumbleMode(TGamePadRumbleMode)
 .text          0x00000000000110cc      0x6c8 ../circle/lib/usb/libusb.a(usbgamepadswitchpro.o)
                0x00000000000110cc                CUSBGamePadSwitchProDevice::~CUSBGamePadSwitchProDevice()
                0x00000000000110cc                CUSBGamePadSwitchProDevice::~CUSBGamePadSwitchProDevice()
                0x00000000000110ec                CUSBGamePadSwitchProDevice::~CUSBGamePadSwitchProDevice()
                0x0000000000011118                CUSBGamePadSwitchProDevice::DecodeReport(unsigned char const*)
                0x0000000000011318                CUSBGamePadSwitchProDevice::SetLEDMode(TGamePadLEDMode)
                0x00000000000113a0                CUSBGamePadSwitchProDevice::SetRumbleMode(TGamePadRumbleMode)
                0x0000000000011470                CUSBGamePadSwitchProDevice::CUSBGamePadSwitchProDevice(CUSBFunction*)
                0x0000000000011470                CUSBGamePadSwitchProDevice::CUSBGamePadSwitchProDevice(CUSBFunction*)
                0x00000000000114b0                CUSBGamePadSwitchProDevice::Configure()
 .text._ZN26CUSBGamePadSwitchProDevice13GetPropertiesEv
                0x0000000000011794        0x8 ../circle/lib/usb/libusb.a(usbgamepadswitchpro.o)
                0x0000000000011794                CUSBGamePadSwitchProDevice::GetProperties()
 .text          0x000000000001179c      0x3b0 ../circle/lib/usb/libusb.a(usbgamepadxbox360.o)
                0x000000000001179c                CUSBGamePadXbox360Device::~CUSBGamePadXbox360Device()
                0x000000000001179c                CUSBGamePadXbox360Device::~CUSBGamePadXbox360Device()
                0x00000000000117bc                CUSBGamePadXbox360Device::~CUSBGamePadXbox360Device()
                0x00000000000117e8                CUSBGamePadXbox360Device::ReportHandler(unsigned char const*, unsigned int)
                0x0000000000011858                CUSBGamePadXbox360Device::DecodeReport(unsigned char const*)
                0x0000000000011994                CUSBGamePadXbox360Device::SetLEDMode(TGamePadLEDMode)
                0x00000000000119e4                CUSBGamePadXbox360Device::SetRumbleMode(TGamePadRumbleMode)
                0x0000000000011a6c                CUSBGamePadXbox360Device::CUSBGamePadXbox360Device(CUSBFunction*)
                0x0000000000011a6c                CUSBGamePadXbox360Device::CUSBGamePadXbox360Device(CUSBFunction*)
                0x0000000000011a8c                CUSBGamePadXbox360Device::Configure()
 .text._ZN24CUSBGamePadXbox360Device13GetPropertiesEv
                0x0000000000011b4c        0x8 ../circle/lib/usb/libusb.a(usbgamepadxbox360.o)
                0x0000000000011b4c                CUSBGamePadXbox360Device::GetProperties()
 .text          0x0000000000011b54      0x4a4 ../circle/lib/usb/libusb.a(usbgamepadxboxone.o)
                0x0000000000011b54                CUSBGamePadXboxOneDevice::DecodeReport(unsigned char const*)
                0x0000000000011d04                CUSBGamePadXboxOneDevice::~CUSBGamePadXboxOneDevice()
                0x0000000000011d04                CUSBGamePadXboxOneDevice::~CUSBGamePadXboxOneDevice()
                0x0000000000011d24                CUSBGamePadXboxOneDevice::~CUSBGamePadXboxOneDevice()
                0x0000000000011d50                CUSBGamePadXboxOneDevice::ReportHandler(unsigned char const*, unsigned int)
                0x0000000000011e38                CUSBGamePadXboxOneDevice::SetRumbleMode(TGamePadRumbleMode)
                0x0000000000011ed0                CUSBGamePadXboxOneDevice::CUSBGamePadXboxOneDevice(CUSBFunction*)
                0x0000000000011ed0                CUSBGamePadXboxOneDevice::CUSBGamePadXboxOneDevice(CUSBFunction*)
                0x0000000000011ef8                CUSBGamePadXboxOneDevice::Configure()
 .text._ZN24CUSBGamePadXboxOneDevice13GetPropertiesEv
                0x0000000000011ff8        0x8 ../circle/lib/usb/libusb.a(usbgamepadxboxone.o)
                0x0000000000011ff8                CUSBGamePadXboxOneDevice::GetProperties()
 .text          0x0000000000012000      0x83c ../circle/lib/usb/libusb.a(usbhiddevice.o)
                0x0000000000012000                CUSBHIDDevice::SendCompletionRoutine(CUSBRequest*, void*, void*)
                0x0000000000012090                CUSBHIDDevice::CUSBHIDDevice(CUSBFunction*, unsigned int)
                0x0000000000012090                CUSBHIDDevice::CUSBHIDDevice(CUSBFunction*, unsigned int)
                0x00000000000120e8                CUSBHIDDevice::~CUSBHIDDevice()
                0x00000000000120e8                CUSBHIDDevice::~CUSBHIDDevice()
                0x0000000000012174                CUSBHIDDevice::~CUSBHIDDevice()
                0x0000000000012194                CUSBHIDDevice::Configure(unsigned int)
                0x00000000000123fc                CUSBHIDDevice::SendToEndpointOut(void const*, unsigned int, unsigned int)
                0x000000000001248c                CUSBHIDDevice::SendToEndpointOutAsync(void const*, unsigned int, unsigned int)
                0x000000000001256c                CUSBHIDDevice::ReceiveFromEndpointIn(void*, unsigned int, unsigned int)
                0x0000000000012620                CUSBHIDDevice::StartRequest()
                0x0000000000012710                CUSBHIDDevice::CompletionRoutine(CUSBRequest*)
                0x000000000001280c                CUSBHIDDevice::CompletionStub(CUSBRequest*, void*, void*)
 .text          0x000000000001283c      0x228 ../circle/lib/usb/libusb.a(usbhostcontroller.o)
                0x000000000001283c                CUSBHostController::CUSBHostController()
                0x000000000001283c                CUSBHostController::CUSBHostController()
                0x000000000001284c                CUSBHostController::~CUSBHostController()
                0x000000000001284c                CUSBHostController::~CUSBHostController()
                0x0000000000012850                CUSBHostController::~CUSBHostController()
                0x0000000000012868                CUSBHostController::ControlMessage(CUSBEndpoint*, unsigned char, unsigned char, unsigned short, unsigned short, void*, unsigned short)
                0x0000000000012930                CUSBHostController::GetDescriptor(CUSBEndpoint*, unsigned char, unsigned char, void*, unsigned int, unsigned char, unsigned short)
                0x0000000000012968                CUSBHostController::SetAddress(CUSBEndpoint*, unsigned char)
                0x00000000000129b4                CUSBHostController::SetConfiguration(CUSBEndpoint*, unsigned char)
                0x0000000000012a00                CUSBHostController::Transfer(CUSBEndpoint*, void*, unsigned int, unsigned int)
 .text          0x0000000000012a64      0xd18 ../circle/lib/usb/libusb.a(usbmassdevice.o)
                0x0000000000012a64                CUSBBulkOnlyMassStorageDevice::Seek(unsigned long long)
                0x0000000000012a74                CUSBBulkOnlyMassStorageDevice::~CUSBBulkOnlyMassStorageDevice()
                0x0000000000012a74                CUSBBulkOnlyMassStorageDevice::~CUSBBulkOnlyMassStorageDevice()
                0x0000000000012b7c                CUSBBulkOnlyMassStorageDevice::~CUSBBulkOnlyMassStorageDevice()
                0x0000000000012b9c                CUSBBulkOnlyMassStorageDevice::CUSBBulkOnlyMassStorageDevice(CUSBFunction*)
                0x0000000000012b9c                CUSBBulkOnlyMassStorageDevice::CUSBBulkOnlyMassStorageDevice(CUSBFunction*)
                0x0000000000012be4                CUSBBulkOnlyMassStorageDevice::GetCapacity() const
                0x0000000000012bec                CUSBBulkOnlyMassStorageDevice::Command(void*, unsigned int, void*, unsigned int, bool)
                0x0000000000012e9c                CUSBBulkOnlyMassStorageDevice::TryRead(void*, unsigned int)
                0x0000000000012f98                CUSBBulkOnlyMassStorageDevice::TryWrite(void const*, unsigned int)
                0x0000000000013094                CUSBBulkOnlyMassStorageDevice::Reset()
                0x00000000000131e4                CUSBBulkOnlyMassStorageDevice::Read(void*, unsigned int)
                0x000000000001324c                CUSBBulkOnlyMassStorageDevice::Write(void const*, unsigned int)
                0x00000000000132b4                CUSBBulkOnlyMassStorageDevice::Configure()
 .text          0x000000000001377c      0x6e4 ../circle/lib/usb/libusb.a(usbmidi.o)
                0x000000000001377c                CUSBMIDIDevice::~CUSBMIDIDevice()
                0x000000000001377c                CUSBMIDIDevice::~CUSBMIDIDevice()
                0x00000000000137e0                CUSBMIDIDevice::~CUSBMIDIDevice()
                0x0000000000013800                CUSBMIDIDevice::CUSBMIDIDevice(CUSBFunction*)
                0x0000000000013800                CUSBMIDIDevice::CUSBMIDIDevice(CUSBFunction*)
                0x0000000000013838                CUSBMIDIDevice::RegisterPacketHandler(void (*)(unsigned int, unsigned char*, unsigned int))
                0x0000000000013880                CUSBMIDIDevice::StartRequest()
                0x0000000000013978                CUSBMIDIDevice::TimerStub(unsigned int, void*, void*)
                0x00000000000139d0                CUSBMIDIDevice::CompletionRoutine(CUSBRequest*)
                0x0000000000013bcc                CUSBMIDIDevice::CompletionStub(CUSBRequest*, void*, void*)
                0x0000000000013bfc                CUSBMIDIDevice::TimerHandler(unsigned int)
                0x0000000000013c30                CUSBMIDIDevice::Configure()
 .text          0x0000000000013e60      0x234 ../circle/lib/usb/libusb.a(usbmouse.o)
                0x0000000000013e60                CUSBMouseDevice::~CUSBMouseDevice()
                0x0000000000013e60                CUSBMouseDevice::~CUSBMouseDevice()
                0x0000000000013ebc                CUSBMouseDevice::~CUSBMouseDevice()
                0x0000000000013edc                CUSBMouseDevice::Configure()
                0x0000000000014014                CUSBMouseDevice::ReportHandler(unsigned char const*, unsigned int)
                0x0000000000014064                CUSBMouseDevice::CUSBMouseDevice(CUSBFunction*)
                0x0000000000014064                CUSBMouseDevice::CUSBMouseDevice(CUSBFunction*)
 .text          0x0000000000014094      0x37c ../circle/lib/usb/libusb.a(usbprinter.o)
                0x0000000000014094                CUSBPrinterDevice::~CUSBPrinterDevice()
                0x0000000000014094                CUSBPrinterDevice::~CUSBPrinterDevice()
                0x0000000000014108                CUSBPrinterDevice::~CUSBPrinterDevice()
                0x0000000000014128                CUSBPrinterDevice::Write(void const*, unsigned int)
                0x00000000000141c0                CUSBPrinterDevice::CUSBPrinterDevice(CUSBFunction*)
                0x00000000000141c0                CUSBPrinterDevice::CUSBPrinterDevice(CUSBFunction*)
                0x00000000000141f0                CUSBPrinterDevice::Configure()
 .text          0x0000000000014410      0x37c ../circle/lib/usb/libusb.a(usbrequest.o)
                0x0000000000014410                CUSBRequest::CUSBRequest(CUSBEndpoint*, void*, unsigned int, TSetupData*)
                0x0000000000014410                CUSBRequest::CUSBRequest(CUSBEndpoint*, void*, unsigned int, TSetupData*)
                0x0000000000014490                CUSBRequest::~CUSBRequest()
                0x0000000000014490                CUSBRequest::~CUSBRequest()
                0x0000000000014494                CUSBRequest::GetEndpoint() const
                0x00000000000144bc                CUSBRequest::SetStatus(int)
                0x00000000000144c4                CUSBRequest::SetResultLen(unsigned int)
                0x00000000000144cc                CUSBRequest::GetStatus() const
                0x00000000000144d4                CUSBRequest::GetResultLength() const
                0x0000000000014504                CUSBRequest::GetSetupData()
                0x0000000000014554                CUSBRequest::GetBuffer()
                0x0000000000014590                CUSBRequest::GetBufLen() const
                0x0000000000014598                CUSBRequest::SetCompletionRoutine(void (*)(CUSBRequest*, void*, void*), void*, void*)
                0x00000000000145c4                CUSBRequest::CallCompletionRoutine()
                0x0000000000014600                CUSBRequest::SetCompleteOnNAK()
                0x000000000001460c                CUSBRequest::IsCompleteOnNAK() const
                0x0000000000014614                CUSBRequest::operator new(unsigned int)
                0x0000000000014668                CUSBRequest::operator delete(void*, unsigned int)
                0x00000000000146c0                CUSBRequest::InitAllocator(unsigned int)
                0x000000000001471c                CUSBRequest::InitProtectedAllocator(unsigned int, unsigned int)
 .text          0x000000000001478c      0xbbc ../circle/lib/usb/libusb.a(usbstandardhub.o)
                0x000000000001478c                CUSBStandardHub::~CUSBStandardHub()
                0x000000000001478c                CUSBStandardHub::~CUSBStandardHub()
                0x000000000001485c                CUSBStandardHub::~CUSBStandardHub()
                0x000000000001487c                CUSBStandardHub::CUSBStandardHub(CUSBFunction*)
                0x000000000001487c                CUSBStandardHub::CUSBStandardHub(CUSBFunction*)
                0x00000000000148d4                CUSBStandardHub::DisablePort(unsigned int)
                0x0000000000014994                CUSBStandardHub::RemoveDevice(unsigned int)
                0x00000000000149d8                CUSBStandardHub::Initialize()
                0x0000000000014b0c                CUSBStandardHub::EnumeratePorts()
                0x00000000000151f8                CUSBStandardHub::ReScanDevices()
                0x00000000000151fc                CUSBStandardHub::Configure()
 .text          0x0000000000015348      0xdf0 ../circle/lib/usb/libusb.a(lan7800.o)
                0x0000000000015348                CLAN7800Device::GetMACAddress() const
                0x0000000000015350                CLAN7800Device::~CLAN7800Device()
                0x0000000000015350                CLAN7800Device::~CLAN7800Device()
                0x00000000000153d4                non-virtual thunk to CLAN7800Device::~CLAN7800Device()
                0x00000000000153dc                CLAN7800Device::~CLAN7800Device()
                0x00000000000153fc                non-virtual thunk to CLAN7800Device::~CLAN7800Device()
                0x0000000000015404                CLAN7800Device::ReceiveFrame(void*, unsigned int*)
                0x0000000000015578                non-virtual thunk to CLAN7800Device::ReceiveFrame(void*, unsigned int*)
                0x0000000000015580                CLAN7800Device::SendFrame(void const*, unsigned int)
                0x000000000001563c                non-virtual thunk to CLAN7800Device::SendFrame(void const*, unsigned int)
                0x0000000000015644                non-virtual thunk to CLAN7800Device::GetMACAddress() const
                0x000000000001564c                CLAN7800Device::CLAN7800Device(CUSBFunction*)
                0x000000000001564c                CLAN7800Device::CLAN7800Device(CUSBFunction*)
                0x000000000001568c                CLAN7800Device::WriteReg(unsigned int, unsigned int)
                0x0000000000015724                CLAN7800Device::ReadReg(unsigned int, unsigned int*)
                0x00000000000157b8                CLAN7800Device::WaitReg(unsigned int, unsigned int, unsigned int, unsigned int, unsigned int)
                0x0000000000015868                CLAN7800Device::PHYWrite(unsigned char, unsigned short)
                0x0000000000015928                CLAN7800Device::PHYRead(unsigned char, unsigned short*)
                0x0000000000015a10                CLAN7800Device::IsLinkUp()
                0x0000000000015a3c                non-virtual thunk to CLAN7800Device::IsLinkUp()
                0x0000000000015a44                CLAN7800Device::GetLinkSpeed()
                0x0000000000015ae0                non-virtual thunk to CLAN7800Device::GetLinkSpeed()
                0x0000000000015ae8                CLAN7800Device::InitPHY()
                0x0000000000015b4c                CLAN7800Device::ReadWriteReg(unsigned int, unsigned int, unsigned int)
                0x0000000000015b98                CLAN7800Device::InitMACAddress()
                0x0000000000015cc0                CLAN7800Device::Configure()
 .text._ZN10CNetDevice7GetTypeEv
                0x0000000000016138        0x8 ../circle/lib/usb/libusb.a(lan7800.o)
                0x0000000000016138                CNetDevice::GetType()
 .text._ZN10CNetDevice20IsSendFrameAdvisableEv
                0x0000000000016140        0x8 ../circle/lib/usb/libusb.a(lan7800.o)
                0x0000000000016140                CNetDevice::IsSendFrameAdvisable()
 .text._ZN10CNetDevice9UpdatePHYEv
                0x0000000000016148        0x8 ../circle/lib/usb/libusb.a(lan7800.o)
                0x0000000000016148                CNetDevice::UpdatePHY()
 .text          0x0000000000016150      0xb70 ../circle/lib/usb/libusb.a(smsc951x.o)
                0x0000000000016150                CSMSC951xDevice::GetMACAddress() const
                0x0000000000016158                CSMSC951xDevice::~CSMSC951xDevice()
                0x0000000000016158                CSMSC951xDevice::~CSMSC951xDevice()
                0x00000000000161dc                non-virtual thunk to CSMSC951xDevice::~CSMSC951xDevice()
                0x00000000000161e4                CSMSC951xDevice::~CSMSC951xDevice()
                0x0000000000016204                non-virtual thunk to CSMSC951xDevice::~CSMSC951xDevice()
                0x000000000001620c                CSMSC951xDevice::ReceiveFrame(void*, unsigned int*)
                0x0000000000016390                non-virtual thunk to CSMSC951xDevice::ReceiveFrame(void*, unsigned int*)
                0x0000000000016398                CSMSC951xDevice::SendFrame(void const*, unsigned int)
                0x0000000000016454                non-virtual thunk to CSMSC951xDevice::SendFrame(void const*, unsigned int)
                0x000000000001645c                non-virtual thunk to CSMSC951xDevice::GetMACAddress() const
                0x0000000000016464                CSMSC951xDevice::CSMSC951xDevice(CUSBFunction*)
                0x0000000000016464                CSMSC951xDevice::CSMSC951xDevice(CUSBFunction*)
                0x00000000000164a4                CSMSC951xDevice::WriteReg(unsigned int, unsigned int)
                0x000000000001650c                CSMSC951xDevice::ReadReg(unsigned int, unsigned int*)
                0x0000000000016570                CSMSC951xDevice::PHYWaitNotBusy()
                0x00000000000165f4                CSMSC951xDevice::PHYWrite(unsigned char, unsigned short)
                0x0000000000016680                CSMSC951xDevice::PHYRead(unsigned char, unsigned short*)
                0x0000000000016748                CSMSC951xDevice::IsLinkUp()
                0x0000000000016774                non-virtual thunk to CSMSC951xDevice::IsLinkUp()
                0x000000000001677c                CSMSC951xDevice::GetLinkSpeed()
                0x00000000000167dc                non-virtual thunk to CSMSC951xDevice::GetLinkSpeed()
                0x00000000000167e4                CSMSC951xDevice::DumpReg(char const*, unsigned int)
                0x0000000000016858                CSMSC951xDevice::DumpRegs()
                0x00000000000169f0                CSMSC951xDevice::Configure()
 .text          0x0000000000016cc0      0x600 ../circle/lib/usb/libusb.a(usbbluetooth.o)
                0x0000000000016cc0                CUSBBluetoothDevice::~CUSBBluetoothDevice()
                0x0000000000016cc0                CUSBBluetoothDevice::~CUSBBluetoothDevice()
                0x0000000000016d7c                CUSBBluetoothDevice::~CUSBBluetoothDevice()
                0x0000000000016d9c                CUSBBluetoothDevice::CUSBBluetoothDevice(CUSBFunction*)
                0x0000000000016d9c                CUSBBluetoothDevice::CUSBBluetoothDevice(CUSBFunction*)
                0x0000000000016dd8                CUSBBluetoothDevice::SendHCICommand(void const*, unsigned int)
                0x0000000000016e34                CUSBBluetoothDevice::StartRequest()
                0x0000000000016f10                CUSBBluetoothDevice::RegisterHCIEventHandler(void (*)(void const*, unsigned int))
                0x0000000000016f3c                CUSBBluetoothDevice::CompletionRoutine(CUSBRequest*)
                0x0000000000017060                CUSBBluetoothDevice::CompletionStub(CUSBRequest*, void*, void*)
                0x0000000000017090                CUSBBluetoothDevice::Configure()
 .text          0x00000000000172c0      0x5c8 ../circle/lib/usb/libusb.a(usbcdcethernet.o)
                0x00000000000172c0                CUSBCDCEthernetDevice::GetMACAddress() const
                0x00000000000172c8                CUSBCDCEthernetDevice::~CUSBCDCEthernetDevice()
                0x00000000000172c8                CUSBCDCEthernetDevice::~CUSBCDCEthernetDevice()
                0x000000000001734c                non-virtual thunk to CUSBCDCEthernetDevice::~CUSBCDCEthernetDevice()
                0x0000000000017354                CUSBCDCEthernetDevice::~CUSBCDCEthernetDevice()
                0x0000000000017374                non-virtual thunk to CUSBCDCEthernetDevice::~CUSBCDCEthernetDevice()
                0x000000000001737c                CUSBCDCEthernetDevice::ReceiveFrame(void*, unsigned int*)
                0x000000000001745c                non-virtual thunk to CUSBCDCEthernetDevice::ReceiveFrame(void*, unsigned int*)
                0x0000000000017464                CUSBCDCEthernetDevice::SendFrame(void const*, unsigned int)
                0x0000000000017500                non-virtual thunk to CUSBCDCEthernetDevice::SendFrame(void const*, unsigned int)
                0x0000000000017508                non-virtual thunk to CUSBCDCEthernetDevice::GetMACAddress() const
                0x0000000000017510                CUSBCDCEthernetDevice::CUSBCDCEthernetDevice(CUSBFunction*)
                0x0000000000017510                CUSBCDCEthernetDevice::CUSBCDCEthernetDevice(CUSBFunction*)
                0x0000000000017550                CUSBCDCEthernetDevice::InitMACAddress(unsigned char)
                0x0000000000017648                CUSBCDCEthernetDevice::Configure()
 .text._ZN10CNetDevice8IsLinkUpEv
                0x0000000000017888        0x8 ../circle/lib/usb/libusb.a(usbcdcethernet.o)
                0x0000000000017888                CNetDevice::IsLinkUp()
 .text._ZN10CNetDevice12GetLinkSpeedEv
                0x0000000000017890        0x8 ../circle/lib/usb/libusb.a(usbcdcethernet.o)
                0x0000000000017890                CNetDevice::GetLinkSpeed()
 .text          0x0000000000017898      0x30c ../circle/lib/usb/libusb.a(usbconfigparser.o)
                0x0000000000017898                CUSBConfigurationParser::CUSBConfigurationParser(void const*, unsigned int)
                0x0000000000017898                CUSBConfigurationParser::CUSBConfigurationParser(void const*, unsigned int)
                0x00000000000179e4                CUSBConfigurationParser::CUSBConfigurationParser(CUSBConfigurationParser*)
                0x00000000000179e4                CUSBConfigurationParser::CUSBConfigurationParser(CUSBConfigurationParser*)
                0x0000000000017a44                CUSBConfigurationParser::~CUSBConfigurationParser()
                0x0000000000017a44                CUSBConfigurationParser::~CUSBConfigurationParser()
                0x0000000000017a48                CUSBConfigurationParser::IsValid() const
                0x0000000000017a50                CUSBConfigurationParser::GetDescriptor(unsigned char)
                0x0000000000017af4                CUSBConfigurationParser::GetCurrentDescriptor()
                0x0000000000017b3c                CUSBConfigurationParser::Error(char const*) const
 .text          0x0000000000017ba4      0x1f8 ../circle/lib/usb/libusb.a(usbgamepad.o)
                0x0000000000017ba4                CUSBGamePadDevice::GetInitialState()
                0x0000000000017bac                CUSBGamePadDevice::ReportHandler(unsigned char const*, unsigned int)
                0x0000000000017c00                CUSBGamePadDevice::RegisterStatusHandler(void (*)(unsigned int, TGamePadState const*))
                0x0000000000017c48                CUSBGamePadDevice::Configure()
                0x0000000000017cf4                CUSBGamePadDevice::CUSBGamePadDevice(CUSBFunction*)
                0x0000000000017cf4                CUSBGamePadDevice::CUSBGamePadDevice(CUSBFunction*)
                0x0000000000017d38                CUSBGamePadDevice::~CUSBGamePadDevice()
                0x0000000000017d38                CUSBGamePadDevice::~CUSBGamePadDevice()
                0x0000000000017d7c                CUSBGamePadDevice::~CUSBGamePadDevice()
 .text          0x0000000000017d9c      0x548 ../circle/lib/usb/libusb.a(usbstring.o)
                0x0000000000017d9c                CUSBString::CUSBString(CUSBDevice*)
                0x0000000000017d9c                CUSBString::CUSBString(CUSBDevice*)
                0x0000000000017dec                CUSBString::CUSBString(CUSBString*)
                0x0000000000017dec                CUSBString::CUSBString(CUSBString*)
                0x0000000000017ea8                CUSBString::~CUSBString()
                0x0000000000017ea8                CUSBString::~CUSBString()
                0x0000000000017ee8                CUSBString::GetFromDescriptor(unsigned char, unsigned short)
                0x0000000000018130                CUSBString::Get() const
                0x0000000000018138                CUSBString::GetLanguageID()
 .text          0x00000000000182e4      0x30c ../circle/lib/input/libinput.a(keyboardbehaviour.o)
                0x00000000000182e4                CKeyboardBehaviour::CKeyboardBehaviour()
                0x00000000000182e4                CKeyboardBehaviour::CKeyboardBehaviour()
                0x0000000000018314                CKeyboardBehaviour::~CKeyboardBehaviour()
                0x0000000000018314                CKeyboardBehaviour::~CKeyboardBehaviour()
                0x000000000001833c                CKeyboardBehaviour::RegisterKeyPressedHandler(void (*)(char const*))
                0x0000000000018368                CKeyboardBehaviour::RegisterSelectConsoleHandler(void (*)(unsigned int))
                0x0000000000018394                CKeyboardBehaviour::RegisterShutdownHandler(void (*)())
                0x00000000000183c0                CKeyboardBehaviour::GetLEDStatus() const
                0x00000000000183c8                CKeyboardBehaviour::GenerateKeyEvent(unsigned char)
                0x000000000001849c                CKeyboardBehaviour::KeyPressed(unsigned char)
                0x00000000000184d4                CKeyboardBehaviour::KeyReleased(unsigned char)
                0x000000000001853c                CKeyboardBehaviour::TimerHandler(unsigned int)
                0x00000000000185c0                CKeyboardBehaviour::TimerStub(unsigned int, void*, void*)
 .text          0x00000000000185f0      0x3a0 ../circle/lib/input/libinput.a(keymap.o)
                0x00000000000185f0                CKeyMap::~CKeyMap()
                0x00000000000185f0                CKeyMap::~CKeyMap()
                0x00000000000185f4                CKeyMap::ClearTable(unsigned char)
                0x0000000000018628                CKeyMap::SetEntry(unsigned char, unsigned char, unsigned short)
                0x000000000001867c                CKeyMap::Translate(unsigned char, unsigned char)
                0x000000000001878c                CKeyMap::GetString(unsigned short, unsigned char, char*) const
                0x0000000000018850                CKeyMap::GetLEDStatus() const
                0x0000000000018880                CKeyMap::LookupDefaultMap(char const*)
                0x0000000000018904                CKeyMap::CKeyMap()
                0x0000000000018904                CKeyMap::CKeyMap()
 .text          0x0000000000018990      0x190 ../circle/lib/input/libinput.a(mouse.o)
                0x0000000000018990                CMouseDevice::~CMouseDevice()
                0x0000000000018990                CMouseDevice::~CMouseDevice()
                0x00000000000189dc                CMouseDevice::~CMouseDevice()
                0x00000000000189fc                CMouseDevice::CMouseDevice()
                0x00000000000189fc                CMouseDevice::CMouseDevice()
                0x0000000000018a68                CMouseDevice::Setup(unsigned int, unsigned int)
                0x0000000000018a70                CMouseDevice::RegisterEventHandler(void (*)(TMouseEvent, unsigned int, unsigned int, unsigned int))
                0x0000000000018a78                CMouseDevice::SetCursor(unsigned int, unsigned int)
                0x0000000000018a80                CMouseDevice::ShowCursor(bool)
                0x0000000000018a88                CMouseDevice::UpdateCursor()
                0x0000000000018a9c                CMouseDevice::RegisterStatusHandler(void (*)(unsigned int, int, int))
                0x0000000000018ae4                CMouseDevice::ReportHandler(unsigned int, int, int)
 .text          0x0000000000018b20      0x494 ../circle/lib/input/libinput.a(mousebehaviour.o)
                0x0000000000018b20                CMouseBehaviour::CMouseBehaviour()
                0x0000000000018b20                CMouseBehaviour::CMouseBehaviour()
                0x0000000000018b44                CMouseBehaviour::~CMouseBehaviour()
                0x0000000000018b44                CMouseBehaviour::~CMouseBehaviour()
                0x0000000000018b48                CMouseBehaviour::Setup(unsigned int, unsigned int)
                0x0000000000018c68                CMouseBehaviour::RegisterEventHandler(void (*)(TMouseEvent, unsigned int, unsigned int, unsigned int))
                0x0000000000018cb0                CMouseBehaviour::MouseStatusChanged(unsigned int, int, int)
                0x0000000000018e14                CMouseBehaviour::SetCursorState(unsigned int, unsigned int, bool)
                0x0000000000018e8c                CMouseBehaviour::SetCursor(unsigned int, unsigned int)
                0x0000000000018f1c                CMouseBehaviour::ShowCursor(bool)
                0x0000000000018f88                CMouseBehaviour::UpdateCursor()
 .text          0x0000000000018fb4      0x318 ../circle/lib/fs/libfs.a(partitionmanager.o)
                0x0000000000018fb4                CPartitionManager::CPartitionManager(CDevice*, char const*)
                0x0000000000018fb4                CPartitionManager::CPartitionManager(CDevice*, char const*)
                0x0000000000018fe4                CPartitionManager::~CPartitionManager()
                0x0000000000018fe4                CPartitionManager::~CPartitionManager()
                0x00000000000190a8                CPartitionManager::Initialize()
 .text          0x00000000000192cc      0x2bc ../circle/lib/fs/libfs.a(partition.o)
                0x00000000000192cc                CPartition::~CPartition()
                0x00000000000192cc                CPartition::~CPartition()
                0x00000000000192f4                CPartition::~CPartition()
                0x0000000000019328                CPartition::Read(void*, unsigned int)
                0x00000000000193c0                CPartition::Write(void const*, unsigned int)
                0x0000000000019458                CPartition::Seek(unsigned long long)
                0x0000000000019520                CPartition::CPartition(CDevice*, unsigned int, unsigned int)
                0x0000000000019520                CPartition::CPartition(CDevice*, unsigned int, unsigned int)
 .text          0x0000000000019588      0x384 ../circle/lib/net/libnet.a(netsubsystem.o)
                0x0000000000019588                CNetSubSystem::CNetSubSystem(unsigned char const*, unsigned char const*, unsigned char const*, unsigned char const*, char const*, TNetDeviceType)
                0x0000000000019588                CNetSubSystem::CNetSubSystem(unsigned char const*, unsigned char const*, unsigned char const*, unsigned char const*, char const*, TNetDeviceType)
                0x00000000000196c0                CNetSubSystem::Process()
                0x0000000000019700                CNetSubSystem::GetConfig()
                0x0000000000019708                CNetSubSystem::GetNetDeviceLayer()
                0x0000000000019710                CNetSubSystem::GetLinkLayer()
                0x0000000000019718                CNetSubSystem::GetTransportLayer()
                0x0000000000019720                CNetSubSystem::IsRunning() const
                0x0000000000019760                CNetSubSystem::Initialize(bool)
                0x000000000001988c                CNetSubSystem::Get()
                0x00000000000198bc                CNetSubSystem::~CNetSubSystem()
                0x00000000000198bc                CNetSubSystem::~CNetSubSystem()
 .text          0x000000000001990c       0xcc ../circle/lib/net/libnet.a(nettask.o)
                0x000000000001990c                CNetTask::~CNetTask()
                0x000000000001990c                CNetTask::~CNetTask()
                0x0000000000019934                CNetTask::~CNetTask()
                0x0000000000019968                CNetTask::Run()
                0x00000000000199ac                CNetTask::CNetTask(CNetSubSystem*)
                0x00000000000199ac                CNetTask::CNetTask(CNetSubSystem*)
 .text          0x00000000000199d8      0xfc8 ../circle/lib/net/libnet.a(transportlayer.o)
                0x00000000000199d8                CTransportLayer::CTransportLayer(CNetConfig*, CNetworkLayer*)
                0x00000000000199d8                CTransportLayer::CTransportLayer(CNetConfig*, CNetworkLayer*)
                0x0000000000019a70                CTransportLayer::Initialize()
                0x0000000000019a78                CTransportLayer::Bind(unsigned short, int)
                0x0000000000019be0                CTransportLayer::Connect(CIPAddress&, unsigned short, unsigned short, int)
                0x0000000000019e80                CTransportLayer::Listen(unsigned short, int)
                0x0000000000019ff4                CTransportLayer::Accept(CIPAddress*, unsigned short*, int)
                0x000000000001a0d0                CTransportLayer::Disconnect(int)
                0x000000000001a158                CTransportLayer::Send(void const*, unsigned int, int, int)
                0x000000000001a23c                CTransportLayer::Receive(void*, int, int)
                0x000000000001a2f8                CTransportLayer::SendTo(void const*, unsigned int, int, CIPAddress&, unsigned short, int)
                0x000000000001a3ec                CTransportLayer::ReceiveFrom(void*, int, CIPAddress*, unsigned short*, int)
                0x000000000001a4bc                CTransportLayer::SetOptionBroadcast(bool, int)
                0x000000000001a550                CTransportLayer::IsConnected(int) const
                0x000000000001a5d4                CTransportLayer::GetForeignIP(int) const
                0x000000000001a640                CTransportLayer::~CTransportLayer()
                0x000000000001a640                CTransportLayer::~CTransportLayer()
                0x000000000001a668                CTransportLayer::Process()
 .text._ZN12CTCPRejector7ConnectEv
                0x000000000001a9a0        0x8 ../circle/lib/net/libnet.a(transportlayer.o)
                0x000000000001a9a0                CTCPRejector::Connect()
 .text._ZN12CTCPRejector6AcceptEP10CIPAddressPt
                0x000000000001a9a8        0x8 ../circle/lib/net/libnet.a(transportlayer.o)
                0x000000000001a9a8                CTCPRejector::Accept(CIPAddress*, unsigned short*)
 .text._ZN12CTCPRejector5CloseEv
                0x000000000001a9b0        0x8 ../circle/lib/net/libnet.a(transportlayer.o)
                0x000000000001a9b0                CTCPRejector::Close()
 .text._ZN12CTCPRejector4SendEPKvji
                0x000000000001a9b8        0x8 ../circle/lib/net/libnet.a(transportlayer.o)
                0x000000000001a9b8                CTCPRejector::Send(void const*, unsigned int, int)
 .text._ZN12CTCPRejector7ReceiveEPvi
                0x000000000001a9c0        0x8 ../circle/lib/net/libnet.a(transportlayer.o)
                0x000000000001a9c0                CTCPRejector::Receive(void*, int)
 .text._ZN12CTCPRejector6SendToEPKvjiR10CIPAddresst
                0x000000000001a9c8        0x8 ../circle/lib/net/libnet.a(transportlayer.o)
                0x000000000001a9c8                CTCPRejector::SendTo(void const*, unsigned int, int, CIPAddress&, unsigned short)
 .text._ZN12CTCPRejector11ReceiveFromEPviP10CIPAddressPt
                0x000000000001a9d0        0x8 ../circle/lib/net/libnet.a(transportlayer.o)
                0x000000000001a9d0                CTCPRejector::ReceiveFrom(void*, int, CIPAddress*, unsigned short*)
 .text._ZN12CTCPRejector18SetOptionBroadcastEb
                0x000000000001a9d8        0x8 ../circle/lib/net/libnet.a(transportlayer.o)
                0x000000000001a9d8                CTCPRejector::SetOptionBroadcast(bool)
 .text._ZNK12CTCPRejector11IsConnectedEv
                0x000000000001a9e0        0x8 ../circle/lib/net/libnet.a(transportlayer.o)
                0x000000000001a9e0                CTCPRejector::IsConnected() const
 .text._ZNK12CTCPRejector12IsTerminatedEv
                0x000000000001a9e8        0x8 ../circle/lib/net/libnet.a(transportlayer.o)
                0x000000000001a9e8                CTCPRejector::IsTerminated() const
 .text._ZN12CTCPRejector7ProcessEv
                0x000000000001a9f0        0x4 ../circle/lib/net/libnet.a(transportlayer.o)
                0x000000000001a9f0                CTCPRejector::Process()
 .text._ZN12CTCPRejector20NotificationReceivedE21TICMPNotificationTypeR10CIPAddressS2_tti
                0x000000000001a9f4        0x8 ../circle/lib/net/libnet.a(transportlayer.o)
                0x000000000001a9f4                CTCPRejector::NotificationReceived(TICMPNotificationType, CIPAddress&, CIPAddress&, unsigned short, unsigned short, int)
 .text          0x000000000001a9fc      0x914 ../circle/lib/net/libnet.a(networklayer.o)
                0x000000000001aa1c                CNetworkLayer::CNetworkLayer(CNetConfig*, CLinkLayer*)
                0x000000000001aa1c                CNetworkLayer::CNetworkLayer(CNetConfig*, CLinkLayer*)
                0x000000000001aa98                CNetworkLayer::~CNetworkLayer()
                0x000000000001aa98                CNetworkLayer::~CNetworkLayer()
                0x000000000001aaf8                CNetworkLayer::Initialize()
                0x000000000001ab5c                CNetworkLayer::Process()
                0x000000000001ad78                CNetworkLayer::Send(CIPAddress const&, void const*, unsigned int, int)
                0x000000000001b010                CNetworkLayer::Receive(void*, unsigned int*, CIPAddress*, CIPAddress*, int*)
                0x000000000001b12c                CNetworkLayer::ReceiveNotification(TICMPNotificationType*, CIPAddress*, CIPAddress*, unsigned short*, unsigned short*, int*)
                0x000000000001b288                CNetworkLayer::AddRoute(unsigned char const*, unsigned char const*)
                0x000000000001b290                CNetworkLayer::GetGateway(unsigned char const*) const
                0x000000000001b2f8                CNetworkLayer::SendFailed(unsigned int, void const*, unsigned int)
 .text          0x000000000001b310      0x750 ../circle/lib/net/libnet.a(linklayer.o)
                0x000000000001b310                CLinkLayer::CLinkLayer(CNetConfig*, CNetDeviceLayer*)
                0x000000000001b310                CLinkLayer::CLinkLayer(CNetConfig*, CNetDeviceLayer*)
                0x000000000001b38c                CLinkLayer::~CLinkLayer()
                0x000000000001b38c                CLinkLayer::~CLinkLayer()
                0x000000000001b3e8                CLinkLayer::Initialize()
                0x000000000001b44c                CLinkLayer::AttachLayer(CNetworkLayer*)
                0x000000000001b494                CLinkLayer::Process()
                0x000000000001b66c                CLinkLayer::Send(CIPAddress const&, void const*, unsigned int)
                0x000000000001b814                CLinkLayer::Receive(void*, unsigned int*)
                0x000000000001b874                CLinkLayer::SendRaw(void const*, unsigned int)
                0x000000000001b8e0                CLinkLayer::ReceiveRaw(void*, unsigned int*, CMACAddress*)
                0x000000000001b9a4                CLinkLayer::EnableReceiveRaw(unsigned short)
                0x000000000001b9ec                CLinkLayer::ResolveFailed(void const*, unsigned int)
 .text          0x000000000001ba60      0x374 ../circle/lib/net/libnet.a(netdevlayer.o)
                0x000000000001ba60                CNetDeviceLayer::CNetDeviceLayer(CNetConfig*, TNetDeviceType)
                0x000000000001ba60                CNetDeviceLayer::CNetDeviceLayer(CNetConfig*, TNetDeviceType)
                0x000000000001ba90                CNetDeviceLayer::~CNetDeviceLayer()
                0x000000000001ba90                CNetDeviceLayer::~CNetDeviceLayer()
                0x000000000001babc                CNetDeviceLayer::Initialize(bool)
                0x000000000001bc28                CNetDeviceLayer::Process()
                0x000000000001bd4c                CNetDeviceLayer::GetMACAddress() const
                0x000000000001bd80                CNetDeviceLayer::Send(void const*, unsigned int)
                0x000000000001bd8c                CNetDeviceLayer::Receive(void*, unsigned int*)
 .text          0x000000000001bdd4       0xf0 ../circle/lib/net/libnet.a(phytask.o)
                0x000000000001bdd4                CPHYTask::~CPHYTask()
                0x000000000001bdd4                CPHYTask::~CPHYTask()
                0x000000000001bdfc                CPHYTask::~CPHYTask()
                0x000000000001be30                CPHYTask::Run()
                0x000000000001be98                CPHYTask::CPHYTask(CNetDevice*)
                0x000000000001be98                CPHYTask::CPHYTask(CNetDevice*)
 .text          0x000000000001bec4      0xc5c ../circle/lib/net/libnet.a(arphandler.o)
                0x000000000001bec4                CARPHandler::TimerHandler(unsigned int, void*, void*)
                0x000000000001bf6c                CARPHandler::CARPHandler(CNetConfig*, CNetDeviceLayer*, CLinkLayer*, CNetQueue*)
                0x000000000001bf6c                CARPHandler::CARPHandler(CNetConfig*, CNetDeviceLayer*, CLinkLayer*, CNetQueue*)
                0x000000000001c008                CARPHandler::~CARPHandler()
                0x000000000001c008                CARPHandler::~CARPHandler()
                0x000000000001c068                CARPHandler::ReplyReceived(CIPAddress const&, CMACAddress const&)
                0x000000000001c140                CARPHandler::RequestReceived(CIPAddress const&, CMACAddress const&)
                0x000000000001c2b4                CARPHandler::SendPacket(bool, CIPAddress const&, CMACAddress const&)
                0x000000000001c3dc                CARPHandler::Process()
                0x000000000001c7dc                CARPHandler::Resolve(CIPAddress const&, CMACAddress*, void const*, unsigned int)
 .text          0x000000000001cb20      0x6f4 ../circle/lib/net/libnet.a(icmphandler.o)
                0x000000000001cb20                CICMPHandler::CICMPHandler(CNetConfig*, CNetworkLayer*, CNetQueue*, CNetQueue*)
                0x000000000001cb20                CICMPHandler::CICMPHandler(CNetConfig*, CNetworkLayer*, CNetQueue*, CNetQueue*)
                0x000000000001cba0                CICMPHandler::~CICMPHandler()
                0x000000000001cba0                CICMPHandler::~CICMPHandler()
                0x000000000001cba4                CICMPHandler::EnqueueNotification(TICMPNotificationType, TIPHeader*, TICMPDataDatagramHeader*)
                0x000000000001cc9c                CICMPHandler::Process()
                0x000000000001d074                CICMPHandler::DestinationUnreachable(unsigned int, void const*, unsigned int)
 .text          0x000000000001d214      0x200 ../circle/lib/net/libnet.a(routecache.o)
                0x000000000001d214                CRouteCache::CRouteCache()
                0x000000000001d214                CRouteCache::CRouteCache()
                0x000000000001d230                CRouteCache::Flush()
                0x000000000001d280                CRouteCache::~CRouteCache()
                0x000000000001d280                CRouteCache::~CRouteCache()
                0x000000000001d29c                CRouteCache::AddRoute(unsigned char const*, unsigned char const*)
                0x000000000001d380                CRouteCache::GetRoute(unsigned char const*) const
 .text          0x000000000001d414      0x1f8 ../circle/lib/net/libnet.a(netconnection.o)
                0x000000000001d414                CNetConnection::CNetConnection(CNetConfig*, CNetworkLayer*, CIPAddress&, unsigned short, unsigned short, int)
                0x000000000001d414                CNetConnection::CNetConnection(CNetConfig*, CNetworkLayer*, CIPAddress&, unsigned short, unsigned short, int)
                0x000000000001d4c4                CNetConnection::CNetConnection(CNetConfig*, CNetworkLayer*, unsigned short, int)
                0x000000000001d4c4                CNetConnection::CNetConnection(CNetConfig*, CNetworkLayer*, unsigned short, int)
                0x000000000001d560                CNetConnection::~CNetConnection()
                0x000000000001d560                CNetConnection::~CNetConnection()
                0x000000000001d594                CNetConnection::~CNetConnection()
                0x000000000001d5d4                CNetConnection::GetForeignIP() const
                0x000000000001d5dc                CNetConnection::GetOwnPort() const
                0x000000000001d604                CNetConnection::GetProtocol() const
 .text          0x000000000001d60c      0xa10 ../circle/lib/net/libnet.a(udpconnection.o)
                0x000000000001d60c                CUDPConnection::Accept(CIPAddress*, unsigned short*)
                0x000000000001d614                CUDPConnection::Close()
                0x000000000001d630                CUDPConnection::SetOptionBroadcast(bool)
                0x000000000001d640                CUDPConnection::IsConnected() const
                0x000000000001d648                CUDPConnection::IsTerminated() const
                0x000000000001d654                CUDPConnection::Process()
                0x000000000001d658                CUDPConnection::Send(void const*, unsigned int, int)
                0x000000000001d838                CUDPConnection::SendTo(void const*, unsigned int, int, CIPAddress&, unsigned short)
                0x000000000001da38                CUDPConnection::Receive(void*, int)
                0x000000000001db10                CUDPConnection::ReceiveFrom(void*, int, CIPAddress*, unsigned short*)
                0x000000000001dc14                CUDPConnection::Connect()
                0x000000000001dc44                CUDPConnection::~CUDPConnection()
                0x000000000001dc44                CUDPConnection::~CUDPConnection()
                0x000000000001dc9c                CUDPConnection::~CUDPConnection()
                0x000000000001dcbc                CUDPConnection::PacketReceived(void const*, unsigned int, CIPAddress&, CIPAddress&, int)
                0x000000000001de98                CUDPConnection::NotificationReceived(TICMPNotificationType, CIPAddress&, CIPAddress&, unsigned short, unsigned short, int)
                0x000000000001df54                CUDPConnection::CUDPConnection(CNetConfig*, CNetworkLayer*, CIPAddress&, unsigned short, unsigned short)
                0x000000000001df54                CUDPConnection::CUDPConnection(CNetConfig*, CNetworkLayer*, CIPAddress&, unsigned short, unsigned short)
                0x000000000001dfc0                CUDPConnection::CUDPConnection(CNetConfig*, CNetworkLayer*, unsigned short)
                0x000000000001dfc0                CUDPConnection::CUDPConnection(CNetConfig*, CNetworkLayer*, unsigned short)
 .text          0x000000000001e01c     0x219c ../circle/lib/net/libnet.a(tcpconnection.o)
                0x000000000001e01c                CTCPConnection::SendTo(void const*, unsigned int, int, CIPAddress&, unsigned short)
                0x000000000001e034                CTCPConnection::SetOptionBroadcast(bool)
                0x000000000001e03c                CTCPConnection::IsConnected() const
                0x000000000001e060                CTCPConnection::IsTerminated() const
                0x000000000001e070                CTCPConnection::ReceiveFrom(void*, int, CIPAddress*, unsigned short*)
                0x000000000001e0d0                CTCPConnection::Send(void const*, unsigned int, int)
                0x000000000001e1f0                CTCPConnection::Receive(void*, int)
                0x000000000001e298                CTCPConnection::CTCPConnection(CNetConfig*, CNetworkLayer*, unsigned short)
                0x000000000001e298                CTCPConnection::CTCPConnection(CNetConfig*, CNetworkLayer*, unsigned short)
                0x000000000001e37c                CTCPConnection::SendSegment(unsigned int, unsigned int, unsigned int, void const*, unsigned int)
                0x000000000001e4d8                CTCPConnection::ScanOptions(TTCPHeader*)
                0x000000000001e5ac                CTCPConnection::CalculateISN()
                0x000000000001e620                CTCPConnection::StopTimer(unsigned int)
                0x000000000001e6d4                CTCPConnection::~CTCPConnection()
                0x000000000001e6d4                CTCPConnection::~CTCPConnection()
                0x000000000001e7b0                CTCPConnection::~CTCPConnection()
                0x000000000001e7d0                CTCPConnection::Close()
                0x000000000001e8cc                CTCPConnection::StartTimer(unsigned int, unsigned int)
                0x000000000001e974                CTCPConnection::CTCPConnection(CNetConfig*, CNetworkLayer*, CIPAddress&, unsigned short, unsigned short)
                0x000000000001e974                CTCPConnection::CTCPConnection(CNetConfig*, CNetworkLayer*, CIPAddress&, unsigned short, unsigned short)
                0x000000000001eaf8                CTCPConnection::Process()
                0x000000000001ee20                CTCPConnection::NotificationReceived(TICMPNotificationType, CIPAddress&, CIPAddress&, unsigned short, unsigned short, int)
                0x000000000001ef00                CTCPConnection::DumpStatus()
                0x000000000001ef7c                CTCPConnection::NewState(TTCPState, unsigned int)
                0x000000000001f024                CTCPConnection::UnexpectedState(unsigned int)
                0x000000000001f064                CTCPConnection::Connect()
                0x000000000001f0f4                CTCPConnection::Accept(CIPAddress*, unsigned short*)
                0x000000000001f1f8                CTCPConnection::PacketReceived(void const*, unsigned int, CIPAddress&, CIPAddress&, int)
                0x000000000001ff8c                CTCPConnection::TimerHandler(unsigned int)
                0x0000000000020168                CTCPConnection::TimerStub(unsigned int, void*, void*)
 .text          0x00000000000201b8      0x3b0 ../circle/lib/net/libnet.a(retransmissionqueue.o)
                0x00000000000201b8                CRetransmissionQueue::CRetransmissionQueue(unsigned int)
                0x00000000000201b8                CRetransmissionQueue::CRetransmissionQueue(unsigned int)
                0x000000000002020c                CRetransmissionQueue::~CRetransmissionQueue()
                0x000000000002020c                CRetransmissionQueue::~CRetransmissionQueue()
                0x0000000000020230                CRetransmissionQueue::IsEmpty() const
                0x0000000000020248                CRetransmissionQueue::GetFreeSpace() const
                0x00000000000202c8                CRetransmissionQueue::Write(void const*, unsigned int)
                0x0000000000020388                CRetransmissionQueue::GetBytesAvailable() const
                0x0000000000020404                CRetransmissionQueue::Read(void*, unsigned int)
                0x00000000000204c4                CRetransmissionQueue::Advance(unsigned int)
                0x0000000000020548                CRetransmissionQueue::Reset()
                0x0000000000020554                CRetransmissionQueue::Flush()
 .text          0x0000000000020568      0x2f8 ../circle/lib/net/libnet.a(retranstimeoutcalc.o)
                0x0000000000020568                CRetransmissionTimeoutCalculator::CRetransmissionTimeoutCalculator()
                0x0000000000020568                CRetransmissionTimeoutCalculator::CRetransmissionTimeoutCalculator()
                0x00000000000205c4                CRetransmissionTimeoutCalculator::~CRetransmissionTimeoutCalculator()
                0x00000000000205c4                CRetransmissionTimeoutCalculator::~CRetransmissionTimeoutCalculator()
                0x00000000000205c8                CRetransmissionTimeoutCalculator::GetRTO() const
                0x00000000000205d0                CRetransmissionTimeoutCalculator::Initialize(unsigned int)
                0x0000000000020640                CRetransmissionTimeoutCalculator::SegmentSent(unsigned int, unsigned int)
                0x00000000000206d4                CRetransmissionTimeoutCalculator::RetransmissionTimerExpired()
                0x0000000000020740                CRetransmissionTimeoutCalculator::Calculate(unsigned int)
                0x00000000000207d0                CRetransmissionTimeoutCalculator::SegmentAcknowledged(unsigned int)
 .text          0x0000000000020860      0x2f4 ../circle/lib/net/libnet.a(tcprejector.o)
                0x0000000000020860                CTCPRejector::~CTCPRejector()
                0x0000000000020860                CTCPRejector::~CTCPRejector()
                0x0000000000020880                CTCPRejector::~CTCPRejector()
                0x00000000000208ac                CTCPRejector::CTCPRejector(CNetConfig*, CNetworkLayer*)
                0x00000000000208ac                CTCPRejector::CTCPRejector(CNetConfig*, CNetworkLayer*)
                0x00000000000208e0                CTCPRejector::SendSegment(unsigned int, unsigned int, unsigned int)
                0x00000000000209ac                CTCPRejector::PacketReceived(void const*, unsigned int, CIPAddress&, CIPAddress&, int)
 .text          0x0000000000020b54      0x1cc ../circle/lib/net/libnet.a(netconfig.o)
                0x0000000000020b54                CNetConfig::~CNetConfig()
                0x0000000000020b54                CNetConfig::~CNetConfig()
                0x0000000000020b8c                CNetConfig::SetDHCP(bool)
                0x0000000000020b94                CNetConfig::SetDefaultGateway(unsigned int)
                0x0000000000020b9c                CNetConfig::SetDNSServer(unsigned int)
                0x0000000000020ba4                CNetConfig::SetDefaultGateway(unsigned char const*)
                0x0000000000020bac                CNetConfig::SetDNSServer(unsigned char const*)
                0x0000000000020bb4                CNetConfig::GetIPAddress() const
                0x0000000000020bbc                CNetConfig::IsDHCPUsed() const
                0x0000000000020bc4                CNetConfig::GetNetMask() const
                0x0000000000020bcc                CNetConfig::GetDefaultGateway() const
                0x0000000000020bd4                CNetConfig::GetDNSServer() const
                0x0000000000020bdc                CNetConfig::GetBroadcastAddress() const
                0x0000000000020be4                CNetConfig::UpdateBroadcastAddress()
                0x0000000000020c24                CNetConfig::Reset()
                0x0000000000020c6c                CNetConfig::CNetConfig()
                0x0000000000020c6c                CNetConfig::CNetConfig()
                0x0000000000020cb0                CNetConfig::SetIPAddress(unsigned int)
                0x0000000000020ccc                CNetConfig::SetNetMask(unsigned int)
                0x0000000000020ce8                CNetConfig::SetIPAddress(unsigned char const*)
                0x0000000000020d04                CNetConfig::SetNetMask(unsigned char const*)
 .text          0x0000000000020d20      0x534 ../circle/lib/net/libnet.a(ipaddress.o)
                0x0000000000020d20                CIPAddress::CIPAddress()
                0x0000000000020d20                CIPAddress::CIPAddress()
                0x0000000000020d2c                CIPAddress::CIPAddress(unsigned int)
                0x0000000000020d2c                CIPAddress::CIPAddress(unsigned int)
                0x0000000000020d3c                CIPAddress::CIPAddress(CIPAddress const&)
                0x0000000000020d3c                CIPAddress::CIPAddress(CIPAddress const&)
                0x0000000000020d78                CIPAddress::~CIPAddress()
                0x0000000000020d78                CIPAddress::~CIPAddress()
                0x0000000000020d7c                CIPAddress::operator==(CIPAddress const&) const
                0x0000000000020ddc                CIPAddress::operator!=(CIPAddress const&) const
                0x0000000000020e38                CIPAddress::operator==(unsigned char const*) const
                0x0000000000020e94                CIPAddress::operator!=(unsigned char const*) const
                0x0000000000020ea8                CIPAddress::operator==(unsigned int) const
                0x0000000000020ee4                CIPAddress::operator!=(unsigned int) const
                0x0000000000020f1c                CIPAddress::operator=(unsigned int)
                0x0000000000020f2c                CIPAddress::Set(unsigned int)
                0x0000000000020f3c                CIPAddress::Set(unsigned char const*)
                0x0000000000020f7c                CIPAddress::CIPAddress(unsigned char const*)
                0x0000000000020f7c                CIPAddress::CIPAddress(unsigned char const*)
                0x0000000000020f90                CIPAddress::Set(CIPAddress const&)
                0x0000000000020fcc                CIPAddress::SetBroadcast()
                0x0000000000020fe0                CIPAddress::operator unsigned int() const
                0x0000000000021010                CIPAddress::Get() const
                0x0000000000021040                CIPAddress::CopyTo(unsigned char*) const
                0x000000000002109c                CIPAddress::IsNull() const
                0x00000000000210d4                CIPAddress::IsBroadcast() const
                0x0000000000021110                CIPAddress::GetSize() const
                0x0000000000021118                CIPAddress::Format(CString*) const
                0x00000000000211a0                CIPAddress::OnSameNetwork(CIPAddress const&, unsigned char const*) const
 .text          0x0000000000021254      0x324 ../circle/lib/net/libnet.a(netqueue.o)
                0x0000000000021254                CNetQueue::CNetQueue()
                0x0000000000021254                CNetQueue::CNetQueue()
                0x0000000000021268                CNetQueue::IsEmpty() const
                0x0000000000021278                CNetQueue::Flush()
                0x0000000000021334                CNetQueue::~CNetQueue()
                0x0000000000021334                CNetQueue::~CNetQueue()
                0x0000000000021348                CNetQueue::Enqueue(void const*, unsigned int, void*)
                0x0000000000021460                CNetQueue::Dequeue(void*, void**)
 .text          0x0000000000021578      0x288 ../circle/lib/net/libnet.a(checksumcalculator.o)
                0x0000000000021578                CChecksumCalculator::CChecksumCalculator(CIPAddress const&, int)
                0x0000000000021578                CChecksumCalculator::CChecksumCalculator(CIPAddress const&, int)
                0x00000000000215a8                CChecksumCalculator::CChecksumCalculator(CIPAddress const&, CIPAddress const&, int)
                0x00000000000215a8                CChecksumCalculator::CChecksumCalculator(CIPAddress const&, CIPAddress const&, int)
                0x00000000000215ec                CChecksumCalculator::~CChecksumCalculator()
                0x00000000000215ec                CChecksumCalculator::~CChecksumCalculator()
                0x00000000000215f0                CChecksumCalculator::SetSourceAddress(CIPAddress const&)
                0x0000000000021600                CChecksumCalculator::SetDestinationAddress(CIPAddress const&)
                0x0000000000021620                CChecksumCalculator::CalculateChunk(void const*, unsigned int, unsigned int)
                0x00000000000216ac                CChecksumCalculator::Calculate(void const*, unsigned int)
                0x000000000002176c                CChecksumCalculator::SimpleCalculate(void const*, unsigned int)
                0x00000000000217dc                CChecksumCalculator::FoldResult(unsigned int)
 .text          0x0000000000021800     0x1430 ../circle/lib/net/libnet.a(dhcpclient.o)
                0x0000000000021820                CDHCPClient::CDHCPClient(CNetSubSystem*, char const*)
                0x0000000000021820                CDHCPClient::CDHCPClient(CNetSubSystem*, char const*)
                0x00000000000218f8                CDHCPClient::IsBound() const
                0x0000000000021900                CDHCPClient::HaltNetwork()
                0x0000000000021924                CDHCPClient::CheckConfig()