Archive member included to satisfy reference by file (symbol)

../circle/lib/usb/libusb.a(usbkeyboard.o)
                              kernel.o (CUSBKeyboardDevice::RegisterKeyStatusHandlerRaw(void (*)(unsigned char, unsigned char const*)))
../circle/lib/usb/libusb.a(dwhcidevice.o)
                              kernel.o (CDWHCIDevice::CDWHCIDevice(CInterruptSystem*, CTimer*))
../circle/lib/usb/libusb.a(dwhciframeschednper.o)
                              ../circle/lib/usb/libusb.a(dwhcidevice.o) (CDWHCIFrameSchedulerNonPeriodic::InitProtectedAllocator(unsigned int, unsigned int))
../circle/lib/usb/libusb.a(dwhciframeschednsplit.o)
                              ../circle/lib/usb/libusb.a(dwhcidevice.o) (CDWHCIFrameSchedulerNoSplit::InitProtectedAllocator(unsigned int, unsigned int))
../circle/lib/usb/libusb.a(dwhciframeschedper.o)
                              ../circle/lib/usb/libusb.a(dwhcidevice.o) (CDWHCIFrameSchedulerPeriodic::InitProtectedAllocator(unsigned int, unsigned int))
../circle/lib/usb/libusb.a(dwhciregister.o)
                              ../circle/lib/usb/libusb.a(dwhcidevice.o) (CDWHCIRegister::CDWHCIRegister(unsigned int))
../circle/lib/usb/libusb.a(dwhcirootport.o)
                              ../circle/lib/usb/libusb.a(dwhcidevice.o) (CDWHCIRootPort::~CDWHCIRootPort())
../circle/lib/usb/libusb.a(dwhcixferstagedata.o)
                              ../circle/lib/usb/libusb.a(dwhcidevice.o) (CDWHCITransferStageData::~CDWHCITransferStageData())
../circle/lib/usb/libusb.a(usbdevice.o)
                              ../circle/lib/usb/libusb.a(dwhcirootport.o) (CUSBDevice::CUSBDevice(CUSBHostController*, TUSBSpeed, CUSBHCIRootPort*))
../circle/lib/usb/libusb.a(usbdevicefactory.o)
                              ../circle/lib/usb/libusb.a(usbdevice.o) (CUSBDeviceFactory::GetDevice(CUSBFunction*, CString*))
../circle/lib/usb/libusb.a(usbendpoint.o)
                              ../circle/lib/usb/libusb.a(usbdevice.o) (CUSBEndpoint::CUSBEndpoint(CUSBDevice*))
../circle/lib/usb/libusb.a(usbfunction.o)
                              ../circle/lib/usb/libusb.a(usbkeyboard.o) (CUSBFunction::Initialize())
../circle/lib/usb/libusb.a(usbgamepadps3.o)
                              ../circle/lib/usb/libusb.a(usbdevicefactory.o) (CUSBGamePadPS3Device::CUSBGamePadPS3Device(CUSBFunction*))
../circle/lib/usb/libusb.a(usbgamepadps4.o)
                              ../circle/lib/usb/libusb.a(usbdevicefactory.o) (CUSBGamePadPS4Device::CUSBGamePadPS4Device(CUSBFunction*))
../circle/lib/usb/libusb.a(usbgamepadstandard.o)
                              ../circle/lib/usb/libusb.a(usbgamepadps3.o) (CUSBGamePadStandardDevice::~CUSBGamePadStandardDevice())
../circle/lib/usb/libusb.a(usbgamepadswitchpro.o)
                              ../circle/lib/usb/libusb.a(usbdevicefactory.o) (CUSBGamePadSwitchProDevice::CUSBGamePadSwitchProDevice(CUSBFunction*))
../circle/lib/usb/libusb.a(usbgamepadxbox360.o)
                              ../circle/lib/usb/libusb.a(usbdevicefactory.o) (CUSBGamePadXbox360Device::CUSBGamePadXbox360Device(CUSBFunction*))
../circle/lib/usb/libusb.a(usbgamepadxboxone.o)
                              ../circle/lib/usb/libusb.a(usbdevicefactory.o) (CUSBGamePadXboxOneDevice::CUSBGamePadXboxOneDevice(CUSBFunction*))
../circle/lib/usb/libusb.a(usbhiddevice.o)
                              ../circle/lib/usb/libusb.a(usbkeyboard.o) (CUSBHIDDevice::CUSBHIDDevice(CUSBFunction*, unsigned int))
../circle/lib/usb/libusb.a(usbhostcontroller.o)
                              ../circle/lib/usb/libusb.a(dwhcidevice.o) (CUSBHostController::CUSBHostController())
../circle/lib/usb/libusb.a(usbmassdevice.o)
                              ../circle/lib/usb/libusb.a(usbdevicefactory.o) (CUSBBulkOnlyMassStorageDevice::CUSBBulkOnlyMassStorageDevice(CUSBFunction*))
../circle/lib/usb/libusb.a(usbmidi.o)
                              ../circle/lib/usb/libusb.a(usbdevicefactory.o) (CUSBMIDIDevice::CUSBMIDIDevice(CUSBFunction*))
../circle/lib/usb/libusb.a(usbmouse.o)
                              ../circle/lib/usb/libusb.a(usbdevicefactory.o) (CUSBMouseDevice::CUSBMouseDevice(CUSBFunction*))
../circle/lib/usb/libusb.a(usbprinter.o)
                              ../circle/lib/usb/libusb.a(usbdevicefactory.o) (CUSBPrinterDevice::CUSBPrinterDevice(CUSBFunction*))
../circle/lib/usb/libusb.a(usbrequest.o)
                              ../circle/lib/usb/libusb.a(usbhiddevice.o) (CUSBRequest::CUSBRequest(CUSBEndpoint*, void*, unsigned int, TSetupData*))
../circle/lib/usb/libusb.a(usbstandardhub.o)
                              ../circle/lib/usb/libusb.a(usbdevicefactory.o) (CUSBStandardHub::CUSBStandardHub(CUSBFunction*))
../circle/lib/usb/libusb.a(lan7800.o)
                              ../circle/lib/usb/libusb.a(usbdevicefactory.o) (CLAN7800Device::CLAN7800Device(CUSBFunction*))
../circle/lib/usb/libusb.a(smsc951x.o)
[...]
Memory Configuration

Name             Origin             Length             Attributes
*default*        0x0000000000000000 0xffffffffffffffff

Linker script and memory map

Address of section .init set to 0x8000

.init           0x0000000000008000       0x64
 *(.init)
 .init          0x0000000000008000       0x64 ../circle/lib/libcircle.a(startup.o)
                0x0000000000008000                _start

.text           0x0000000000008068    0x33f50
 *(.text*)
 .text          0x0000000000008068        0x0 main.o
 .text.startup  0x0000000000008068       0x58 main.o
                0x0000000000008068                main
 .text          0x00000000000080c0      0x3c4 kernel.o
                0x00000000000080c0                CKernel::CKernel()
                0x00000000000080c0                CKernel::CKernel()
                0x00000000000081ec                CKernel::~CKernel()
                0x00000000000081ec                CKernel::~CKernel()
                0x0000000000008290                CKernel::Initialize()
                0x0000000000008364                CKernel::Run()
                0x0000000000008464                CKernel::KeyStatusHandlerRaw(unsigned char, unsigned char const*)
 .text          0x0000000000008484     0x1248 BusRaiderApp.o
                0x0000000000008484                BusRaiderApp::BusRaiderApp(Display&, CUartMaxiSerialDevice&)
                0x0000000000008484                BusRaiderApp::BusRaiderApp(Display&, CUartMaxiSerialDevice&)
                0x000000000000855c                BusRaiderApp::init()
                0x0000000000008614                BusRaiderApp::clear()
                0x0000000000008674                BusRaiderApp::peripheralStatus(bool, bool)
                0x00000000000086c8                BusRaiderApp::statusDisplayUpdate()
                0x0000000000008c48                BusRaiderApp::keyStatusHandlerRaw(unsigned char, unsigned char const*)
                0x0000000000008d1c                BusRaiderApp::handleUSBKeypress(unsigned char, unsigned char const*)
                0x00000000000091d4                BusRaiderApp::service()
                0x0000000000009440                BusRaiderApp::getPiStatus(char*, int)
                0x000000000000947c                BusRaiderApp::storeESP32StatusInfo(char const*)
                0x00000000000095b8                BusRaiderApp::handleRxMsg(char const*, unsigned char const*, unsigned int, char*, unsigned int)
                0x00000000000096a4                BusRaiderApp::handleRxMsgStatic(void*, char const*, unsigned char const*, unsigned int, char*, unsigned int)
                0x00000000000096b0                BusRaiderApp::selfTestHelperService()
                0x00000000000096b4                BusRaiderApp::selfTestKeyboardGet()
 .text._ZN12SimpleBufferD2Ev
                0x00000000000096cc        0x4 BusRaiderApp.o
                0x00000000000096cc                SimpleBuffer::~SimpleBuffer()
                0x00000000000096cc                SimpleBuffer::~SimpleBuffer()
 .text._ZN12SimpleBufferD0Ev
                0x00000000000096d0       0x1c BusRaiderApp.o
                0x00000000000096d0                SimpleBuffer::~SimpleBuffer()
 .text          0x00000000000096ec      0x42c ../circle/lib/usb/libusb.a(usbkeyboard.o)
                0x00000000000096ec                CUSBKeyboardDevice::~CUSBKeyboardDevice()
                0x00000000000096ec                CUSBKeyboardDevice::~CUSBKeyboardDevice()
                0x0000000000009738                CUSBKeyboardDevice::~CUSBKeyboardDevice()
                0x0000000000009758                CUSBKeyboardDevice::ReportHandler(unsigned char const*, unsigned int)
                0x00000000000098d0                CUSBKeyboardDevice::CUSBKeyboardDevice(CUSBFunction*)
                0x00000000000098d0                CUSBKeyboardDevice::CUSBKeyboardDevice(CUSBFunction*)
                0x0000000000009918                CUSBKeyboardDevice::RegisterKeyPressedHandler(void (*)(char const*))
                0x0000000000009920                CUSBKeyboardDevice::RegisterSelectConsoleHandler(void (*)(unsigned int))
                0x0000000000009928                CUSBKeyboardDevice::RegisterShutdownHandler(void (*)())
                0x0000000000009930                CUSBKeyboardDevice::GetLEDStatus() const
                0x0000000000009958                CUSBKeyboardDevice::RegisterKeyStatusHandlerRaw(void (*)(unsigned char, unsigned char const*))
                0x0000000000009984                CUSBKeyboardDevice::SetLEDs(unsigned char)
                0x00000000000099f8                CUSBKeyboardDevice::Configure()
                0x0000000000009a90                CUSBKeyboardDevice::UpdateLEDs()
                0x0000000000009aec                CUSBKeyboardDevice::FindByte(unsigned char const*, unsigned char, unsigned int)
 .text          0x0000000000009b18     0x2704 ../circle/lib/usb/libusb.a(dwhcidevice.o)
                0x0000000000009b18                CDWHCIDevice::CompletionRoutine(CUSBRequest*, void*, void*)
                0x0000000000009bcc                CDWHCIDevice::CDWHCIDevice(CInterruptSystem*, CTimer*)
                0x0000000000009bcc                CDWHCIDevice::CDWHCIDevice(CInterruptSystem*, CTimer*)
                0x0000000000009ca8                CDWHCIDevice::GetPortSpeed()
                0x0000000000009cf4                CDWHCIDevice::OvercurrentDetected()
                0x0000000000009d30                CDWHCIDevice::DisableRootPort(bool)
                0x0000000000009d98                CDWHCIDevice::PowerOn()
                0x0000000000009e04                CDWHCIDevice::EnableGlobalInterrupts()
                0x0000000000009e48                CDWHCIDevice::EnableCommonInterrupts()
                0x0000000000009e80                CDWHCIDevice::EnableHostInterrupts()
                0x0000000000009edc                CDWHCIDevice::EnableChannelInterrupt(unsigned int)
                0x0000000000009f60                CDWHCIDevice::DisableChannelInterrupt(unsigned int)
                0x0000000000009fe4                CDWHCIDevice::StartChannel(CDWHCITransferStageData*)
                0x000000000000a3d8                CDWHCIDevice::StartTransaction(CDWHCITransferStageData*)
                0x000000000000a4ec                CDWHCIDevice::TimerHandler(CDWHCITransferStageData*)
                0x000000000000a5ac                CDWHCIDevice::TimerStub(unsigned int, void*, void*)
                0x000000000000a5fc                CDWHCIDevice::AllocateChannel()
                0x000000000000a6c4                CDWHCIDevice::FreeChannel(unsigned int)
                0x000000000000a754                CDWHCIDevice::TransferStageAsync(CUSBRequest*, bool, bool, unsigned int)
                0x000000000000a8b4                CDWHCIDevice::SubmitAsyncRequest(CUSBRequest*, unsigned int)
                0x000000000000aedc                CDWHCIDevice::ChannelInterruptHandler(unsigned int)
                0x000000000000aeec                CDWHCIDevice::InterruptHandler()
                0x000000000000aff0                CDWHCIDevice::InterruptStub(void*)
                0x000000000000b01c                CDWHCIDevice::AllocateWaitBlock()
                0x000000000000b090                CDWHCIDevice::FreeWaitBlock(unsigned int)
                0x000000000000b11c                CDWHCIDevice::TransferStage(CUSBRequest*, bool, bool, unsigned int)
                0x000000000000b230                CDWHCIDevice::SubmitBlockingRequest(CUSBRequest*, unsigned int)
                0x000000000000b4a4                CDWHCIDevice::WaitForBit(CDWHCIRegister*, unsigned int, bool, unsigned int)
                0x000000000000b584                CDWHCIDevice::EnableRootPort()
                0x000000000000b660                CDWHCIDevice::Reset()
                0x000000000000b700                CDWHCIDevice::InitCore()
                0x000000000000b974                CDWHCIDevice::FlushTxFIFO(unsigned int)
                0x000000000000ba00                CDWHCIDevice::FlushRxFIFO()
                0x000000000000ba70                CDWHCIDevice::InitHost()
                0x000000000000bc78                CDWHCIDevice::DumpRegister(char const*, unsigned int)
                0x000000000000bcd8                CDWHCIDevice::DumpStatus(unsigned int)
                0x000000000000be80                CDWHCIDevice::~CDWHCIDevice()
                0x000000000000be80                CDWHCIDevice::~CDWHCIDevice()
                0x000000000000bf64                CDWHCIDevice::~CDWHCIDevice()
                0x000000000000bf84                CDWHCIDevice::ReScanDevices()
                0x000000000000c014                CDWHCIDevice::Initialize()
 .text          0x000000000000c21c      0x37c ../circle/lib/usb/libusb.a(dwhciframeschednper.o)
                0x000000000000c21c                CDWHCIFrameSchedulerNonPeriodic::~CDWHCIFrameSchedulerNonPeriodic()
                0x000000000000c21c                CDWHCIFrameSchedulerNonPeriodic::~CDWHCIFrameSchedulerNonPeriodic()
                0x000000000000c220                CDWHCIFrameSchedulerNonPeriodic::StartSplit()
                0x000000000000c22c                CDWHCIFrameSchedulerNonPeriodic::WaitForFrame()
                0x000000000000c230                CDWHCIFrameSchedulerNonPeriodic::IsOddFrame() const
                0x000000000000c238                CDWHCIFrameSchedulerNonPeriodic::CompleteSplit()
                0x000000000000c2b0                CDWHCIFrameSchedulerNonPeriodic::TransactionComplete(unsigned int)
                0x000000000000c3c0                CDWHCIFrameSchedulerNonPeriodic::CDWHCIFrameSchedulerNonPeriodic()
                0x000000000000c3c0                CDWHCIFrameSchedulerNonPeriodic::CDWHCIFrameSchedulerNonPeriodic()
                0x000000000000c408                CDWHCIFrameSchedulerNonPeriodic::operator new(unsigned int)
                0x000000000000c45c                CDWHCIFrameSchedulerNonPeriodic::operator delete(void*, unsigned int)
                0x000000000000c4b4                CDWHCIFrameSchedulerNonPeriodic::~CDWHCIFrameSchedulerNonPeriodic()
                0x000000000000c4cc                CDWHCIFrameSchedulerNonPeriodic::InitAllocator(unsigned int)
                0x000000000000c528                CDWHCIFrameSchedulerNonPeriodic::InitProtectedAllocator(unsigned int, unsigned int)
 .text          0x000000000000c598      0x280 ../circle/lib/usb/libusb.a(dwhciframeschednsplit.o)
                0x000000000000c598                CDWHCIFrameSchedulerNoSplit::~CDWHCIFrameSchedulerNoSplit()
                0x000000000000c598                CDWHCIFrameSchedulerNoSplit::~CDWHCIFrameSchedulerNoSplit()
                0x000000000000c59c                CDWHCIFrameSchedulerNoSplit::IsOddFrame() const
                0x000000000000c5a8                CDWHCIFrameSchedulerNoSplit::StartSplit()
                0x000000000000c5c4                CDWHCIFrameSchedulerNoSplit::CompleteSplit()
                0x000000000000c5e0                CDWHCIFrameSchedulerNoSplit::TransactionComplete(unsigned int)
                0x000000000000c5fc                CDWHCIFrameSchedulerNoSplit::WaitForFrame()
                0x000000000000c66c                CDWHCIFrameSchedulerNoSplit::CDWHCIFrameSchedulerNoSplit(bool)
                0x000000000000c66c                CDWHCIFrameSchedulerNoSplit::CDWHCIFrameSchedulerNoSplit(bool)
                0x000000000000c688                CDWHCIFrameSchedulerNoSplit::operator new(unsigned int)
                0x000000000000c6dc                CDWHCIFrameSchedulerNoSplit::operator delete(void*, unsigned int)
                0x000000000000c734                CDWHCIFrameSchedulerNoSplit::~CDWHCIFrameSchedulerNoSplit()
                0x000000000000c74c                CDWHCIFrameSchedulerNoSplit::InitAllocator(unsigned int)
                0x000000000000c7a8                CDWHCIFrameSchedulerNoSplit::InitProtectedAllocator(unsigned int, unsigned int)
 .text          0x000000000000c818      0x440 ../circle/lib/usb/libusb.a(dwhciframeschedper.o)
                0x000000000000c818                CDWHCIFrameSchedulerPeriodic::~CDWHCIFrameSchedulerPeriodic()
                0x000000000000c818                CDWHCIFrameSchedulerPeriodic::~CDWHCIFrameSchedulerPeriodic()
                0x000000000000c81c                CDWHCIFrameSchedulerPeriodic::StartSplit()
                0x000000000000c830                CDWHCIFrameSchedulerPeriodic::IsOddFrame() const
                0x000000000000c83c                CDWHCIFrameSchedulerPeriodic::WaitForFrame()
                0x000000000000c8ac                CDWHCIFrameSchedulerPeriodic::CompleteSplit()
                0x000000000000c970                CDWHCIFrameSchedulerPeriodic::TransactionComplete(unsigned int)
                0x000000000000ca78                CDWHCIFrameSchedulerPeriodic::CDWHCIFrameSchedulerPeriodic()
                0x000000000000ca78                CDWHCIFrameSchedulerPeriodic::CDWHCIFrameSchedulerPeriodic()
                0x000000000000cac8                CDWHCIFrameSchedulerPeriodic::operator new(unsigned int)
                0x000000000000cb1c                CDWHCIFrameSchedulerPeriodic::operator delete(void*, unsigned int)
                0x000000000000cb74                CDWHCIFrameSchedulerPeriodic::~CDWHCIFrameSchedulerPeriodic()
                0x000000000000cb8c                CDWHCIFrameSchedulerPeriodic::InitAllocator(unsigned int)
                0x000000000000cbe8                CDWHCIFrameSchedulerPeriodic::InitProtectedAllocator(unsigned int, unsigned int)
 .text          0x000000000000cc58      0x2c0 ../circle/lib/usb/libusb.a(dwhciregister.o)
                0x000000000000cc58                CDWHCIRegister::CDWHCIRegister(unsigned int)
                0x000000000000cc58                CDWHCIRegister::CDWHCIRegister(unsigned int)
                0x000000000000cc68                CDWHCIRegister::CDWHCIRegister(unsigned int, unsigned int)
                0x000000000000cc68                CDWHCIRegister::CDWHCIRegister(unsigned int, unsigned int)
                0x000000000000cc78                CDWHCIRegister::~CDWHCIRegister()
                0x000000000000cc78                CDWHCIRegister::~CDWHCIRegister()
                0x000000000000cc7c                CDWHCIRegister::Read()
                0x000000000000cc98                CDWHCIRegister::Write()
                0x000000000000ccd0                CDWHCIRegister::Get() const
                0x000000000000cd00                CDWHCIRegister::Set(unsigned int)
                0x000000000000cd10                CDWHCIRegister::IsSet(unsigned int) const
                0x000000000000cd4c                CDWHCIRegister::And(unsigned int)
                0x000000000000cd84                CDWHCIRegister::Or(unsigned int)
                0x000000000000cdbc                CDWHCIRegister::ClearBit(unsigned int)
                0x000000000000ce14                CDWHCIRegister::SetBit(unsigned int)
                0x000000000000ce6c                CDWHCIRegister::ClearAll()
                0x000000000000ce80                CDWHCIRegister::SetAll()
                0x000000000000ce94                CDWHCIRegister::Dump() const
 .text          0x000000000000cf18      0x2c8 ../circle/lib/usb/libusb.a(dwhcirootport.o)
                0x000000000000cf18                CDWHCIRootPort::~CDWHCIRootPort()
                0x000000000000cf18                CDWHCIRootPort::~CDWHCIRootPort()
                0x000000000000cf4c                CDWHCIRootPort::~CDWHCIRootPort()
                0x000000000000cf8c                CDWHCIRootPort::RemoveDevice()
                0x000000000000cfe8                CDWHCIRootPort::ReScanDevices()
                0x000000000000d028                CDWHCIRootPort::CDWHCIRootPort(CDWHCIDevice*)
                0x000000000000d028                CDWHCIRootPort::CDWHCIRootPort(CDWHCIDevice*)
                0x000000000000d064                CDWHCIRootPort::Initialize()
 .text          0x000000000000d1e0      0xaa0 ../circle/lib/usb/libusb.a(dwhcixferstagedata.o)
                0x000000000000d1e0                CDWHCITransferStageData::~CDWHCITransferStageData()
                0x000000000000d1e0                CDWHCITransferStageData::~CDWHCITransferStageData()
                0x000000000000d224                CDWHCITransferStageData::SetChannelNumber(unsigned int)
                0x000000000000d22c                CDWHCITransferStageData::TransactionComplete(unsigned int, unsigned int, unsigned int)
                0x000000000000d3cc                CDWHCITransferStageData::SetSplitComplete(bool)
                0x000000000000d3fc                CDWHCITransferStageData::SetState(unsigned int)
                0x000000000000d404                CDWHCITransferStageData::GetState() const
                0x000000000000d40c                CDWHCITransferStageData::SetSubState(unsigned int)
                0x000000000000d414                CDWHCITransferStageData::GetSubState() const
                0x000000000000d41c                CDWHCITransferStageData::BeginSplitCycle()
                0x000000000000d424                CDWHCITransferStageData::GetChannelNumber() const
                0x000000000000d42c                CDWHCITransferStageData::IsPeriodic() const
                0x000000000000d470                CDWHCITransferStageData::CDWHCITransferStageData(unsigned int, CUSBRequest*, bool, bool, unsigned int)
                0x000000000000d470                CDWHCITransferStageData::CDWHCITransferStageData(unsigned int, CUSBRequest*, bool, bool, unsigned int)
                0x000000000000d790                CDWHCITransferStageData::GetDeviceAddress() const
                0x000000000000d7c0                CDWHCITransferStageData::GetEndpointType() const
                0x000000000000d820                CDWHCITransferStageData::GetEndpointNumber() const
                0x000000000000d850                CDWHCITransferStageData::GetMaxPacketSize() const
                0x000000000000d858                CDWHCITransferStageData::GetSpeed() const
                0x000000000000d860                CDWHCITransferStageData::GetPID() const
                0x000000000000d8cc                CDWHCITransferStageData::IsDirectionIn() const
                0x000000000000d8d4                CDWHCITransferStageData::IsStatusStage() const
                0x000000000000d8dc                CDWHCITransferStageData::GetDMAAddress() const
                0x000000000000d908                CDWHCITransferStageData::GetBytesToTransfer() const
                0x000000000000d910                CDWHCITransferStageData::GetPacketsToTransfer() const
                0x000000000000d918                CDWHCITransferStageData::IsSplit() const
                0x000000000000d920                CDWHCITransferStageData::IsSplitComplete() const
                0x000000000000d954                CDWHCITransferStageData::GetHubAddress() const
                0x000000000000d9a8                CDWHCITransferStageData::GetHubPortAddress() const
                0x000000000000d9fc                CDWHCITransferStageData::GetSplitPosition() const
                0x000000000000da04                CDWHCITransferStageData::GetStatusMask() const
                0x000000000000da38                CDWHCITransferStageData::GetTransactionStatus() const
                0x000000000000da64                CDWHCITransferStageData::IsStageComplete() const
                0x000000000000da74                CDWHCITransferStageData::GetResultLen() const
                0x000000000000da88                CDWHCITransferStageData::IsTimeout() const
                0x000000000000dac8                CDWHCITransferStageData::GetURB() const
                0x000000000000daf0                CDWHCITransferStageData::GetFrameScheduler() const
                0x000000000000daf8                CDWHCITransferStageData::operator new(unsigned int)
                0x000000000000db50                CDWHCITransferStageData::operator delete(void*, unsigned int)
                0x000000000000dbac                CDWHCITransferStageData::InitAllocator(unsigned int)
                0x000000000000dc0c                CDWHCITransferStageData::InitProtectedAllocator(unsigned int, unsigned int)
 .text          0x000000000000dc80     0x1050 ../circle/lib/usb/libusb.a(usbdevice.o)
                0x000000000000dc80                CUSBDevice::~CUSBDevice()
                0x000000000000dc80                CUSBDevice::~CUSBDevice()
                0x000000000000ddb8                CUSBDevice::~CUSBDevice()
                0x000000000000ddd8                CUSBDevice::CUSBDevice(CUSBHostController*, TUSBSpeed, CUSBHCIRootPort*)
                0x000000000000ddd8                CUSBDevice::CUSBDevice(CUSBHostController*, TUSBSpeed, CUSBHCIRootPort*)
                0x000000000000de94                CUSBDevice::CUSBDevice(CUSBHostController*, TUSBSpeed, CUSBStandardHub*, unsigned int)
                0x000000000000de94                CUSBDevice::CUSBDevice(CUSBHostController*, TUSBSpeed, CUSBStandardHub*, unsigned int)
                0x000000000000dff4                CUSBDevice::ReScanDevices()
                0x000000000000e034                CUSBDevice::RemoveDevice()
                0x000000000000e084                CUSBDevice::GetName(TDeviceNameSelector) const
                0x000000000000e198                CUSBDevice::GetNames() const
                0x000000000000e288                CUSBDevice::SetAddress(unsigned char)
                0x000000000000e2b8                CUSBDevice::GetAddress() const
                0x000000000000e2c0                CUSBDevice::GetSpeed() const
                0x000000000000e2c8                CUSBDevice::IsSplit() const
                0x000000000000e2d0                CUSBDevice::GetHubAddress() const
                0x000000000000e2d8                CUSBDevice::GetHubPortNumber() const
                0x000000000000e2e0                CUSBDevice::GetTTHubDevice() const
                0x000000000000e2e8                CUSBDevice::GetEndpoint0() const
                0x000000000000e310                CUSBDevice::GetHost() const
                0x000000000000e33c                CUSBDevice::GetDeviceDescriptor() const
                0x000000000000e364                CUSBDevice::GetConfigurationDescriptor() const
                0x000000000000e390                CUSBDevice::GetDescriptor(unsigned char)
                0x000000000000e3bc                CUSBDevice::ConfigurationError(char const*) const
                0x000000000000e3ec                CUSBDevice::LogWrite(TLogSeverity, char const*, ...)
                0x000000000000e49c                CUSBDevice::Initialize()
                0x000000000000ebdc                CUSBDevice::Configure()
 .text          0x000000000000ecd0      0x464 ../circle/lib/usb/libusb.a(usbdevicefactory.o)
                0x000000000000ecd0                CUSBDeviceFactory::GetDevice(CUSBFunction*, CString*)
 .text          0x000000000000f134      0x37c ../circle/lib/usb/libusb.a(usbendpoint.o)
                0x000000000000f134                CUSBEndpoint::CUSBEndpoint(CUSBDevice*)
                0x000000000000f134                CUSBEndpoint::CUSBEndpoint(CUSBDevice*)
                0x000000000000f17c                CUSBEndpoint::CUSBEndpoint(CUSBDevice*, TUSBEndpointDescriptor const*)
                0x000000000000f17c                CUSBEndpoint::CUSBEndpoint(CUSBDevice*, TUSBEndpointDescriptor const*)
                0x000000000000f30c                CUSBEndpoint::~CUSBEndpoint()
                0x000000000000f30c                CUSBEndpoint::~CUSBEndpoint()
                0x000000000000f310                CUSBEndpoint::GetDevice() const
                0x000000000000f338                CUSBEndpoint::GetNumber() const
                0x000000000000f340                CUSBEndpoint::GetType() const
                0x000000000000f348                CUSBEndpoint::IsDirectionIn() const
                0x000000000000f350                CUSBEndpoint::SetMaxPacketSize(unsigned int)
                0x000000000000f360                CUSBEndpoint::GetMaxPacketSize() const
                0x000000000000f368                CUSBEndpoint::GetInterval() const
                0x000000000000f398                CUSBEndpoint::GetNextPID(bool)
                0x000000000000f3d8                CUSBEndpoint::SkipPID(unsigned int, bool)
                0x000000000000f480                CUSBEndpoint::ResetPID()
 .text          0x000000000000f4b0      0x658 ../circle/lib/usb/libusb.a(usbfunction.o)
                0x000000000000f4b0                CUSBFunction::Initialize()
                0x000000000000f4b8                CUSBFunction::ReScanDevices()
                0x000000000000f4c0                CUSBFunction::~CUSBFunction()
                0x000000000000f4c0                CUSBFunction::~CUSBFunction()
                0x000000000000f518                CUSBFunction::~CUSBFunction()
                0x000000000000f538                CUSBFunction::RemoveDevice()
                0x000000000000f564                CUSBFunction::Configure()
                0x000000000000f658                CUSBFunction::CUSBFunction(CUSBDevice*, CUSBConfigurationParser*)
                0x000000000000f658                CUSBFunction::CUSBFunction(CUSBDevice*, CUSBConfigurationParser*)
                0x000000000000f708                CUSBFunction::CUSBFunction(CUSBFunction*)
                0x000000000000f708                CUSBFunction::CUSBFunction(CUSBFunction*)
                0x000000000000f7dc                CUSBFunction::GetInterfaceName() const
                0x000000000000f854                CUSBFunction::GetNumEndpoints() const
                0x000000000000f884                CUSBFunction::GetDevice() const
                0x000000000000f8ac                CUSBFunction::GetEndpoint0() const
                0x000000000000f8d8                CUSBFunction::GetHost() const
                0x000000000000f904                CUSBFunction::GetDescriptor(unsigned char)
                0x000000000000f930                CUSBFunction::ConfigurationError(char const*) const
                0x000000000000f97c                CUSBFunction::SelectInterfaceByClass(unsigned char, unsigned char, unsigned char)
                0x000000000000fa48                CUSBFunction::GetInterfaceNumber() const
                0x000000000000fa78                CUSBFunction::GetInterfaceClass() const
                0x000000000000faa8                CUSBFunction::GetInterfaceSubClass() const
                0x000000000000fad8                CUSBFunction::GetInterfaceProtocol() const
 .text          0x000000000000fb08      0x54c ../circle/lib/usb/libusb.a(usbgamepadps3.o)
                0x000000000000fb08                CUSBGamePadPS3Device::~CUSBGamePadPS3Device()
                0x000000000000fb08                CUSBGamePadPS3Device::~CUSBGamePadPS3Device()
                0x000000000000fb28                CUSBGamePadPS3Device::~CUSBGamePadPS3Device()
                0x000000000000fb54                CUSBGamePadPS3Device::SetRumbleMode(TGamePadRumbleMode)
                0x000000000000fc58                CUSBGamePadPS3Device::SetLEDMode(TGamePadLEDMode)
                0x000000000000fce8                CUSBGamePadPS3Device::CUSBGamePadPS3Device(CUSBFunction*)
                0x000000000000fce8                CUSBGamePadPS3Device::CUSBGamePadPS3Device(CUSBFunction*)
                0x000000000000fd38                CUSBGamePadPS3Device::PS3Enable()
                0x000000000000fdcc                CUSBGamePadPS3Device::Configure()
                0x000000000000fee8                CUSBGamePadPS3Device::DecodeReport(unsigned char const*)
 .text._ZN17CUSBGamePadDevice10SetLEDModeEjhh
                0x0000000000010054        0x8 ../circle/lib/usb/libusb.a(usbgamepadps3.o)
                0x0000000000010054                CUSBGamePadDevice::SetLEDMode(unsigned int, unsigned char, unsigned char)
 .text._ZN20CUSBGamePadPS3Device13GetPropertiesEv
                0x000000000001005c        0x8 ../circle/lib/usb/libusb.a(usbgamepadps3.o)
                0x000000000001005c                CUSBGamePadPS3Device::GetProperties()
 .text          0x0000000000010064      0x7d8 ../circle/lib/usb/libusb.a(usbgamepadps4.o)
                0x0000000000010064                CUSBGamePadPS4Device::DecodeReport(unsigned char const*)
                0x0000000000010214                CUSBGamePadPS4Device::~CUSBGamePadPS4Device()
                0x0000000000010214                CUSBGamePadPS4Device::~CUSBGamePadPS4Device()
                0x0000000000010260                CUSBGamePadPS4Device::~CUSBGamePadPS4Device()
                0x0000000000010280                CUSBGamePadPS4Device::CUSBGamePadPS4Device(CUSBFunction*)
                0x0000000000010280                CUSBGamePadPS4Device::CUSBGamePadPS4Device(CUSBFunction*)
                0x00000000000102cc                CUSBGamePadPS4Device::HandleTouchpad(unsigned char const*)
                0x0000000000010454                CUSBGamePadPS4Device::ReportHandler(unsigned char const*, unsigned int)
                0x00000000000104c0                CUSBGamePadPS4Device::SendLedRumbleCommand()
                0x0000000000010568                CUSBGamePadPS4Device::SetLEDMode(TGamePadLEDMode)
                0x0000000000010648                CUSBGamePadPS4Device::SetLEDMode(unsigned int, unsigned char, unsigned char)
                0x0000000000010670                CUSBGamePadPS4Device::SetRumbleMode(TGamePadRumbleMode)
                0x00000000000106d4                CUSBGamePadPS4Device::DisableTouchpad()
                0x00000000000106e8                CUSBGamePadPS4Device::Configure()
 .text._ZN20CUSBGamePadPS4Device13GetPropertiesEv
                0x000000000001083c        0x8 ../circle/lib/usb/libusb.a(usbgamepadps4.o)
                0x000000000001083c                CUSBGamePadPS4Device::GetProperties()
 .text          0x0000000000010844      0x790 ../circle/lib/usb/libusb.a(usbgamepadstandard.o)
                0x0000000000010844                CUSBGamePadStandardDevice::~CUSBGamePadStandardDevice()
                0x0000000000010844                CUSBGamePadStandardDevice::~CUSBGamePadStandardDevice()
                0x0000000000010880                CUSBGamePadStandardDevice::~CUSBGamePadStandardDevice()
                0x00000000000108a0                CUSBGamePadStandardDevice::CUSBGamePadStandardDevice(CUSBFunction*, bool)
                0x00000000000108a0                CUSBGamePadStandardDevice::CUSBGamePadStandardDevice(CUSBFunction*, bool)
                0x00000000000108d8                CUSBGamePadStandardDevice::BitGetUnsigned(void const*, unsigned int, unsigned int)
                0x00000000000109d8                CUSBGamePadStandardDevice::BitGetSigned(void const*, unsigned int, unsigned int)
                0x0000000000010a00                CUSBGamePadStandardDevice::DecodeReport(unsigned char const*)
                0x0000000000010e24                CUSBGamePadStandardDevice::Configure()
 .text._ZN17CUSBGamePadDevice13GetPropertiesEv
                0x0000000000010fd4        0x8 ../circle/lib/usb/libusb.a(usbgamepadstandard.o)
                0x0000000000010fd4                CUSBGamePadDevice::GetProperties()
 .text._ZN17CUSBGamePadDevice10SetLEDModeE15TGamePadLEDMode
                0x0000000000010fdc        0x8 ../circle/lib/usb/libusb.a(usbgamepadstandard.o)
                0x0000000000010fdc                CUSBGamePadDevice::SetLEDMode(TGamePadLEDMode)
 .text._ZN17CUSBGamePadDevice13SetRumbleModeE18TGamePadRumbleMode
                0x0000000000010fe4        0x8 ../circle/lib/usb/libusb.a(usbgamepadstandard.o)
                0x0000000000010fe4                CUSBGamePadDevice::SetRumbleMode(TGamePadRumbleMode)
 .text          0x0000000000010fec      0x6c8 ../circle/lib/usb/libusb.a(usbgamepadswitchpro.o)
                0x0000000000010fec                CUSBGamePadSwitchProDevice::~CUSBGamePadSwitchProDevice()
                0x0000000000010fec                CUSBGamePadSwitchProDevice::~CUSBGamePadSwitchProDevice()
                0x000000000001100c                CUSBGamePadSwitchProDevice::~CUSBGamePadSwitchProDevice()
                0x0000000000011038                CUSBGamePadSwitchProDevice::DecodeReport(unsigned char const*)
                0x0000000000011238                CUSBGamePadSwitchProDevice::SetLEDMode(TGamePadLEDMode)
                0x00000000000112c0                CUSBGamePadSwitchProDevice::SetRumbleMode(TGamePadRumbleMode)
                0x0000000000011390                CUSBGamePadSwitchProDevice::CUSBGamePadSwitchProDevice(CUSBFunction*)
                0x0000000000011390                CUSBGamePadSwitchProDevice::CUSBGamePadSwitchProDevice(CUSBFunction*)
                0x00000000000113d0                CUSBGamePadSwitchProDevice::Configure()
 .text._ZN26CUSBGamePadSwitchProDevice13GetPropertiesEv
                0x00000000000116b4        0x8 ../circle/lib/usb/libusb.a(usbgamepadswitchpro.o)
                0x00000000000116b4                CUSBGamePadSwitchProDevice::GetProperties()
 .text          0x00000000000116bc      0x3b0 ../circle/lib/usb/libusb.a(usbgamepadxbox360.o)
                0x00000000000116bc                CUSBGamePadXbox360Device::~CUSBGamePadXbox360Device()
                0x00000000000116bc                CUSBGamePadXbox360Device::~CUSBGamePadXbox360Device()
                0x00000000000116dc                CUSBGamePadXbox360Device::~CUSBGamePadXbox360Device()
                0x0000000000011708                CUSBGamePadXbox360Device::ReportHandler(unsigned char const*, unsigned int)
                0x0000000000011778                CUSBGamePadXbox360Device::DecodeReport(unsigned char const*)
                0x00000000000118b4                CUSBGamePadXbox360Device::SetLEDMode(TGamePadLEDMode)
                0x0000000000011904                CUSBGamePadXbox360Device::SetRumbleMode(TGamePadRumbleMode)
                0x000000000001198c                CUSBGamePadXbox360Device::CUSBGamePadXbox360Device(CUSBFunction*)
                0x000000000001198c                CUSBGamePadXbox360Device::CUSBGamePadXbox360Device(CUSBFunction*)
                0x00000000000119ac                CUSBGamePadXbox360Device::Configure()
 .text._ZN24CUSBGamePadXbox360Device13GetPropertiesEv
                0x0000000000011a6c        0x8 ../circle/lib/usb/libusb.a(usbgamepadxbox360.o)
                0x0000000000011a6c                CUSBGamePadXbox360Device::GetProperties()
 .text          0x0000000000011a74      0x4a4 ../circle/lib/usb/libusb.a(usbgamepadxboxone.o)
                0x0000000000011a74                CUSBGamePadXboxOneDevice::DecodeReport(unsigned char const*)
                0x0000000000011c24                CUSBGamePadXboxOneDevice::~CUSBGamePadXboxOneDevice()
                0x0000000000011c24                CUSBGamePadXboxOneDevice::~CUSBGamePadXboxOneDevice()
                0x0000000000011c44                CUSBGamePadXboxOneDevice::~CUSBGamePadXboxOneDevice()
                0x0000000000011c70                CUSBGamePadXboxOneDevice::ReportHandler(unsigned char const*, unsigned int)
                0x0000000000011d58                CUSBGamePadXboxOneDevice::SetRumbleMode(TGamePadRumbleMode)
                0x0000000000011df0                CUSBGamePadXboxOneDevice::CUSBGamePadXboxOneDevice(CUSBFunction*)
                0x0000000000011df0                CUSBGamePadXboxOneDevice::CUSBGamePadXboxOneDevice(CUSBFunction*)
                0x0000000000011e18                CUSBGamePadXboxOneDevice::Configure()
 .text._ZN24CUSBGamePadXboxOneDevice13GetPropertiesEv
                0x0000000000011f18        0x8 ../circle/lib/usb/libusb.a(usbgamepadxboxone.o)
                0x0000000000011f18                CUSBGamePadXboxOneDevice::GetProperties()
 .text          0x0000000000011f20      0x83c ../circle/lib/usb/libusb.a(usbhiddevice.o)
                0x0000000000011f20                CUSBHIDDevice::SendCompletionRoutine(CUSBRequest*, void*, void*)
                0x0000000000011fb0                CUSBHIDDevice::CUSBHIDDevice(CUSBFunction*, unsigned int)
                0x0000000000011fb0                CUSBHIDDevice::CUSBHIDDevice(CUSBFunction*, unsigned int)
                0x0000000000012008                CUSBHIDDevice::~CUSBHIDDevice()
                0x0000000000012008                CUSBHIDDevice::~CUSBHIDDevice()
                0x0000000000012094                CUSBHIDDevice::~CUSBHIDDevice()
                0x00000000000120b4                CUSBHIDDevice::Configure(unsigned int)
                0x000000000001231c                CUSBHIDDevice::SendToEndpointOut(void const*, unsigned int, unsigned int)
                0x00000000000123ac                CUSBHIDDevice::SendToEndpointOutAsync(void const*, unsigned int, unsigned int)
                0x000000000001248c                CUSBHIDDevice::ReceiveFromEndpointIn(void*, unsigned int, unsigned int)
                0x0000000000012540                CUSBHIDDevice::StartRequest()
                0x0000000000012630                CUSBHIDDevice::CompletionRoutine(CUSBRequest*)
                0x000000000001272c                CUSBHIDDevice::CompletionStub(CUSBRequest*, void*, void*)
 .text          0x000000000001275c      0x228 ../circle/lib/usb/libusb.a(usbhostcontroller.o)
                0x000000000001275c                CUSBHostController::CUSBHostController()
                0x000000000001275c                CUSBHostController::CUSBHostController()
                0x000000000001276c                CUSBHostController::~CUSBHostController()
                0x000000000001276c                CUSBHostController::~CUSBHostController()
                0x0000000000012770                CUSBHostController::~CUSBHostController()
                0x0000000000012788                CUSBHostController::ControlMessage(CUSBEndpoint*, unsigned char, unsigned char, unsigned short, unsigned short, void*, unsigned short)
                0x0000000000012850                CUSBHostController::GetDescriptor(CUSBEndpoint*, unsigned char, unsigned char, void*, unsigned int, unsigned char, unsigned short)
                0x0000000000012888                CUSBHostController::SetAddress(CUSBEndpoint*, unsigned char)
                0x00000000000128d4                CUSBHostController::SetConfiguration(CUSBEndpoint*, unsigned char)
                0x0000000000012920                CUSBHostController::Transfer(CUSBEndpoint*, void*, unsigned int, unsigned int)
 .text          0x0000000000012984      0xd18 ../circle/lib/usb/libusb.a(usbmassdevice.o)
                0x0000000000012984                CUSBBulkOnlyMassStorageDevice::Seek(unsigned long long)
                0x0000000000012994                CUSBBulkOnlyMassStorageDevice::~CUSBBulkOnlyMassStorageDevice()
                0x0000000000012994                CUSBBulkOnlyMassStorageDevice::~CUSBBulkOnlyMassStorageDevice()
                0x0000000000012a9c                CUSBBulkOnlyMassStorageDevice::~CUSBBulkOnlyMassStorageDevice()
                0x0000000000012abc                CUSBBulkOnlyMassStorageDevice::CUSBBulkOnlyMassStorageDevice(CUSBFunction*)
                0x0000000000012abc                CUSBBulkOnlyMassStorageDevice::CUSBBulkOnlyMassStorageDevice(CUSBFunction*)
                0x0000000000012b04                CUSBBulkOnlyMassStorageDevice::GetCapacity() const
                0x0000000000012b0c                CUSBBulkOnlyMassStorageDevice::Command(void*, unsigned int, void*, unsigned int, bool)
                0x0000000000012dbc                CUSBBulkOnlyMassStorageDevice::TryRead(void*, unsigned int)
                0x0000000000012eb8                CUSBBulkOnlyMassStorageDevice::TryWrite(void const*, unsigned int)
                0x0000000000012fb4                CUSBBulkOnlyMassStorageDevice::Reset()
                0x0000000000013104                CUSBBulkOnlyMassStorageDevice::Read(void*, unsigned int)
                0x000000000001316c                CUSBBulkOnlyMassStorageDevice::Write(void const*, unsigned int)
                0x00000000000131d4                CUSBBulkOnlyMassStorageDevice::Configure()
 .text          0x000000000001369c      0x6e4 ../circle/lib/usb/libusb.a(usbmidi.o)
                0x000000000001369c                CUSBMIDIDevice::~CUSBMIDIDevice()
                0x000000000001369c                CUSBMIDIDevice::~CUSBMIDIDevice()
                0x0000000000013700                CUSBMIDIDevice::~CUSBMIDIDevice()
                0x0000000000013720                CUSBMIDIDevice::CUSBMIDIDevice(CUSBFunction*)
                0x0000000000013720                CUSBMIDIDevice::CUSBMIDIDevice(CUSBFunction*)
                0x0000000000013758                CUSBMIDIDevice::RegisterPacketHandler(void (*)(unsigned int, unsigned char*, unsigned int))
                0x00000000000137a0                CUSBMIDIDevice::StartRequest()
                0x0000000000013898                CUSBMIDIDevice::TimerStub(unsigned int, void*, void*)
                0x00000000000138f0                CUSBMIDIDevice::CompletionRoutine(CUSBRequest*)
                0x0000000000013aec                CUSBMIDIDevice::CompletionStub(CUSBRequest*, void*, void*)
                0x0000000000013b1c                CUSBMIDIDevice::TimerHandler(unsigned int)
                0x0000000000013b50                CUSBMIDIDevice::Configure()
 .text          0x0000000000013d80      0x234 ../circle/lib/usb/libusb.a(usbmouse.o)
                0x0000000000013d80                CUSBMouseDevice::~CUSBMouseDevice()
                0x0000000000013d80                CUSBMouseDevice::~CUSBMouseDevice()
                0x0000000000013ddc                CUSBMouseDevice::~CUSBMouseDevice()
                0x0000000000013dfc                CUSBMouseDevice::Configure()
                0x0000000000013f34                CUSBMouseDevice::ReportHandler(unsigned char const*, unsigned int)
                0x0000000000013f84                CUSBMouseDevice::CUSBMouseDevice(CUSBFunction*)
                0x0000000000013f84                CUSBMouseDevice::CUSBMouseDevice(CUSBFunction*)
 .text          0x0000000000013fb4      0x37c ../circle/lib/usb/libusb.a(usbprinter.o)
                0x0000000000013fb4                CUSBPrinterDevice::~CUSBPrinterDevice()
                0x0000000000013fb4                CUSBPrinterDevice::~CUSBPrinterDevice()
                0x0000000000014028                CUSBPrinterDevice::~CUSBPrinterDevice()
                0x0000000000014048                CUSBPrinterDevice::Write(void const*, unsigned int)
                0x00000000000140e0                CUSBPrinterDevice::CUSBPrinterDevice(CUSBFunction*)
                0x00000000000140e0                CUSBPrinterDevice::CUSBPrinterDevice(CUSBFunction*)
                0x0000000000014110                CUSBPrinterDevice::Configure()
 .text          0x0000000000014330      0x37c ../circle/lib/usb/libusb.a(usbrequest.o)
                0x0000000000014330                CUSBRequest::CUSBRequest(CUSBEndpoint*, void*, unsigned int, TSetupData*)
                0x0000000000014330                CUSBRequest::CUSBRequest(CUSBEndpoint*, void*, unsigned int, TSetupData*)
                0x00000000000143b0                CUSBRequest::~CUSBRequest()
                0x00000000000143b0                CUSBRequest::~CUSBRequest()
                0x00000000000143b4                CUSBRequest::GetEndpoint() const
                0x00000000000143dc                CUSBRequest::SetStatus(int)
                0x00000000000143e4                CUSBRequest::SetResultLen(unsigned int)
                0x00000000000143ec                CUSBRequest::GetStatus() const
                0x00000000000143f4                CUSBRequest::GetResultLength() const
                0x0000000000014424                CUSBRequest::GetSetupData()
                0x0000000000014474                CUSBRequest::GetBuffer()
                0x00000000000144b0                CUSBRequest::GetBufLen() const
                0x00000000000144b8                CUSBRequest::SetCompletionRoutine(void (*)(CUSBRequest*, void*, void*), void*, void*)
                0x00000000000144e4                CUSBRequest::CallCompletionRoutine()
                0x0000000000014520                CUSBRequest::SetCompleteOnNAK()
                0x000000000001452c                CUSBRequest::IsCompleteOnNAK() const
                0x0000000000014534                CUSBRequest::operator new(unsigned int)
                0x0000000000014588                CUSBRequest::operator delete(void*, unsigned int)
                0x00000000000145e0                CUSBRequest::InitAllocator(unsigned int)
                0x000000000001463c                CUSBRequest::InitProtectedAllocator(unsigned int, unsigned int)
 .text          0x00000000000146ac      0xbbc ../circle/lib/usb/libusb.a(usbstandardhub.o)
                0x00000000000146ac                CUSBStandardHub::~CUSBStandardHub()
                0x00000000000146ac                CUSBStandardHub::~CUSBStandardHub()
                0x000000000001477c                CUSBStandardHub::~CUSBStandardHub()
                0x000000000001479c                CUSBStandardHub::CUSBStandardHub(CUSBFunction*)
                0x000000000001479c                CUSBStandardHub::CUSBStandardHub(CUSBFunction*)
                0x00000000000147f4                CUSBStandardHub::DisablePort(unsigned int)
                0x00000000000148b4                CUSBStandardHub::RemoveDevice(unsigned int)
                0x00000000000148f8                CUSBStandardHub::Initialize()
                0x0000000000014a2c                CUSBStandardHub::EnumeratePorts()
                0x0000000000015118                CUSBStandardHub::ReScanDevices()
                0x000000000001511c                CUSBStandardHub::Configure()
 .text          0x0000000000015268      0xdf0 ../circle/lib/usb/libusb.a(lan7800.o)
                0x0000000000015268                CLAN7800Device::GetMACAddress() const
                0x0000000000015270                CLAN7800Device::~CLAN7800Device()
                0x0000000000015270                CLAN7800Device::~CLAN7800Device()
                0x00000000000152f4                non-virtual thunk to CLAN7800Device::~CLAN7800Device()
                0x00000000000152fc                CLAN7800Device::~CLAN7800Device()
                0x000000000001531c                non-virtual thunk to CLAN7800Device::~CLAN7800Device()
                0x0000000000015324                CLAN7800Device::ReceiveFrame(void*, unsigned int*)
                0x0000000000015498                non-virtual thunk to CLAN7800Device::ReceiveFrame(void*, unsigned int*)
                0x00000000000154a0                CLAN7800Device::SendFrame(void const*, unsigned int)
                0x000000000001555c                non-virtual thunk to CLAN7800Device::SendFrame(void const*, unsigned int)
                0x0000000000015564                non-virtual thunk to CLAN7800Device::GetMACAddress() const
                0x000000000001556c                CLAN7800Device::CLAN7800Device(CUSBFunction*)
                0x000000000001556c                CLAN7800Device::CLAN7800Device(CUSBFunction*)
                0x00000000000155ac                CLAN7800Device::WriteReg(unsigned int, unsigned int)
                0x0000000000015644                CLAN7800Device::ReadReg(unsigned int, unsigned int*)
                0x00000000000156d8                CLAN7800Device::WaitReg(unsigned int, unsigned int, unsigned int, unsigned int, unsigned int)
                0x0000000000015788                CLAN7800Device::PHYWrite(unsigned char, unsigned short)
                0x0000000000015848                CLAN7800Device::PHYRead(unsigned char, unsigned short*)
                0x0000000000015930                CLAN7800Device::IsLinkUp()
                0x000000000001595c                non-virtual thunk to CLAN7800Device::IsLinkUp()
                0x0000000000015964                CLAN7800Device::GetLinkSpeed()
                0x0000000000015a00                non-virtual thunk to CLAN7800Device::GetLinkSpeed()
                0x0000000000015a08                CLAN7800Device::InitPHY()
                0x0000000000015a6c                CLAN7800Device::ReadWriteReg(unsigned int, unsigned int, unsigned int)
                0x0000000000015ab8                CLAN7800Device::InitMACAddress()
                0x0000000000015be0                CLAN7800Device::Configure()
 .text._ZN10CNetDevice7GetTypeEv
                0x0000000000016058        0x8 ../circle/lib/usb/libusb.a(lan7800.o)
                0x0000000000016058                CNetDevice::GetType()
 .text._ZN10CNetDevice20IsSendFrameAdvisableEv
                0x0000000000016060        0x8 ../circle/lib/usb/libusb.a(lan7800.o)
                0x0000000000016060                CNetDevice::IsSendFrameAdvisable()
 .text._ZN10CNetDevice9UpdatePHYEv
                0x0000000000016068        0x8 ../circle/lib/usb/libusb.a(lan7800.o)
                0x0000000000016068                CNetDevice::UpdatePHY()
 .text          0x0000000000016070      0xb70 ../circle/lib/usb/libusb.a(smsc951x.o)
                0x0000000000016070                CSMSC951xDevice::GetMACAddress() const
                0x0000000000016078                CSMSC951xDevice::~CSMSC951xDevice()
                0x0000000000016078                CSMSC951xDevice::~CSMSC951xDevice()
                0x00000000000160fc                non-virtual thunk to CSMSC951xDevice::~CSMSC951xDevice()
                0x0000000000016104                CSMSC951xDevice::~CSMSC951xDevice()
                0x0000000000016124                non-virtual thunk to CSMSC951xDevice::~CSMSC951xDevice()
                0x000000000001612c                CSMSC951xDevice::ReceiveFrame(void*, unsigned int*)
                0x00000000000162b0                non-virtual thunk to CSMSC951xDevice::ReceiveFrame(void*, unsigned int*)
                0x00000000000162b8                CSMSC951xDevice::SendFrame(void const*, unsigned int)
                0x0000000000016374                non-virtual thunk to CSMSC951xDevice::SendFrame(void const*, unsigned int)
                0x000000000001637c                non-virtual thunk to CSMSC951xDevice::GetMACAddress() const
                0x0000000000016384                CSMSC951xDevice::CSMSC951xDevice(CUSBFunction*)
                0x0000000000016384                CSMSC951xDevice::CSMSC951xDevice(CUSBFunction*)
                0x00000000000163c4                CSMSC951xDevice::WriteReg(unsigned int, unsigned int)
                0x000000000001642c                CSMSC951xDevice::ReadReg(unsigned int, unsigned int*)
                0x0000000000016490                CSMSC951xDevice::PHYWaitNotBusy()
                0x0000000000016514                CSMSC951xDevice::PHYWrite(unsigned char, unsigned short)
                0x00000000000165a0                CSMSC951xDevice::PHYRead(unsigned char, unsigned short*)
                0x0000000000016668                CSMSC951xDevice::IsLinkUp()
                0x0000000000016694                non-virtual thunk to CSMSC951xDevice::IsLinkUp()
                0x000000000001669c                CSMSC951xDevice::GetLinkSpeed()
                0x00000000000166fc                non-virtual thunk to CSMSC951xDevice::GetLinkSpeed()
                0x0000000000016704                CSMSC951xDevice::DumpReg(char const*, unsigned int)
                0x0000000000016778                CSMSC951xDevice::DumpRegs()
                0x0000000000016910                CSMSC951xDevice::Configure()
 .text          0x0000000000016be0      0x600 ../circle/lib/usb/libusb.a(usbbluetooth.o)
                0x0000000000016be0                CUSBBluetoothDevice::~CUSBBluetoothDevice()
                0x0000000000016be0                CUSBBluetoothDevice::~CUSBBluetoothDevice()
                0x0000000000016c9c                CUSBBluetoothDevice::~CUSBBluetoothDevice()
                0x0000000000016cbc                CUSBBluetoothDevice::CUSBBluetoothDevice(CUSBFunction*)
                0x0000000000016cbc                CUSBBluetoothDevice::CUSBBluetoothDevice(CUSBFunction*)
                0x0000000000016cf8                CUSBBluetoothDevice::SendHCICommand(void const*, unsigned int)
                0x0000000000016d54                CUSBBluetoothDevice::StartRequest()
                0x0000000000016e30                CUSBBluetoothDevice::RegisterHCIEventHandler(void (*)(void const*, unsigned int))
                0x0000000000016e5c                CUSBBluetoothDevice::CompletionRoutine(CUSBRequest*)
                0x0000000000016f80                CUSBBluetoothDevice::CompletionStub(CUSBRequest*, void*, void*)
                0x0000000000016fb0                CUSBBluetoothDevice::Configure()
 .text          0x00000000000171e0      0x5c8 ../circle/lib/usb/libusb.a(usbcdcethernet.o)
                0x00000000000171e0                CUSBCDCEthernetDevice::GetMACAddress() const
                0x00000000000171e8                CUSBCDCEthernetDevice::~CUSBCDCEthernetDevice()
                0x00000000000171e8                CUSBCDCEthernetDevice::~CUSBCDCEthernetDevice()
                0x000000000001726c                non-virtual thunk to CUSBCDCEthernetDevice::~CUSBCDCEthernetDevice()
                0x0000000000017274                CUSBCDCEthernetDevice::~CUSBCDCEthernetDevice()
                0x0000000000017294                non-virtual thunk to CUSBCDCEthernetDevice::~CUSBCDCEthernetDevice()
                0x000000000001729c                CUSBCDCEthernetDevice::ReceiveFrame(void*, unsigned int*)
                0x000000000001737c                non-virtual thunk to CUSBCDCEthernetDevice::ReceiveFrame(void*, unsigned int*)
                0x0000000000017384                CUSBCDCEthernetDevice::SendFrame(void const*, unsigned int)
                0x0000000000017420                non-virtual thunk to CUSBCDCEthernetDevice::SendFrame(void const*, unsigned int)
                0x0000000000017428                non-virtual thunk to CUSBCDCEthernetDevice::GetMACAddress() const
                0x0000000000017430                CUSBCDCEthernetDevice::CUSBCDCEthernetDevice(CUSBFunction*)
                0x0000000000017430                CUSBCDCEthernetDevice::CUSBCDCEthernetDevice(CUSBFunction*)
                0x0000000000017470                CUSBCDCEthernetDevice::InitMACAddress(unsigned char)
                0x0000000000017568                CUSBCDCEthernetDevice::Configure()
 .text._ZN10CNetDevice8IsLinkUpEv
                0x00000000000177a8        0x8 ../circle/lib/usb/libusb.a(usbcdcethernet.o)
                0x00000000000177a8                CNetDevice::IsLinkUp()
 .text._ZN10CNetDevice12GetLinkSpeedEv
                0x00000000000177b0        0x8 ../circle/lib/usb/libusb.a(usbcdcethernet.o)
                0x00000000000177b0                CNetDevice::GetLinkSpeed()
 .text          0x00000000000177b8      0x30c ../circle/lib/usb/libusb.a(usbconfigparser.o)
                0x00000000000177b8                CUSBConfigurationParser::CUSBConfigurationParser(void const*, unsigned int)
                0x00000000000177b8                CUSBConfigurationParser::CUSBConfigurationParser(void const*, unsigned int)
                0x0000000000017904                CUSBConfigurationParser::CUSBConfigurationParser(CUSBConfigurationParser*)
                0x0000000000017904                CUSBConfigurationParser::CUSBConfigurationParser(CUSBConfigurationParser*)
                0x0000000000017964                CUSBConfigurationParser::~CUSBConfigurationParser()
                0x0000000000017964                CUSBConfigurationParser::~CUSBConfigurationParser()
                0x0000000000017968                CUSBConfigurationParser::IsValid() const
                0x0000000000017970                CUSBConfigurationParser::GetDescriptor(unsigned char)
                0x0000000000017a14                CUSBConfigurationParser::GetCurrentDescriptor()
                0x0000000000017a5c                CUSBConfigurationParser::Error(char const*) const
 .text          0x0000000000017ac4      0x1f8 ../circle/lib/usb/libusb.a(usbgamepad.o)
                0x0000000000017ac4                CUSBGamePadDevice::GetInitialState()
                0x0000000000017acc                CUSBGamePadDevice::ReportHandler(unsigned char const*, unsigned int)
                0x0000000000017b20                CUSBGamePadDevice::RegisterStatusHandler(void (*)(unsigned int, TGamePadState const*))
                0x0000000000017b68                CUSBGamePadDevice::Configure()
                0x0000000000017c14                CUSBGamePadDevice::CUSBGamePadDevice(CUSBFunction*)
                0x0000000000017c14                CUSBGamePadDevice::CUSBGamePadDevice(CUSBFunction*)
                0x0000000000017c58                CUSBGamePadDevice::~CUSBGamePadDevice()
                0x0000000000017c58                CUSBGamePadDevice::~CUSBGamePadDevice()
                0x0000000000017c9c                CUSBGamePadDevice::~CUSBGamePadDevice()
 .text          0x0000000000017cbc      0x548 ../circle/lib/usb/libusb.a(usbstring.o)
                0x0000000000017cbc                CUSBString::CUSBString(CUSBDevice*)
                0x0000000000017cbc                CUSBString::CUSBString(CUSBDevice*)
                0x0000000000017d0c                CUSBString::CUSBString(CUSBString*)
                0x0000000000017d0c                CUSBString::CUSBString(CUSBString*)
                0x0000000000017dc8                CUSBString::~CUSBString()
                0x0000000000017dc8                CUSBString::~CUSBString()
                0x0000000000017e08                CUSBString::GetFromDescriptor(unsigned char, unsigned short)
                0x0000000000018050                CUSBString::Get() const
                0x0000000000018058                CUSBString::GetLanguageID()
 .text          0x0000000000018204      0x30c ../circle/lib/input/libinput.a(keyboardbehaviour.o)
                0x0000000000018204                CKeyboardBehaviour::CKeyboardBehaviour()
                0x0000000000018204                CKeyboardBehaviour::CKeyboardBehaviour()
                0x0000000000018234                CKeyboardBehaviour::~CKeyboardBehaviour()
                0x0000000000018234                CKeyboardBehaviour::~CKeyboardBehaviour()
                0x000000000001825c                CKeyboardBehaviour::RegisterKeyPressedHandler(void (*)(char const*))
                0x0000000000018288                CKeyboardBehaviour::RegisterSelectConsoleHandler(void (*)(unsigned int))
                0x00000000000182b4                CKeyboardBehaviour::RegisterShutdownHandler(void (*)())
                0x00000000000182e0                CKeyboardBehaviour::GetLEDStatus() const
                0x00000000000182e8                CKeyboardBehaviour::GenerateKeyEvent(unsigned char)
                0x00000000000183bc                CKeyboardBehaviour::KeyPressed(unsigned char)
                0x00000000000183f4                CKeyboardBehaviour::KeyReleased(unsigned char)
                0x000000000001845c                CKeyboardBehaviour::TimerHandler(unsigned int)
                0x00000000000184e0                CKeyboardBehaviour::TimerStub(unsigned int, void*, void*)
 .text          0x0000000000018510      0x3a0 ../circle/lib/input/libinput.a(keymap.o)
                0x0000000000018510                CKeyMap::~CKeyMap()
                0x0000000000018510                CKeyMap::~CKeyMap()
                0x0000000000018514                CKeyMap::ClearTable(unsigned char)
                0x0000000000018548                CKeyMap::SetEntry(unsigned char, unsigned char, unsigned short)
                0x000000000001859c                CKeyMap::Translate(unsigned char, unsigned char)
                0x00000000000186ac                CKeyMap::GetString(unsigned short, unsigned char, char*) const
                0x0000000000018770                CKeyMap::GetLEDStatus() const
                0x00000000000187a0                CKeyMap::LookupDefaultMap(char const*)
                0x0000000000018824                CKeyMap::CKeyMap()
                0x0000000000018824                CKeyMap::CKeyMap()
 .text          0x00000000000188b0      0x190 ../circle/lib/input/libinput.a(mouse.o)
                0x00000000000188b0                CMouseDevice::~CMouseDevice()
                0x00000000000188b0                CMouseDevice::~CMouseDevice()
                0x00000000000188fc                CMouseDevice::~CMouseDevice()
                0x000000000001891c                CMouseDevice::CMouseDevice()
                0x000000000001891c                CMouseDevice::CMouseDevice()
                0x0000000000018988                CMouseDevice::Setup(unsigned int, unsigned int)
                0x0000000000018990                CMouseDevice::RegisterEventHandler(void (*)(TMouseEvent, unsigned int, unsigned int, unsigned int))
                0x0000000000018998                CMouseDevice::SetCursor(unsigned int, unsigned int)
                0x00000000000189a0                CMouseDevice::ShowCursor(bool)
                0x00000000000189a8                CMouseDevice::UpdateCursor()
                0x00000000000189bc                CMouseDevice::RegisterStatusHandler(void (*)(unsigned int, int, int))
                0x0000000000018a04                CMouseDevice::ReportHandler(unsigned int, int, int)
 .text          0x0000000000018a40      0x494 ../circle/lib/input/libinput.a(mousebehaviour.o)
                0x0000000000018a40                CMouseBehaviour::CMouseBehaviour()
                0x0000000000018a40                CMouseBehaviour::CMouseBehaviour()
                0x0000000000018a64                CMouseBehaviour::~CMouseBehaviour()
                0x0000000000018a64                CMouseBehaviour::~CMouseBehaviour()
                0x0000000000018a68                CMouseBehaviour::Setup(unsigned int, unsigned int)
                0x0000000000018b88                CMouseBehaviour::RegisterEventHandler(void (*)(TMouseEvent, unsigned int, unsigned int, unsigned int))
                0x0000000000018bd0                CMouseBehaviour::MouseStatusChanged(unsigned int, int, int)
                0x0000000000018d34                CMouseBehaviour::SetCursorState(unsigned int, unsigned int, bool)
                0x0000000000018dac                CMouseBehaviour::SetCursor(unsigned int, unsigned int)
                0x0000000000018e3c                CMouseBehaviour::ShowCursor(bool)
                0x0000000000018ea8                CMouseBehaviour::UpdateCursor()
 .text          0x0000000000018ed4      0x318 ../circle/lib/fs/libfs.a(partitionmanager.o)
                0x0000000000018ed4                CPartitionManager::CPartitionManager(CDevice*, char const*)
                0x0000000000018ed4                CPartitionManager::CPartitionManager(CDevice*, char const*)
                0x0000000000018f04                CPartitionManager::~CPartitionManager()
                0x0000000000018f04                CPartitionManager::~CPartitionManager()
                0x0000000000018fc8                CPartitionManager::Initialize()
 .text          0x00000000000191ec      0x2bc ../circle/lib/fs/libfs.a(partition.o)
                0x00000000000191ec                CPartition::~CPartition()
                0x00000000000191ec                CPartition::~CPartition()
                0x0000000000019214                CPartition::~CPartition()
                0x0000000000019248                CPartition::Read(void*, unsigned int)
                0x00000000000192e0                CPartition::Write(void const*, unsigned int)
                0x0000000000019378                CPartition::Seek(unsigned long long)
                0x0000000000019440                CPartition::CPartition(CDevice*, unsigned int, unsigned int)
                0x0000000000019440                CPartition::CPartition(CDevice*, unsigned int, unsigned int)
 .text          0x00000000000194a8      0x384 ../circle/lib/net/libnet.a(netsubsystem.o)
                0x00000000000194a8                CNetSubSystem::CNetSubSystem(unsigned char const*, unsigned char const*, unsigned char const*, unsigned char const*, char const*, TNetDeviceType)
                0x00000000000194a8                CNetSubSystem::CNetSubSystem(unsigned char const*, unsigned char const*, unsigned char const*, unsigned char const*, char const*, TNetDeviceType)
                0x00000000000195e0                CNetSubSystem::Process()
                0x0000000000019620                CNetSubSystem::GetConfig()
                0x0000000000019628                CNetSubSystem::GetNetDeviceLayer()
                0x0000000000019630                CNetSubSystem::GetLinkLayer()
                0x0000000000019638                CNetSubSystem::GetTransportLayer()
                0x0000000000019640                CNetSubSystem::IsRunning() const
                0x0000000000019680                CNetSubSystem::Initialize(bool)
                0x00000000000197ac                CNetSubSystem::Get()
                0x00000000000197dc                CNetSubSystem::~CNetSubSystem()
                0x00000000000197dc                CNetSubSystem::~CNetSubSystem()
 .text          0x000000000001982c       0xcc ../circle/lib/net/libnet.a(nettask.o)
                0x000000000001982c                CNetTask::~CNetTask()
                0x000000000001982c                CNetTask::~CNetTask()
                0x0000000000019854                CNetTask::~CNetTask()
                0x0000000000019888                CNetTask::Run()
                0x00000000000198cc                CNetTask::CNetTask(CNetSubSystem*)
                0x00000000000198cc                CNetTask::CNetTask(CNetSubSystem*)
 .text          0x00000000000198f8      0xfc8 ../circle/lib/net/libnet.a(transportlayer.o)
                0x00000000000198f8                CTransportLayer::CTransportLayer(CNetConfig*, CNetworkLayer*)
                0x00000000000198f8                CTransportLayer::CTransportLayer(CNetConfig*, CNetworkLayer*)
                0x0000000000019990                CTransportLayer::Initialize()
                0x0000000000019998                CTransportLayer::Bind(unsigned short, int)
                0x0000000000019b00                CTransportLayer::Connect(CIPAddress&, unsigned short, unsigned short, int)
                0x0000000000019da0                CTransportLayer::Listen(unsigned short, int)
                0x0000000000019f14                CTransportLayer::Accept(CIPAddress*, unsigned short*, int)
                0x0000000000019ff0                CTransportLayer::Disconnect(int)
                0x000000000001a078                CTransportLayer::Send(void const*, unsigned int, int, int)
                0x000000000001a15c                CTransportLayer::Receive(void*, int, int)
                0x000000000001a218                CTransportLayer::SendTo(void const*, unsigned int, int, CIPAddress&, unsigned short, int)
                0x000000000001a30c                CTransportLayer::ReceiveFrom(void*, int, CIPAddress*, unsigned short*, int)
                0x000000000001a3dc                CTransportLayer::SetOptionBroadcast(bool, int)
                0x000000000001a470                CTransportLayer::IsConnected(int) const
                0x000000000001a4f4                CTransportLayer::GetForeignIP(int) const
                0x000000000001a560                CTransportLayer::~CTransportLayer()
                0x000000000001a560                CTransportLayer::~CTransportLayer()
                0x000000000001a588                CTransportLayer::Process()
 .text._ZN12CTCPRejector7ConnectEv
                0x000000000001a8c0        0x8 ../circle/lib/net/libnet.a(transportlayer.o)
                0x000000000001a8c0                CTCPRejector::Connect()
 .text._ZN12CTCPRejector6AcceptEP10CIPAddressPt
                0x000000000001a8c8        0x8 ../circle/lib/net/libnet.a(transportlayer.o)
                0x000000000001a8c8                CTCPRejector::Accept(CIPAddress*, unsigned short*)
 .text._ZN12CTCPRejector5CloseEv
                0x000000000001a8d0        0x8 ../circle/lib/net/libnet.a(transportlayer.o)
                0x000000000001a8d0                CTCPRejector::Close()
 .text._ZN12CTCPRejector4SendEPKvji
                0x000000000001a8d8        0x8 ../circle/lib/net/libnet.a(transportlayer.o)
                0x000000000001a8d8                CTCPRejector::Send(void const*, unsigned int, int)
 .text._ZN12CTCPRejector7ReceiveEPvi
                0x000000000001a8e0        0x8 ../circle/lib/net/libnet.a(transportlayer.o)
                0x000000000001a8e0                CTCPRejector::Receive(void*, int)
 .text._ZN12CTCPRejector6SendToEPKvjiR10CIPAddresst
                0x000000000001a8e8        0x8 ../circle/lib/net/libnet.a(transportlayer.o)
                0x000000000001a8e8                CTCPRejector::SendTo(void const*, unsigned int, int, CIPAddress&, unsigned short)
 .text._ZN12CTCPRejector11ReceiveFromEPviP10CIPAddressPt
                0x000000000001a8f0        0x8 ../circle/lib/net/libnet.a(transportlayer.o)
                0x000000000001a8f0                CTCPRejector::ReceiveFrom(void*, int, CIPAddress*, unsigned short*)
 .text._ZN12CTCPRejector18SetOptionBroadcastEb
                0x000000000001a8f8        0x8 ../circle/lib/net/libnet.a(transportlayer.o)
                0x000000000001a8f8                CTCPRejector::SetOptionBroadcast(bool)
 .text._ZNK12CTCPRejector11IsConnectedEv
                0x000000000001a900        0x8 ../circle/lib/net/libnet.a(transportlayer.o)
                0x000000000001a900                CTCPRejector::IsConnected() const
 .text._ZNK12CTCPRejector12IsTerminatedEv
                0x000000000001a908        0x8 ../circle/lib/net/libnet.a(transportlayer.o)
                0x000000000001a908                CTCPRejector::IsTerminated() const
 .text._ZN12CTCPRejector7ProcessEv
                0x000000000001a910        0x4 ../circle/lib/net/libnet.a(transportlayer.o)
                0x000000000001a910                CTCPRejector::Process()
 .text._ZN12CTCPRejector20NotificationReceivedE21TICMPNotificationTypeR10CIPAddressS2_tti
                0x000000000001a914        0x8 ../circle/lib/net/libnet.a(transportlayer.o)
                0x000000000001a914                CTCPRejector::NotificationReceived(TICMPNotificationType, CIPAddress&, CIPAddress&, unsigned short, unsigned short, int)
 .text          0x000000000001a91c      0x914 ../circle/lib/net/libnet.a(networklayer.o)
                0x000000000001a93c                CNetworkLayer::CNetworkLayer(CNetConfig*, CLinkLayer*)
                0x000000000001a93c                CNetworkLayer::CNetworkLayer(CNetConfig*, CLinkLayer*)
                0x000000000001a9b8                CNetworkLayer::~CNetworkLayer()
                0x000000000001a9b8                CNetworkLayer::~CNetworkLayer()
                0x000000000001aa18                CNetworkLayer::Initialize()
                0x000000000001aa7c                CNetworkLayer::Process()
                0x000000000001ac98                CNetworkLayer::Send(CIPAddress const&, void const*, unsigned int, int)
                0x000000000001af30                CNetworkLayer::Receive(void*, unsigned int*, CIPAddress*, CIPAddress*, int*)
                0x000000000001b04c                CNetworkLayer::ReceiveNotification(TICMPNotificationType*, CIPAddress*, CIPAddress*, unsigned short*, unsigned short*, int*)
                0x000000000001b1a8                CNetworkLayer::AddRoute(unsigned char const*, unsigned char const*)
                0x000000000001b1b0                CNetworkLayer::GetGateway(unsigned char const*) const
                0x000000000001b218                CNetworkLayer::SendFailed(unsigned int, void const*, unsigned int)
 .text          0x000000000001b230      0x750 ../circle/lib/net/libnet.a(linklayer.o)
                0x000000000001b230                CLinkLayer::CLinkLayer(CNetConfig*, CNetDeviceLayer*)
                0x000000000001b230                CLinkLayer::CLinkLayer(CNetConfig*, CNetDeviceLayer*)
                0x000000000001b2ac                CLinkLayer::~CLinkLayer()
                0x000000000001b2ac                CLinkLayer::~CLinkLayer()
                0x000000000001b308                CLinkLayer::Initialize()
                0x000000000001b36c                CLinkLayer::AttachLayer(CNetworkLayer*)
                0x000000000001b3b4                CLinkLayer::Process()
                0x000000000001b58c                CLinkLayer::Send(CIPAddress const&, void const*, unsigned int)
                0x000000000001b734                CLinkLayer::Receive(void*, unsigned int*)
                0x000000000001b794                CLinkLayer::SendRaw(void const*, unsigned int)
                0x000000000001b800                CLinkLayer::ReceiveRaw(void*, unsigned int*, CMACAddress*)
                0x000000000001b8c4                CLinkLayer::EnableReceiveRaw(unsigned short)
                0x000000000001b90c                CLinkLayer::ResolveFailed(void const*, unsigned int)
 .text          0x000000000001b980      0x374 ../circle/lib/net/libnet.a(netdevlayer.o)
                0x000000000001b980                CNetDeviceLayer::CNetDeviceLayer(CNetConfig*, TNetDeviceType)
                0x000000000001b980                CNetDeviceLayer::CNetDeviceLayer(CNetConfig*, TNetDeviceType)
                0x000000000001b9b0                CNetDeviceLayer::~CNetDeviceLayer()
                0x000000000001b9b0                CNetDeviceLayer::~CNetDeviceLayer()
                0x000000000001b9dc                CNetDeviceLayer::Initialize(bool)
                0x000000000001bb48                CNetDeviceLayer::Process()
                0x000000000001bc6c                CNetDeviceLayer::GetMACAddress() const
                0x000000000001bca0                CNetDeviceLayer::Send(void const*, unsigned int)
                0x000000000001bcac                CNetDeviceLayer::Receive(void*, unsigned int*)
 .text          0x000000000001bcf4       0xf0 ../circle/lib/net/libnet.a(phytask.o)
                0x000000000001bcf4                CPHYTask::~CPHYTask()
                0x000000000001bcf4                CPHYTask::~CPHYTask()
                0x000000000001bd1c                CPHYTask::~CPHYTask()
                0x000000000001bd50                CPHYTask::Run()
                0x000000000001bdb8                CPHYTask::CPHYTask(CNetDevice*)
                0x000000000001bdb8                CPHYTask::CPHYTask(CNetDevice*)
 .text          0x000000000001bde4      0xc5c ../circle/lib/net/libnet.a(arphandler.o)
                0x000000000001bde4                CARPHandler::TimerHandler(unsigned int, void*, void*)
                0x000000000001be8c                CARPHandler::CARPHandler(CNetConfig*, CNetDeviceLayer*, CLinkLayer*, CNetQueue*)
                0x000000000001be8c                CARPHandler::CARPHandler(CNetConfig*, CNetDeviceLayer*, CLinkLayer*, CNetQueue*)
                0x000000000001bf28                CARPHandler::~CARPHandler()
                0x000000000001bf28                CARPHandler::~CARPHandler()
                0x000000000001bf88                CARPHandler::ReplyReceived(CIPAddress const&, CMACAddress const&)
                0x000000000001c060                CARPHandler::RequestReceived(CIPAddress const&, CMACAddress const&)
                0x000000000001c1d4                CARPHandler::SendPacket(bool, CIPAddress const&, CMACAddress const&)
                0x000000000001c2fc                CARPHandler::Process()
                0x000000000001c6fc                CARPHandler::Resolve(CIPAddress const&, CMACAddress*, void const*, unsigned int)
 .text          0x000000000001ca40      0x6f4 ../circle/lib/net/libnet.a(icmphandler.o)
                0x000000000001ca40                CICMPHandler::CICMPHandler(CNetConfig*, CNetworkLayer*, CNetQueue*, CNetQueue*)
                0x000000000001ca40                CICMPHandler::CICMPHandler(CNetConfig*, CNetworkLayer*, CNetQueue*, CNetQueue*)
                0x000000000001cac0                CICMPHandler::~CICMPHandler()
                0x000000000001cac0                CICMPHandler::~CICMPHandler()
                0x000000000001cac4                CICMPHandler::EnqueueNotification(TICMPNotificationType, TIPHeader*, TICMPDataDatagramHeader*)
                0x000000000001cbbc                CICMPHandler::Process()
                0x000000000001cf94                CICMPHandler::DestinationUnreachable(unsigned int, void const*, unsigned int)
 .text          0x000000000001d134      0x200 ../circle/lib/net/libnet.a(routecache.o)
                0x000000000001d134                CRouteCache::CRouteCache()
                0x000000000001d134                CRouteCache::CRouteCache()
                0x000000000001d150                CRouteCache::Flush()
                0x000000000001d1a0                CRouteCache::~CRouteCache()
                0x000000000001d1a0                CRouteCache::~CRouteCache()
                0x000000000001d1bc                CRouteCache::AddRoute(unsigned char const*, unsigned char const*)
                0x000000000001d2a0                CRouteCache::GetRoute(unsigned char const*) const
 .text          0x000000000001d334      0x1f8 ../circle/lib/net/libnet.a(netconnection.o)
                0x000000000001d334                CNetConnection::CNetConnection(CNetConfig*, CNetworkLayer*, CIPAddress&, unsigned short, unsigned short, int)
                0x000000000001d334                CNetConnection::CNetConnection(CNetConfig*, CNetworkLayer*, CIPAddress&, unsigned short, unsigned short, int)
                0x000000000001d3e4                CNetConnection::CNetConnection(CNetConfig*, CNetworkLayer*, unsigned short, int)
                0x000000000001d3e4                CNetConnection::CNetConnection(CNetConfig*, CNetworkLayer*, unsigned short, int)
                0x000000000001d480                CNetConnection::~CNetConnection()
                0x000000000001d480                CNetConnection::~CNetConnection()
                0x000000000001d4b4                CNetConnection::~CNetConnection()
                0x000000000001d4f4                CNetConnection::GetForeignIP() const
                0x000000000001d4fc                CNetConnection::GetOwnPort() const
                0x000000000001d524                CNetConnection::GetProtocol() const
 .text          0x000000000001d52c      0xa10 ../circle/lib/net/libnet.a(udpconnection.o)
                0x000000000001d52c                CUDPConnection::Accept(CIPAddress*, unsigned short*)
                0x000000000001d534                CUDPConnection::Close()
                0x000000000001d550                CUDPConnection::SetOptionBroadcast(bool)
                0x000000000001d560                CUDPConnection::IsConnected() const
                0x000000000001d568                CUDPConnection::IsTerminated() const
                0x000000000001d574                CUDPConnection::Process()
                0x000000000001d578                CUDPConnection::Send(void const*, unsigned int, int)
                0x000000000001d758                CUDPConnection::SendTo(void const*, unsigned int, int, CIPAddress&, unsigned short)
                0x000000000001d958                CUDPConnection::Receive(void*, int)
                0x000000000001da30                CUDPConnection::ReceiveFrom(void*, int, CIPAddress*, unsigned short*)
                0x000000000001db34                CUDPConnection::Connect()
                0x000000000001db64                CUDPConnection::~CUDPConnection()
                0x000000000001db64                CUDPConnection::~CUDPConnection()
                0x000000000001dbbc                CUDPConnection::~CUDPConnection()
                0x000000000001dbdc                CUDPConnection::PacketReceived(void const*, unsigned int, CIPAddress&, CIPAddress&, int)
                0x000000000001ddb8                CUDPConnection::NotificationReceived(TICMPNotificationType, CIPAddress&, CIPAddress&, unsigned short, unsigned short, int)
                0x000000000001de74                CUDPConnection::CUDPConnection(CNetConfig*, CNetworkLayer*, CIPAddress&, unsigned short, unsigned short)
                0x000000000001de74                CUDPConnection::CUDPConnection(CNetConfig*, CNetworkLayer*, CIPAddress&, unsigned short, unsigned short)
                0x000000000001dee0                CUDPConnection::CUDPConnection(CNetConfig*, CNetworkLayer*, unsigned short)
                0x000000000001dee0                CUDPConnection::CUDPConnection(CNetConfig*, CNetworkLayer*, unsigned short)
 .text          0x000000000001df3c     0x219c ../circle/lib/net/libnet.a(tcpconnection.o)
                0x000000000001df3c                CTCPConnection::SendTo(void const*, unsigned int, int, CIPAddress&, unsigned short)
                0x000000000001df54                CTCPConnection::SetOptionBroadcast(bool)
                0x000000000001df5c                CTCPConnection::IsConnected() const
                0x000000000001df80                CTCPConnection::IsTerminated() const
                0x000000000001df90                CTCPConnection::ReceiveFrom(void*, int, CIPAddress*, unsigned short*)
                0x000000000001dff0                CTCPConnection::Send(void const*, unsigned int, int)
                0x000000000001e110                CTCPConnection::Receive(void*, int)
                0x000000000001e1b8                CTCPConnection::CTCPConnection(CNetConfig*, CNetworkLayer*, unsigned short)
                0x000000000001e1b8                CTCPConnection::CTCPConnection(CNetConfig*, CNetworkLayer*, unsigned short)
                0x000000000001e29c                CTCPConnection::SendSegment(unsigned int, unsigned int, unsigned int, void const*, unsigned int)
                0x000000000001e3f8                CTCPConnection::ScanOptions(TTCPHeader*)
                0x000000000001e4cc                CTCPConnection::CalculateISN()
                0x000000000001e540                CTCPConnection::StopTimer(unsigned int)
                0x000000000001e5f4                CTCPConnection::~CTCPConnection()
                0x000000000001e5f4                CTCPConnection::~CTCPConnection()
                0x000000000001e6d0                CTCPConnection::~CTCPConnection()
                0x000000000001e6f0                CTCPConnection::Close()
                0x000000000001e7ec                CTCPConnection::StartTimer(unsigned int, unsigned int)
                0x000000000001e894                CTCPConnection::CTCPConnection(CNetConfig*, CNetworkLayer*, CIPAddress&, unsigned short, unsigned short)
                0x000000000001e894                CTCPConnection::CTCPConnection(CNetConfig*, CNetworkLayer*, CIPAddress&, unsigned short, unsigned short)
                0x000000000001ea18                CTCPConnection::Process()
                0x000000000001ed40                CTCPConnection::NotificationReceived(TICMPNotificationType, CIPAddress&, CIPAddress&, unsigned short, unsigned short, int)
                0x000000000001ee20                CTCPConnection::DumpStatus()
                0x000000000001ee9c                CTCPConnection::NewState(TTCPState, unsigned int)
                0x000000000001ef44                CTCPConnection::UnexpectedState(unsigned int)
                0x000000000001ef84                CTCPConnection::Connect()
                0x000000000001f014                CTCPConnection::Accept(CIPAddress*, unsigned short*)
                0x000000000001f118                CTCPConnection::PacketReceived(void const*, unsigned int, CIPAddress&, CIPAddress&, int)
                0x000000000001feac                CTCPConnection::TimerHandler(unsigned int)
                0x0000000000020088                CTCPConnection::TimerStub(unsigned int, void*, void*)
 .text          0x00000000000200d8      0x3b0 ../circle/lib/net/libnet.a(retransmissionqueue.o)
                0x00000000000200d8                CRetransmissionQueue::CRetransmissionQueue(unsigned int)
                0x00000000000200d8                CRetransmissionQueue::CRetransmissionQueue(unsigned int)
                0x000000000002012c                CRetransmissionQueue::~CRetransmissionQueue()
                0x000000000002012c                CRetransmissionQueue::~CRetransmissionQueue()
                0x0000000000020150                CRetransmissionQueue::IsEmpty() const
                0x0000000000020168                CRetransmissionQueue::GetFreeSpace() const
                0x00000000000201e8                CRetransmissionQueue::Write(void const*, unsigned int)
                0x00000000000202a8                CRetransmissionQueue::GetBytesAvailable() const
                0x0000000000020324                CRetransmissionQueue::Read(void*, unsigned int)
                0x00000000000203e4                CRetransmissionQueue::Advance(unsigned int)
                0x0000000000020468                CRetransmissionQueue::Reset()
                0x0000000000020474                CRetransmissionQueue::Flush()
 .text          0x0000000000020488      0x2f8 ../circle/lib/net/libnet.a(retranstimeoutcalc.o)
                0x0000000000020488                CRetransmissionTimeoutCalculator::CRetransmissionTimeoutCalculator()
                0x0000000000020488                CRetransmissionTimeoutCalculator::CRetransmissionTimeoutCalculator()
                0x00000000000204e4                CRetransmissionTimeoutCalculator::~CRetransmissionTimeoutCalculator()
                0x00000000000204e4                CRetransmissionTimeoutCalculator::~CRetransmissionTimeoutCalculator()
                0x00000000000204e8                CRetransmissionTimeoutCalculator::GetRTO() const
                0x00000000000204f0                CRetransmissionTimeoutCalculator::Initialize(unsigned int)
                0x0000000000020560                CRetransmissionTimeoutCalculator::SegmentSent(unsigned int, unsigned int)
                0x00000000000205f4                CRetransmissionTimeoutCalculator::RetransmissionTimerExpired()
                0x0000000000020660                CRetransmissionTimeoutCalculator::Calculate(unsigned int)
                0x00000000000206f0                CRetransmissionTimeoutCalculator::SegmentAcknowledged(unsigned int)
 .text          0x0000000000020780      0x2f4 ../circle/lib/net/libnet.a(tcprejector.o)
                0x0000000000020780                CTCPRejector::~CTCPRejector()
                0x0000000000020780                CTCPRejector::~CTCPRejector()
                0x00000000000207a0                CTCPRejector::~CTCPRejector()
                0x00000000000207cc                CTCPRejector::CTCPRejector(CNetConfig*, CNetworkLayer*)
                0x00000000000207cc                CTCPRejector::CTCPRejector(CNetConfig*, CNetworkLayer*)
                0x0000000000020800                CTCPRejector::SendSegment(unsigned int, unsigned int, unsigned int)
                0x00000000000208cc                CTCPRejector::PacketReceived(void const*, unsigned int, CIPAddress&, CIPAddress&, int)
 .text          0x0000000000020a74      0x1cc ../circle/lib/net/libnet.a(netconfig.o)
                0x0000000000020a74                CNetConfig::~CNetConfig()
                0x0000000000020a74                CNetConfig::~CNetConfig()
                0x0000000000020aac                CNetConfig::SetDHCP(bool)
                0x0000000000020ab4                CNetConfig::SetDefaultGateway(unsigned int)
                0x0000000000020abc                CNetConfig::SetDNSServer(unsigned int)
                0x0000000000020ac4                CNetConfig::SetDefaultGateway(unsigned char const*)
                0x0000000000020acc                CNetConfig::SetDNSServer(unsigned char const*)
                0x0000000000020ad4                CNetConfig::GetIPAddress() const
                0x0000000000020adc                CNetConfig::IsDHCPUsed() const
                0x0000000000020ae4                CNetConfig::GetNetMask() const
                0x0000000000020aec                CNetConfig::GetDefaultGateway() const
                0x0000000000020af4                CNetConfig::GetDNSServer() const
                0x0000000000020afc                CNetConfig::GetBroadcastAddress() const
                0x0000000000020b04                CNetConfig::UpdateBroadcastAddress()
                0x0000000000020b44                CNetConfig::Reset()
                0x0000000000020b8c                CNetConfig::CNetConfig()
                0x0000000000020b8c                CNetConfig::CNetConfig()
                0x0000000000020bd0                CNetConfig::SetIPAddress(unsigned int)
                0x0000000000020bec                CNetConfig::SetNetMask(unsigned int)
                0x0000000000020c08                CNetConfig::SetIPAddress(unsigned char const*)
                0x0000000000020c24                CNetConfig::SetNetMask(unsigned char const*)
 .text          0x0000000000020c40      0x534 ../circle/lib/net/libnet.a(ipaddress.o)
                0x0000000000020c40                CIPAddress::CIPAddress()
                0x0000000000020c40                CIPAddress::CIPAddress()
                0x0000000000020c4c                CIPAddress::CIPAddress(unsigned int)
                0x0000000000020c4c                CIPAddress::CIPAddress(unsigned int)
                0x0000000000020c5c                CIPAddress::CIPAddress(CIPAddress const&)
                0x0000000000020c5c                CIPAddress::CIPAddress(CIPAddress const&)
                0x0000000000020c98                CIPAddress::~CIPAddress()
                0x0000000000020c98                CIPAddress::~CIPAddress()
                0x0000000000020c9c                CIPAddress::operator==(CIPAddress const&) const
                0x0000000000020cfc                CIPAddress::operator!=(CIPAddress const&) const
                0x0000000000020d58                CIPAddress::operator==(unsigned char const*) const
                0x0000000000020db4                CIPAddress::operator!=(unsigned char const*) const
                0x0000000000020dc8                CIPAddress::operator==(unsigned int) const
                0x0000000000020e04                CIPAddress::operator!=(unsigned int) const
                0x0000000000020e3c                CIPAddress::operator=(unsigned int)
                0x0000000000020e4c                CIPAddress::Set(unsigned int)
                0x0000000000020e5c                CIPAddress::Set(unsigned char const*)
                0x0000000000020e9c                CIPAddress::CIPAddress(unsigned char const*)
                0x0000000000020e9c                CIPAddress::CIPAddress(unsigned char const*)
                0x0000000000020eb0                CIPAddress::Set(CIPAddress const&)
                0x0000000000020eec                CIPAddress::SetBroadcast()
                0x0000000000020f00                CIPAddress::operator unsigned int() const
                0x0000000000020f30                CIPAddress::Get() const
                0x0000000000020f60                CIPAddress::CopyTo(unsigned char*) const
                0x0000000000020fbc                CIPAddress::IsNull() const
                0x0000000000020ff4                CIPAddress::IsBroadcast() const
                0x0000000000021030                CIPAddress::GetSize() const
                0x0000000000021038                CIPAddress::Format(CString*) const
                0x00000000000210c0                CIPAddress::OnSameNetwork(CIPAddress const&, unsigned char const*) const
 .text          0x0000000000021174      0x324 ../circle/lib/net/libnet.a(netqueue.o)
                0x0000000000021174                CNetQueue::CNetQueue()
                0x0000000000021174                CNetQueue::CNetQueue()
                0x0000000000021188                CNetQueue::IsEmpty() const
                0x0000000000021198                CNetQueue::Flush()
                0x0000000000021254                CNetQueue::~CNetQueue()
                0x0000000000021254                CNetQueue::~CNetQueue()
                0x0000000000021268                CNetQueue::Enqueue(void const*, unsigned int, void*)
                0x0000000000021380                CNetQueue::Dequeue(void*, void**)
 .text          0x0000000000021498      0x288 ../circle/lib/net/libnet.a(checksumcalculator.o)
                0x0000000000021498                CChecksumCalculator::CChecksumCalculator(CIPAddress const&, int)
                0x0000000000021498                CChecksumCalculator::CChecksumCalculator(CIPAddress const&, int)
                0x00000000000214c8                CChecksumCalculator::CChecksumCalculator(CIPAddress const&, CIPAddress const&, int)
                0x00000000000214c8                CChecksumCalculator::CChecksumCalculator(CIPAddress const&, CIPAddress const&, int)
                0x000000000002150c                CChecksumCalculator::~CChecksumCalculator()
                0x000000000002150c                CChecksumCalculator::~CChecksumCalculator()
                0x0000000000021510                CChecksumCalculator::SetSourceAddress(CIPAddress const&)
                0x0000000000021520                CChecksumCalculator::SetDestinationAddress(CIPAddress const&)
                0x0000000000021540                CChecksumCalculator::CalculateChunk(void const*, unsigned int, unsigned int)
                0x00000000000215cc                CChecksumCalculator::Calculate(void const*, unsigned int)
                0x000000000002168c                CChecksumCalculator::SimpleCalculate(void const*, unsigned int)
                0x00000000000216fc                CChecksumCalculator::FoldResult(unsigned int)
 .text          0x0000000000021720     0x1430 ../circle/lib/net/libnet.a(dhcpclient.o)
                0x0000000000021740                CDHCPClient::CDHCPClient(CNetSubSystem*, char const*)
                0x0000000000021740                CDHCPClient::CDHCPClient(CNetSubSystem*, char const*)
                0x0000000000021818                CDHCPClient::IsBound() const
                0x0000000000021820                CDHCPClient::HaltNetwork()
                0x0000000000021844                CDHCPClient::CheckConfig()