Archive member included to satisfy reference by file (symbol)

circle/lib/libcircle.a(actled.o)
                              src/kernel.o (CActLED::CActLED(bool))
circle/lib/libcircle.a(devicenameservice.o)
                              src/kernel.o (CDeviceNameService::CDeviceNameService())
circle/lib/libcircle.a(gpiopin.o)
                              src/kernel.o (CGPIOPin::CGPIOPin(unsigned int, TGPIOMode, CGPIOManager*))
circle/lib/libcircle.a(koptions.o)
                              src/kernel.o (CKernelOptions::~CKernelOptions())
circle/lib/libcircle.a(logger.o)
                              src/kernel.o (CLogger::CLogger(unsigned int, CTimer*))
circle/lib/libcircle.a(machineinfo.o)
                              circle/lib/libcircle.a(logger.o) (CMachineInfo::GetMachineName() const)
circle/lib/libcircle.a(screen.o)
                              src/kernel.o (CScreenDevice::CScreenDevice(unsigned int, unsigned int, bool))
circle/lib/libcircle.a(serial.o)
                              src/kernel.o (CSerialDevice::CSerialDevice(CInterruptSystem*, bool))
circle/lib/libcircle.a(string.o)
                              src/kernel.o (CString::~CString())
circle/lib/libcircle.a(sysinit.o)
                              src/main.o (halt)
circle/lib/libcircle.a(timer.o)
                              circle/lib/libcircle.a(logger.o) (CTimer::GetTimeZone() const)
circle/lib/libcircle.a(util.o)
                              circle/lib/libcircle.a(screen.o) (memset)
circle/lib/libcircle.a(util_fast.o)
                              circle/lib/libcircle.a(screen.o) (memcpy)
circle/lib/libcircle.a(virtualgpiopin.o)
                              circle/lib/libcircle.a(actled.o) (CVirtualGPIOPin::Write(unsigned int))
circle/lib/libcircle.a(chainboot.o)
                              circle/lib/libcircle.a(sysinit.o) (IsChainBootEnabled)
circle/lib/libcircle.a(memory.o)
                              src/kernel.o (CMemorySystem::~CMemorySystem())
circle/lib/libcircle.a(pagetable.o)
                              circle/lib/libcircle.a(memory.o) (CPageTable::CPageTable(unsigned int))
circle/lib/libcircle.a(startup.o)
                              (_start)
circle/lib/libcircle.a(synchronize.o)
                              circle/lib/libcircle.a(devicenameservice.o) (EnterCritical)
circle/lib/libcircle.a(new.o)
                              circle/lib/libcircle.a(actled.o) (operator new(unsigned int))
circle/lib/libcircle.a(alloc.o)
                              circle/lib/libcircle.a(memory.o) (mem_init)
circle/lib/libcircle.a(assert.o)
                              circle/lib/libcircle.a(devicenameservice.o) (assertion_failed)
circle/lib/libcircle.a(bcmframebuffer.o)
                              circle/lib/libcircle.a(screen.o) (CBcmFrameBuffer::CBcmFrameBuffer(unsigned int, unsigned int, unsigned int, unsigned int, unsigned int))
circle/lib/libcircle.a(bcmpropertytags.o)
                              circle/lib/libcircle.a(koptions.o) (CBcmPropertyTags::CBcmPropertyTags(bool))
circle/lib/libcircle.a(chargenerator.o)
                              circle/lib/libcircle.a(screen.o) (CCharGenerator::CCharGenerator())
circle/lib/libcircle.a(debug.o)
                              circle/lib/libcircle.a(assert.o) (debug_stacktrace(unsigned int const*, char const*))
circle/lib/libcircle.a(delayloop.o)
                              circle/lib/libcircle.a(timer.o) (DelayLoop)
circle/lib/libcircle.a(device.o)
                              circle/lib/libcircle.a(screen.o) (CDevice::~CDevice())
circle/lib/libcircle.a(dmachannel.o)
                              circle/lib/libcircle.a(screen.o) (CDMAChannel::CDMAChannel(unsigned int, CInterruptSystem*))
circle/lib/libcircle.a(gpiomanager.o)
                              circle/lib/libcircle.a(gpiopin.o) (CGPIOManager::ConnectInterrupt(CGPIOPin*))
circle/lib/libcircle.a(interrupt.o)
                              circle/lib/libcircle.a(serial.o) (CInterruptSystem::DisconnectFIQ())
circle/lib/libcircle.a(ptrlist.o)
                              circle/lib/libcircle.a(timer.o) (CPtrList::CPtrList())
circle/lib/libcircle.a(exceptionstub.o)
                              circle/lib/libcircle.a(interrupt.o) (IRQStub)
circle/lib/libcircle.a(bcmmailbox.o)
                              circle/lib/libcircle.a(bcmpropertytags.o) (CBcmMailBox::CBcmMailBox(unsigned int, bool))
circle/lib/libcircle.a(exceptionhandler.o)
                              circle/lib/libcircle.a(exceptionstub.o) (ExceptionHandler)
c:/program files (x86)/gnu tools arm embedded/7 2017-q4-major/bin/../lib/gcc/arm-none-eabi/7.2.1/hard/libgcc.a(_udivsi3.o)
                              circle/lib/libcircle.a(screen.o) (__aeabi_uidiv)
c:/program files (x86)/gnu tools arm embedded/7 2017-q4-major/bin/../lib/gcc/arm-none-eabi/7.2.1/hard/libgcc.a(_dvmd_tls.o)
                              c:/program files (x86)/gnu tools arm embedded/7 2017-q4-major/bin/../lib/gcc/arm-none-eabi/7.2.1/hard/libgcc.a(_udivsi3.o) (__aeabi_idiv0)

Memory Configuration

Name             Origin             Length             Attributes
*default*        0x00000000         0xffffffff

Linker script and memory map

Address of section .init set to 0x8000

.init           0x00008000       0x64
 *(.init)
 .init          0x00008000       0x64 circle/lib/libcircle.a(startup.o)
                0x00008000                _start

.text           0x00008068     0xb04c
 *(.text*)
 .text          0x00008068        0x0 src/main.o
 .text.startup  0x00008068       0x3c src/main.o
                0x00008068                main
 .text          0x000080a4      0x2b0 src/kernel.o
                0x000080a4                CKernel::CKernel()
                0x000080a4                CKernel::CKernel()
                0x0000813c                CKernel::~CKernel()
                0x0000813c                CKernel::~CKernel()
                0x00008190                CKernel::Initialize()
                0x00008208                CKernel::Run()
 .text          0x00008354      0x170 circle/lib/libcircle.a(actled.o)
                0x00008354                CActLED::CActLED(bool)
                0x00008354                CActLED::CActLED(bool)
                0x000083ec                CActLED::~CActLED()
                0x000083ec                CActLED::~CActLED()
                0x00008400                CActLED::On()
                0x00008430                CActLED::Off()
                0x00008468                CActLED::Blink(unsigned int, unsigned int, unsigned int)
                0x000084b4                CActLED::Get()
 .text          0x000084c4      0x63c circle/lib/libcircle.a(devicenameservice.o)
                0x000084c4                CDeviceNameService::CDeviceNameService()
                0x000084c4                CDeviceNameService::CDeviceNameService()
                0x00008510                CDeviceNameService::~CDeviceNameService()
                0x00008510                CDeviceNameService::~CDeviceNameService()
                0x00008574                CDeviceNameService::AddDevice(char const*, CDevice*, bool)
                0x00008630                CDeviceNameService::RemoveDevice(char const*, bool)
                0x00008774                CDeviceNameService::GetDevice(char const*, bool)
                0x0000887c                CDeviceNameService::Get()
                0x000088b4                CDeviceNameService::AddDevice(char const*, unsigned int, CDevice*, bool)
                0x0000891c                CDeviceNameService::RemoveDevice(char const*, unsigned int, bool)
                0x0000897c                CDeviceNameService::GetDevice(char const*, unsigned int, bool)
                0x000089e4                CDeviceNameService::ListDevices(CDevice*)
 .text          0x00008b00      0xcf4 circle/lib/libcircle.a(gpiopin.o)
                0x00008b00                CGPIOPin::CGPIOPin()
                0x00008b00                CGPIOPin::CGPIOPin()
                0x00008b3c                CGPIOPin::CGPIOPin(unsigned int, TGPIOMode, CGPIOManager*)
                0x00008b3c                CGPIOPin::CGPIOPin(unsigned int, TGPIOMode, CGPIOManager*)
                0x00008b94                CGPIOPin::~CGPIOPin()
                0x00008b94                CGPIOPin::~CGPIOPin()
                0x00008b98                CGPIOPin::~CGPIOPin()
                0x00008bb0                CGPIOPin::AssignPin(unsigned int)
                0x00008c3c                CGPIOPin::SetMode(TGPIOMode, bool)
                0x00008dfc                CGPIOPin::Write(unsigned int)
                0x00008eb0                CGPIOPin::Read() const
                0x00008f34                CGPIOPin::Invert()
                0x00008f70                CGPIOPin::ConnectInterrupt(void (*)(void*), void*)
                0x0000905c                CGPIOPin::DisconnectInterrupt()
                0x00009128                CGPIOPin::EnableInterrupt(TGPIOInterrupt)
                0x00009244                CGPIOPin::DisableInterrupt()
                0x000092fc                CGPIOPin::EnableInterrupt2(TGPIOInterrupt)
                0x0000942c                CGPIOPin::DisableInterrupt2()
                0x000094e8                CGPIOPin::WriteAll(unsigned int, unsigned int)
                0x00009518                CGPIOPin::ReadAll()
                0x00009534                CGPIOPin::SetPullUpMode(unsigned int)
                0x000095cc                CGPIOPin::SetAlternateFunction(unsigned int)
                0x000096a0                CGPIOPin::InterruptHandler()
                0x00009744                CGPIOPin::DisableAllInterrupts(unsigned int)
 .text.startup  0x000097f4       0x14 circle/lib/libcircle.a(gpiopin.o)
 .text          0x00009808      0x578 circle/lib/libcircle.a(koptions.o)
                0x0000986c                CKernelOptions::~CKernelOptions()
                0x0000986c                CKernelOptions::~CKernelOptions()
                0x00009880                CKernelOptions::GetWidth() const
                0x00009888                CKernelOptions::GetHeight() const
                0x00009890                CKernelOptions::GetLogDevice() const
                0x0000989c                CKernelOptions::GetLogLevel() const
                0x000098a4                CKernelOptions::GetKeyMap() const
                0x000098ac                CKernelOptions::GetUSBPowerDelay() const
                0x000098b4                CKernelOptions::GetSoundDevice() const
                0x000098c0                CKernelOptions::GetSoundOption() const
                0x000098c8                CKernelOptions::GetCPUSpeed() const
                0x000098d0                CKernelOptions::GetSoCMaxTemp() const
                0x000098d8                CKernelOptions::Get()
                0x000098e8                CKernelOptions::GetToken()
                0x00009964                CKernelOptions::CKernelOptions()
                0x00009964                CKernelOptions::CKernelOptions()
                0x00009d28                CKernelOptions::GetOptionValue(char*)
                0x00009d60                CKernelOptions::GetDecimal(char*)
 .text          0x00009d80      0x7d0 circle/lib/libcircle.a(logger.o)
                0x00009d80                CLogger::CLogger(unsigned int, CTimer*)
                0x00009d80                CLogger::CLogger(unsigned int, CTimer*)
                0x00009dd8                CLogger::~CLogger()
                0x00009dd8                CLogger::~CLogger()
                0x00009e48                CLogger::Initialize(CDevice*)
                0x00009e88                CLogger::Write(char const*, TLogSeverity, char const*, ...)
                0x00009eb8                CLogger::WriteV(char const*, TLogSeverity, char const*, std::__va_list)
                0x0000a09c                CLogger::WriteNoAlloc(char const*, TLogSeverity, char const*)
                0x0000a174                CLogger::Get()
                0x0000a184                CLogger::Write(char const*)
                0x0000a230                CLogger::Read(void*, unsigned int)
                0x0000a300                CLogger::WriteEvent(char const*, TLogSeverity, char const*)
                0x0000a464                CLogger::ReadEvent(TLogSeverity*, char*, char*, long*, unsigned int*, int*)
                0x0000a540                CLogger::RegisterEventNotificationHandler(void (*)())
                0x0000a548                CLogger::RegisterPanicHandler(void (*)())
 .text          0x0000a550      0x81c circle/lib/libcircle.a(machineinfo.o)
                0x0000a550                CMachineInfo::CMachineInfo()
                0x0000a550                CMachineInfo::CMachineInfo()
                0x0000a984                CMachineInfo::~CMachineInfo()
                0x0000a984                CMachineInfo::~CMachineInfo()
                0x0000a9a8                CMachineInfo::GetMachineModel() const
                0x0000a9b0                CMachineInfo::GetMachineName() const
                0x0000a9c8                CMachineInfo::GetModelMajor() const
                0x0000a9d0                CMachineInfo::GetModelRevision() const
                0x0000a9d8                CMachineInfo::GetSoCType() const
                0x0000a9e0                CMachineInfo::GetRAMSize() const
                0x0000a9e8                CMachineInfo::GetSoCName() const
                0x0000aa00                CMachineInfo::GetRevisionRaw() const
                0x0000aa08                CMachineInfo::GetActLEDInfo() const
                0x0000aa20                CMachineInfo::GetClockRate(unsigned int) const
                0x0000aae8                CMachineInfo::GetGPIOPin(TGPIOVirtualPin) const
                0x0000ab58                CMachineInfo::GetDevice(TDeviceId) const
                0x0000ab94                CMachineInfo::AllocateDMAChannel(unsigned int)
                0x0000ac88                CMachineInfo::FreeDMAChannel(unsigned int)
                0x0000ad34                CMachineInfo::Get()
 .text          0x0000ad6c     0x1214 circle/lib/libcircle.a(screen.o)
                0x0000ad6c                CScreenDevice::CScreenDevice(unsigned int, unsigned int, bool)
                0x0000ad6c                CScreenDevice::CScreenDevice(unsigned int, unsigned int, bool)
                0x0000adf4                CScreenDevice::~CScreenDevice()
                0x0000adf4                CScreenDevice::~CScreenDevice()
                0x0000ae74                CScreenDevice::~CScreenDevice()
                0x0000ae94                CScreenDevice::Initialize()
                0x0000b000                CScreenDevice::GetWidth() const
                0x0000b008                CScreenDevice::GetHeight() const
                0x0000b010                CScreenDevice::GetColumns() const
                0x0000b030                CScreenDevice::GetRows() const
                0x0000b050                CScreenDevice::GetStatus()
                0x0000b0c0                CScreenDevice::SetStatus(TScreenStatus const&)
                0x0000b1c4                CScreenDevice::Write(void const*, unsigned int)
                0x0000b26c                CScreenDevice::Write(char)
                0x0000b768                CScreenDevice::CarriageReturn()
                0x0000b774                CScreenDevice::ClearDisplayEnd()
                0x0000b7f4                CScreenDevice::ClearLineEnd()
                0x0000b83c                CScreenDevice::CursorDown()
                0x0000b888                CScreenDevice::CursorHome()
                0x0000b898                CScreenDevice::CursorLeft()
                0x0000b904                CScreenDevice::CursorMove(unsigned int, unsigned int)
                0x0000b964                CScreenDevice::CursorRight()
                0x0000b9a0                CScreenDevice::CursorUp()
                0x0000b9d0                CScreenDevice::DeleteChars(unsigned int)
                0x0000b9d4                CScreenDevice::DeleteLines(unsigned int)
                0x0000b9d8                CScreenDevice::DisplayChar(char)
                0x0000ba10                CScreenDevice::EraseChars(unsigned int)
                0x0000ba1c                CScreenDevice::InsertLines(unsigned int)
                0x0000ba20                CScreenDevice::InsertMode(bool)
                0x0000ba28                CScreenDevice::NewLine()
                0x0000ba34                CScreenDevice::ReverseScroll()
                0x0000ba38                CScreenDevice::SetCursorMode(bool)
                0x0000ba40                CScreenDevice::SetScrollRegion(unsigned int, unsigned int)
                0x0000bac0                CScreenDevice::SetStandoutMode(unsigned int)
                0x0000bb60                CScreenDevice::Tabulator()
                0x0000bbac                CScreenDevice::Scroll()
                0x0000bc6c                CScreenDevice::DisplayChar(char, unsigned int, unsigned int, unsigned short)
                0x0000bd2c                CScreenDevice::EraseChar(unsigned int, unsigned int)
                0x0000bdb0                CScreenDevice::InvertCursor()
                0x0000bdc0                CScreenDevice::SetPixel(unsigned int, unsigned int, unsigned short)
                0x0000bdec                CScreenDevice::GetPixel(unsigned int, unsigned int)
                0x0000be24                CScreenDevice::Rotor(unsigned int, unsigned int)
 .text          0x0000bf80      0xc78 circle/lib/libcircle.a(serial.o)
                0x0000bf80                CSerialDevice::CSerialDevice(CInterruptSystem*, bool)
                0x0000bf80                CSerialDevice::CSerialDevice(CInterruptSystem*, bool)
                0x0000c040                CSerialDevice::~CSerialDevice()
                0x0000c040                CSerialDevice::~CSerialDevice()
                0x0000c0f4                CSerialDevice::~CSerialDevice()
                0x0000c118                CSerialDevice::Initialize(unsigned int)
                0x0000c2c0                CSerialDevice::Write(void const*, unsigned int)
                0x0000c474                CSerialDevice::Read(void*, unsigned int)
                0x0000c63c                CSerialDevice::GetOptions() const
                0x0000c648                CSerialDevice::SetOptions(unsigned int)
                0x0000c654                CSerialDevice::RegisterMagicReceivedHandler(char const*, void (*)())
                0x0000c720                CSerialDevice::AvailableForWrite()
                0x0000c7a4                CSerialDevice::AvailableForRead()
                0x0000c824                CSerialDevice::Peek()
                0x0000c8cc                CSerialDevice::Flush()
                0x0000c8f0                CSerialDevice::Write(unsigned char)
                0x0000c9d8                CSerialDevice::InterruptHandler()
                0x0000cbbc                CSerialDevice::InterruptStub(void*)
 .text          0x0000cbf8     0x1140 circle/lib/libcircle.a(string.o)
                0x0000cbf8                CString::~CString()
                0x0000cbf8                CString::~CString()
                0x0000cc24                CString::~CString()
                0x0000ccc4                CString::CString()
                0x0000ccc4                CString::CString()
                0x0000ccdc                CString::CString(char const*)
                0x0000ccdc                CString::CString(char const*)
                0x0000cd1c                CString::operator char const*() const
                0x0000cd34                CString::operator=(char const*)
                0x0000cd78                CString::operator=(CString const&)
                0x0000cdd4                CString::GetLength() const
                0x0000cde4                CString::Append(char const*)
                0x0000ce68                CString::Compare(char const*) const
                0x0000ce70                CString::Find(char) const
                0x0000ceb0                CString::PutChar(char, unsigned int)
                0x0000cef0                CString::PutString(char const*)
                0x0000cf34                CString::Replace(char const*, char const*)
                0x0000d0ac                CString::ReserveSpace(unsigned int)
                0x0000d0b8                CString::ntoa(char*, unsigned long, unsigned int, bool)
                0x0000d178                CString::ftoa(char*, double, unsigned int)
                0x0000d410                CString::FormatV(char const*, std::__va_list)
                0x0000dd08                CString::Format(char const*, ...)
 .text          0x0000dd38      0x10c circle/lib/libcircle.a(sysinit.o)
                0x0000dd38                __aeabi_atexit
                0x0000dd3c                __errno
                0x0000dd48                halt
                0x0000dd54                reboot
                0x0000dd80                sysinit
 .text          0x0000de44      0xdd8 circle/lib/libcircle.a(timer.o)
                0x0000de7c                CTimer::CTimer(CInterruptSystem*)
                0x0000de7c                CTimer::CTimer(CInterruptSystem*)
                0x0000df00                CTimer::~CTimer()
                0x0000df00                CTimer::~CTimer()
                0x0000dfe8                CTimer::SetTimeZone(int)
                0x0000e00c                CTimer::GetTimeZone() const
                0x0000e014                CTimer::SetTime(unsigned int, bool)
                0x0000e090                CTimer::GetClockTicks()
                0x0000e0ac                CTimer::GetTicks() const
                0x0000e0b4                CTimer::GetUptime() const
                0x0000e0bc                CTimer::GetTime() const
                0x0000e0c4                CTimer::GetLocalTime(unsigned int*, unsigned int*)
                0x0000e194                CTimer::GetUniversalTime() const
                0x0000e1b4                CTimer::GetUniversalTime(unsigned int*, unsigned int*)
                0x0000e29c                CTimer::GetTimeString()
                0x0000e4a0                CTimer::StartKernelTimer(unsigned int, void (*)(unsigned int, void*, void*), void*, void*)
                0x0000e5f4                CTimer::CancelKernelTimer(unsigned int)
                0x0000e6b4                CTimer::PollKernelTimers()
                0x0000e818                CTimer::InterruptHandler()
                0x0000e91c                CTimer::InterruptHandler(void*)
                0x0000e95c                CTimer::TuneMsDelay()
                0x0000ea08                CTimer::Initialize()
                0x0000ea8c                CTimer::RegisterPeriodicHandler(void (*)())
                0x0000eae4                CTimer::SimpleMsDelay(unsigned int)
                0x0000eb00                CTimer::SimpleusDelay(unsigned int)
                0x0000eb0c                CTimer::IsLeapYear(unsigned int)
                0x0000eb64                CTimer::GetDaysOfMonth(unsigned int, unsigned int)
                0x0000ebe0                CTimer::Get()
 .text          0x0000ec1c      0x6a0 circle/lib/libcircle.a(util.o)
                0x0000ec1c                memset
                0x0000ecc8                memmove
                0x0000ed00                memcmp
                0x0000ed5c                strlen
                0x0000ed84                strcmp
                0x0000edf4                strcasecmp
                0x0000ee70                strncmp
                0x0000ef04                strcpy
                0x0000ef30                strncpy
                0x0000ef78                strcat
                0x0000efbc                strchr
                0x0000eff8                strstr
                0x0000f064                strtok_r
                0x0000f13c                strtoul
                0x0000f2b8                char2int
 .text          0x0000f2bc       0x5c circle/lib/libcircle.a(util_fast.o)
                0x0000f2bc                memcpy
 .text          0x0000f318      0x2a8 circle/lib/libcircle.a(virtualgpiopin.o)
                0x0000f318                CVirtualGPIOPin::~CVirtualGPIOPin()
                0x0000f318                CVirtualGPIOPin::~CVirtualGPIOPin()
                0x0000f31c                CVirtualGPIOPin::~CVirtualGPIOPin()
                0x0000f334                CVirtualGPIOPin::Write(unsigned int)
                0x0000f470                CVirtualGPIOPin::CVirtualGPIOPin(unsigned int, bool)
                0x0000f470                CVirtualGPIOPin::CVirtualGPIOPin(unsigned int, bool)
                0x0000f5b4                CVirtualGPIOPin::Invert()
 .text.startup  0x0000f5c0       0x14 circle/lib/libcircle.a(virtualgpiopin.o)
 .text          0x0000f5d4       0xb4 circle/lib/libcircle.a(chainboot.o)
                0x0000f620                EnableChainBoot
                0x0000f65c                IsChainBootEnabled
                0x0000f674                DoChainBoot
 .text          0x0000f688      0x2e0 circle/lib/libcircle.a(memory.o)
                0x0000f6b4                CMemorySystem::~CMemorySystem()
                0x0000f6b4                CMemorySystem::~CMemorySystem()
                0x0000f6e8                CMemorySystem::Destructor()
                0x0000f714                CMemorySystem::GetMemSize() const
                0x0000f758                CMemorySystem::Get()
                0x0000f790                CMemorySystem::EnableMMU()
                0x0000f86c                CMemorySystem::CMemorySystem(bool)
                0x0000f86c                CMemorySystem::CMemorySystem(bool)
                0x0000f95c                CMemorySystem::GetCoherentPage(unsigned int)
 .text          0x0000f968       0xa8 circle/lib/libcircle.a(pagetable.o)
                0x0000f968                CPageTable::CPageTable(unsigned int)
                0x0000f968                CPageTable::CPageTable(unsigned int)
                0x0000fa00                CPageTable::~CPageTable()
                0x0000fa00                CPageTable::~CPageTable()
                0x0000fa04                CPageTable::GetBaseAddress() const
 .text          0x0000fa10        0x0 circle/lib/libcircle.a(startup.o)
 .text          0x0000fa10      0x180 circle/lib/libcircle.a(synchronize.o)
                0x0000fa10                CurrentExecutionLevel
                0x0000fa28                EnterCritical
                0x0000fadc                LeaveCritical
                0x0000fb34                CleanAndInvalidateDataCacheRange
                0x0000fb70                SyncDataAndInstructionCache
 .text          0x0000fb90       0x18 circle/lib/libcircle.a(new.o)
                0x0000fb90                operator new(unsigned int)
                0x0000fb94                operator new[](unsigned int)
                0x0000fb98                operator delete(void*)
                0x0000fb9c                operator delete[](void*)
                0x0000fba0                operator delete(void*, unsigned int)
                0x0000fba4                operator delete[](void*, unsigned int)
 .text          0x0000fba8      0x610 circle/lib/libcircle.a(alloc.o)
                0x0000fba8                mem_init
                0x0000fbe4                mem_get_size
                0x0000fc0c                malloc
                0x0000fe0c                free
                0x0000ff28                calloc
                0x0000ff80                realloc
                0x0001006c                palloc
                0x00010158                pfree
 .text.startup  0x000101b8       0x18 circle/lib/libcircle.a(alloc.o)
 .text          0x000101d0       0x90 circle/lib/libcircle.a(assert.o)
                0x000101d0                assertion_failed
 .text          0x00010260      0x48c circle/lib/libcircle.a(bcmframebuffer.o)
                0x0001031c                CBcmFrameBuffer::CBcmFrameBuffer(unsigned int, unsigned int, unsigned int, unsigned int, unsigned int)
                0x0001031c                CBcmFrameBuffer::CBcmFrameBuffer(unsigned int, unsigned int, unsigned int, unsigned int, unsigned int)
                0x0001045c                CBcmFrameBuffer::~CBcmFrameBuffer()
                0x0001045c                CBcmFrameBuffer::~CBcmFrameBuffer()
                0x00010478                CBcmFrameBuffer::SetPalette(unsigned char, unsigned short)
                0x000104d0                CBcmFrameBuffer::SetPalette32(unsigned char, unsigned int)
                0x00010508                CBcmFrameBuffer::Initialize()
                0x000105cc                CBcmFrameBuffer::GetWidth() const
                0x000105d4                CBcmFrameBuffer::GetHeight() const
                0x000105dc                CBcmFrameBuffer::GetVirtWidth() const
                0x000105e4                CBcmFrameBuffer::GetVirtHeight() const
                0x000105ec                CBcmFrameBuffer::GetPitch() const
                0x000105f4                CBcmFrameBuffer::GetDepth() const
                0x000105fc                CBcmFrameBuffer::GetBuffer() const
                0x00010604                CBcmFrameBuffer::GetSize() const
                0x0001060c                CBcmFrameBuffer::UpdatePalette()
                0x00010624                CBcmFrameBuffer::SetVirtualOffset(unsigned int, unsigned int)
                0x000106a0                CBcmFrameBuffer::WaitForVerticalSync()
 .text          0x000106ec      0x280 circle/lib/libcircle.a(bcmpropertytags.o)
                0x000106ec                CBcmPropertyTags::CBcmPropertyTags(bool)
                0x000106ec                CBcmPropertyTags::CBcmPropertyTags(bool)
                0x00010708                CBcmPropertyTags::~CBcmPropertyTags()
                0x00010708                CBcmPropertyTags::~CBcmPropertyTags()
                0x0001071c                CBcmPropertyTags::GetTags(void*, unsigned int)
                0x0001084c                CBcmPropertyTags::GetTag(unsigned int, void*, unsigned int, unsigned int)
 .text          0x0001096c       0xa8 circle/lib/libcircle.a(chargenerator.o)
                0x0001096c                CCharGenerator::CCharGenerator()
                0x0001096c                CCharGenerator::CCharGenerator()
                0x00010978                CCharGenerator::~CCharGenerator()
                0x00010978                CCharGenerator::~CCharGenerator()
                0x0001097c                CCharGenerator::GetCharWidth() const
                0x00010984                CCharGenerator::GetCharHeight() const
                0x0001098c                CCharGenerator::GetUnderline() const
                0x00010994                CCharGenerator::GetPixel(char, unsigned int, unsigned int) const
 .text          0x00010a14      0x19c circle/lib/libcircle.a(debug.o)
                0x00010a14                debug_hexdump(void const*, unsigned int, char const*)
                0x00010b18                debug_stacktrace(unsigned int const*, char const*)
 .text          0x00010bb0        0xc circle/lib/libcircle.a(delayloop.o)
                0x00010bb0                DelayLoop
 .text          0x00010bbc       0x40 circle/lib/libcircle.a(device.o)
                0x00010bbc                CDevice::~CDevice()
                0x00010bbc                CDevice::~CDevice()
                0x00010bc0                CDevice::Write(void const*, unsigned int)
                0x00010bc0                CDevice::Read(void*, unsigned int)
                0x00010bc8                CDevice::Seek(unsigned long long)
                0x00010bd4                CDevice::~CDevice()
                0x00010bec                CDevice::CDevice()
                0x00010bec                CDevice::CDevice()
 .text          0x00010bfc      0xf1c circle/lib/libcircle.a(dmachannel.o)
                0x00010bfc                CDMAChannel::CDMAChannel(unsigned int, CInterruptSystem*)
                0x00010bfc                CDMAChannel::CDMAChannel(unsigned int, CInterruptSystem*)
                0x00010d10                CDMAChannel::~CDMAChannel()
                0x00010d10                CDMAChannel::~CDMAChannel()
                0x00010e1c                CDMAChannel::SetupMemCopy(void*, void const*, unsigned int, unsigned int, bool)
                0x00011014                CDMAChannel::SetupIORead(void*, unsigned int, unsigned int, TDREQ)
                0x000111e8                CDMAChannel::SetupIOWrite(unsigned int, void const*, unsigned int, TDREQ)
                0x000113b4                CDMAChannel::SetupMemCopy2D(void*, void const*, unsigned int, unsigned int, unsigned int, unsigned int)
                0x00011604                CDMAChannel::SetCompletionRoutine(void (*)(unsigned int, bool, void*), void*)
                0x000116d8                CDMAChannel::Start()
                0x00011878                CDMAChannel::Wait()
                0x0001191c                CDMAChannel::GetStatus()
                0x00011984                CDMAChannel::InterruptHandler()
                0x00011adc                CDMAChannel::InterruptStub(void*)
 .text          0x00011b18      0x398 circle/lib/libcircle.a(gpiomanager.o)
                0x00011b18                CGPIOManager::CGPIOManager(CInterruptSystem*)
                0x00011b18                CGPIOManager::CGPIOManager(CInterruptSystem*)
                0x00011b44                CGPIOManager::~CGPIOManager()
                0x00011b44                CGPIOManager::~CGPIOManager()
                0x00011bcc                CGPIOManager::Initialize()
                0x00011c4c                CGPIOManager::ConnectInterrupt(CGPIOPin*)
                0x00011cfc                CGPIOManager::DisconnectInterrupt(CGPIOPin*)
                0x00011dc0                CGPIOManager::InterruptHandler()
                0x00011e74                CGPIOManager::InterruptStub(void*)
 .text          0x00011eb0      0x62c circle/lib/libcircle.a(interrupt.o)
                0x00011eb0                CInterruptSystem::CInterruptSystem()
                0x00011eb0                CInterruptSystem::CInterruptSystem()
                0x00011ee8                CInterruptSystem::~CInterruptSystem()
                0x00011ee8                CInterruptSystem::~CInterruptSystem()
                0x00011f24                CInterruptSystem::Initialize()
                0x00011f8c                CInterruptSystem::DisconnectFIQ()
                0x00012010                CInterruptSystem::EnableIRQ(unsigned int)
                0x000120a4                CInterruptSystem::ConnectIRQ(unsigned int, void (*)(void*), void*)
                0x00012114                CInterruptSystem::DisableIRQ(unsigned int)
                0x000121a8                CInterruptSystem::DisconnectIRQ(unsigned int)
                0x00012224                CInterruptSystem::EnableFIQ(unsigned int)
                0x00012270                CInterruptSystem::ConnectFIQ(unsigned int, void (*)(void*), void*)
                0x00012348                CInterruptSystem::DisableFIQ()
                0x00012364                CInterruptSystem::Get()
                0x0001239c                CInterruptSystem::CallIRQHandler(unsigned int)
                0x000123fc                CInterruptSystem::InterruptHandler()
                0x000124c4                InterruptHandler
 .text          0x000124dc      0x4c8 circle/lib/libcircle.a(ptrlist.o)
                0x000124dc                CPtrList::CPtrList()
                0x000124dc                CPtrList::CPtrList()
                0x000124e8                CPtrList::~CPtrList()
                0x000124e8                CPtrList::~CPtrList()
                0x0001251c                CPtrList::GetFirst()
                0x00012524                CPtrList::GetNext(TPtrListElement*)
                0x0001257c                CPtrList::GetPtr(TPtrListElement*)
                0x000125d4                CPtrList::InsertBefore(TPtrListElement*, void*)
                0x000126dc                CPtrList::InsertAfter(TPtrListElement*, void*)
                0x000127d8                CPtrList::Remove(TPtrListElement*)
                0x0001292c                CPtrList::Find(void*)
 .text          0x000129a4      0x17c circle/lib/libcircle.a(exceptionstub.o)
                0x000129a4                UndefinedInstructionInternal
                0x000129f4                PrefetchAbortStub
                0x00012a44                DataAbortStub
                0x00012a94                UndefinedInstructionStub
                0x00012ab0                IRQStub
                0x00012ac0                FIQStub
 .text          0x00012b20      0x1b0 circle/lib/libcircle.a(bcmmailbox.o)
                0x00012b20                CBcmMailBox::CBcmMailBox(unsigned int, bool)
                0x00012b20                CBcmMailBox::CBcmMailBox(unsigned int, bool)
                0x00012b2c                CBcmMailBox::~CBcmMailBox()
                0x00012b2c                CBcmMailBox::~CBcmMailBox()
                0x00012b30                CBcmMailBox::Flush()
                0x00012b64                CBcmMailBox::Read()
                0x00012b94                CBcmMailBox::Write(unsigned int)
                0x00012be8                CBcmMailBox::WriteRead(unsigned int)
 .text.startup  0x00012cd0       0x14 circle/lib/libcircle.a(bcmmailbox.o)
 .text          0x00012ce4      0x2b8 circle/lib/libcircle.a(exceptionhandler.o)
                0x00012ce4                CExceptionHandler::CExceptionHandler()
                0x00012ce4                CExceptionHandler::CExceptionHandler()
                0x00012d70                CExceptionHandler::~CExceptionHandler()
                0x00012d70                CExceptionHandler::~CExceptionHandler()
                0x00012d84                CExceptionHandler::Throw(unsigned int)
                0x00012dc4                CExceptionHandler::Throw(unsigned int, TAbortFrame*)
                0x00012eb0                CExceptionHandler::Get()
                0x00012ee8                ExceptionHandler
                0x00012f54                raise
 .text          0x00012f9c      0x114 c:/program files (x86)/gnu tools arm embedded/7 2017-q4-major/bin/../lib/gcc/arm-none-eabi/7.2.1/hard/libgcc.a(_udivsi3.o)
                0x00012f9c                __aeabi_uidiv
                0x00012f9c                __udivsi3
                0x00013090                __aeabi_uidivmod
 .text          0x000130b0        0x4 c:/program files (x86)/gnu tools arm embedded/7 2017-q4-major/bin/../lib/gcc/arm-none-eabi/7.2.1/hard/libgcc.a(_dvmd_tls.o)
                0x000130b0                __aeabi_idiv0
                0x000130b0                __aeabi_ldiv0
                0x000130b4                _etext = .

.glue_7         0x000130b4        0x0
 .glue_7        0x000130b4        0x0 linker stubs

.glue_7t        0x000130b4        0x0
 .glue_7t       0x000130b4        0x0 linker stubs

.vfp11_veneer   0x000130b4        0x0
 .vfp11_veneer  0x000130b4        0x0 linker stubs

.v4_bx          0x000130b4        0x0
 .v4_bx         0x000130b4        0x0 linker stubs

.iplt           0x000130b4        0x0
 .iplt          0x000130b4        0x0 src/main.o

.rodata         0x000130b4     0x21c0
 *(.rodata*)
 .rodata        0x000130b4        0x7 src/kernel.o
 *fill*         0x000130bb        0x1 
 .rodata.str1.4
                0x000130bc       0x34 src/kernel.o
 .rodata.str1.4
                0x000130f0       0x93 circle/lib/libcircle.a(devicenameservice.o)
                                 0x96 (size before relaxing)
 *fill*         0x00013183        0x1 
 .rodata        0x00013184      0x2d9 circle/lib/libcircle.a(gpiopin.o)
                0x00013184                vtable for CGPIOPin
 *fill*         0x0001345d        0x3 
 .rodata.str1.4
                0x00013460       0x7a circle/lib/libcircle.a(koptions.o)
 *fill*         0x000134da        0x2 
 .rodata        0x000134dc       0x3e circle/lib/libcircle.a(logger.o)
 *fill*         0x0001351a        0x2 
 .rodata        0x0001351c      0x1bf circle/lib/libcircle.a(machineinfo.o)
 *fill*         0x000136db        0x1 
 .rodata        0x000136dc       0x21 circle/lib/libcircle.a(screen.o)
                0x000136dc                vtable for CScreenDevice
 .rodata.str1.4
                0x000136fd        0x5 circle/lib/libcircle.a(screen.o)
 *fill*         0x000136fd        0x3 
 .rodata        0x00013700      0x10f circle/lib/libcircle.a(serial.o)
                0x00013700                vtable for CSerialDevice
 *fill*         0x0001380f        0x1 
 .rodata        0x00013810       0x10 circle/lib/libcircle.a(string.o)
                0x00013810                vtable for CString
 .rodata.str1.4
                0x00013820        0x9 circle/lib/libcircle.a(string.o)
                                  0xd (size before relaxing)
 *fill*         0x00013829        0x3 
 .rodata        0x0001382c       0x36 circle/lib/libcircle.a(timer.o)
                0x0001382c                CTimer::s_nDaysOfMonth
 *fill*         0x00013862        0x2 
 .rodata.str1.4
                0x00013864      0x188 circle/lib/libcircle.a(timer.o)
                                0x198 (size before relaxing)
 .rodata        0x000139ec       0x10 circle/lib/libcircle.a(virtualgpiopin.o)
                0x000139ec                vtable for CVirtualGPIOPin
 .rodata.str1.4
                0x000139fc       0x20 circle/lib/libcircle.a(virtualgpiopin.o)
 .rodata.str1.4
                0x00013a1c       0x78 circle/lib/libcircle.a(memory.o)
                                 0x88 (size before relaxing)
 .rodata.str1.4
                0x00013a94       0xb5 circle/lib/libcircle.a(synchronize.o)
 *fill*         0x00013b49        0x3 
 .rodata.str1.4
                0x00013b4c       0xd4 circle/lib/libcircle.a(alloc.o)
 .rodata.str1.4
                0x00013c20       0x1d circle/lib/libcircle.a(assert.o)
 *fill*         0x00013c3d        0x3 
 .rodata.str1.4
                0x00013c40       0x98 circle/lib/libcircle.a(bcmpropertytags.o)
 .rodata        0x00013cd8      0xdf0 circle/lib/libcircle.a(chargenerator.o)
 .rodata.str1.4
                0x00014ac8       0x29 circle/lib/libcircle.a(chargenerator.o)
 *fill*         0x00014af1        0x3 
 .rodata        0x00014af4        0x6 circle/lib/libcircle.a(debug.o)
 *fill*         0x00014afa        0x2 
 .rodata.str1.4
                0x00014afc       0x93 circle/lib/libcircle.a(debug.o)
 *fill*         0x00014b8f        0x1 
 .rodata        0x00014b90       0x1c circle/lib/libcircle.a(device.o)
                0x00014b90                vtable for CDevice
 .rodata        0x00014bac      0x323 circle/lib/libcircle.a(dmachannel.o)
 *fill*         0x00014ecf        0x1 
 .rodata.str1.4
                0x00014ed0       0x9c circle/lib/libcircle.a(gpiomanager.o)
 .rodata.str1.4
                0x00014f6c       0x9e circle/lib/libcircle.a(interrupt.o)
                                 0xc1 (size before relaxing)
 *fill*         0x0001500a        0x2 
 .rodata.str1.4
                0x0001500c      0x176 circle/lib/libcircle.a(ptrlist.o)
 *fill*         0x00015182        0x2 
 .rodata.str1.4
                0x00015184       0x23 circle/lib/libcircle.a(bcmmailbox.o)
 *fill*         0x000151a7        0x1 
 .rodata        0x000151a8        0x7 circle/lib/libcircle.a(exceptionhandler.o)
 *fill*         0x000151af        0x1 
 .rodata.str1.4
                0x000151b0       0xc4 circle/lib/libcircle.a(exceptionhandler.o)
                                 0xe4 (size before relaxing)

.rel.dyn        0x00015274        0x0
 .rel.iplt      0x00015274        0x0 src/main.o

.init_array     0x00015274       0x10
                0x00015274                __init_start = .
 *(.init_array*)
 .init_array    0x00015274        0x4 circle/lib/libcircle.a(gpiopin.o)
 .init_array    0x00015278        0x4 circle/lib/libcircle.a(virtualgpiopin.o)
 .init_array    0x0001527c        0x4 circle/lib/libcircle.a(alloc.o)
 .init_array    0x00015280        0x4 circle/lib/libcircle.a(bcmmailbox.o)
                0x00015284                __init_end = .

.ARM.exidx      0x00015284        0x0
                0x00015284                __exidx_start = .
 *(.ARM.exidx*)
                0x00015284                __exidx_end = .

.eh_frame
 *(.eh_frame*)

.data           0x00015284      0x33c
 *(.data*)
 .data          0x00015284        0x0 src/main.o
 .data          0x00015284        0x0 src/kernel.o
 .data          0x00015284        0x0 circle/lib/libcircle.a(actled.o)
 .data          0x00015284        0x0 circle/lib/libcircle.a(devicenameservice.o)
 .data          0x00015284        0x0 circle/lib/libcircle.a(gpiopin.o)
 .data          0x00015284        0x0 circle/lib/libcircle.a(koptions.o)
 .data          0x00015284        0x0 circle/lib/libcircle.a(logger.o)
 .data          0x00015284      0x23c circle/lib/libcircle.a(machineinfo.o)
 .data          0x000154c0        0x0 circle/lib/libcircle.a(screen.o)
 .data          0x000154c0        0x0 circle/lib/libcircle.a(serial.o)
 .data          0x000154c0        0x0 circle/lib/libcircle.a(string.o)
 .data          0x000154c0        0x0 circle/lib/libcircle.a(sysinit.o)
 .data          0x000154c0       0x30 circle/lib/libcircle.a(timer.o)
                0x000154c0                CTimer::s_pMonthName
 .data          0x000154f0        0x0 circle/lib/libcircle.a(util.o)
 .data          0x000154f0        0x0 circle/lib/libcircle.a(util_fast.o)
 .data          0x000154f0        0x0 circle/lib/libcircle.a(virtualgpiopin.o)
 .data          0x000154f0        0x0 circle/lib/libcircle.a(chainboot.o)
 .data          0x000154f0        0x0 circle/lib/libcircle.a(memory.o)
 .data          0x000154f0        0x0 circle/lib/libcircle.a(pagetable.o)
 .data          0x000154f0        0x0 circle/lib/libcircle.a(startup.o)
 .data          0x000154f0        0x0 circle/lib/libcircle.a(synchronize.o)
 .data          0x000154f0        0x0 circle/lib/libcircle.a(new.o)
 .data          0x000154f0       0x44 circle/lib/libcircle.a(alloc.o)
 .data          0x00015534        0x0 circle/lib/libcircle.a(assert.o)
 .data          0x00015534       0x70 circle/lib/libcircle.a(bcmframebuffer.o)
                0x00015534                CBcmFrameBuffer::s_InitTags
 .data          0x000155a4        0x0 circle/lib/libcircle.a(bcmpropertytags.o)
 .data          0x000155a4        0x0 circle/lib/libcircle.a(chargenerator.o)
 .data          0x000155a4        0x0 circle/lib/libcircle.a(debug.o)
 .data          0x000155a4        0x0 circle/lib/libcircle.a(delayloop.o)
 .data          0x000155a4        0x0 circle/lib/libcircle.a(device.o)
 .data          0x000155a4        0x0 circle/lib/libcircle.a(dmachannel.o)
 .data          0x000155a4        0x0 circle/lib/libcircle.a(gpiomanager.o)
 .data          0x000155a4        0x0 circle/lib/libcircle.a(interrupt.o)
 .data          0x000155a4        0x0 circle/lib/libcircle.a(ptrlist.o)
 .data          0x000155a4        0x8 circle/lib/libcircle.a(exceptionstub.o)
                0x000155a4                FIQData
 .data          0x000155ac        0x0 circle/lib/libcircle.a(bcmmailbox.o)
 .data          0x000155ac       0x14 circle/lib/libcircle.a(exceptionhandler.o)
                0x000155ac                CExceptionHandler::s_pExceptionName
 .data          0x000155c0        0x0 c:/program files (x86)/gnu tools arm embedded/7 2017-q4-major/bin/../lib/gcc/arm-none-eabi/7.2.1/hard/libgcc.a(_udivsi3.o)
 .data          0x000155c0        0x0 c:/program files (x86)/gnu tools arm embedded/7 2017-q4-major/bin/../lib/gcc/arm-none-eabi/7.2.1/hard/libgcc.a(_dvmd_tls.o)

.igot.plt       0x000155c0        0x0
 .igot.plt      0x000155c0        0x0 src/main.o

.bss            0x000155c0       0xb4
                0x000155c0                __bss_start = .
 *(.bss*)
 .bss           0x000155c0        0x0 src/main.o
 .bss           0x000155c0        0x0 src/kernel.o
 .bss           0x000155c0        0x4 circle/lib/libcircle.a(actled.o)
                0x000155c0                CActLED::s_pThis
 .bss           0x000155c4        0x4 circle/lib/libcircle.a(devicenameservice.o)
                0x000155c4                CDeviceNameService::s_This
 .bss           0x000155c8        0x4 circle/lib/libcircle.a(gpiopin.o)
                0x000155c8                CGPIOPin::s_SpinLock
 .bss           0x000155cc        0x4 circle/lib/libcircle.a(koptions.o)
                0x000155cc                CKernelOptions::s_pThis
 .bss           0x000155d0        0x4 circle/lib/libcircle.a(logger.o)
                0x000155d0                CLogger::s_pThis
 .bss           0x000155d4        0x4 circle/lib/libcircle.a(machineinfo.o)
                0x000155d4                CMachineInfo::s_pThis
 .bss           0x000155d8        0x0 circle/lib/libcircle.a(screen.o)
 .bss           0x000155d8        0x0 circle/lib/libcircle.a(serial.o)
 .bss           0x000155d8        0x0 circle/lib/libcircle.a(string.o)
 .bss           0x000155d8        0x8 circle/lib/libcircle.a(sysinit.o)
                0x000155d8                __dso_handle
 .bss           0x000155e0        0x4 circle/lib/libcircle.a(timer.o)
                0x000155e0                CTimer::s_pThis
 .bss           0x000155e4        0x0 circle/lib/libcircle.a(util.o)
 .bss           0x000155e4        0x0 circle/lib/libcircle.a(util_fast.o)
 .bss           0x000155e4        0x8 circle/lib/libcircle.a(virtualgpiopin.o)
                0x000155e4                CVirtualGPIOPin::s_nGPIOBaseAddress
                0x000155e8                CVirtualGPIOPin::s_SpinLock
 .bss           0x000155ec        0x8 circle/lib/libcircle.a(chainboot.o)
 .bss           0x000155f4        0x4 circle/lib/libcircle.a(memory.o)
                0x000155f4                CMemorySystem::s_pThis
 .bss           0x000155f8        0x0 circle/lib/libcircle.a(pagetable.o)
 .bss           0x000155f8        0x0 circle/lib/libcircle.a(startup.o)
 .bss           0x000155f8       0x54 circle/lib/libcircle.a(synchronize.o)
 .bss           0x0001564c        0x0 circle/lib/libcircle.a(new.o)
 .bss           0x0001564c       0x1c circle/lib/libcircle.a(alloc.o)
 .bss           0x00015668        0x0 circle/lib/libcircle.a(assert.o)
 .bss           0x00015668        0x0 circle/lib/libcircle.a(bcmframebuffer.o)
 .bss           0x00015668        0x0 circle/lib/libcircle.a(bcmpropertytags.o)
 .bss           0x00015668        0x0 circle/lib/libcircle.a(chargenerator.o)
 .bss           0x00015668        0x0 circle/lib/libcircle.a(debug.o)
 .bss           0x00015668        0x0 circle/lib/libcircle.a(delayloop.o)
 .bss           0x00015668        0x0 circle/lib/libcircle.a(device.o)
 .bss           0x00015668        0x0 circle/lib/libcircle.a(dmachannel.o)
 .bss           0x00015668        0x0 circle/lib/libcircle.a(gpiomanager.o)
 .bss           0x00015668        0x4 circle/lib/libcircle.a(interrupt.o)
                0x00015668                CInterruptSystem::s_pThis
 .bss           0x0001566c        0x0 circle/lib/libcircle.a(ptrlist.o)
 .bss           0x0001566c        0x0 circle/lib/libcircle.a(exceptionstub.o)
 .bss           0x0001566c        0x4 circle/lib/libcircle.a(bcmmailbox.o)
                0x0001566c                CBcmMailBox::s_SpinLock
 .bss           0x00015670        0x4 circle/lib/libcircle.a(exceptionhandler.o)
                0x00015670                CExceptionHandler::s_pThis
 .bss           0x00015674        0x0 c:/program files (x86)/gnu tools arm embedded/7 2017-q4-major/bin/../lib/gcc/arm-none-eabi/7.2.1/hard/libgcc.a(_udivsi3.o)
 .bss           0x00015674        0x0 c:/program files (x86)/gnu tools arm embedded/7 2017-q4-major/bin/../lib/gcc/arm-none-eabi/7.2.1/hard/libgcc.a(_dvmd_tls.o)
 *(COMMON)
                0x00015674                _end = .
LOAD src/main.o
LOAD src/kernel.o
START GROUP
LOAD circle/lib/libcircle.a
LOAD c:/program files (x86)/gnu tools arm embedded/7 2017-q4-major/bin/../lib/gcc/arm-none-eabi/7.2.1/hard/libgcc.a
LOAD c:/program files (x86)/gnu tools arm embedded/7 2017-q4-major/bin/../lib/gcc/arm-none-eabi/7.2.1/../../../../arm-none-eabi/lib/hard/libm.a
END GROUP
OUTPUT(kernel.elf elf32-littlearm)

.debug_info     0x00000000    0x21848
 .debug_info    0x00000000     0x162f src/main.o
 .debug_info    0x0000162f     0x1aed src/kernel.o
 .debug_info    0x0000311c     0x111b circle/lib/libcircle.a(actled.o)
 .debug_info    0x00004237      0xd66 circle/lib/libcircle.a(devicenameservice.o)
 .debug_info    0x00004f9d     0x2691 circle/lib/libcircle.a(gpiopin.o)
 .debug_info    0x0000762e      0xfcf circle/lib/libcircle.a(koptions.o)
 .debug_info    0x000085fd     0x1e55 circle/lib/libcircle.a(logger.o)
 .debug_info    0x0000a452      0xe9a circle/lib/libcircle.a(machineinfo.o)
 .debug_info    0x0000b2ec     0x2ef8 circle/lib/libcircle.a(screen.o)
 .debug_info    0x0000e1e4     0x1d13 circle/lib/libcircle.a(serial.o)
 .debug_info    0x0000fef7     0x1d29 circle/lib/libcircle.a(string.o)
 .debug_info    0x00011c20      0x676 circle/lib/libcircle.a(sysinit.o)
 .debug_info    0x00012296     0x22a2 circle/lib/libcircle.a(timer.o)
 .debug_info    0x00014538      0x6a8 circle/lib/libcircle.a(util.o)
 .debug_info    0x00014be0      0xbf6 circle/lib/libcircle.a(virtualgpiopin.o)
 .debug_info    0x000157d6      0x226 circle/lib/libcircle.a(chainboot.o)
 .debug_info    0x000159fc      0x950 circle/lib/libcircle.a(memory.o)
 .debug_info    0x0001634c      0x279 circle/lib/libcircle.a(pagetable.o)
 .debug_info    0x000165c5      0x22a circle/lib/libcircle.a(synchronize.o)
 .debug_info    0x000167ef      0x205 circle/lib/libcircle.a(new.o)
 .debug_info    0x000169f4     0x14e8 circle/lib/libcircle.a(alloc.o)
 .debug_info    0x00017edc      0xde9 circle/lib/libcircle.a(assert.o)
 .debug_info    0x00018cc5      0xe62 circle/lib/libcircle.a(bcmframebuffer.o)
 .debug_info    0x00019b27      0x817 circle/lib/libcircle.a(bcmpropertytags.o)
 .debug_info    0x0001a33e      0x3a4 circle/lib/libcircle.a(chargenerator.o)
 .debug_info    0x0001a6e2      0xe33 circle/lib/libcircle.a(debug.o)
 .debug_info    0x0001b515      0x35c circle/lib/libcircle.a(device.o)
 .debug_info    0x0001b871     0x2029 circle/lib/libcircle.a(dmachannel.o)
 .debug_info    0x0001d89a      0x98d circle/lib/libcircle.a(gpiomanager.o)
 .debug_info    0x0001e227      0xc2f circle/lib/libcircle.a(interrupt.o)
 .debug_info    0x0001ee56      0x788 circle/lib/libcircle.a(ptrlist.o)
 .debug_info    0x0001f5de      0xf77 circle/lib/libcircle.a(bcmmailbox.o)
 .debug_info    0x00020555     0x12f3 circle/lib/libcircle.a(exceptionhandler.o)

.debug_abbrev   0x00000000     0x7383
 .debug_abbrev  0x00000000      0x382 src/main.o
 .debug_abbrev  0x00000382      0x441 src/kernel.o
 .debug_abbrev  0x000007c3      0x405 circle/lib/libcircle.a(actled.o)
 .debug_abbrev  0x00000bc8      0x33f circle/lib/libcircle.a(devicenameservice.o)
 .debug_abbrev  0x00000f07      0x602 circle/lib/libcircle.a(gpiopin.o)
 .debug_abbrev  0x00001509      0x430 circle/lib/libcircle.a(koptions.o)
 .debug_abbrev  0x00001939      0x516 circle/lib/libcircle.a(logger.o)
 .debug_abbrev  0x00001e4f      0x3b9 circle/lib/libcircle.a(machineinfo.o)
 .debug_abbrev  0x00002208      0x5e3 circle/lib/libcircle.a(screen.o)
 .debug_abbrev  0x000027eb      0x53a circle/lib/libcircle.a(serial.o)
 .debug_abbrev  0x00002d25      0x453 circle/lib/libcircle.a(string.o)
 .debug_abbrev  0x00003178      0x2b6 circle/lib/libcircle.a(sysinit.o)
 .debug_abbrev  0x0000342e      0x628 circle/lib/libcircle.a(timer.o)
 .debug_abbrev  0x00003a56      0x23f circle/lib/libcircle.a(util.o)
 .debug_abbrev  0x00003c95      0x441 circle/lib/libcircle.a(virtualgpiopin.o)
 .debug_abbrev  0x000040d6      0x14f circle/lib/libcircle.a(chainboot.o)
 .debug_abbrev  0x00004225      0x3d6 circle/lib/libcircle.a(memory.o)
 .debug_abbrev  0x000045fb      0x19a circle/lib/libcircle.a(pagetable.o)
 .debug_abbrev  0x00004795      0x10b circle/lib/libcircle.a(synchronize.o)
 .debug_abbrev  0x000048a0      0x102 circle/lib/libcircle.a(new.o)
 .debug_abbrev  0x000049a2      0x4a0 circle/lib/libcircle.a(alloc.o)
 .debug_abbrev  0x00004e42      0x2f3 circle/lib/libcircle.a(assert.o)
 .debug_abbrev  0x00005135      0x3b1 circle/lib/libcircle.a(bcmframebuffer.o)
 .debug_abbrev  0x000054e6      0x2c6 circle/lib/libcircle.a(bcmpropertytags.o)
 .debug_abbrev  0x000057ac      0x1a4 circle/lib/libcircle.a(chargenerator.o)
 .debug_abbrev  0x00005950      0x2f8 circle/lib/libcircle.a(debug.o)
 .debug_abbrev  0x00005c48      0x210 circle/lib/libcircle.a(device.o)
 .debug_abbrev  0x00005e58      0x43e circle/lib/libcircle.a(dmachannel.o)
 .debug_abbrev  0x00006296      0x33e circle/lib/libcircle.a(gpiomanager.o)
 .debug_abbrev  0x000065d4      0x3c0 circle/lib/libcircle.a(interrupt.o)
 .debug_abbrev  0x00006994      0x1b8 circle/lib/libcircle.a(ptrlist.o)
 .debug_abbrev  0x00006b4c      0x40a circle/lib/libcircle.a(bcmmailbox.o)
 .debug_abbrev  0x00006f56      0x42d circle/lib/libcircle.a(exceptionhandler.o)

.debug_loc      0x00000000     0xc7f1
 .debug_loc     0x00000000       0x13 src/main.o
 .debug_loc     0x00000013      0x14d src/kernel.o
 .debug_loc     0x00000160      0x1d8 circle/lib/libcircle.a(actled.o)
 .debug_loc     0x00000338      0x81e circle/lib/libcircle.a(devicenameservice.o)
 .debug_loc     0x00000b56      0xf57 circle/lib/libcircle.a(gpiopin.o)
 .debug_loc     0x00001aad      0x3b6 circle/lib/libcircle.a(koptions.o)
 .debug_loc     0x00001e63      0x851 circle/lib/libcircle.a(logger.o)
 .debug_loc     0x000026b4      0x3c3 circle/lib/libcircle.a(machineinfo.o)
 .debug_loc     0x00002a77     0x1519 circle/lib/libcircle.a(screen.o)
 .debug_loc     0x00003f90     0x10f9 circle/lib/libcircle.a(serial.o)
 .debug_loc     0x00005089     0x1f63 circle/lib/libcircle.a(string.o)
 .debug_loc     0x00006fec       0x94 circle/lib/libcircle.a(sysinit.o)
 .debug_loc     0x00007080     0x11c5 circle/lib/libcircle.a(timer.o)
 .debug_loc     0x00008245      0xd09 circle/lib/libcircle.a(util.o)
 .debug_loc     0x00008f4e      0x358 circle/lib/libcircle.a(virtualgpiopin.o)
 .debug_loc     0x000092a6      0x106 circle/lib/libcircle.a(chainboot.o)
 .debug_loc     0x000093ac      0x1ee circle/lib/libcircle.a(memory.o)
 .debug_loc     0x0000959a       0x6e circle/lib/libcircle.a(pagetable.o)
 .debug_loc     0x00009608       0x87 circle/lib/libcircle.a(synchronize.o)
 .debug_loc     0x0000968f       0x84 circle/lib/libcircle.a(new.o)
 .debug_loc     0x00009713      0x6d2 circle/lib/libcircle.a(alloc.o)
 .debug_loc     0x00009de5       0x84 circle/lib/libcircle.a(assert.o)
 .debug_loc     0x00009e69      0x3db circle/lib/libcircle.a(bcmframebuffer.o)
 .debug_loc     0x0000a244      0x269 circle/lib/libcircle.a(bcmpropertytags.o)
 .debug_loc     0x0000a4ad      0x1cf circle/lib/libcircle.a(chargenerator.o)
 .debug_loc     0x0000a67c      0x189 circle/lib/libcircle.a(debug.o)
 .debug_loc     0x0000a805       0x60 circle/lib/libcircle.a(device.o)
 .debug_loc     0x0000a865      0xbc7 circle/lib/libcircle.a(dmachannel.o)
 .debug_loc     0x0000b42c      0x3cc circle/lib/libcircle.a(gpiomanager.o)
 .debug_loc     0x0000b7f8      0x720 circle/lib/libcircle.a(interrupt.o)
 .debug_loc     0x0000bf18      0x370 circle/lib/libcircle.a(ptrlist.o)
 .debug_loc     0x0000c288      0x28e circle/lib/libcircle.a(bcmmailbox.o)
 .debug_loc     0x0000c516      0x2db circle/lib/libcircle.a(exceptionhandler.o)

.debug_aranges  0x00000000      0x440
 .debug_aranges
                0x00000000       0x20 src/main.o
 .debug_aranges
                0x00000020       0x20 src/kernel.o
 .debug_aranges
                0x00000040       0x20 circle/lib/libcircle.a(actled.o)
 .debug_aranges
                0x00000060       0x20 circle/lib/libcircle.a(devicenameservice.o)
 .debug_aranges
                0x00000080       0x28 circle/lib/libcircle.a(gpiopin.o)
 .debug_aranges
                0x000000a8       0x20 circle/lib/libcircle.a(koptions.o)
 .debug_aranges
                0x000000c8       0x20 circle/lib/libcircle.a(logger.o)
 .debug_aranges
                0x000000e8       0x20 circle/lib/libcircle.a(machineinfo.o)
 .debug_aranges
                0x00000108       0x20 circle/lib/libcircle.a(screen.o)
 .debug_aranges
                0x00000128       0x20 circle/lib/libcircle.a(serial.o)
 .debug_aranges
                0x00000148       0x20 circle/lib/libcircle.a(string.o)
 .debug_aranges
                0x00000168       0x20 circle/lib/libcircle.a(sysinit.o)
 .debug_aranges
                0x00000188       0x20 circle/lib/libcircle.a(timer.o)
 .debug_aranges
                0x000001a8       0x20 circle/lib/libcircle.a(util.o)
 .debug_aranges
                0x000001c8       0x28 circle/lib/libcircle.a(virtualgpiopin.o)
 .debug_aranges
                0x000001f0       0x20 circle/lib/libcircle.a(chainboot.o)
 .debug_aranges
                0x00000210       0x20 circle/lib/libcircle.a(memory.o)
 .debug_aranges
                0x00000230       0x20 circle/lib/libcircle.a(pagetable.o)
 .debug_aranges
                0x00000250       0x20 circle/lib/libcircle.a(synchronize.o)
 .debug_aranges
                0x00000270       0x20 circle/lib/libcircle.a(new.o)
 .debug_aranges
                0x00000290       0x28 circle/lib/libcircle.a(alloc.o)
 .debug_aranges
                0x000002b8       0x20 circle/lib/libcircle.a(assert.o)
 .debug_aranges
                0x000002d8       0x20 circle/lib/libcircle.a(bcmframebuffer.o)
 .debug_aranges
                0x000002f8       0x20 circle/lib/libcircle.a(bcmpropertytags.o)
 .debug_aranges
                0x00000318       0x20 circle/lib/libcircle.a(chargenerator.o)
 .debug_aranges
                0x00000338       0x20 circle/lib/libcircle.a(debug.o)
 .debug_aranges
                0x00000358       0x20 circle/lib/libcircle.a(device.o)
 .debug_aranges
                0x00000378       0x20 circle/lib/libcircle.a(dmachannel.o)
 .debug_aranges
                0x00000398       0x20 circle/lib/libcircle.a(gpiomanager.o)
 .debug_aranges
                0x000003b8       0x20 circle/lib/libcircle.a(interrupt.o)
 .debug_aranges
                0x000003d8       0x20 circle/lib/libcircle.a(ptrlist.o)
 .debug_aranges
                0x000003f8       0x28 circle/lib/libcircle.a(bcmmailbox.o)
 .debug_aranges
                0x00000420       0x20 circle/lib/libcircle.a(exceptionhandler.o)

.debug_ranges   0x00000000     0x1748
 .debug_ranges  0x00000000       0x10 src/main.o
 .debug_ranges  0x00000010       0x18 src/kernel.o
 .debug_ranges  0x00000028       0x28 circle/lib/libcircle.a(actled.o)
 .debug_ranges  0x00000050      0x120 circle/lib/libcircle.a(devicenameservice.o)
 .debug_ranges  0x00000170      0x240 circle/lib/libcircle.a(gpiopin.o)
 .debug_ranges  0x000003b0       0xa0 circle/lib/libcircle.a(koptions.o)
 .debug_ranges  0x00000450      0x148 circle/lib/libcircle.a(logger.o)
 .debug_ranges  0x00000598       0x18 circle/lib/libcircle.a(machineinfo.o)
 .debug_ranges  0x000005b0      0x310 circle/lib/libcircle.a(screen.o)
 .debug_ranges  0x000008c0      0x2c8 circle/lib/libcircle.a(serial.o)
 .debug_ranges  0x00000b88      0x230 circle/lib/libcircle.a(string.o)
 .debug_ranges  0x00000db8       0x30 circle/lib/libcircle.a(sysinit.o)
 .debug_ranges  0x00000de8      0x358 circle/lib/libcircle.a(timer.o)
 .debug_ranges  0x00001140       0x20 circle/lib/libcircle.a(util.o)
 .debug_ranges  0x00001160       0xd8 circle/lib/libcircle.a(virtualgpiopin.o)
 .debug_ranges  0x00001238       0x58 circle/lib/libcircle.a(memory.o)
 .debug_ranges  0x00001290       0x40 circle/lib/libcircle.a(pagetable.o)
 .debug_ranges  0x000012d0      0x158 circle/lib/libcircle.a(alloc.o)
 .debug_ranges  0x00001428       0x60 circle/lib/libcircle.a(bcmframebuffer.o)
 .debug_ranges  0x00001488       0x38 circle/lib/libcircle.a(debug.o)
 .debug_ranges  0x000014c0       0xd8 circle/lib/libcircle.a(dmachannel.o)
 .debug_ranges  0x00001598       0x48 circle/lib/libcircle.a(gpiomanager.o)
 .debug_ranges  0x000015e0       0x78 circle/lib/libcircle.a(interrupt.o)
 .debug_ranges  0x00001658       0xa8 circle/lib/libcircle.a(bcmmailbox.o)
 .debug_ranges  0x00001700       0x48 circle/lib/libcircle.a(exceptionhandler.o)

.debug_line     0x00000000     0x4975
 .debug_line    0x00000000      0x166 src/main.o
 .debug_line    0x00000166      0x1dc src/kernel.o
 .debug_line    0x00000342      0x128 circle/lib/libcircle.a(actled.o)
 .debug_line    0x0000046a      0x2a0 circle/lib/libcircle.a(devicenameservice.o)
 .debug_line    0x0000070a      0x690 circle/lib/libcircle.a(gpiopin.o)
 .debug_line    0x00000d9a      0x1e0 circle/lib/libcircle.a(koptions.o)
 .debug_line    0x00000f7a      0x360 circle/lib/libcircle.a(logger.o)
 .debug_line    0x000012da      0x210 circle/lib/libcircle.a(machineinfo.o)
 .debug_line    0x000014ea      0x546 circle/lib/libcircle.a(screen.o)
 .debug_line    0x00001a30      0x54c circle/lib/libcircle.a(serial.o)
 .debug_line    0x00001f7c      0x478 circle/lib/libcircle.a(string.o)
 .debug_line    0x000023f4       0xdc circle/lib/libcircle.a(sysinit.o)
 .debug_line    0x000024d0      0x5e0 circle/lib/libcircle.a(timer.o)
 .debug_line    0x00002ab0      0x1f0 circle/lib/libcircle.a(util.o)
 .debug_line    0x00002ca0      0x1ba circle/lib/libcircle.a(virtualgpiopin.o)
 .debug_line    0x00002e5a       0x82 circle/lib/libcircle.a(chainboot.o)
 .debug_line    0x00002edc      0x16c circle/lib/libcircle.a(memory.o)
 .debug_line    0x00003048       0x8d circle/lib/libcircle.a(pagetable.o)
 .debug_line    0x000030d5       0xca circle/lib/libcircle.a(synchronize.o)
 .debug_line    0x0000319f       0x68 circle/lib/libcircle.a(new.o)
 .debug_line    0x00003207      0x2fe circle/lib/libcircle.a(alloc.o)
 .debug_line    0x00003505       0xf5 circle/lib/libcircle.a(assert.o)
 .debug_line    0x000035fa      0x176 circle/lib/libcircle.a(bcmframebuffer.o)
 .debug_line    0x00003770      0x134 circle/lib/libcircle.a(bcmpropertytags.o)
 .debug_line    0x000038a4       0xb8 circle/lib/libcircle.a(chargenerator.o)
 .debug_line    0x0000395c      0x100 circle/lib/libcircle.a(debug.o)
 .debug_line    0x00003a5c       0x72 circle/lib/libcircle.a(device.o)
 .debug_line    0x00003ace      0x565 circle/lib/libcircle.a(dmachannel.o)
 .debug_line    0x00004033      0x1ae circle/lib/libcircle.a(gpiomanager.o)
 .debug_line    0x000041e1      0x2ad circle/lib/libcircle.a(interrupt.o)
 .debug_line    0x0000448e      0x174 circle/lib/libcircle.a(ptrlist.o)
 .debug_line    0x00004602      0x1cd circle/lib/libcircle.a(bcmmailbox.o)
 .debug_line    0x000047cf      0x1a6 circle/lib/libcircle.a(exceptionhandler.o)

.debug_str      0x00000000     0x54ac
 .debug_str     0x00000000     0x17dd src/main.o
                               0x1948 (size before relaxing)
 .debug_str     0x000017dd      0x22f src/kernel.o
                               0x1b63 (size before relaxing)
 .debug_str     0x00001a0c      0x63c circle/lib/libcircle.a(actled.o)
                               0x1306 (size before relaxing)
 .debug_str     0x00002048      0x12d circle/lib/libcircle.a(devicenameservice.o)
                                0x638 (size before relaxing)
 .debug_str     0x00002175      0x71d circle/lib/libcircle.a(gpiopin.o)
                               0x1aad (size before relaxing)
 .debug_str     0x00002892      0x1f6 circle/lib/libcircle.a(koptions.o)
                                0x8c0 (size before relaxing)
 .debug_str     0x00002a88      0x14d circle/lib/libcircle.a(logger.o)
                               0x17c0 (size before relaxing)
 .debug_str     0x00002bd5       0xf9 circle/lib/libcircle.a(machineinfo.o)
                                0xadc (size before relaxing)
 .debug_str     0x00002cce     0x1187 circle/lib/libcircle.a(screen.o)
                               0x1be6 (size before relaxing)
 .debug_str     0x00003e55      0x40c circle/lib/libcircle.a(serial.o)
                               0x1328 (size before relaxing)
 .debug_str     0x00004261      0x2c6 circle/lib/libcircle.a(string.o)
                                0x67b (size before relaxing)
 .debug_str     0x00004527       0x9c circle/lib/libcircle.a(sysinit.o)
                                0x81f (size before relaxing)
 .debug_str     0x000045c3      0x195 circle/lib/libcircle.a(timer.o)
                               0x1276 (size before relaxing)
 .debug_str     0x00004758       0xf2 circle/lib/libcircle.a(util.o)
                                0x34f (size before relaxing)
 .debug_str     0x0000484a      0x1a8 circle/lib/libcircle.a(virtualgpiopin.o)
                                0x8f6 (size before relaxing)
 .debug_str     0x000049f2       0x6a circle/lib/libcircle.a(chainboot.o)
                                0x27f (size before relaxing)
 .debug_str     0x00004a5c       0xa6 circle/lib/libcircle.a(memory.o)
                                0x6c1 (size before relaxing)
 .debug_str     0x00004b02       0x50 circle/lib/libcircle.a(pagetable.o)
                                0x29d (size before relaxing)
 .debug_str     0x00004b52       0x7c circle/lib/libcircle.a(synchronize.o)
                                0x27b (size before relaxing)
 .debug_str     0x00004bce       0x25 circle/lib/libcircle.a(new.o)
                                0x240 (size before relaxing)
 .debug_str     0x00004bf3      0x168 circle/lib/libcircle.a(alloc.o)
                               0x1206 (size before relaxing)
 .debug_str     0x00004d5b       0x54 circle/lib/libcircle.a(assert.o)
                               0x104f (size before relaxing)
 .debug_str     0x00004daf       0x7f circle/lib/libcircle.a(bcmframebuffer.o)
                                0x9d7 (size before relaxing)
 .debug_str     0x00004e2e       0xac circle/lib/libcircle.a(bcmpropertytags.o)
                                0x6b5 (size before relaxing)
 .debug_str     0x00004eda       0x6d circle/lib/libcircle.a(chargenerator.o)
                                0x381 (size before relaxing)
 .debug_str     0x00004f47       0x5b circle/lib/libcircle.a(debug.o)
                               0x1031 (size before relaxing)
 .debug_str     0x00004fa2       0xd3 circle/lib/libcircle.a(device.o)
                                0x2e1 (size before relaxing)
 .debug_str     0x00005075       0xbc circle/lib/libcircle.a(dmachannel.o)
                               0x1704 (size before relaxing)
 .debug_str     0x00005131       0x5b circle/lib/libcircle.a(gpiomanager.o)
                                0x756 (size before relaxing)
 .debug_str     0x0000518c       0xc7 circle/lib/libcircle.a(interrupt.o)
                                0x5f1 (size before relaxing)
 .debug_str     0x00005253       0x42 circle/lib/libcircle.a(ptrlist.o)
                                0x375 (size before relaxing)
 .debug_str     0x00005295       0x6d circle/lib/libcircle.a(bcmmailbox.o)
                                0xe4e (size before relaxing)
 .debug_str     0x00005302      0x1aa circle/lib/libcircle.a(exceptionhandler.o)
                               0x1236 (size before relaxing)

.comment        0x00000000       0x7e
 .comment       0x00000000       0x7e src/main.o
                                 0x7f (size before relaxing)
 .comment       0x0000007e       0x7f src/kernel.o
 .comment       0x0000007e       0x7f circle/lib/libcircle.a(actled.o)
 .comment       0x0000007e       0x7f circle/lib/libcircle.a(devicenameservice.o)
 .comment       0x0000007e       0x7f circle/lib/libcircle.a(gpiopin.o)
 .comment       0x0000007e       0x7f circle/lib/libcircle.a(koptions.o)
 .comment       0x0000007e       0x7f circle/lib/libcircle.a(logger.o)
 .comment       0x0000007e       0x7f circle/lib/libcircle.a(machineinfo.o)
 .comment       0x0000007e       0x7f circle/lib/libcircle.a(screen.o)
 .comment       0x0000007e       0x7f circle/lib/libcircle.a(serial.o)
 .comment       0x0000007e       0x7f circle/lib/libcircle.a(string.o)
 .comment       0x0000007e       0x7f circle/lib/libcircle.a(sysinit.o)
 .comment       0x0000007e       0x7f circle/lib/libcircle.a(timer.o)
 .comment       0x0000007e       0x7f circle/lib/libcircle.a(util.o)
 .comment       0x0000007e       0x7f circle/lib/libcircle.a(virtualgpiopin.o)
 .comment       0x0000007e       0x7f circle/lib/libcircle.a(chainboot.o)
 .comment       0x0000007e       0x7f circle/lib/libcircle.a(memory.o)
 .comment       0x0000007e       0x7f circle/lib/libcircle.a(pagetable.o)
 .comment       0x0000007e       0x7f circle/lib/libcircle.a(synchronize.o)
 .comment       0x0000007e       0x7f circle/lib/libcircle.a(new.o)
 .comment       0x0000007e       0x7f circle/lib/libcircle.a(alloc.o)
 .comment       0x0000007e       0x7f circle/lib/libcircle.a(assert.o)
 .comment       0x0000007e       0x7f circle/lib/libcircle.a(bcmframebuffer.o)
 .comment       0x0000007e       0x7f circle/lib/libcircle.a(bcmpropertytags.o)
 .comment       0x0000007e       0x7f circle/lib/libcircle.a(chargenerator.o)
 .comment       0x0000007e       0x7f circle/lib/libcircle.a(debug.o)
 .comment       0x0000007e       0x7f circle/lib/libcircle.a(device.o)
 .comment       0x0000007e       0x7f circle/lib/libcircle.a(dmachannel.o)
 .comment       0x0000007e       0x7f circle/lib/libcircle.a(gpiomanager.o)
 .comment       0x0000007e       0x7f circle/lib/libcircle.a(interrupt.o)
 .comment       0x0000007e       0x7f circle/lib/libcircle.a(ptrlist.o)
 .comment       0x0000007e       0x7f circle/lib/libcircle.a(bcmmailbox.o)
 .comment       0x0000007e       0x7f circle/lib/libcircle.a(exceptionhandler.o)

.ARM.attributes
                0x00000000       0x2e
 .ARM.attributes
                0x00000000       0x30 src/main.o
 .ARM.attributes
                0x00000030       0x30 src/kernel.o
 .ARM.attributes
                0x00000060       0x30 circle/lib/libcircle.a(actled.o)
 .ARM.attributes
                0x00000090       0x30 circle/lib/libcircle.a(devicenameservice.o)
 .ARM.attributes
                0x000000c0       0x30 circle/lib/libcircle.a(gpiopin.o)
 .ARM.attributes
                0x000000f0       0x30 circle/lib/libcircle.a(koptions.o)
 .ARM.attributes
                0x00000120       0x30 circle/lib/libcircle.a(logger.o)
 .ARM.attributes
                0x00000150       0x30 circle/lib/libcircle.a(machineinfo.o)
 .ARM.attributes
                0x00000180       0x30 circle/lib/libcircle.a(screen.o)
 .ARM.attributes
                0x000001b0       0x30 circle/lib/libcircle.a(serial.o)
 .ARM.attributes
                0x000001e0       0x30 circle/lib/libcircle.a(string.o)
 .ARM.attributes
                0x00000210       0x30 circle/lib/libcircle.a(sysinit.o)
 .ARM.attributes
                0x00000240       0x30 circle/lib/libcircle.a(timer.o)
 .ARM.attributes
                0x00000270       0x30 circle/lib/libcircle.a(util.o)
 .ARM.attributes
                0x000002a0       0x1c circle/lib/libcircle.a(util_fast.o)
 .ARM.attributes
                0x000002bc       0x30 circle/lib/libcircle.a(virtualgpiopin.o)
 .ARM.attributes
                0x000002ec       0x30 circle/lib/libcircle.a(chainboot.o)
 .ARM.attributes
                0x0000031c       0x30 circle/lib/libcircle.a(memory.o)
 .ARM.attributes
                0x0000034c       0x30 circle/lib/libcircle.a(pagetable.o)
 .ARM.attributes
                0x0000037c       0x1c circle/lib/libcircle.a(startup.o)
 .ARM.attributes
                0x00000398       0x30 circle/lib/libcircle.a(synchronize.o)
 .ARM.attributes
                0x000003c8       0x30 circle/lib/libcircle.a(new.o)
 .ARM.attributes
                0x000003f8       0x30 circle/lib/libcircle.a(alloc.o)
 .ARM.attributes
                0x00000428       0x30 circle/lib/libcircle.a(assert.o)
 .ARM.attributes
                0x00000458       0x30 circle/lib/libcircle.a(bcmframebuffer.o)
 .ARM.attributes
                0x00000488       0x30 circle/lib/libcircle.a(bcmpropertytags.o)
 .ARM.attributes
                0x000004b8       0x30 circle/lib/libcircle.a(chargenerator.o)
 .ARM.attributes
                0x000004e8       0x30 circle/lib/libcircle.a(debug.o)
 .ARM.attributes
                0x00000518       0x1c circle/lib/libcircle.a(delayloop.o)
 .ARM.attributes
                0x00000534       0x30 circle/lib/libcircle.a(device.o)
 .ARM.attributes
                0x00000564       0x30 circle/lib/libcircle.a(dmachannel.o)
 .ARM.attributes
                0x00000594       0x30 circle/lib/libcircle.a(gpiomanager.o)
 .ARM.attributes
                0x000005c4       0x30 circle/lib/libcircle.a(interrupt.o)
 .ARM.attributes
                0x000005f4       0x30 circle/lib/libcircle.a(ptrlist.o)
 .ARM.attributes
                0x00000624       0x1c circle/lib/libcircle.a(exceptionstub.o)
 .ARM.attributes
                0x00000640       0x30 circle/lib/libcircle.a(bcmmailbox.o)
 .ARM.attributes
                0x00000670       0x30 circle/lib/libcircle.a(exceptionhandler.o)
 .ARM.attributes
                0x000006a0       0x18 c:/program files (x86)/gnu tools arm embedded/7 2017-q4-major/bin/../lib/gcc/arm-none-eabi/7.2.1/hard/libgcc.a(_udivsi3.o)
 .ARM.attributes
                0x000006b8       0x18 c:/program files (x86)/gnu tools arm embedded/7 2017-q4-major/bin/../lib/gcc/arm-none-eabi/7.2.1/hard/libgcc.a(_dvmd_tls.o)

.debug_frame    0x00000000     0x2620
 .debug_frame   0x00000000       0x30 src/main.o
 .debug_frame   0x00000030       0x94 src/kernel.o
 .debug_frame   0x000000c4       0x90 circle/lib/libcircle.a(actled.o)
 .debug_frame   0x00000154      0x190 circle/lib/libcircle.a(devicenameservice.o)
 .debug_frame   0x000002e4      0x2c4 circle/lib/libcircle.a(gpiopin.o)
 .debug_frame   0x000005a8      0x140 circle/lib/libcircle.a(koptions.o)
 .debug_frame   0x000006e8      0x1a0 circle/lib/libcircle.a(logger.o)
 .debug_frame   0x00000888      0x184 circle/lib/libcircle.a(machineinfo.o)
 .debug_frame   0x00000a0c      0x480 circle/lib/libcircle.a(screen.o)
 .debug_frame   0x00000e8c      0x1d0 circle/lib/libcircle.a(serial.o)
 .debug_frame   0x0000105c      0x280 circle/lib/libcircle.a(string.o)
 .debug_frame   0x000012dc       0x68 circle/lib/libcircle.a(sysinit.o)
 .debug_frame   0x00001344      0x31c circle/lib/libcircle.a(timer.o)
 .debug_frame   0x00001660      0x144 circle/lib/libcircle.a(util.o)
 .debug_frame   0x000017a4       0xa8 circle/lib/libcircle.a(virtualgpiopin.o)
 .debug_frame   0x0000184c       0x58 circle/lib/libcircle.a(chainboot.o)
 .debug_frame   0x000018a4       0xc8 circle/lib/libcircle.a(memory.o)
 .debug_frame   0x0000196c       0x50 circle/lib/libcircle.a(pagetable.o)
 .debug_frame   0x000019bc       0x74 circle/lib/libcircle.a(synchronize.o)
 .debug_frame   0x00001a30       0x70 circle/lib/libcircle.a(new.o)
 .debug_frame   0x00001aa0      0x108 circle/lib/libcircle.a(alloc.o)
 .debug_frame   0x00001ba8       0x34 circle/lib/libcircle.a(assert.o)
 .debug_frame   0x00001bdc      0x188 circle/lib/libcircle.a(bcmframebuffer.o)
 .debug_frame   0x00001d64       0x84 circle/lib/libcircle.a(bcmpropertytags.o)
 .debug_frame   0x00001de8       0x7c circle/lib/libcircle.a(chargenerator.o)
 .debug_frame   0x00001e64       0x64 circle/lib/libcircle.a(debug.o)
 .debug_frame   0x00001ec8       0x68 circle/lib/libcircle.a(device.o)
 .debug_frame   0x00001f30      0x1bc circle/lib/libcircle.a(dmachannel.o)
 .debug_frame   0x000020ec       0xd8 circle/lib/libcircle.a(gpiomanager.o)
 .debug_frame   0x000021c4      0x1a8 circle/lib/libcircle.a(interrupt.o)
 .debug_frame   0x0000236c      0x100 circle/lib/libcircle.a(ptrlist.o)
 .debug_frame   0x0000246c       0xb0 circle/lib/libcircle.a(bcmmailbox.o)
 .debug_frame   0x0000251c       0xe4 circle/lib/libcircle.a(exceptionhandler.o)
 .debug_frame   0x00002600       0x20 c:/program files (x86)/gnu tools arm embedded/7 2017-q4-major/bin/../lib/gcc/arm-none-eabi/7.2.1/hard/libgcc.a(_udivsi3.o)
