Archive member included to satisfy reference by file (symbol)

./circle/lib/usb/libusb.a(dwhcidevice.o)
                              src/kernel.o (CDWHCIDevice::~CDWHCIDevice())
./circle/lib/usb/libusb.a(dwhciregister.o)
                              ./circle/lib/usb/libusb.a(dwhcidevice.o) (CDWHCIRegister::CDWHCIRegister(unsigned int))
./circle/lib/usb/libusb.a(dwhcixferstagedata.o)
                              ./circle/lib/usb/libusb.a(dwhcidevice.o) (CDWHCITransferStageData::~CDWHCITransferStageData())
./circle/lib/usb/libusb.a(usbdevice.o)
                              ./circle/lib/usb/libusb.a(dwhcixferstagedata.o) (CUSBDevice::GetAddress() const)
./circle/lib/usb/libusb.a(usbendpoint.o)
                              ./circle/lib/usb/libusb.a(usbdevice.o) (CUSBEndpoint::CUSBEndpoint(CUSBDevice*))
./circle/lib/usb/libusb.a(usbhostcontroller.o)
                              ./circle/lib/usb/libusb.a(dwhcidevice.o) (CUSBHostController::CUSBHostController())
./circle/lib/usb/libusb.a(usbrequest.o)
                              ./circle/lib/usb/libusb.a(usbhostcontroller.o) (CUSBRequest::CUSBRequest(CUSBEndpoint*, void*, unsigned int, TSetupData*))
./circle/lib/usb/libusb.a(usbdevicefactory.o)
                              ./circle/lib/usb/libusb.a(usbdevice.o) (CUSBDeviceFactory::GetDevice(CUSBFunction*, CString*))
./circle/lib/usb/libusb.a(usbstandardhub.o)
                              ./circle/lib/usb/libusb.a(usbdevicefactory.o) (CUSBStandardHub::CUSBStandardHub(CUSBFunction*))
./circle/lib/usb/libusb.a(usbmassdevice.o)
                              ./circle/lib/usb/libusb.a(usbdevicefactory.o) (CUSBBulkOnlyMassStorageDevice::CUSBBulkOnlyMassStorageDevice(CUSBFunction*))
./circle/lib/usb/libusb.a(dwhciframeschednper.o)
                              ./circle/lib/usb/libusb.a(dwhcixferstagedata.o) (CDWHCIFrameSchedulerNonPeriodic::CDWHCIFrameSchedulerNonPeriodic())
./circle/lib/usb/libusb.a(dwhciframeschedper.o)
                              ./circle/lib/usb/libusb.a(dwhcixferstagedata.o) (CDWHCIFrameSchedulerPeriodic::CDWHCIFrameSchedulerPeriodic())
./circle/lib/usb/libusb.a(usbkeyboard.o)
                              ./circle/lib/usb/libusb.a(usbdevicefactory.o) (CUSBKeyboardDevice::CUSBKeyboardDevice(CUSBFunction*))
./circle/lib/usb/libusb.a(dwhcirootport.o)
                              ./circle/lib/usb/libusb.a(dwhcidevice.o) (CDWHCIRootPort::CDWHCIRootPort(CDWHCIDevice*))
./circle/lib/usb/libusb.a(usbhiddevice.o)
                              ./circle/lib/usb/libusb.a(usbkeyboard.o) (CUSBHIDDevice::CUSBHIDDevice(CUSBFunction*, unsigned int))
./circle/lib/usb/libusb.a(usbmouse.o)
                              ./circle/lib/usb/libusb.a(usbdevicefactory.o) (CUSBMouseDevice::CUSBMouseDevice(CUSBFunction*))
./circle/lib/usb/libusb.a(usbgamepadstandard.o)
                              ./circle/lib/usb/libusb.a(usbdevicefactory.o) (CUSBGamePadStandardDevice::CUSBGamePadStandardDevice(CUSBFunction*, bool))
./circle/lib/usb/libusb.a(usbgamepadps3.o)
                              ./circle/lib/usb/libusb.a(usbdevicefactory.o) (CUSBGamePadPS3Device::CUSBGamePadPS3Device(CUSBFunction*))
./circle/lib/usb/libusb.a(usbgamepadps4.o)
                              ./circle/lib/usb/libusb.a(usbdevicefactory.o) (CUSBGamePadPS4Device::CUSBGamePadPS4Device(CUSBFunction*))
./circle/lib/usb/libusb.a(usbgamepadxbox360.o)
                              ./circle/lib/usb/libusb.a(usbdevicefactory.o) (CUSBGamePadXbox360Device::CUSBGamePadXbox360Device(CUSBFunction*))
./circle/lib/usb/libusb.a(usbgamepadxboxone.o)
                              ./circle/lib/usb/libusb.a(usbdevicefactory.o) (CUSBGamePadXboxOneDevice::CUSBGamePadXboxOneDevice(CUSBFunction*))
./circle/lib/usb/libusb.a(usbgamepadswitchpro.o)
                              ./circle/lib/usb/libusb.a(usbdevicefactory.o) (CUSBGamePadSwitchProDevice::CUSBGamePadSwitchProDevice(CUSBFunction*))
./circle/lib/usb/libusb.a(usbfunction.o)
                              ./circle/lib/usb/libusb.a(usbstandardhub.o) (CUSBFunction::Initialize())
./circle/lib/usb/libusb.a(dwhciframeschednsplit.o)
                              ./circle/lib/usb/libusb.a(dwhcixferstagedata.o) (CDWHCIFrameSchedulerNoSplit::CDWHCIFrameSchedulerNoSplit(bool))
./circle/lib/usb/libusb.a(usbprinter.o)
                              ./circle/lib/usb/libusb.a(usbdevicefactory.o) (CUSBPrinterDevice::CUSBPrinterDevice(CUSBFunction*))
./circle/lib/usb/libusb.a(usbbluetooth.o)
                              ./circle/lib/usb/libusb.a(usbdevicefactory.o) (CUSBBluetoothDevice::CUSBBluetoothDevice(CUSBFunction*))
./circle/lib/usb/libusb.a(usbmidi.o)
                              ./circle/lib/usb/libusb.a(usbdevicefactory.o) (CUSBMIDIDevice::CUSBMIDIDevice(CUSBFunction*))
./circle/lib/usb/libusb.a(usbcdcethernet.o)
                              ./circle/lib/usb/libusb.a(usbdevicefactory.o) (CUSBCDCEthernetDevice::CUSBCDCEthernetDevice(CUSBFunction*))
./circle/lib/usb/libusb.a(usbconfigparser.o)
[...]
Memory Configuration

Name             Origin             Length             Attributes
*default*        0x0000000000000000 0xffffffffffffffff

Linker script and memory map

Address of section .init set to 0x8000

.init           0x0000000000008000       0x64
 *(.init)
 .init          0x0000000000008000       0x64 ./circle/lib/libcircle.a(startup.o)
                0x0000000000008000                _start

.text           0x0000000000008068    0x1bedc
 *(.text*)
 .text          0x0000000000008068       0x7c src/main.o
                0x0000000000008068                main
 .text          0x00000000000080e4      0x8ac src/kernel.o
                0x00000000000080e4                CKernel::ShutdownHandler()
                0x000000000000812c                CKernel::KeyPressedHandler(char const*)
                0x00000000000081ac                pinRawWrite(int, bool)
                0x0000000000008204                pinRawMode(int, bool, bool)
                0x00000000000082b8                pinRawRead(int)
                0x00000000000082e4                micros()
                0x00000000000082f4                CKernel::CKernel()
                0x00000000000082f4                CKernel::CKernel()
                0x0000000000008400                CKernel::Initialize()
                0x00000000000084b4                CKernel::testTiming(int)
                0x00000000000085e8                CKernel::Run()
                0x00000000000087f4                CKernel::~CKernel()
                0x00000000000087f4                CKernel::~CKernel()
                0x0000000000008890                CKernel::KeyStatusHandlerRaw(unsigned char, unsigned char const*)
 .text          0x0000000000008990       0x70 src/System/lowlev.o
                0x0000000000008990                lowlevCycleDelay
                0x00000000000089ac                lowlevBlockCopyExecRelocatable
                0x00000000000089d8                lowlevBlockCopyExecRelocatableLen
                0x00000000000089e0                lowlevGoto
                0x00000000000089ec                lowlevStoreAbs8
 .text          0x0000000000008a00      0xdb4 src/Target/BusRaider.o
                0x0000000000008a2c                BusRaider::BusRaider()
                0x0000000000008a2c                BusRaider::BusRaider()
                0x0000000000008af8                BusRaider::hostReset()
                0x0000000000008b60                BusRaider::hostResetHold()
                0x0000000000008b84                BusRaider::hostNMI()
                0x0000000000008bb0                BusRaider::hostIRQ()
                0x0000000000008bdc                BusRaider::controlRequestBus()
                0x0000000000008c04                BusRaider::controlBusAcknowledged()
                0x0000000000008c1c                BusRaider::controlTake()
                0x0000000000008ca8                BusRaider::controlRelease(bool)
                0x0000000000008d4c                BusRaider::controlReqAndTake()
                0x0000000000008ddc                BusRaider::addrLowSet(unsigned long)
                0x0000000000008e50                BusRaider::addrLowInc()
                0x0000000000008e7c                BusRaider::addrHighSet(unsigned long)
                0x0000000000008ee4                BusRaider::addrSet(unsigned int)
                0x0000000000008f08                BusRaider::byteWrite(unsigned long, int)
                0x0000000000008fa4                BusRaider::byteRead(int)
                0x000000000000902c                BusRaider::blockWrite(unsigned long, unsigned char const*, unsigned long, int, int)
                0x0000000000009190                BusRaider::blockRead(unsigned long, unsigned char*, unsigned long, int, int)
                0x0000000000009310                BusRaider::muxSet(int)
                0x000000000000932c                BusRaider::muxClear()
                0x0000000000009340                BusRaider::waitIntClear()
                0x0000000000009354                BusRaider::waitIntDisable()
                0x0000000000009358                BusRaider::waitIntEnable()
                0x0000000000009360                BusRaider::pibSetOut()
                0x0000000000009384                BusRaider::pibSetIn()
                0x000000000000939c                BusRaider::pibSetValue(unsigned char)
                0x00000000000093bc                BusRaider::pibGetValue()
                0x00000000000093d4                BusRaider::pinRawMode(int, bool, bool)
                0x00000000000094e0                BusRaider::setPinOut(CGPIOPin&, int, bool)
                0x00000000000094ec                BusRaider::setPinIn(CGPIOPin&, int)
                0x00000000000094fc                BusRaider::init()
                0x0000000000009698                BusRaider::pinRawWrite(int, bool)
                0x00000000000096d8                BusRaider::pinRawRead(int)
                0x00000000000096fc                BusRaider::~BusRaider()
                0x00000000000096fc                BusRaider::~BusRaider()
 .text          0x00000000000097b4      0x12c src/Target/TargetMemory.o
                0x00000000000097b4                TargetMemory::clear()
                0x00000000000097fc                TargetMemory::dataBlockStore(unsigned long, unsigned char const*, unsigned long)
                0x00000000000098c4                TargetMemory::getNumBlocks()
                0x00000000000098d0                TargetMemory::getMemoryBlock(int)
                0x00000000000098dc                TargetMemory::memoryPtr()
 .text          0x00000000000098e0      0x318 src/Target/TargetScreen.o
                0x00000000000098e0                TargetScreen::TargetScreen(CScreenDevice&, TargetFonts&, CLogger&)
                0x00000000000098e0                TargetScreen::TargetScreen(CScreenDevice&, TargetFonts&, CLogger&)
                0x000000000000990c                TargetScreen::~TargetScreen()
                0x000000000000990c                TargetScreen::~TargetScreen()
                0x0000000000009924                TargetScreen::setup(int, int, int, int, char const*, unsigned short, unsigned short, int, int, int, int, int, int)
                0x0000000000009a18                TargetScreen::putChar(int, int, int)
 .text          0x0000000000009bf8       0x8c src/Target/TargetFonts.o
                0x0000000000009bf8                TargetFonts::TargetFonts()
                0x0000000000009bf8                TargetFonts::TargetFonts()
                0x0000000000009c04                TargetFonts::~TargetFonts()
                0x0000000000009c04                TargetFonts::~TargetFonts()
                0x0000000000009c08                TargetFonts::addFont(TargetFont*)
                0x0000000000009c20                TargetFonts::getFont(char const*)
 .text          0x0000000000009c84        0x0 src/Fonts/FontTRS80Level1.o
 .text.startup  0x0000000000009c84       0x5c src/Fonts/FontTRS80Level1.o
 .text          0x0000000000009ce0     0x2688 ./circle/lib/usb/libusb.a(dwhcidevice.o)
                0x0000000000009ce0                CDWHCIDevice::CompletionRoutine(CUSBRequest*, void*, void*)
                0x0000000000009d40                CDWHCIDevice::~CDWHCIDevice()
                0x0000000000009d40                CDWHCIDevice::~CDWHCIDevice()
                0x0000000000009d74                CDWHCIDevice::~CDWHCIDevice()
                0x0000000000009e10                CDWHCIDevice::CDWHCIDevice(CInterruptSystem*, CTimer*)
                0x0000000000009e10                CDWHCIDevice::CDWHCIDevice(CInterruptSystem*, CTimer*)
                0x0000000000009eec                CDWHCIDevice::GetPortSpeed()
                0x0000000000009f40                CDWHCIDevice::OvercurrentDetected()
                0x0000000000009f7c                CDWHCIDevice::DisableRootPort()
                0x0000000000009fc0                CDWHCIDevice::PowerOn()
                0x000000000000a028                CDWHCIDevice::EnableGlobalInterrupts()
                0x000000000000a06c                CDWHCIDevice::EnableCommonInterrupts()
                0x000000000000a0a4                CDWHCIDevice::EnableHostInterrupts()
                0x000000000000a100                CDWHCIDevice::EnableChannelInterrupt(unsigned int)
                0x000000000000a174                CDWHCIDevice::DisableChannelInterrupt(unsigned int)
                0x000000000000a1e8                CDWHCIDevice::StartChannel(CDWHCITransferStageData*)
                0x000000000000a5c0                CDWHCIDevice::StartTransaction(CDWHCITransferStageData*)
                0x000000000000a6dc                CDWHCIDevice::TimerHandler(CDWHCITransferStageData*)
                0x000000000000a7a0                CDWHCIDevice::TimerStub(unsigned int, void*, void*)
                0x000000000000a810                CDWHCIDevice::AllocateChannel()
                0x000000000000a8e8                CDWHCIDevice::FreeChannel(unsigned int)
                0x000000000000a984                CDWHCIDevice::TransferStageAsync(CUSBRequest*, bool, bool, unsigned int)
                0x000000000000aaec                CDWHCIDevice::SubmitAsyncRequest(CUSBRequest*, unsigned int)
                0x000000000000abcc                CDWHCIDevice::ChannelInterruptHandler(unsigned int)
                0x000000000000b10c                CDWHCIDevice::InterruptHandler()
                0x000000000000b20c                CDWHCIDevice::InterruptStub(void*)
                0x000000000000b24c                CDWHCIDevice::AllocateWaitBlock()
                0x000000000000b2c0                CDWHCIDevice::FreeWaitBlock(unsigned int)
                0x000000000000b358                CDWHCIDevice::TransferStage(CUSBRequest*, bool, bool, unsigned int)
                0x000000000000b46c                CDWHCIDevice::SubmitBlockingRequest(CUSBRequest*, unsigned int)
                0x000000000000b720                CDWHCIDevice::WaitForBit(CDWHCIRegister*, unsigned int, bool, unsigned int)
                0x000000000000b820                CDWHCIDevice::EnableRootPort()
                0x000000000000b8dc                CDWHCIDevice::Reset()
                0x000000000000b97c                CDWHCIDevice::InitCore()
                0x000000000000bbd8                CDWHCIDevice::FlushTxFIFO(unsigned int)
                0x000000000000bc74                CDWHCIDevice::FlushRxFIFO()
                0x000000000000bcf4                CDWHCIDevice::InitHost()
                0x000000000000bef4                CDWHCIDevice::Initialize()
                0x000000000000c160                CDWHCIDevice::DumpRegister(char const*, unsigned int)
                0x000000000000c1c0                CDWHCIDevice::DumpStatus(unsigned int)
 .text          0x000000000000c368      0x2f8 ./circle/lib/usb/libusb.a(dwhciregister.o)
                0x000000000000c368                CDWHCIRegister::CDWHCIRegister(unsigned int)
                0x000000000000c368                CDWHCIRegister::CDWHCIRegister(unsigned int)
                0x000000000000c378                CDWHCIRegister::CDWHCIRegister(unsigned int, unsigned int)
                0x000000000000c378                CDWHCIRegister::CDWHCIRegister(unsigned int, unsigned int)
                0x000000000000c388                CDWHCIRegister::~CDWHCIRegister()
                0x000000000000c388                CDWHCIRegister::~CDWHCIRegister()
                0x000000000000c38c                CDWHCIRegister::Read()
                0x000000000000c3a8                CDWHCIRegister::Write()
                0x000000000000c3e4                CDWHCIRegister::Get() const
                0x000000000000c418                CDWHCIRegister::Set(unsigned int)
                0x000000000000c428                CDWHCIRegister::IsSet(unsigned int) const
                0x000000000000c46c                CDWHCIRegister::And(unsigned int)
                0x000000000000c4ac                CDWHCIRegister::Or(unsigned int)
                0x000000000000c4ec                CDWHCIRegister::ClearBit(unsigned int)
                0x000000000000c550                CDWHCIRegister::SetBit(unsigned int)
                0x000000000000c5b4                CDWHCIRegister::ClearAll()
                0x000000000000c5c8                CDWHCIRegister::SetAll()
                0x000000000000c5dc                CDWHCIRegister::Dump() const
 .text          0x000000000000c660      0xbdc ./circle/lib/usb/libusb.a(dwhcixferstagedata.o)
                0x000000000000c660                CDWHCITransferStageData::~CDWHCITransferStageData()
                0x000000000000c660                CDWHCITransferStageData::~CDWHCITransferStageData()
                0x000000000000c6a4                CDWHCITransferStageData::SetChannelNumber(unsigned int)
                0x000000000000c6ac                CDWHCITransferStageData::TransactionComplete(unsigned int, unsigned int, unsigned int)
                0x000000000000c868                CDWHCITransferStageData::SetSplitComplete(bool)
                0x000000000000c8a0                CDWHCITransferStageData::SetState(unsigned int)
                0x000000000000c8a8                CDWHCITransferStageData::GetState() const
                0x000000000000c8b0                CDWHCITransferStageData::SetSubState(unsigned int)
                0x000000000000c8b8                CDWHCITransferStageData::GetSubState() const
                0x000000000000c8c0                CDWHCITransferStageData::BeginSplitCycle()
                0x000000000000c8c8                CDWHCITransferStageData::GetChannelNumber() const
                0x000000000000c8d0                CDWHCITransferStageData::IsPeriodic() const
                0x000000000000c920                CDWHCITransferStageData::CDWHCITransferStageData(unsigned int, CUSBRequest*, bool, bool, unsigned int)
                0x000000000000c920                CDWHCITransferStageData::CDWHCITransferStageData(unsigned int, CUSBRequest*, bool, bool, unsigned int)
                0x000000000000cc40                CDWHCITransferStageData::GetDeviceAddress() const
                0x000000000000cc88                CDWHCITransferStageData::GetEndpointType() const
                0x000000000000cd08                CDWHCITransferStageData::GetEndpointNumber() const
                0x000000000000cd50                CDWHCITransferStageData::GetMaxPacketSize() const
                0x000000000000cd58                CDWHCITransferStageData::GetSpeed() const
                0x000000000000cd60                CDWHCITransferStageData::GetPID() const
                0x000000000000cde4                CDWHCITransferStageData::IsDirectionIn() const
                0x000000000000cdec                CDWHCITransferStageData::IsStatusStage() const
                0x000000000000cdf4                CDWHCITransferStageData::GetDMAAddress() const
                0x000000000000ce38                CDWHCITransferStageData::GetBytesToTransfer() const
                0x000000000000ce40                CDWHCITransferStageData::GetPacketsToTransfer() const
                0x000000000000ce48                CDWHCITransferStageData::IsSplit() const
                0x000000000000ce50                CDWHCITransferStageData::IsSplitComplete() const
                0x000000000000ce88                CDWHCITransferStageData::GetHubAddress() const
                0x000000000000cef8                CDWHCITransferStageData::GetHubPortAddress() const
                0x000000000000cf68                CDWHCITransferStageData::GetSplitPosition() const
                0x000000000000cf70                CDWHCITransferStageData::GetStatusMask() const
                0x000000000000cfa4                CDWHCITransferStageData::GetTransactionStatus() const
                0x000000000000cfe8                CDWHCITransferStageData::IsStageComplete() const
                0x000000000000cff8                CDWHCITransferStageData::GetResultLen() const
                0x000000000000d00c                CDWHCITransferStageData::IsTimeout() const
                0x000000000000d04c                CDWHCITransferStageData::GetURB() const
                0x000000000000d08c                CDWHCITransferStageData::GetFrameScheduler() const
                0x000000000000d094                CDWHCITransferStageData::operator new(unsigned int)
                0x000000000000d0f8                CDWHCITransferStageData::operator delete(void*, unsigned int)
                0x000000000000d168                CDWHCITransferStageData::InitAllocator(unsigned int)
                0x000000000000d1c8                CDWHCITransferStageData::InitProtectedAllocator(unsigned int, unsigned int)
 .text          0x000000000000d23c      0xf18 ./circle/lib/usb/libusb.a(usbdevice.o)
                0x000000000000d23c                CUSBDevice::~CUSBDevice()
                0x000000000000d23c                CUSBDevice::~CUSBDevice()
                0x000000000000d2f0                CUSBDevice::~CUSBDevice()
                0x000000000000d310                CUSBDevice::CUSBDevice(CUSBHostController*, TUSBSpeed, bool, unsigned char, unsigned char)
                0x000000000000d310                CUSBDevice::CUSBDevice(CUSBHostController*, TUSBSpeed, bool, unsigned char, unsigned char)
                0x000000000000d3f4                CUSBDevice::GetName(TDeviceNameSelector) const
                0x000000000000d510                CUSBDevice::GetNames() const
                0x000000000000d650                CUSBDevice::SetAddress(unsigned char)
                0x000000000000d688                CUSBDevice::GetAddress() const
                0x000000000000d690                CUSBDevice::GetSpeed() const
                0x000000000000d698                CUSBDevice::IsSplit() const
                0x000000000000d6a0                CUSBDevice::GetHubAddress() const
                0x000000000000d6a8                CUSBDevice::GetHubPortNumber() const
                0x000000000000d6b0                CUSBDevice::GetEndpoint0() const
                0x000000000000d6f4                CUSBDevice::GetHost() const
                0x000000000000d738                CUSBDevice::GetDeviceDescriptor() const
                0x000000000000d77c                CUSBDevice::GetConfigurationDescriptor() const
                0x000000000000d7c0                CUSBDevice::GetDescriptor(unsigned char)
                0x000000000000d810                CUSBDevice::ConfigurationError(char const*) const
                0x000000000000d860                CUSBDevice::LogWrite(TLogSeverity, char const*, ...)
                0x000000000000d918                CUSBDevice::Initialize()
                0x000000000000e04c                CUSBDevice::Configure()
 .text          0x000000000000e154      0x48c ./circle/lib/usb/libusb.a(usbendpoint.o)
                0x000000000000e154                CUSBEndpoint::CUSBEndpoint(CUSBDevice*)
                0x000000000000e154                CUSBEndpoint::CUSBEndpoint(CUSBDevice*)
                0x000000000000e1b4                CUSBEndpoint::CUSBEndpoint(CUSBDevice*, TUSBEndpointDescriptor const*)
                0x000000000000e1b4                CUSBEndpoint::CUSBEndpoint(CUSBDevice*, TUSBEndpointDescriptor const*)
                0x000000000000e370                CUSBEndpoint::CUSBEndpoint(CUSBEndpoint*, CUSBDevice*)
                0x000000000000e370                CUSBEndpoint::CUSBEndpoint(CUSBEndpoint*, CUSBDevice*)
                0x000000000000e3fc                CUSBEndpoint::~CUSBEndpoint()
                0x000000000000e3fc                CUSBEndpoint::~CUSBEndpoint()
                0x000000000000e400                CUSBEndpoint::GetDevice() const
                0x000000000000e440                CUSBEndpoint::GetNumber() const
                0x000000000000e448                CUSBEndpoint::GetType() const
                0x000000000000e450                CUSBEndpoint::IsDirectionIn() const
                0x000000000000e458                CUSBEndpoint::SetMaxPacketSize(unsigned int)
                0x000000000000e460                CUSBEndpoint::GetMaxPacketSize() const
                0x000000000000e468                CUSBEndpoint::GetInterval() const
                0x000000000000e49c                CUSBEndpoint::GetNextPID(bool)
                0x000000000000e4e4                CUSBEndpoint::SkipPID(unsigned int, bool)
                0x000000000000e5a8                CUSBEndpoint::ResetPID()
 .text          0x000000000000e5e0      0x228 ./circle/lib/usb/libusb.a(usbhostcontroller.o)
                0x000000000000e5e0                CUSBHostController::CUSBHostController()
                0x000000000000e5e0                CUSBHostController::CUSBHostController()
                0x000000000000e5f0                CUSBHostController::~CUSBHostController()
                0x000000000000e5f0                CUSBHostController::~CUSBHostController()
                0x000000000000e5f4                CUSBHostController::~CUSBHostController()
                0x000000000000e60c                CUSBHostController::ControlMessage(CUSBEndpoint*, unsigned char, unsigned char, unsigned short, unsigned short, void*, unsigned short)
                0x000000000000e6d4                CUSBHostController::GetDescriptor(CUSBEndpoint*, unsigned char, unsigned char, void*, unsigned int, unsigned char, unsigned short)
                0x000000000000e70c                CUSBHostController::SetAddress(CUSBEndpoint*, unsigned char)
                0x000000000000e758                CUSBHostController::SetConfiguration(CUSBEndpoint*, unsigned char)
                0x000000000000e7a4                CUSBHostController::Transfer(CUSBEndpoint*, void*, unsigned int, unsigned int)
 .text          0x000000000000e808      0x3f4 ./circle/lib/usb/libusb.a(usbrequest.o)
                0x000000000000e808                CUSBRequest::CUSBRequest(CUSBEndpoint*, void*, unsigned int, TSetupData*)
                0x000000000000e808                CUSBRequest::CUSBRequest(CUSBEndpoint*, void*, unsigned int, TSetupData*)
                0x000000000000e89c                CUSBRequest::~CUSBRequest()
                0x000000000000e89c                CUSBRequest::~CUSBRequest()
                0x000000000000e8a0                CUSBRequest::GetEndpoint() const
                0x000000000000e8e0                CUSBRequest::SetStatus(int)
                0x000000000000e8e8                CUSBRequest::SetResultLen(unsigned int)
                0x000000000000e8f0                CUSBRequest::GetStatus() const
                0x000000000000e8f8                CUSBRequest::GetResultLength() const
                0x000000000000e92c                CUSBRequest::GetSetupData()
                0x000000000000e988                CUSBRequest::GetBuffer()
                0x000000000000e9d4                CUSBRequest::GetBufLen() const
                0x000000000000e9dc                CUSBRequest::SetCompletionRoutine(void (*)(CUSBRequest*, void*, void*), void*, void*)
                0x000000000000ea08                CUSBRequest::CallCompletionRoutine()
                0x000000000000ea50                CUSBRequest::SetCompleteOnNAK()
                0x000000000000ea5c                CUSBRequest::IsCompleteOnNAK() const
                0x000000000000ea64                CUSBRequest::operator new(unsigned int)
                0x000000000000eac4                CUSBRequest::operator delete(void*, unsigned int)
                0x000000000000eb30                CUSBRequest::InitAllocator(unsigned int)
                0x000000000000eb8c                CUSBRequest::InitProtectedAllocator(unsigned int, unsigned int)
 .text          0x000000000000ebfc      0x474 ./circle/lib/usb/libusb.a(usbdevicefactory.o)
                0x000000000000ebfc                CUSBDeviceFactory::GetDevice(CUSBFunction*, CString*)
 .text          0x000000000000f070      0xabc ./circle/lib/usb/libusb.a(usbstandardhub.o)
                0x000000000000f070                CUSBStandardHub::~CUSBStandardHub()
                0x000000000000f070                CUSBStandardHub::~CUSBStandardHub()
                0x000000000000f108                CUSBStandardHub::~CUSBStandardHub()
                0x000000000000f128                CUSBStandardHub::CUSBStandardHub(CUSBFunction*)
                0x000000000000f128                CUSBStandardHub::CUSBStandardHub(CUSBFunction*)
                0x000000000000f174                CUSBStandardHub::EnumeratePorts()
                0x000000000000f914                CUSBStandardHub::Configure()
 .text          0x000000000000fb2c      0xcf4 ./circle/lib/usb/libusb.a(usbmassdevice.o)
                0x000000000000fb2c                CUSBBulkOnlyMassStorageDevice::Seek(unsigned long long)
                0x000000000000fb3c                CUSBBulkOnlyMassStorageDevice::~CUSBBulkOnlyMassStorageDevice()
                0x000000000000fb3c                CUSBBulkOnlyMassStorageDevice::~CUSBBulkOnlyMassStorageDevice()
                0x000000000000fbd8                CUSBBulkOnlyMassStorageDevice::~CUSBBulkOnlyMassStorageDevice()
                0x000000000000fbf8                CUSBBulkOnlyMassStorageDevice::CUSBBulkOnlyMassStorageDevice(CUSBFunction*)
                0x000000000000fbf8                CUSBBulkOnlyMassStorageDevice::CUSBBulkOnlyMassStorageDevice(CUSBFunction*)
                0x000000000000fc3c                CUSBBulkOnlyMassStorageDevice::GetCapacity() const
                0x000000000000fc44                CUSBBulkOnlyMassStorageDevice::Command(void*, unsigned int, void*, unsigned int, bool)
                0x000000000000ff10                CUSBBulkOnlyMassStorageDevice::TryRead(void*, unsigned int)
                0x0000000000010044                CUSBBulkOnlyMassStorageDevice::TryWrite(void const*, unsigned int)
                0x0000000000010170                CUSBBulkOnlyMassStorageDevice::Reset()
                0x00000000000102c8                CUSBBulkOnlyMassStorageDevice::Read(void*, unsigned int)
                0x0000000000010330                CUSBBulkOnlyMassStorageDevice::Write(void const*, unsigned int)
                0x0000000000010398                CUSBBulkOnlyMassStorageDevice::Configure()
 .text          0x0000000000010820      0x3b0 ./circle/lib/usb/libusb.a(dwhciframeschednper.o)
                0x0000000000010820                CDWHCIFrameSchedulerNonPeriodic::~CDWHCIFrameSchedulerNonPeriodic()
                0x0000000000010820                CDWHCIFrameSchedulerNonPeriodic::~CDWHCIFrameSchedulerNonPeriodic()
                0x0000000000010824                CDWHCIFrameSchedulerNonPeriodic::StartSplit()
                0x0000000000010830                CDWHCIFrameSchedulerNonPeriodic::WaitForFrame()
                0x0000000000010834                CDWHCIFrameSchedulerNonPeriodic::IsOddFrame() const
                0x000000000001083c                CDWHCIFrameSchedulerNonPeriodic::CompleteSplit()
                0x00000000000108bc                CDWHCIFrameSchedulerNonPeriodic::TransactionComplete(unsigned int)
                0x00000000000109d0                CDWHCIFrameSchedulerNonPeriodic::CDWHCIFrameSchedulerNonPeriodic()
                0x00000000000109d0                CDWHCIFrameSchedulerNonPeriodic::CDWHCIFrameSchedulerNonPeriodic()
                0x0000000000010a20                CDWHCIFrameSchedulerNonPeriodic::operator new(unsigned int)
                0x0000000000010a80                CDWHCIFrameSchedulerNonPeriodic::operator delete(void*, unsigned int)
                0x0000000000010aec                CDWHCIFrameSchedulerNonPeriodic::~CDWHCIFrameSchedulerNonPeriodic()
                0x0000000000010b04                CDWHCIFrameSchedulerNonPeriodic::InitAllocator(unsigned int)
                0x0000000000010b60                CDWHCIFrameSchedulerNonPeriodic::InitProtectedAllocator(unsigned int, unsigned int)
 .text          0x0000000000010bd0      0x490 ./circle/lib/usb/libusb.a(dwhciframeschedper.o)
                0x0000000000010bd0                CDWHCIFrameSchedulerPeriodic::~CDWHCIFrameSchedulerPeriodic()
                0x0000000000010bd0                CDWHCIFrameSchedulerPeriodic::~CDWHCIFrameSchedulerPeriodic()
                0x0000000000010bd4                CDWHCIFrameSchedulerPeriodic::StartSplit()
                0x0000000000010be8                CDWHCIFrameSchedulerPeriodic::IsOddFrame() const
                0x0000000000010bf4                CDWHCIFrameSchedulerPeriodic::WaitForFrame()
                0x0000000000010c64                CDWHCIFrameSchedulerPeriodic::CompleteSplit()
                0x0000000000010d48                CDWHCIFrameSchedulerPeriodic::TransactionComplete(unsigned int)
                0x0000000000010e58                CDWHCIFrameSchedulerPeriodic::CDWHCIFrameSchedulerPeriodic()
                0x0000000000010e58                CDWHCIFrameSchedulerPeriodic::CDWHCIFrameSchedulerPeriodic()
                0x0000000000010eb0                CDWHCIFrameSchedulerPeriodic::operator new(unsigned int)
                0x0000000000010f10                CDWHCIFrameSchedulerPeriodic::operator delete(void*, unsigned int)
                0x0000000000010f7c                CDWHCIFrameSchedulerPeriodic::~CDWHCIFrameSchedulerPeriodic()
                0x0000000000010f94                CDWHCIFrameSchedulerPeriodic::InitAllocator(unsigned int)
                0x0000000000010ff0                CDWHCIFrameSchedulerPeriodic::InitProtectedAllocator(unsigned int, unsigned int)
 .text          0x0000000000011060      0x424 ./circle/lib/usb/libusb.a(usbkeyboard.o)
                0x0000000000011060                CUSBKeyboardDevice::~CUSBKeyboardDevice()
                0x0000000000011060                CUSBKeyboardDevice::~CUSBKeyboardDevice()
                0x00000000000110ac                CUSBKeyboardDevice::~CUSBKeyboardDevice()
                0x00000000000110cc                CUSBKeyboardDevice::ReportHandler(unsigned char const*, unsigned int)
                0x0000000000011238                CUSBKeyboardDevice::CUSBKeyboardDevice(CUSBFunction*)
                0x0000000000011238                CUSBKeyboardDevice::CUSBKeyboardDevice(CUSBFunction*)
                0x0000000000011280                CUSBKeyboardDevice::RegisterKeyPressedHandler(void (*)(char const*))
                0x0000000000011288                CUSBKeyboardDevice::RegisterSelectConsoleHandler(void (*)(unsigned int))
                0x0000000000011290                CUSBKeyboardDevice::RegisterShutdownHandler(void (*)())
                0x0000000000011298                CUSBKeyboardDevice::GetLEDStatus() const
                0x00000000000112c0                CUSBKeyboardDevice::RegisterKeyStatusHandlerRaw(void (*)(unsigned char, unsigned char const*))
                0x00000000000112f8                CUSBKeyboardDevice::SetLEDs(unsigned char)
                0x0000000000011364                CUSBKeyboardDevice::Configure()
                0x00000000000113fc                CUSBKeyboardDevice::UpdateLEDs()
                0x0000000000011458                CUSBKeyboardDevice::FindByte(unsigned char const*, unsigned char, unsigned int)
 .text          0x0000000000011484      0x1f0 ./circle/lib/usb/libusb.a(dwhcirootport.o)
                0x0000000000011484                CDWHCIRootPort::CDWHCIRootPort(CDWHCIDevice*)
                0x0000000000011484                CDWHCIRootPort::CDWHCIRootPort(CDWHCIDevice*)
                0x00000000000114c4                CDWHCIRootPort::~CDWHCIRootPort()
                0x00000000000114c4                CDWHCIRootPort::~CDWHCIRootPort()
                0x00000000000114ec                CDWHCIRootPort::Initialize()
 .text          0x0000000000011674      0x8b4 ./circle/lib/usb/libusb.a(usbhiddevice.o)
                0x0000000000011674                CUSBHIDDevice::SendCompletionRoutine(CUSBRequest*, void*, void*)
                0x0000000000011730                CUSBHIDDevice::CUSBHIDDevice(CUSBFunction*, unsigned int)
                0x0000000000011730                CUSBHIDDevice::CUSBHIDDevice(CUSBFunction*, unsigned int)
                0x0000000000011780                CUSBHIDDevice::~CUSBHIDDevice()
                0x0000000000011780                CUSBHIDDevice::~CUSBHIDDevice()
                0x000000000001180c                CUSBHIDDevice::~CUSBHIDDevice()
                0x000000000001182c                CUSBHIDDevice::Configure(unsigned int)
                0x0000000000011a88                CUSBHIDDevice::SendToEndpointOut(void const*, unsigned int, unsigned int)
                0x0000000000011b24                CUSBHIDDevice::SendToEndpointOutAsync(void const*, unsigned int, unsigned int)
                0x0000000000011c0c                CUSBHIDDevice::ReceiveFromEndpointIn(void*, unsigned int, unsigned int)
                0x0000000000011ccc                CUSBHIDDevice::StartRequest()
                0x0000000000011df4                CUSBHIDDevice::CompletionRoutine(CUSBRequest*)
                0x0000000000011ee0                CUSBHIDDevice::CompletionStub(CUSBRequest*, void*, void*)
 .text          0x0000000000011f28      0x22c ./circle/lib/usb/libusb.a(usbmouse.o)
                0x0000000000011f28                CUSBMouseDevice::~CUSBMouseDevice()
                0x0000000000011f28                CUSBMouseDevice::~CUSBMouseDevice()
                0x0000000000011f84                CUSBMouseDevice::~CUSBMouseDevice()
                0x0000000000011fa4                CUSBMouseDevice::Configure()
                0x00000000000120d8                CUSBMouseDevice::ReportHandler(unsigned char const*, unsigned int)
                0x0000000000012124                CUSBMouseDevice::CUSBMouseDevice(CUSBFunction*)
                0x0000000000012124                CUSBMouseDevice::CUSBMouseDevice(CUSBFunction*)
 .text          0x0000000000012154      0x7f0 ./circle/lib/usb/libusb.a(usbgamepadstandard.o)
                0x0000000000012154                CUSBGamePadStandardDevice::~CUSBGamePadStandardDevice()
                0x0000000000012154                CUSBGamePadStandardDevice::~CUSBGamePadStandardDevice()
                0x0000000000012190                CUSBGamePadStandardDevice::~CUSBGamePadStandardDevice()
                0x00000000000121b0                CUSBGamePadStandardDevice::CUSBGamePadStandardDevice(CUSBFunction*, bool)
                0x00000000000121b0                CUSBGamePadStandardDevice::CUSBGamePadStandardDevice(CUSBFunction*, bool)
                0x00000000000121e8                CUSBGamePadStandardDevice::BitGetUnsigned(void const*, unsigned int, unsigned int)
                0x00000000000122f0                CUSBGamePadStandardDevice::BitGetSigned(void const*, unsigned int, unsigned int)
                0x0000000000012318                CUSBGamePadStandardDevice::DecodeReport(unsigned char const*)
                0x000000000001279c                CUSBGamePadStandardDevice::Configure()
 .text._ZN17CUSBGamePadDevice13GetPropertiesEv
                0x0000000000012944        0x8 ./circle/lib/usb/libusb.a(usbgamepadstandard.o)
                0x0000000000012944                CUSBGamePadDevice::GetProperties()
 .text._ZN17CUSBGamePadDevice10SetLEDModeE15TGamePadLEDMode
                0x000000000001294c        0x8 ./circle/lib/usb/libusb.a(usbgamepadstandard.o)
                0x000000000001294c                CUSBGamePadDevice::SetLEDMode(TGamePadLEDMode)
 .text._ZN17CUSBGamePadDevice10SetLEDModeEjhh
                0x0000000000012954        0x8 ./circle/lib/usb/libusb.a(usbgamepadstandard.o)
                0x0000000000012954                CUSBGamePadDevice::SetLEDMode(unsigned int, unsigned char, unsigned char)
 .text._ZN17CUSBGamePadDevice13SetRumbleModeE18TGamePadRumbleMode
                0x000000000001295c        0x8 ./circle/lib/usb/libusb.a(usbgamepadstandard.o)
                0x000000000001295c                CUSBGamePadDevice::SetRumbleMode(TGamePadRumbleMode)
 .text          0x0000000000012964      0x568 ./circle/lib/usb/libusb.a(usbgamepadps3.o)
                0x0000000000012964                CUSBGamePadPS3Device::~CUSBGamePadPS3Device()
                0x0000000000012964                CUSBGamePadPS3Device::~CUSBGamePadPS3Device()
                0x0000000000012984                CUSBGamePadPS3Device::~CUSBGamePadPS3Device()
                0x00000000000129b0                CUSBGamePadPS3Device::SetRumbleMode(TGamePadRumbleMode)
                0x0000000000012ac8                CUSBGamePadPS3Device::SetLEDMode(TGamePadLEDMode)
                0x0000000000012b60                CUSBGamePadPS3Device::CUSBGamePadPS3Device(CUSBFunction*)
                0x0000000000012b60                CUSBGamePadPS3Device::CUSBGamePadPS3Device(CUSBFunction*)
                0x0000000000012bb0                CUSBGamePadPS3Device::PS3Enable()
                0x0000000000012c40                CUSBGamePadPS3Device::Configure()
                0x0000000000012d60                CUSBGamePadPS3Device::DecodeReport(unsigned char const*)
 .text._ZN20CUSBGamePadPS3Device13GetPropertiesEv
                0x0000000000012ecc        0x8 ./circle/lib/usb/libusb.a(usbgamepadps3.o)
                0x0000000000012ecc                CUSBGamePadPS3Device::GetProperties()
 .text          0x0000000000012ed4      0x890 ./circle/lib/usb/libusb.a(usbgamepadps4.o)
                0x0000000000012ed4                CUSBGamePadPS4Device::DecodeReport(unsigned char const*)
                0x0000000000013088                CUSBGamePadPS4Device::~CUSBGamePadPS4Device()
                0x0000000000013088                CUSBGamePadPS4Device::~CUSBGamePadPS4Device()
                0x00000000000130d4                CUSBGamePadPS4Device::~CUSBGamePadPS4Device()
                0x00000000000130f4                CUSBGamePadPS4Device::CUSBGamePadPS4Device(CUSBFunction*)
                0x00000000000130f4                CUSBGamePadPS4Device::CUSBGamePadPS4Device(CUSBFunction*)
                0x0000000000013140                CUSBGamePadPS4Device::HandleTouchpad(unsigned char const*)
                0x0000000000013314                CUSBGamePadPS4Device::ReportHandler(unsigned char const*, unsigned int)
                0x000000000001337c                CUSBGamePadPS4Device::SendLedRumbleCommand()
                0x000000000001341c                CUSBGamePadPS4Device::SetLEDMode(TGamePadLEDMode)
                0x000000000001355c                CUSBGamePadPS4Device::SetLEDMode(unsigned int, unsigned char, unsigned char)
                0x0000000000013584                CUSBGamePadPS4Device::SetRumbleMode(TGamePadRumbleMode)
                0x00000000000135f0                CUSBGamePadPS4Device::DisableTouchpad()
                0x0000000000013604                CUSBGamePadPS4Device::Configure()
 .text._ZN20CUSBGamePadPS4Device13GetPropertiesEv
                0x0000000000013764        0x8 ./circle/lib/usb/libusb.a(usbgamepadps4.o)
                0x0000000000013764                CUSBGamePadPS4Device::GetProperties()
 .text          0x000000000001376c      0x3b0 ./circle/lib/usb/libusb.a(usbgamepadxbox360.o)
                0x000000000001376c                CUSBGamePadXbox360Device::~CUSBGamePadXbox360Device()
                0x000000000001376c                CUSBGamePadXbox360Device::~CUSBGamePadXbox360Device()
                0x000000000001378c                CUSBGamePadXbox360Device::~CUSBGamePadXbox360Device()
                0x00000000000137b8                CUSBGamePadXbox360Device::DecodeReport(unsigned char const*)
                0x00000000000138ec                CUSBGamePadXbox360Device::ReportHandler(unsigned char const*, unsigned int)
                0x0000000000013958                CUSBGamePadXbox360Device::SetLEDMode(TGamePadLEDMode)
                0x00000000000139ac                CUSBGamePadXbox360Device::SetRumbleMode(TGamePadRumbleMode)
                0x0000000000013a3c                CUSBGamePadXbox360Device::CUSBGamePadXbox360Device(CUSBFunction*)
                0x0000000000013a3c                CUSBGamePadXbox360Device::CUSBGamePadXbox360Device(CUSBFunction*)
                0x0000000000013a5c                CUSBGamePadXbox360Device::Configure()
 .text._ZN24CUSBGamePadXbox360Device13GetPropertiesEv
                0x0000000000013b1c        0x8 ./circle/lib/usb/libusb.a(usbgamepadxbox360.o)
                0x0000000000013b1c                CUSBGamePadXbox360Device::GetProperties()
 .text          0x0000000000013b24      0x4ac ./circle/lib/usb/libusb.a(usbgamepadxboxone.o)
                0x0000000000013b24                CUSBGamePadXboxOneDevice::DecodeReport(unsigned char const*)
                0x0000000000013cd4                CUSBGamePadXboxOneDevice::~CUSBGamePadXboxOneDevice()
                0x0000000000013cd4                CUSBGamePadXboxOneDevice::~CUSBGamePadXboxOneDevice()
                0x0000000000013cf4                CUSBGamePadXboxOneDevice::~CUSBGamePadXboxOneDevice()
                0x0000000000013d20                CUSBGamePadXboxOneDevice::ReportHandler(unsigned char const*, unsigned int)
                0x0000000000013e08                CUSBGamePadXboxOneDevice::SetRumbleMode(TGamePadRumbleMode)
                0x0000000000013ea8                CUSBGamePadXboxOneDevice::CUSBGamePadXboxOneDevice(CUSBFunction*)
                0x0000000000013ea8                CUSBGamePadXboxOneDevice::CUSBGamePadXboxOneDevice(CUSBFunction*)
                0x0000000000013ed0                CUSBGamePadXboxOneDevice::Configure()
 .text._ZN24CUSBGamePadXboxOneDevice13GetPropertiesEv
                0x0000000000013fd0        0x8 ./circle/lib/usb/libusb.a(usbgamepadxboxone.o)
                0x0000000000013fd0                CUSBGamePadXboxOneDevice::GetProperties()
 .text          0x0000000000013fd8      0x67c ./circle/lib/usb/libusb.a(usbgamepadswitchpro.o)
                0x0000000000013fd8                CUSBGamePadSwitchProDevice::~CUSBGamePadSwitchProDevice()
                0x0000000000013fd8                CUSBGamePadSwitchProDevice::~CUSBGamePadSwitchProDevice()
                0x0000000000013ff8                CUSBGamePadSwitchProDevice::~CUSBGamePadSwitchProDevice()
                0x0000000000014024                CUSBGamePadSwitchProDevice::DecodeReport(unsigned char const*)
                0x00000000000141e4                CUSBGamePadSwitchProDevice::SetLEDMode(TGamePadLEDMode)
                0x0000000000014260                CUSBGamePadSwitchProDevice::SetRumbleMode(TGamePadRumbleMode)
                0x000000000001434c                CUSBGamePadSwitchProDevice::CUSBGamePadSwitchProDevice(CUSBFunction*)
                0x000000000001434c                CUSBGamePadSwitchProDevice::CUSBGamePadSwitchProDevice(CUSBFunction*)
                0x000000000001438c                CUSBGamePadSwitchProDevice::Configure()
 .text._ZN26CUSBGamePadSwitchProDevice13GetPropertiesEv
                0x0000000000014654        0x8 ./circle/lib/usb/libusb.a(usbgamepadswitchpro.o)
                0x0000000000014654                CUSBGamePadSwitchProDevice::GetProperties()
 .text          0x000000000001465c      0x71c ./circle/lib/usb/libusb.a(usbfunction.o)
                0x000000000001465c                CUSBFunction::Initialize()
                0x0000000000014664                CUSBFunction::~CUSBFunction()
                0x0000000000014664                CUSBFunction::~CUSBFunction()
                0x00000000000146bc                CUSBFunction::~CUSBFunction()
                0x00000000000146dc                CUSBFunction::CUSBFunction(CUSBDevice*, CUSBConfigurationParser*)
                0x00000000000146dc                CUSBFunction::CUSBFunction(CUSBDevice*, CUSBConfigurationParser*)
                0x000000000001479c                CUSBFunction::CUSBFunction(CUSBFunction*)
                0x000000000001479c                CUSBFunction::CUSBFunction(CUSBFunction*)
                0x00000000000148a0                CUSBFunction::GetInterfaceName() const
                0x000000000001490c                CUSBFunction::GetNumEndpoints() const
                0x000000000001494c                CUSBFunction::GetDevice() const
                0x000000000001498c                CUSBFunction::GetEndpoint0() const
                0x00000000000149d0                CUSBFunction::GetHost() const
                0x0000000000014a14                CUSBFunction::Configure()
                0x0000000000014ad8                CUSBFunction::GetDescriptor(unsigned char)
                0x0000000000014b24                CUSBFunction::ConfigurationError(char const*) const
                0x0000000000014b94                CUSBFunction::SelectInterfaceByClass(unsigned char, unsigned char, unsigned char)
                0x0000000000014c78                CUSBFunction::GetInterfaceNumber() const
                0x0000000000014cb8                CUSBFunction::GetInterfaceClass() const
                0x0000000000014cf8                CUSBFunction::GetInterfaceSubClass() const
                0x0000000000014d38                CUSBFunction::GetInterfaceProtocol() const
 .text          0x0000000000014d78      0x29c ./circle/lib/usb/libusb.a(dwhciframeschednsplit.o)
                0x0000000000014d78                CDWHCIFrameSchedulerNoSplit::~CDWHCIFrameSchedulerNoSplit()
                0x0000000000014d78                CDWHCIFrameSchedulerNoSplit::~CDWHCIFrameSchedulerNoSplit()
                0x0000000000014d7c                CDWHCIFrameSchedulerNoSplit::IsOddFrame() const
                0x0000000000014d88                CDWHCIFrameSchedulerNoSplit::StartSplit()
                0x0000000000014da0                CDWHCIFrameSchedulerNoSplit::CompleteSplit()
                0x0000000000014dc4                CDWHCIFrameSchedulerNoSplit::TransactionComplete(unsigned int)
                0x0000000000014ddc                CDWHCIFrameSchedulerNoSplit::WaitForFrame()
                0x0000000000014e48                CDWHCIFrameSchedulerNoSplit::CDWHCIFrameSchedulerNoSplit(bool)
                0x0000000000014e48                CDWHCIFrameSchedulerNoSplit::CDWHCIFrameSchedulerNoSplit(bool)
                0x0000000000014e64                CDWHCIFrameSchedulerNoSplit::operator new(unsigned int)
                0x0000000000014ec4                CDWHCIFrameSchedulerNoSplit::operator delete(void*, unsigned int)
                0x0000000000014f30                CDWHCIFrameSchedulerNoSplit::~CDWHCIFrameSchedulerNoSplit()
                0x0000000000014f48                CDWHCIFrameSchedulerNoSplit::InitAllocator(unsigned int)
                0x0000000000014fa4                CDWHCIFrameSchedulerNoSplit::InitProtectedAllocator(unsigned int, unsigned int)
 .text          0x0000000000015014      0x38c ./circle/lib/usb/libusb.a(usbprinter.o)
                0x0000000000015014                CUSBPrinterDevice::~CUSBPrinterDevice()
                0x0000000000015014                CUSBPrinterDevice::~CUSBPrinterDevice()
                0x0000000000015088                CUSBPrinterDevice::~CUSBPrinterDevice()
                0x00000000000150a8                CUSBPrinterDevice::Write(void const*, unsigned int)
                0x0000000000015154                CUSBPrinterDevice::CUSBPrinterDevice(CUSBFunction*)
                0x0000000000015154                CUSBPrinterDevice::CUSBPrinterDevice(CUSBFunction*)
                0x0000000000015184                CUSBPrinterDevice::Configure()
 .text          0x00000000000153a0      0x688 ./circle/lib/usb/libusb.a(usbbluetooth.o)
                0x00000000000153a0                CUSBBluetoothDevice::~CUSBBluetoothDevice()
                0x00000000000153a0                CUSBBluetoothDevice::~CUSBBluetoothDevice()
                0x000000000001545c                CUSBBluetoothDevice::~CUSBBluetoothDevice()
                0x000000000001547c                CUSBBluetoothDevice::CUSBBluetoothDevice(CUSBFunction*)
                0x000000000001547c                CUSBBluetoothDevice::CUSBBluetoothDevice(CUSBFunction*)
                0x00000000000154b8                CUSBBluetoothDevice::SendHCICommand(void const*, unsigned int)
                0x0000000000015514                CUSBBluetoothDevice::StartRequest()
                0x0000000000015634                CUSBBluetoothDevice::RegisterHCIEventHandler(void (*)(void const*, unsigned int))
                0x0000000000015678                CUSBBluetoothDevice::CompletionRoutine(CUSBRequest*)
                0x00000000000157ac                CUSBBluetoothDevice::CompletionStub(CUSBRequest*, void*, void*)
                0x00000000000157f4                CUSBBluetoothDevice::Configure()
 .text          0x0000000000015a28      0x738 ./circle/lib/usb/libusb.a(usbmidi.o)
                0x0000000000015a28                CUSBMIDIDevice::~CUSBMIDIDevice()
                0x0000000000015a28                CUSBMIDIDevice::~CUSBMIDIDevice()
                0x0000000000015a8c                CUSBMIDIDevice::~CUSBMIDIDevice()
                0x0000000000015aac                CUSBMIDIDevice::CUSBMIDIDevice(CUSBFunction*)
                0x0000000000015aac                CUSBMIDIDevice::CUSBMIDIDevice(CUSBFunction*)
                0x0000000000015ae4                CUSBMIDIDevice::RegisterPacketHandler(void (*)(unsigned int, unsigned char*, unsigned int))
                0x0000000000015b38                CUSBMIDIDevice::StartRequest()
                0x0000000000015c68                CUSBMIDIDevice::CompletionRoutine(CUSBRequest*)
                0x0000000000015e38                CUSBMIDIDevice::CompletionStub(CUSBRequest*, void*, void*)
                0x0000000000015e80                CUSBMIDIDevice::TimerHandler(unsigned int)
                0x0000000000015ec0                CUSBMIDIDevice::TimerStub(unsigned int, void*, void*)
                0x0000000000015f08                CUSBMIDIDevice::Configure()
 .text          0x0000000000016160      0x5b0 ./circle/lib/usb/libusb.a(usbcdcethernet.o)
                0x0000000000016160                CUSBCDCEthernetDevice::GetMACAddress() const
                0x0000000000016168                CUSBCDCEthernetDevice::~CUSBCDCEthernetDevice()
                0x0000000000016168                CUSBCDCEthernetDevice::~CUSBCDCEthernetDevice()
                0x00000000000161e4                CUSBCDCEthernetDevice::~CUSBCDCEthernetDevice()
                0x0000000000016204                CUSBCDCEthernetDevice::SendFrame(void const*, unsigned int)
                0x00000000000162ac                CUSBCDCEthernetDevice::ReceiveFrame(void*, unsigned int*)
                0x00000000000163a0                CUSBCDCEthernetDevice::CUSBCDCEthernetDevice(CUSBFunction*)
                0x00000000000163a0                CUSBCDCEthernetDevice::CUSBCDCEthernetDevice(CUSBFunction*)
                0x00000000000163d4                CUSBCDCEthernetDevice::InitMACAddress(unsigned char)
                0x00000000000164d0                CUSBCDCEthernetDevice::Configure()
 .text._ZN10CNetDevice8IsLinkUpEv
                0x0000000000016710        0x8 ./circle/lib/usb/libusb.a(usbcdcethernet.o)
                0x0000000000016710                CNetDevice::IsLinkUp()
 .text._ZN10CNetDevice12GetLinkSpeedEv
                0x0000000000016718        0x8 ./circle/lib/usb/libusb.a(usbcdcethernet.o)
                0x0000000000016718                CNetDevice::GetLinkSpeed()
 .text          0x0000000000016720      0x378 ./circle/lib/usb/libusb.a(usbconfigparser.o)
                0x0000000000016720                CUSBConfigurationParser::CUSBConfigurationParser(void const*, unsigned int)
                0x0000000000016720                CUSBConfigurationParser::CUSBConfigurationParser(void const*, unsigned int)
                0x000000000001688c                CUSBConfigurationParser::CUSBConfigurationParser(CUSBConfigurationParser*)
                0x000000000001688c                CUSBConfigurationParser::CUSBConfigurationParser(CUSBConfigurationParser*)
                0x00000000000168e8                CUSBConfigurationParser::~CUSBConfigurationParser()
                0x00000000000168e8                CUSBConfigurationParser::~CUSBConfigurationParser()
                0x00000000000168ec                CUSBConfigurationParser::IsValid() const
                0x00000000000168f4                CUSBConfigurationParser::GetDescriptor(unsigned char)
                0x00000000000169d4                CUSBConfigurationParser::GetCurrentDescriptor()
                0x0000000000016a2c                CUSBConfigurationParser::Error(char const*) const
 .text          0x0000000000016a98      0x5b0 ./circle/lib/usb/libusb.a(usbstring.o)
                0x0000000000016a98                CUSBString::CUSBString(CUSBDevice*)
                0x0000000000016a98                CUSBString::CUSBString(CUSBDevice*)
                0x0000000000016b10                CUSBString::CUSBString(CUSBString*)
                0x0000000000016b10                CUSBString::CUSBString(CUSBString*)
                0x0000000000016bdc                CUSBString::~CUSBString()
                0x0000000000016bdc                CUSBString::~CUSBString()
                0x0000000000016c1c                CUSBString::GetFromDescriptor(unsigned char, unsigned short)
                0x0000000000016eb4                CUSBString::Get() const
                0x0000000000016ebc                CUSBString::GetLanguageID()
 .text          0x0000000000017048      0xb74 ./circle/lib/usb/libusb.a(smsc951x.o)
                0x0000000000017048                CSMSC951xDevice::GetMACAddress() const
                0x0000000000017050                CSMSC951xDevice::~CSMSC951xDevice()
                0x0000000000017050                CSMSC951xDevice::~CSMSC951xDevice()
                0x00000000000170cc                CSMSC951xDevice::~CSMSC951xDevice()
                0x00000000000170ec                CSMSC951xDevice::ReceiveFrame(void*, unsigned int*)
                0x0000000000017330                CSMSC951xDevice::SendFrame(void const*, unsigned int)
                0x0000000000017344                CSMSC951xDevice::CSMSC951xDevice(CUSBFunction*)
                0x0000000000017344                CSMSC951xDevice::CSMSC951xDevice(CUSBFunction*)
                0x0000000000017378                CSMSC951xDevice::WriteReg(unsigned int, unsigned int)
                0x00000000000173e0                CSMSC951xDevice::ReadReg(unsigned int, unsigned int*)
                0x0000000000017448                CSMSC951xDevice::PHYWaitNotBusy()
                0x00000000000174d8                CSMSC951xDevice::PHYWrite(unsigned char, unsigned short)
                0x0000000000017578                CSMSC951xDevice::PHYRead(unsigned char, unsigned short*)
                0x0000000000017660                CSMSC951xDevice::IsLinkUp()
                0x000000000001768c                CSMSC951xDevice::GetLinkSpeed()
                0x00000000000176e8                CSMSC951xDevice::DumpReg(char const*, unsigned int)
                0x000000000001775c                CSMSC951xDevice::DumpRegs()
                0x00000000000178f4                CSMSC951xDevice::Configure()
 .text          0x0000000000017bbc      0xe40 ./circle/lib/usb/libusb.a(lan7800.o)
                0x0000000000017bbc                CLAN7800Device::GetMACAddress() const
                0x0000000000017bc4                CLAN7800Device::~CLAN7800Device()
                0x0000000000017bc4                CLAN7800Device::~CLAN7800Device()
                0x0000000000017c40                CLAN7800Device::~CLAN7800Device()
                0x0000000000017c60                CLAN7800Device::ReceiveFrame(void*, unsigned int*)
                0x0000000000017ea0                CLAN7800Device::SendFrame(void const*, unsigned int)
                0x0000000000017eb4                CLAN7800Device::CLAN7800Device(CUSBFunction*)
                0x0000000000017eb4                CLAN7800Device::CLAN7800Device(CUSBFunction*)
                0x0000000000017ee8                CLAN7800Device::WriteReg(unsigned int, unsigned int)
                0x0000000000017f80                CLAN7800Device::ReadReg(unsigned int, unsigned int*)
                0x000000000001800c                CLAN7800Device::WaitReg(unsigned int, unsigned int, unsigned int, unsigned int, unsigned int)
                0x00000000000180c4                CLAN7800Device::PHYWrite(unsigned char, unsigned short)
                0x0000000000018190                CLAN7800Device::PHYRead(unsigned char, unsigned short*)
                0x000000000001829c                CLAN7800Device::IsLinkUp()
                0x00000000000182c8                CLAN7800Device::GetLinkSpeed()
                0x00000000000183a4                CLAN7800Device::InitPHY()
                0x000000000001840c                CLAN7800Device::ReadWriteReg(unsigned int, unsigned int, unsigned int)
                0x000000000001845c                CLAN7800Device::InitMACAddress()
                0x000000000001857c                CLAN7800Device::Configure()
 .text          0x00000000000189fc      0x2ac ./circle/lib/usb/libusb.a(macaddress.o)
                0x00000000000189fc                CMACAddress::CMACAddress()
                0x00000000000189fc                CMACAddress::CMACAddress()
                0x0000000000018a08                CMACAddress::~CMACAddress()
                0x0000000000018a08                CMACAddress::~CMACAddress()
                0x0000000000018a0c                CMACAddress::operator==(CMACAddress const&) const
                0x0000000000018a7c                CMACAddress::operator!=(CMACAddress const&) const
                0x0000000000018a90                CMACAddress::Set(unsigned char const*)
                0x0000000000018ad8                CMACAddress::CMACAddress(unsigned char const*)
                0x0000000000018ad8                CMACAddress::CMACAddress(unsigned char const*)
                0x0000000000018aec                CMACAddress::SetBroadcast()
                0x0000000000018b10                CMACAddress::Get() const
                0x0000000000018b44                CMACAddress::CopyTo(unsigned char*) const
                0x0000000000018bb0                CMACAddress::IsBroadcast() const
                0x0000000000018c0c                CMACAddress::GetSize() const
                0x0000000000018c14                CMACAddress::Format(CString*) const
 .text          0x0000000000018ca8       0xf4 ./circle/lib/usb/libusb.a(netdevice.o)
                0x0000000000018ca8                CNetDevice::CNetDevice(CUSBFunction*)
                0x0000000000018ca8                CNetDevice::CNetDevice(CUSBFunction*)
                0x0000000000018cc8                CNetDevice::~CNetDevice()
                0x0000000000018cc8                CNetDevice::~CNetDevice()
                0x0000000000018ce8                CNetDevice::~CNetDevice()
                0x0000000000018d14                CNetDevice::GetSpeedString(TNetDeviceSpeed)
                0x0000000000018d30                CNetDevice::AddNetDevice()
 .text          0x0000000000018d9c      0x214 ./circle/lib/usb/libusb.a(usbgamepad.o)
                0x0000000000018d9c                CUSBGamePadDevice::GetInitialState()
                0x0000000000018da4                CUSBGamePadDevice::ReportHandler(unsigned char const*, unsigned int)
                0x0000000000018df8                CUSBGamePadDevice::RegisterStatusHandler(void (*)(unsigned int, TGamePadState const*))
                0x0000000000018e4c                CUSBGamePadDevice::Configure()
                0x0000000000018f04                CUSBGamePadDevice::CUSBGamePadDevice(CUSBFunction*)
                0x0000000000018f04                CUSBGamePadDevice::CUSBGamePadDevice(CUSBFunction*)
                0x0000000000018f4c                CUSBGamePadDevice::~CUSBGamePadDevice()
                0x0000000000018f4c                CUSBGamePadDevice::~CUSBGamePadDevice()
                0x0000000000018f90                CUSBGamePadDevice::~CUSBGamePadDevice()
 .text          0x0000000000018fb0      0x368 ./circle/lib/input/libinput.a(keyboardbehaviour.o)
                0x0000000000018fb0                CKeyboardBehaviour::CKeyboardBehaviour()
                0x0000000000018fb0                CKeyboardBehaviour::CKeyboardBehaviour()
                0x0000000000018fe4                CKeyboardBehaviour::~CKeyboardBehaviour()
                0x0000000000018fe4                CKeyboardBehaviour::~CKeyboardBehaviour()
                0x000000000001900c                CKeyboardBehaviour::RegisterKeyPressedHandler(void (*)(char const*))
                0x0000000000019044                CKeyboardBehaviour::RegisterSelectConsoleHandler(void (*)(unsigned int))
                0x000000000001907c                CKeyboardBehaviour::RegisterShutdownHandler(void (*)())
                0x00000000000190b4                CKeyboardBehaviour::GetLEDStatus() const
                0x00000000000190bc                CKeyboardBehaviour::GenerateKeyEvent(unsigned char)
                0x000000000001919c                CKeyboardBehaviour::KeyPressed(unsigned char)
                0x00000000000191d8                CKeyboardBehaviour::KeyReleased(unsigned char)
                0x0000000000019240                CKeyboardBehaviour::TimerHandler(unsigned int)
                0x00000000000192d0                CKeyboardBehaviour::TimerStub(unsigned int, void*, void*)
 .text          0x0000000000019318      0x3c4 ./circle/lib/input/libinput.a(keymap.o)
                0x0000000000019318                CKeyMap::~CKeyMap()
                0x0000000000019318                CKeyMap::~CKeyMap()
                0x000000000001931c                CKeyMap::ClearTable(unsigned char)
                0x0000000000019354                CKeyMap::SetEntry(unsigned char, unsigned char, unsigned short)
                0x00000000000193a8                CKeyMap::Translate(unsigned char, unsigned char)
                0x00000000000194b4                CKeyMap::GetString(unsigned short, unsigned char, char*) const
                0x0000000000019574                CKeyMap::GetLEDStatus() const
                0x00000000000195a4                CKeyMap::LookupDefaultMap(char const*)
                0x000000000001963c                CKeyMap::CKeyMap()
                0x000000000001963c                CKeyMap::CKeyMap()
 .text          0x00000000000196dc      0x19c ./circle/lib/input/libinput.a(mouse.o)
                0x00000000000196dc                CMouseDevice::~CMouseDevice()
                0x00000000000196dc                CMouseDevice::~CMouseDevice()
                0x0000000000019728                CMouseDevice::~CMouseDevice()
                0x0000000000019748                CMouseDevice::CMouseDevice()
                0x0000000000019748                CMouseDevice::CMouseDevice()
                0x00000000000197b4                CMouseDevice::Setup(unsigned int, unsigned int)
                0x00000000000197bc                CMouseDevice::RegisterEventHandler(void (*)(TMouseEvent, unsigned int, unsigned int, unsigned int))
                0x00000000000197c4                CMouseDevice::SetCursor(unsigned int, unsigned int)
                0x00000000000197cc                CMouseDevice::ShowCursor(bool)
                0x00000000000197d4                CMouseDevice::UpdateCursor()
                0x00000000000197e8                CMouseDevice::RegisterStatusHandler(void (*)(unsigned int, int, int))
                0x000000000001983c                CMouseDevice::ReportHandler(unsigned int, int, int)
 .text          0x0000000000019878      0x514 ./circle/lib/input/libinput.a(mousebehaviour.o)
                0x0000000000019878                CMouseBehaviour::CMouseBehaviour()
                0x0000000000019878                CMouseBehaviour::CMouseBehaviour()
                0x00000000000198a0                CMouseBehaviour::~CMouseBehaviour()
                0x00000000000198a0                CMouseBehaviour::~CMouseBehaviour()
                0x00000000000198a4                CMouseBehaviour::Setup(unsigned int, unsigned int)
                0x0000000000019a00                CMouseBehaviour::RegisterEventHandler(void (*)(TMouseEvent, unsigned int, unsigned int, unsigned int))
                0x0000000000019a54                CMouseBehaviour::MouseStatusChanged(unsigned int, int, int)
                0x0000000000019bc4                CMouseBehaviour::SetCursorState(unsigned int, unsigned int, bool)
                0x0000000000019c38                CMouseBehaviour::SetCursor(unsigned int, unsigned int)
                0x0000000000019ce4                CMouseBehaviour::ShowCursor(bool)
                0x0000000000019d5c                CMouseBehaviour::UpdateCursor()
 .text          0x0000000000019d8c      0x2c8 ./circle/lib/fs/libfs.a(partitionmanager.o)
                0x0000000000019d8c                CPartitionManager::CPartitionManager(CDevice*, char const*)
                0x0000000000019d8c                CPartitionManager::CPartitionManager(CDevice*, char const*)
                0x0000000000019dbc                CPartitionManager::~CPartitionManager()
                0x0000000000019dbc                CPartitionManager::~CPartitionManager()
                0x0000000000019e08                CPartitionManager::Initialize()
 .text          0x000000000001a054      0x300 ./circle/lib/fs/libfs.a(partition.o)
                0x000000000001a054                CPartition::Read(void*, unsigned int)
                0x000000000001a104                CPartition::Write(void const*, unsigned int)
                0x000000000001a1b4                CPartition::~CPartition()
                0x000000000001a1b4                CPartition::~CPartition()
                0x000000000001a1dc                CPartition::~CPartition()
                0x000000000001a210                CPartition::Seek(unsigned long long)
                0x000000000001a2e4                CPartition::CPartition(CDevice*, unsigned int, unsigned int)
                0x000000000001a2e4                CPartition::CPartition(CDevice*, unsigned int, unsigned int)
 .text          0x000000000001a354      0x244 ./circle/lib/libcircle.a(actled.o)
                0x000000000001a354                CActLED::~CActLED()
                0x000000000001a354                CActLED::~CActLED()
                0x000000000001a368                CActLED::On()
                0x000000000001a398                CActLED::Off()
                0x000000000001a3d0                CActLED::CActLED()
                0x000000000001a3d0                CActLED::CActLED()
                0x000000000001a53c                CActLED::Blink(unsigned int, unsigned int, unsigned int)
                0x000000000001a588                CActLED::Get()
 .text          0x000000000001a598       0x90 ./circle/lib/libcircle.a(assert.o)
                0x000000000001a598                assertion_failed
 .text          0x000000000001a628      0x27c ./circle/lib/libcircle.a(bcmpropertytags.o)
                0x000000000001a628                CBcmPropertyTags::CBcmPropertyTags()
                0x000000000001a628                CBcmPropertyTags::CBcmPropertyTags()
                0x000000000001a640                CBcmPropertyTags::~CBcmPropertyTags()
                0x000000000001a640                CBcmPropertyTags::~CBcmPropertyTags()
                0x000000000001a654                CBcmPropertyTags::GetTags(void*, unsigned int)
                0x000000000001a784                CBcmPropertyTags::GetTag(unsigned int, void*, unsigned int, unsigned int)
 .text          0x000000000001a8a4      0x328 ./circle/lib/libcircle.a(classallocator.o)
                0x000000000001a8a4                CClassAllocator::~CClassAllocator()
                0x000000000001a8a4                CClassAllocator::~CClassAllocator()
                0x000000000001a8cc                CClassAllocator::Init(unsigned int, unsigned int)
                0x000000000001a9ac                CClassAllocator::CClassAllocator(unsigned int, unsigned int, char const*)
                0x000000000001a9ac                CClassAllocator::CClassAllocator(unsigned int, unsigned int, char const*)
                0x000000000001a9dc                CClassAllocator::CClassAllocator(unsigned int, unsigned int, unsigned int, char const*)
                0x000000000001a9dc                CClassAllocator::CClassAllocator(unsigned int, unsigned int, unsigned int, char const*)
                0x000000000001aa10                CClassAllocator::Allocate()
                0x000000000001aafc                CClassAllocator::Free(void*)
 .text          0x000000000001abcc      0x1bc ./circle/lib/libcircle.a(debug.o)
                0x000000000001abcc                debug_hexdump(void const*, unsigned int, char const*)
                0x000000000001ace4                debug_stacktrace(unsigned int const*, char const*)
 .text          0x000000000001ad88       0x40 ./circle/lib/libcircle.a(device.o)
                0x000000000001ad88                CDevice::~CDevice()
                0x000000000001ad88                CDevice::~CDevice()
                0x000000000001ad8c                CDevice::Read(void*, unsigned int)
                0x000000000001ad8c                CDevice::Write(void const*, unsigned int)
                0x000000000001ad94                CDevice::Seek(unsigned long long)
                0x000000000001ada0                CDevice::~CDevice()
                0x000000000001adb8                CDevice::CDevice()
                0x000000000001adb8                CDevice::CDevice()
 .text          0x000000000001adc8      0x634 ./circle/lib/libcircle.a(devicenameservice.o)
                0x000000000001adc8                CDeviceNameService::CDeviceNameService()
                0x000000000001adc8                CDeviceNameService::CDeviceNameService()
                0x000000000001ae14                CDeviceNameService::~CDeviceNameService()
                0x000000000001ae14                CDeviceNameService::~CDeviceNameService()
                0x000000000001ae7c                CDeviceNameService::AddDevice(char const*, CDevice*, bool)
                0x000000000001af38                CDeviceNameService::RemoveDevice(char const*, bool)
                0x000000000001b070                CDeviceNameService::GetDevice(char const*, bool)
                0x000000000001b17c                CDeviceNameService::Get()
                0x000000000001b1b4                CDeviceNameService::AddDevice(char const*, unsigned int, CDevice*, bool)
                0x000000000001b21c                CDeviceNameService::RemoveDevice(char const*, unsigned int, bool)
                0x000000000001b27c                CDeviceNameService::GetDevice(char const*, unsigned int, bool)
                0x000000000001b2e4                CDeviceNameService::ListDevices(CDevice*)
 .text          0x000000000001b3fc      0xd38 ./circle/lib/libcircle.a(gpiopin.o)
                0x000000000001b3fc                CGPIOPin::~CGPIOPin()
                0x000000000001b3fc                CGPIOPin::~CGPIOPin()
                0x000000000001b400                CGPIOPin::~CGPIOPin()
                0x000000000001b418                CGPIOPin::CGPIOPin()
                0x000000000001b418                CGPIOPin::CGPIOPin()
                0x000000000001b454                CGPIOPin::AssignPin(unsigned int)
                0x000000000001b4e8                CGPIOPin::Write(unsigned int)
                0x000000000001b5a8                CGPIOPin::Read() const
                0x000000000001b630                CGPIOPin::Invert()
                0x000000000001b670                CGPIOPin::ConnectInterrupt(void (*)(void*), void*)
                0x000000000001b770                CGPIOPin::DisconnectInterrupt()
                0x000000000001b84c                CGPIOPin::EnableInterrupt(TGPIOInterrupt)
                0x000000000001b970                CGPIOPin::DisableInterrupt()
                0x000000000001ba2c                CGPIOPin::EnableInterrupt2(TGPIOInterrupt)
                0x000000000001bb64                CGPIOPin::DisableInterrupt2()
                0x000000000001bc24                CGPIOPin::ReadAll()
                0x000000000001bc34                CGPIOPin::SetPullUpMode(unsigned int)
                0x000000000001bcd4                CGPIOPin::SetAlternateFunction(unsigned int)
                0x000000000001bda8                CGPIOPin::SetMode(TGPIOMode, bool)
                0x000000000001bf70                CGPIOPin::CGPIOPin(unsigned int, TGPIOMode, CGPIOManager*)
                0x000000000001bf70                CGPIOPin::CGPIOPin(unsigned int, TGPIOMode, CGPIOManager*)
                0x000000000001bfc8                CGPIOPin::InterruptHandler()
                0x000000000001c07c                CGPIOPin::DisableAllInterrupts(unsigned int)
 .text.startup  0x000000000001c134       0x14 ./circle/lib/libcircle.a(gpiopin.o)
 .text          0x000000000001c148      0x5dc ./circle/lib/libcircle.a(interrupt.o)
                0x000000000001c148                CInterruptSystem::CInterruptSystem()
                0x000000000001c148                CInterruptSystem::CInterruptSystem()
                0x000000000001c180                CInterruptSystem::~CInterruptSystem()
                0x000000000001c180                CInterruptSystem::~CInterruptSystem()
                0x000000000001c194                CInterruptSystem::Initialize()
                0x000000000001c200                CInterruptSystem::DisconnectFIQ()
                0x000000000001c284                CInterruptSystem::EnableIRQ(unsigned int)
                0x000000000001c300                CInterruptSystem::ConnectIRQ(unsigned int, void (*)(void*), void*)
                0x000000000001c370                CInterruptSystem::DisableIRQ(unsigned int)
                0x000000000001c3ec                CInterruptSystem::DisconnectIRQ(unsigned int)
                0x000000000001c468                CInterruptSystem::EnableFIQ(unsigned int)
                0x000000000001c4b4                CInterruptSystem::ConnectFIQ(unsigned int, void (*)(void*), void*)
                0x000000000001c588                CInterruptSystem::DisableFIQ()
                0x000000000001c5a4                CInterruptSystem::Get()
                0x000000000001c5dc                CInterruptSystem::CallIRQHandler(unsigned int)
                0x000000000001c648                CInterruptSystem::InterruptHandler()
                0x000000000001c70c                InterruptHandler
 .text          0x000000000001c724      0x574 ./circle/lib/libcircle.a(koptions.o)
                0x000000000001c788                CKernelOptions::~CKernelOptions()
                0x000000000001c788                CKernelOptions::~CKernelOptions()
                0x000000000001c79c                CKernelOptions::GetWidth() const
                0x000000000001c7a4                CKernelOptions::GetHeight() const
                0x000000000001c7ac                CKernelOptions::GetLogDevice() const
                0x000000000001c7b8                CKernelOptions::GetLogLevel() const
                0x000000000001c7c0                CKernelOptions::GetKeyMap() const
                0x000000000001c7c8                CKernelOptions::GetUSBPowerDelay() const
                0x000000000001c7d0                CKernelOptions::GetSoundDevice() const
                0x000000000001c7dc                CKernelOptions::GetSoundOption() const
                0x000000000001c7e4                CKernelOptions::GetCPUSpeed() const
                0x000000000001c7ec                CKernelOptions::GetSoCMaxTemp() const
                0x000000000001c7f4                CKernelOptions::Get()
                0x000000000001c804                CKernelOptions::GetToken()
                0x000000000001c880                CKernelOptions::CKernelOptions()
                0x000000000001c880                CKernelOptions::CKernelOptions()
                0x000000000001cc40                CKernelOptions::GetOptionValue(char*)
                0x000000000001cc78                CKernelOptions::GetDecimal(char*)
 .text          0x000000000001cc98      0x7e4 ./circle/lib/libcircle.a(logger.o)
                0x000000000001cc98                CLogger::CLogger(unsigned int, CTimer*)
                0x000000000001cc98                CLogger::CLogger(unsigned int, CTimer*)
                0x000000000001ccf0                CLogger::~CLogger()
                0x000000000001ccf0                CLogger::~CLogger()
                0x000000000001cd64                CLogger::Get()
                0x000000000001cd74                CLogger::Write(char const*)
                0x000000000001ce20                CLogger::WriteNoAlloc(char const*, TLogSeverity, char const*)
                0x000000000001cef8                CLogger::Read(void*, unsigned int)
                0x000000000001cfbc                CLogger::WriteEvent(char const*, TLogSeverity, char const*)
                0x000000000001d120                CLogger::ReadEvent(TLogSeverity*, char*, char*, long*, unsigned int*, int*)
                0x000000000001d204                CLogger::RegisterEventNotificationHandler(void (*)())
                0x000000000001d20c                CLogger::RegisterPanicHandler(void (*)())
                0x000000000001d214                CLogger::WriteV(char const*, TLogSeverity, char const*, std::__va_list)
                0x000000000001d408                CLogger::Write(char const*, TLogSeverity, char const*, ...)
                0x000000000001d438                CLogger::Initialize(CDevice*)
 .text          0x000000000001d47c      0x460 ./circle/lib/libcircle.a(machineinfo.o)
                0x000000000001d47c                CMachineInfo::CMachineInfo()
                0x000000000001d47c                CMachineInfo::CMachineInfo()
                0x000000000001d6a0                CMachineInfo::~CMachineInfo()
                0x000000000001d6a0                CMachineInfo::~CMachineInfo()
                0x000000000001d6c4                CMachineInfo::GetMachineModel() const
                0x000000000001d6cc                CMachineInfo::GetMachineName() const
                0x000000000001d6e4                CMachineInfo::GetModelMajor() const
                0x000000000001d6ec                CMachineInfo::GetModelRevision() const
                0x000000000001d6f4                CMachineInfo::GetSoCType() const
                0x000000000001d6fc                CMachineInfo::GetRAMSize() const
                0x000000000001d704                CMachineInfo::GetSoCName() const
                0x000000000001d71c                CMachineInfo::GetRevisionRaw() const
                0x000000000001d724                CMachineInfo::GetClockRate(unsigned int) const
                0x000000000001d7f0                CMachineInfo::GetGPIOPin(TGPIOVirtualPin) const
                0x000000000001d864                CMachineInfo::GetDevice(TDeviceId) const
                0x000000000001d8a4                CMachineInfo::Get()
 .text          0x000000000001d8dc     0x1238 ./circle/lib/libcircle.a(screen.o)
                0x000000000001d8dc                CScreenDevice::~CScreenDevice()
                0x000000000001d8dc                CScreenDevice::~CScreenDevice()
                0x000000000001d954                CScreenDevice::~CScreenDevice()
                0x000000000001da10                CScreenDevice::CScreenDevice(unsigned int, unsigned int, bool)
                0x000000000001da10                CScreenDevice::CScreenDevice(unsigned int, unsigned int, bool)
                0x000000000001da88                CScreenDevice::GetWidth() const
                0x000000000001da90                CScreenDevice::GetHeight() const
                0x000000000001da98                CScreenDevice::GetColumns() const
                0x000000000001dab8                CScreenDevice::GetRows() const
                0x000000000001dad8                CScreenDevice::GetStatus()
                0x000000000001db48                CScreenDevice::SetStatus(TScreenStatus const&)
                0x000000000001dc54                CScreenDevice::CarriageReturn()
                0x000000000001dc60                CScreenDevice::CursorHome()
                0x000000000001dc74                CScreenDevice::CursorLeft()
                0x000000000001dce0                CScreenDevice::CursorMove(unsigned int, unsigned int)
                0x000000000001dd40                CScreenDevice::CursorUp()
                0x000000000001dd70                CScreenDevice::DeleteChars(unsigned int)
                0x000000000001dd74                CScreenDevice::DeleteLines(unsigned int)
                0x000000000001dd78                CScreenDevice::InsertLines(unsigned int)
                0x000000000001dd7c                CScreenDevice::InsertMode(bool)
                0x000000000001dd84                CScreenDevice::ReverseScroll()
                0x000000000001dd88                CScreenDevice::SetCursorMode(bool)
                0x000000000001dd90                CScreenDevice::SetScrollRegion(unsigned int, unsigned int)
                0x000000000001de0c                CScreenDevice::SetStandoutMode(unsigned int)
                0x000000000001deac                CScreenDevice::Scroll()
                0x000000000001df50                CScreenDevice::CursorDown()
                0x000000000001df9c                CScreenDevice::NewLine()
                0x000000000001dfa8                CScreenDevice::CursorRight()
                0x000000000001dfe4                CScreenDevice::Tabulator()
                0x000000000001e030                CScreenDevice::DisplayChar(char, unsigned int, unsigned int, unsigned short)
                0x000000000001e104                CScreenDevice::DisplayChar(char)
                0x000000000001e140                CScreenDevice::EraseChar(unsigned int, unsigned int)
                0x000000000001e1c4                CScreenDevice::ClearLineEnd()
                0x000000000001e26c                CScreenDevice::EraseChars(unsigned int)
                0x000000000001e278                CScreenDevice::ClearDisplayEnd()
                0x000000000001e2fc                CScreenDevice::Write(char)
                0x000000000001e80c                CScreenDevice::Write(void const*, unsigned int)
                0x000000000001e8d4                CScreenDevice::Initialize()
                0x000000000001ea44                CScreenDevice::InvertCursor()
                0x000000000001ea54                CScreenDevice::SetPixel(unsigned int, unsigned int, unsigned short)
                0x000000000001ea80                CScreenDevice::GetPixel(unsigned int, unsigned int)
                0x000000000001eab8                CScreenDevice::Rotor(unsigned int, unsigned int)
 .text          0x000000000001eb14      0xcac ./circle/lib/libcircle.a(serial.o)
                0x000000000001eb14                CSerialDevice::Read(void*, unsigned int)
                0x000000000001ecdc                CSerialDevice::CSerialDevice(CInterruptSystem*, bool)
                0x000000000001ecdc                CSerialDevice::CSerialDevice(CInterruptSystem*, bool)
                0x000000000001ed9c                CSerialDevice::Initialize(unsigned int)
                0x000000000001ef48                CSerialDevice::GetOptions() const
                0x000000000001ef54                CSerialDevice::SetOptions(unsigned int)
                0x000000000001ef60                CSerialDevice::RegisterMagicReceivedHandler(char const*, void (*)())
                0x000000000001f040                CSerialDevice::AvailableForWrite()
                0x000000000001f0c8                CSerialDevice::AvailableForRead()
                0x000000000001f14c                CSerialDevice::Peek()
                0x000000000001f1e8                CSerialDevice::Flush()
                0x000000000001f20c                CSerialDevice::Write(unsigned char)
                0x000000000001f2fc                CSerialDevice::Write(void const*, unsigned int)
                0x000000000001f4b8                CSerialDevice::InterruptHandler()
                0x000000000001f6a0                CSerialDevice::InterruptStub(void*)
                0x000000000001f6e0                CSerialDevice::~CSerialDevice()
                0x000000000001f6e0                CSerialDevice::~CSerialDevice()
                0x000000000001f79c                CSerialDevice::~CSerialDevice()
 .text          0x000000000001f7c0     0x10b4 ./circle/lib/libcircle.a(string.o)
                0x000000000001f7c0                CString::~CString()
                0x000000000001f7c0                CString::~CString()
                0x000000000001f7ec                CString::~CString()
                0x000000000001f88c                CString::CString()
                0x000000000001f88c                CString::CString()
                0x000000000001f8a4                CString::CString(char const*)
                0x000000000001f8a4                CString::CString(char const*)
                0x000000000001f8e4                CString::operator char const*() const
                0x000000000001f8fc                CString::operator=(char const*)
                0x000000000001f940                CString::operator=(CString const&)
                0x000000000001f99c                CString::GetLength() const
                0x000000000001f9ac                CString::Append(char const*)
                0x000000000001fa30                CString::Compare(char const*) const
                0x000000000001fa38                CString::Find(char) const
                0x000000000001fa7c                CString::PutChar(char, unsigned int)
                0x000000000001fabc                CString::PutString(char const*)
                0x000000000001fb00                CString::Replace(char const*, char const*)
                0x000000000001fc7c                CString::ReserveSpace(unsigned int)
                0x000000000001fc88                CString::ntoa(char*, unsigned long, unsigned int, bool)
                0x000000000001fd40                CString::ftoa(char*, double, unsigned int)
                0x000000000001ffc0                CString::FormatV(char const*, std::__va_list)
                0x0000000000020844                CString::Format(char const*, ...)
 .text          0x0000000000020874       0xec ./circle/lib/libcircle.a(sysinit.o)
                0x0000000000020874                __aeabi_atexit
                0x0000000000020878                halt
                0x0000000000020884                reboot
                0x00000000000208b0                sysinit
 .text          0x0000000000020960      0xdc4 ./circle/lib/libcircle.a(timer.o)
                0x0000000000020998                CTimer::CTimer(CInterruptSystem*)
                0x0000000000020998                CTimer::CTimer(CInterruptSystem*)
                0x0000000000020a20                CTimer::~CTimer()
                0x0000000000020a20                CTimer::~CTimer()
                0x0000000000020b08                CTimer::SetTimeZone(int)
                0x0000000000020b2c                CTimer::GetTimeZone() const
                0x0000000000020b34                CTimer::SetTime(unsigned int, bool)
                0x0000000000020bb0                CTimer::GetClockTicks()
                0x0000000000020bcc                CTimer::GetTicks() const
                0x0000000000020bd4                CTimer::GetUptime() const
                0x0000000000020bdc                CTimer::GetTime() const
                0x0000000000020be4                CTimer::GetLocalTime(unsigned int*, unsigned int*)
                0x0000000000020ca4                CTimer::GetUniversalTime() const
                0x0000000000020cc4                CTimer::GetUniversalTime(unsigned int*, unsigned int*)
                0x0000000000020da8                CTimer::GetTimeString()
                0x0000000000020fac                CTimer::StartKernelTimer(unsigned int, void (*)(unsigned int, void*, void*), void*, void*)
                0x0000000000021114                CTimer::CancelKernelTimer(unsigned int)
                0x00000000000211d0                CTimer::PollKernelTimers()
                0x0000000000021338                CTimer::InterruptHandler()
                0x000000000002143c                CTimer::InterruptHandler(void*)
                0x000000000002147c                CTimer::TuneMsDelay()
                0x0000000000021524                CTimer::Initialize()
                0x00000000000215ac                CTimer::RegisterPeriodicHandler(void (*)())
                0x0000000000021604                CTimer::SimpleMsDelay(unsigned int)
                0x0000000000021620                CTimer::SimpleusDelay(unsigned int)
                0x000000000002162c                CTimer::IsLeapYear(unsigned int)
                0x0000000000021678                CTimer::GetDaysOfMonth(unsigned int, unsigned int)
                0x00000000000216e8                CTimer::Get()
 .text          0x0000000000021724      0x5c8 ./circle/lib/libcircle.a(util.o)
                0x0000000000021724                memset
                0x0000000000021748                memcmp
                0x00000000000217a4                strlen
                0x00000000000217cc                strcmp
                0x0000000000021838                strcasecmp
                0x0000000000021908                strncmp
                0x000000000002199c                strcpy
                0x00000000000219c8                strncpy
                0x0000000000021a14                strcat
                0x0000000000021a58                strchr
                0x0000000000021a98                strtok_r
                0x0000000000021b64                strtoul
                0x0000000000021ce8                char2int
 .text          0x0000000000021cec       0x5c ./circle/lib/libcircle.a(util_fast.o)
                0x0000000000021cec                memcpy
 .text          0x0000000000021d48      0x24c ./circle/lib/libcircle.a(virtualgpiopin.o)
                0x0000000000021d48                CVirtualGPIOPin::~CVirtualGPIOPin()
                0x0000000000021d48                CVirtualGPIOPin::~CVirtualGPIOPin()
                0x0000000000021d4c                CVirtualGPIOPin::~CVirtualGPIOPin()
                0x0000000000021e08                CVirtualGPIOPin::CVirtualGPIOPin(unsigned int)
                0x0000000000021e08                CVirtualGPIOPin::CVirtualGPIOPin(unsigned int)
                0x0000000000021f4c                CVirtualGPIOPin::Write(unsigned int)
                0x0000000000021f88                CVirtualGPIOPin::Invert()
 .text.startup  0x0000000000021f94       0x14 ./circle/lib/libcircle.a(virtualgpiopin.o)
 .text          0x0000000000021fa8      0x2c0 ./circle/lib/libcircle.a(exceptionhandler.o)
                0x0000000000021fa8                CExceptionHandler::CExceptionHandler()
                0x0000000000021fa8                CExceptionHandler::CExceptionHandler()
                0x0000000000022038                CExceptionHandler::~CExceptionHandler()
                0x0000000000022038                CExceptionHandler::~CExceptionHandler()
                0x000000000002204c                CExceptionHandler::Throw(unsigned int)
                0x000000000002208c                CExceptionHandler::Throw(unsigned int, TAbortFrame*)
                0x000000000002217c                CExceptionHandler::Get()
                0x00000000000221b4                ExceptionHandler
                0x0000000000022220                raise
 .text          0x0000000000022268      0x170 ./circle/lib/libcircle.a(exceptionstub.o)
                0x0000000000022268                UndefinedInstructionInternal
                0x00000000000222b4                PrefetchAbortStub
                0x0000000000022300                DataAbortStub
                0x000000000002234c                UndefinedInstructionStub
                0x0000000000022368                IRQStub
                0x0000000000022378                FIQStub
 .text          0x00000000000223d8      0x2cc ./circle/lib/libcircle.a(memory.o)
                0x00000000000223d8                CMemorySystem::~CMemorySystem()
                0x00000000000223d8                CMemorySystem::~CMemorySystem()
                0x0000000000022450                CMemorySystem::GetMemSize() const
                0x0000000000022494                CMemorySystem::Get()
                0x00000000000224cc                CMemorySystem::EnableMMU()
                0x00000000000225a8                CMemorySystem::CMemorySystem(bool)
                0x00000000000225a8                CMemorySystem::CMemorySystem(bool)
                0x0000000000022698                CMemorySystem::GetCoherentPage(unsigned int)
 .text          0x00000000000226a4       0xb8 ./circle/lib/libcircle.a(pagetable.o)
                0x00000000000226a4                CPageTable::CPageTable(unsigned int)
                0x00000000000226a4                CPageTable::CPageTable(unsigned int)
                0x000000000002274c                CPageTable::~CPageTable()
                0x000000000002274c                CPageTable::~CPageTable()
                0x0000000000022750                CPageTable::GetBaseAddress() const
 .text          0x000000000002275c        0x0 ./circle/lib/libcircle.a(startup.o)
 .text          0x000000000002275c      0x180 ./circle/lib/libcircle.a(synchronize.o)
                0x000000000002275c                CurrentExecutionLevel
                0x0000000000022774                EnterCritical
                0x0000000000022828                LeaveCritical
                0x0000000000022880                CleanAndInvalidateDataCacheRange
                0x00000000000228bc                SyncDataAndInstructionCache
 .text          0x00000000000228dc       0x18 ./circle/lib/libcircle.a(new.o)
                0x00000000000228dc                operator new(unsigned int)
                0x00000000000228e0                operator new[](unsigned int)
                0x00000000000228e4                operator delete(void*)
                0x00000000000228e8                operator delete[](void*)
                0x00000000000228ec                operator delete(void*, unsigned int)
                0x00000000000228f0                operator delete[](void*, unsigned int)
 .text          0x00000000000228f4       0x18 ./circle/lib/libcircle.a(purecall.o)