Archive member included to satisfy reference by file (symbol)

c:/program files (x86)/gnu tools arm embedded/7 2017-q4-major/bin/../lib/gcc/arm-none-eabi/7.2.1/hard/libgcc.a(_udivsi3.o)
                              src/rdserial.o (__aeabi_uidiv)
c:/program files (x86)/gnu tools arm embedded/7 2017-q4-major/bin/../lib/gcc/arm-none-eabi/7.2.1/hard/libgcc.a(_dvmd_tls.o)
                              c:/program files (x86)/gnu tools arm embedded/7 2017-q4-major/bin/../lib/gcc/arm-none-eabi/7.2.1/hard/libgcc.a(_udivsi3.o) (__aeabi_idiv0)
./circle/lib/libcircle.a(actled.o)
                              src/kernel.o (CActLED::~CActLED())
./circle/lib/libcircle.a(assert.o)
                              src/rdserial.o (assertion_failed)
./circle/lib/libcircle.a(bcmpropertytags.o)
                              ./circle/lib/libcircle.a(actled.o) (CBcmPropertyTags::CBcmPropertyTags())
./circle/lib/libcircle.a(debug.o)
                              ./circle/lib/libcircle.a(assert.o) (debug_stacktrace(unsigned int const*, char const*))
./circle/lib/libcircle.a(device.o)
                              src/rdserial.o (CDevice::~CDevice())
./circle/lib/libcircle.a(devicenameservice.o)
                              src/kernel.o (CDeviceNameService::CDeviceNameService())
./circle/lib/libcircle.a(gpiopin.o)
                              src/rdserial.o (CGPIOPin::~CGPIOPin())
./circle/lib/libcircle.a(interrupt.o)
                              src/kernel.o (CInterruptSystem::CInterruptSystem())
./circle/lib/libcircle.a(koptions.o)
                              src/kernel.o (CKernelOptions::~CKernelOptions())
./circle/lib/libcircle.a(logger.o)
                              src/kernel.o (CLogger::CLogger(unsigned int, CTimer*))
./circle/lib/libcircle.a(machineinfo.o)
                              ./circle/lib/libcircle.a(logger.o) (CMachineInfo::GetMachineName() const)
./circle/lib/libcircle.a(screen.o)
                              src/kernel.o (CScreenDevice::~CScreenDevice())
./circle/lib/libcircle.a(serial.o)
                              src/kernel.o (CSerialDevice::Read(void*, unsigned int))
./circle/lib/libcircle.a(string.o)
                              src/kernel.o (CString::~CString())
./circle/lib/libcircle.a(sysinit.o)
                              src/main.o (halt)
./circle/lib/libcircle.a(timer.o)
                              src/kernel.o (CTimer::CTimer(CInterruptSystem*))
./circle/lib/libcircle.a(util.o)
                              ./circle/lib/libcircle.a(screen.o) (memset)
./circle/lib/libcircle.a(util_fast.o)
                              ./circle/lib/libcircle.a(bcmpropertytags.o) (memcpy)
./circle/lib/libcircle.a(virtualgpiopin.o)
                              ./circle/lib/libcircle.a(actled.o) (CVirtualGPIOPin::CVirtualGPIOPin(unsigned int))
./circle/lib/libcircle.a(exceptionhandler.o)
                              src/kernel.o (CExceptionHandler::CExceptionHandler())
./circle/lib/libcircle.a(exceptionstub.o)
                              ./circle/lib/libcircle.a(exceptionhandler.o) (PrefetchAbortStub)
./circle/lib/libcircle.a(memory.o)
                              src/kernel.o (CMemorySystem::~CMemorySystem())
./circle/lib/libcircle.a(pagetable.o)
                              ./circle/lib/libcircle.a(memory.o) (CPageTable::CPageTable(unsigned int))
./circle/lib/libcircle.a(startup.o)
                              (_start)
./circle/lib/libcircle.a(synchronize.o)
                              src/rdserial.o (EnterCritical)
./circle/lib/libcircle.a(new.o)
                              ./circle/lib/libcircle.a(actled.o) (operator new(unsigned int))
./circle/lib/libcircle.a(alloc.o)
                              ./circle/lib/libcircle.a(memory.o) (mem_init)
./circle/lib/libcircle.a(bcmframebuffer.o)
                              ./circle/lib/libcircle.a(screen.o) (CBcmFrameBuffer::CBcmFrameBuffer(unsigned int, unsigned int, unsigned int, unsigned int, unsigned int))
./circle/lib/libcircle.a(bcmmailbox.o)
                              ./circle/lib/libcircle.a(bcmpropertytags.o) (CBcmMailBox::CBcmMailBox(unsigned int))
./circle/lib/libcircle.a(chargenerator.o)
                              ./circle/lib/libcircle.a(screen.o) (CCharGenerator::CCharGenerator())
./circle/lib/libcircle.a(delayloop.o)
                              ./circle/lib/libcircle.a(timer.o) (DelayLoop)
./circle/lib/libcircle.a(gpiomanager.o)
                              ./circle/lib/libcircle.a(gpiopin.o) (CGPIOManager::ConnectInterrupt(CGPIOPin*))
./circle/lib/libcircle.a(ptrlist.o)
                              ./circle/lib/libcircle.a(timer.o) (CPtrList::CPtrList())

Memory Configuration

Name             Origin             Length             Attributes
*default*        0x00000000         0xffffffff

Linker script and memory map

Address of section .init set to 0x8000

.init           0x00008000       0x64
 *(.init)
 .init          0x00008000       0x64 ./circle/lib/libcircle.a(startup.o)
                0x00008000                _start

.text           0x00008068     0xaf64
 *(.text*)
 .text          0x00008068        0x0 src/main.o
 .text.startup  0x00008068       0x3c src/main.o
                0x00008068                main
 .text          0x000080a4      0x328 src/kernel.o
                0x000080a4                CKernel::CKernel()
                0x000080a4                CKernel::CKernel()
                0x0000817c                CKernel::Initialize()
                0x00008210                CKernel::~CKernel()
                0x00008210                CKernel::~CKernel()
                0x00008298                CKernel::Run()
 .text          0x000083cc      0xcbc src/rdserial.o
                0x000083cc                CRdSerialDevice::Read(void*, unsigned int)
                0x00008598                CRdSerialDevice::CRdSerialDevice(CInterruptSystem*, bool)
                0x00008598                CRdSerialDevice::CRdSerialDevice(CInterruptSystem*, bool)
                0x00008658                CRdSerialDevice::Initialize(unsigned int)
                0x00008810                CRdSerialDevice::GetOptions() const
                0x0000881c                CRdSerialDevice::SetOptions(unsigned int)
                0x00008828                CRdSerialDevice::RegisterMagicReceivedHandler(char const*, void (*)())
                0x00008908                CRdSerialDevice::AvailableForWrite()
                0x00008990                CRdSerialDevice::AvailableForRead()
                0x00008a14                CRdSerialDevice::Peek()
                0x00008ac0                CRdSerialDevice::Flush()
                0x00008ae4                CRdSerialDevice::Write(unsigned char)
                0x00008bcc                CRdSerialDevice::Write(void const*, unsigned int)
                0x00008d84                CRdSerialDevice::InterruptHandler()
                0x00008f68                CRdSerialDevice::InterruptStub(void*)
                0x00008fa8                CRdSerialDevice::~CRdSerialDevice()
                0x00008fa8                CRdSerialDevice::~CRdSerialDevice()
                0x00009064                CRdSerialDevice::~CRdSerialDevice()
 .text          0x00009088       0xc4 src/BusRaider.o
                0x00009088                BusRaider::static_putBytesToSerial(unsigned char const*, int)
                0x0000908c                BusRaider::static_doChangeMachine(char const*)
                0x000090bc                BusRaider::BusRaider()
                0x000090bc                BusRaider::BusRaider()
                0x00009104                BusRaider::~BusRaider()
                0x00009104                BusRaider::~BusRaider()
                0x00009128                BusRaider::putBytesToSerial(unsigned char const*, int)
                0x0000912c                BusRaider::doChangeMachine(char const*)
                0x00009148                BusRaider::handleSerialRxBuffer(unsigned char const*, int)
 .text          0x0000914c       0x6c src/System/LogHandler.o
                0x0000914c                LogWrite(char const*, unsigned int, char const*, ...)
 .text          0x000091b8      0x16c src/CommandHandler/CommandHandler.o
                0x000091b8                CommandHandler::static_hdlcPutCh(unsigned char)
                0x000091fc                CommandHandler::static_hdlcFrameRx(unsigned char const*, int)
                0x0000924c                CommandHandler::CommandHandler()
                0x0000924c                CommandHandler::CommandHandler()
                0x000092a4                CommandHandler::~CommandHandler()
                0x000092a4                CommandHandler::~CommandHandler()
                0x000092a8                CommandHandler::handleBuffer(unsigned char const*, int)
                0x000092b0                CommandHandler::hdlcPutCh(unsigned char)
                0x000092e4                CommandHandler::hdlcFrameRx(unsigned char const*, int)
                0x00009320                CommandHandler::service()
 .text          0x00009324      0x428 src/CommandHandler/MiniHDLC.o
                0x000093b0                MiniHDLC::MiniHDLC(void (*)(unsigned char), void (*)(unsigned char const*, int), bool, bool)
                0x000093b0                MiniHDLC::MiniHDLC(void (*)(unsigned char), void (*)(unsigned char const*, int), bool, bool)
                0x000093f8                MiniHDLC::handleChar(unsigned char)
                0x00009498                MiniHDLC::handleBit(unsigned char)
                0x0000951c                MiniHDLC::handleBuffer(unsigned char const*, int)
                0x0000954c                MiniHDLC::crcUpdateCCITT(unsigned short, unsigned char)
                0x0000956c                MiniHDLC::sendChar(unsigned char)
                0x000095c8                MiniHDLC::sendCharWithStuffing(unsigned char)
                0x0000965c                MiniHDLC::sendEscaped(unsigned char)
                0x000096a0                MiniHDLC::sendFrame(unsigned char const*, int)
 .text          0x0000974c      0x114 c:/program files (x86)/gnu tools arm embedded/7 2017-q4-major/bin/../lib/gcc/arm-none-eabi/7.2.1/hard/libgcc.a(_udivsi3.o)
                0x0000974c                __aeabi_uidiv
                0x0000974c                __udivsi3
                0x00009840                __aeabi_uidivmod
 .text          0x00009860        0x4 c:/program files (x86)/gnu tools arm embedded/7 2017-q4-major/bin/../lib/gcc/arm-none-eabi/7.2.1/hard/libgcc.a(_dvmd_tls.o)
                0x00009860                __aeabi_idiv0
                0x00009860                __aeabi_ldiv0
 .text          0x00009864      0x244 ./circle/lib/libcircle.a(actled.o)
                0x00009864                CActLED::~CActLED()
                0x00009864                CActLED::~CActLED()
                0x00009878                CActLED::On()
                0x000098a8                CActLED::Off()
                0x000098e0                CActLED::CActLED()
                0x000098e0                CActLED::CActLED()
                0x00009a4c                CActLED::Blink(unsigned int, unsigned int, unsigned int)
                0x00009a98                CActLED::Get()
 .text          0x00009aa8       0x90 ./circle/lib/libcircle.a(assert.o)
                0x00009aa8                assertion_failed
 .text          0x00009b38      0x27c ./circle/lib/libcircle.a(bcmpropertytags.o)
                0x00009b38                CBcmPropertyTags::CBcmPropertyTags()
                0x00009b38                CBcmPropertyTags::CBcmPropertyTags()
                0x00009b50                CBcmPropertyTags::~CBcmPropertyTags()
                0x00009b50                CBcmPropertyTags::~CBcmPropertyTags()
                0x00009b64                CBcmPropertyTags::GetTags(void*, unsigned int)
                0x00009c94                CBcmPropertyTags::GetTag(unsigned int, void*, unsigned int, unsigned int)
 .text          0x00009db4      0x1bc ./circle/lib/libcircle.a(debug.o)
                0x00009db4                debug_hexdump(void const*, unsigned int, char const*)
                0x00009ecc                debug_stacktrace(unsigned int const*, char const*)
 .text          0x00009f70       0x40 ./circle/lib/libcircle.a(device.o)
                0x00009f70                CDevice::~CDevice()
                0x00009f70                CDevice::~CDevice()
                0x00009f74                CDevice::Write(void const*, unsigned int)
                0x00009f74                CDevice::Read(void*, unsigned int)
                0x00009f7c                CDevice::Seek(unsigned long long)
                0x00009f88                CDevice::~CDevice()
                0x00009fa0                CDevice::CDevice()
                0x00009fa0                CDevice::CDevice()
 .text          0x00009fb0      0x634 ./circle/lib/libcircle.a(devicenameservice.o)
                0x00009fb0                CDeviceNameService::CDeviceNameService()
                0x00009fb0                CDeviceNameService::CDeviceNameService()
                0x00009ffc                CDeviceNameService::~CDeviceNameService()
                0x00009ffc                CDeviceNameService::~CDeviceNameService()
                0x0000a064                CDeviceNameService::AddDevice(char const*, CDevice*, bool)
                0x0000a120                CDeviceNameService::RemoveDevice(char const*, bool)
                0x0000a258                CDeviceNameService::GetDevice(char const*, bool)
                0x0000a364                CDeviceNameService::Get()
                0x0000a39c                CDeviceNameService::AddDevice(char const*, unsigned int, CDevice*, bool)
                0x0000a404                CDeviceNameService::RemoveDevice(char const*, unsigned int, bool)
                0x0000a464                CDeviceNameService::GetDevice(char const*, unsigned int, bool)
                0x0000a4cc                CDeviceNameService::ListDevices(CDevice*)
 .text          0x0000a5e4      0xd38 ./circle/lib/libcircle.a(gpiopin.o)
                0x0000a5e4                CGPIOPin::~CGPIOPin()
                0x0000a5e4                CGPIOPin::~CGPIOPin()
                0x0000a5e8                CGPIOPin::~CGPIOPin()
                0x0000a600                CGPIOPin::CGPIOPin()
                0x0000a600                CGPIOPin::CGPIOPin()
                0x0000a63c                CGPIOPin::AssignPin(unsigned int)
                0x0000a6d0                CGPIOPin::Write(unsigned int)
                0x0000a790                CGPIOPin::Read() const
                0x0000a818                CGPIOPin::Invert()
                0x0000a858                CGPIOPin::ConnectInterrupt(void (*)(void*), void*)
                0x0000a958                CGPIOPin::DisconnectInterrupt()
                0x0000aa34                CGPIOPin::EnableInterrupt(TGPIOInterrupt)
                0x0000ab58                CGPIOPin::DisableInterrupt()
                0x0000ac14                CGPIOPin::EnableInterrupt2(TGPIOInterrupt)
                0x0000ad4c                CGPIOPin::DisableInterrupt2()
                0x0000ae0c                CGPIOPin::ReadAll()
                0x0000ae1c                CGPIOPin::SetPullUpMode(unsigned int)
                0x0000aebc                CGPIOPin::SetAlternateFunction(unsigned int)
                0x0000af90                CGPIOPin::SetMode(TGPIOMode, bool)
                0x0000b158                CGPIOPin::CGPIOPin(unsigned int, TGPIOMode, CGPIOManager*)
                0x0000b158                CGPIOPin::CGPIOPin(unsigned int, TGPIOMode, CGPIOManager*)
                0x0000b1b0                CGPIOPin::InterruptHandler()
                0x0000b264                CGPIOPin::DisableAllInterrupts(unsigned int)
 .text.startup  0x0000b31c       0x14 ./circle/lib/libcircle.a(gpiopin.o)
 .text          0x0000b330      0x5dc ./circle/lib/libcircle.a(interrupt.o)
                0x0000b330                CInterruptSystem::CInterruptSystem()
                0x0000b330                CInterruptSystem::CInterruptSystem()
                0x0000b368                CInterruptSystem::~CInterruptSystem()
                0x0000b368                CInterruptSystem::~CInterruptSystem()
                0x0000b37c                CInterruptSystem::Initialize()
                0x0000b3e8                CInterruptSystem::DisconnectFIQ()
                0x0000b46c                CInterruptSystem::EnableIRQ(unsigned int)
                0x0000b4e8                CInterruptSystem::ConnectIRQ(unsigned int, void (*)(void*), void*)
                0x0000b558                CInterruptSystem::DisableIRQ(unsigned int)
                0x0000b5d4                CInterruptSystem::DisconnectIRQ(unsigned int)
                0x0000b650                CInterruptSystem::EnableFIQ(unsigned int)
                0x0000b69c                CInterruptSystem::ConnectFIQ(unsigned int, void (*)(void*), void*)
                0x0000b770                CInterruptSystem::DisableFIQ()
                0x0000b78c                CInterruptSystem::Get()
                0x0000b7c4                CInterruptSystem::CallIRQHandler(unsigned int)
                0x0000b830                CInterruptSystem::InterruptHandler()
                0x0000b8f4                InterruptHandler
 .text          0x0000b90c      0x574 ./circle/lib/libcircle.a(koptions.o)
                0x0000b970                CKernelOptions::~CKernelOptions()
                0x0000b970                CKernelOptions::~CKernelOptions()
                0x0000b984                CKernelOptions::GetWidth() const
                0x0000b98c                CKernelOptions::GetHeight() const
                0x0000b994                CKernelOptions::GetLogDevice() const
                0x0000b9a0                CKernelOptions::GetLogLevel() const
                0x0000b9a8                CKernelOptions::GetKeyMap() const
                0x0000b9b0                CKernelOptions::GetUSBPowerDelay() const
                0x0000b9b8                CKernelOptions::GetSoundDevice() const
                0x0000b9c4                CKernelOptions::GetSoundOption() const
                0x0000b9cc                CKernelOptions::GetCPUSpeed() const
                0x0000b9d4                CKernelOptions::GetSoCMaxTemp() const
                0x0000b9dc                CKernelOptions::Get()
                0x0000b9ec                CKernelOptions::GetToken()
                0x0000ba68                CKernelOptions::CKernelOptions()
                0x0000ba68                CKernelOptions::CKernelOptions()
                0x0000be28                CKernelOptions::GetOptionValue(char*)
                0x0000be60                CKernelOptions::GetDecimal(char*)
 .text          0x0000be80      0x7e4 ./circle/lib/libcircle.a(logger.o)
                0x0000be80                CLogger::CLogger(unsigned int, CTimer*)
                0x0000be80                CLogger::CLogger(unsigned int, CTimer*)
                0x0000bed8                CLogger::~CLogger()
                0x0000bed8                CLogger::~CLogger()
                0x0000bf4c                CLogger::Get()
                0x0000bf5c                CLogger::Write(char const*)
                0x0000c008                CLogger::WriteNoAlloc(char const*, TLogSeverity, char const*)
                0x0000c0e0                CLogger::Read(void*, unsigned int)
                0x0000c1a4                CLogger::WriteEvent(char const*, TLogSeverity, char const*)
                0x0000c308                CLogger::ReadEvent(TLogSeverity*, char*, char*, long*, unsigned int*, int*)
                0x0000c3ec                CLogger::RegisterEventNotificationHandler(void (*)())
                0x0000c3f4                CLogger::RegisterPanicHandler(void (*)())
                0x0000c3fc                CLogger::WriteV(char const*, TLogSeverity, char const*, std::__va_list)
                0x0000c5f0                CLogger::Write(char const*, TLogSeverity, char const*, ...)
                0x0000c620                CLogger::Initialize(CDevice*)
 .text          0x0000c664      0x414 ./circle/lib/libcircle.a(machineinfo.o)
                0x0000c664                CMachineInfo::CMachineInfo()
                0x0000c664                CMachineInfo::CMachineInfo()
                0x0000c83c                CMachineInfo::~CMachineInfo()
                0x0000c83c                CMachineInfo::~CMachineInfo()
                0x0000c860                CMachineInfo::GetMachineModel() const
                0x0000c868                CMachineInfo::GetMachineName() const
                0x0000c880                CMachineInfo::GetModelMajor() const
                0x0000c888                CMachineInfo::GetModelRevision() const
                0x0000c890                CMachineInfo::GetSoCType() const
                0x0000c898                CMachineInfo::GetRAMSize() const
                0x0000c8a0                CMachineInfo::GetSoCName() const
                0x0000c8b8                CMachineInfo::GetRevisionRaw() const
                0x0000c8c0                CMachineInfo::GetClockRate(unsigned int) const
                0x0000c98c                CMachineInfo::GetGPIOPin(TGPIOVirtualPin) const
                0x0000ca00                CMachineInfo::GetDevice(TDeviceId) const
                0x0000ca40                CMachineInfo::Get()
 .text          0x0000ca78     0x1238 ./circle/lib/libcircle.a(screen.o)
                0x0000ca78                CScreenDevice::~CScreenDevice()
                0x0000ca78                CScreenDevice::~CScreenDevice()
                0x0000caf0                CScreenDevice::~CScreenDevice()
                0x0000cbac                CScreenDevice::CScreenDevice(unsigned int, unsigned int, bool)
                0x0000cbac                CScreenDevice::CScreenDevice(unsigned int, unsigned int, bool)
                0x0000cc24                CScreenDevice::GetWidth() const
                0x0000cc2c                CScreenDevice::GetHeight() const
                0x0000cc34                CScreenDevice::GetColumns() const
                0x0000cc54                CScreenDevice::GetRows() const
                0x0000cc74                CScreenDevice::GetStatus()
                0x0000cce4                CScreenDevice::SetStatus(TScreenStatus const&)
                0x0000cdf0                CScreenDevice::CarriageReturn()
                0x0000cdfc                CScreenDevice::CursorHome()
                0x0000ce10                CScreenDevice::CursorLeft()
                0x0000ce7c                CScreenDevice::CursorMove(unsigned int, unsigned int)
                0x0000cedc                CScreenDevice::CursorUp()
                0x0000cf0c                CScreenDevice::DeleteChars(unsigned int)
                0x0000cf10                CScreenDevice::DeleteLines(unsigned int)
                0x0000cf14                CScreenDevice::InsertLines(unsigned int)
                0x0000cf18                CScreenDevice::InsertMode(bool)
                0x0000cf20                CScreenDevice::ReverseScroll()
                0x0000cf24                CScreenDevice::SetCursorMode(bool)
                0x0000cf2c                CScreenDevice::SetScrollRegion(unsigned int, unsigned int)
                0x0000cfa8                CScreenDevice::SetStandoutMode(unsigned int)
                0x0000d048                CScreenDevice::Scroll()
                0x0000d0ec                CScreenDevice::CursorDown()
                0x0000d138                CScreenDevice::NewLine()
                0x0000d144                CScreenDevice::CursorRight()
                0x0000d180                CScreenDevice::Tabulator()
                0x0000d1cc                CScreenDevice::DisplayChar(char, unsigned int, unsigned int, unsigned short)
                0x0000d2a0                CScreenDevice::DisplayChar(char)
                0x0000d2dc                CScreenDevice::EraseChar(unsigned int, unsigned int)
                0x0000d360                CScreenDevice::ClearLineEnd()
                0x0000d408                CScreenDevice::EraseChars(unsigned int)
                0x0000d414                CScreenDevice::ClearDisplayEnd()
                0x0000d498                CScreenDevice::Write(char)
                0x0000d9a8                CScreenDevice::Write(void const*, unsigned int)
                0x0000da70                CScreenDevice::Initialize()
                0x0000dbe0                CScreenDevice::InvertCursor()
                0x0000dbf0                CScreenDevice::SetPixel(unsigned int, unsigned int, unsigned short)
                0x0000dc1c                CScreenDevice::GetPixel(unsigned int, unsigned int)
                0x0000dc54                CScreenDevice::Rotor(unsigned int, unsigned int)
 .text          0x0000dcb0      0xcc8 ./circle/lib/libcircle.a(serial.o)
                0x0000dcb0                CSerialDevice::Read(void*, unsigned int)
                0x0000de80                CSerialDevice::CSerialDevice(CInterruptSystem*, bool)
                0x0000de80                CSerialDevice::CSerialDevice(CInterruptSystem*, bool)
                0x0000df44                CSerialDevice::Initialize(unsigned int)
                0x0000e0f0                CSerialDevice::GetOptions() const
                0x0000e0fc                CSerialDevice::SetOptions(unsigned int)
                0x0000e108                CSerialDevice::RegisterMagicReceivedHandler(char const*, void (*)())
                0x0000e1e8                CSerialDevice::AvailableForWrite()
                0x0000e270                CSerialDevice::AvailableForRead()
                0x0000e2f0                CSerialDevice::Peek()
                0x0000e398                CSerialDevice::Flush()
                0x0000e3bc                CSerialDevice::Write(unsigned char)
                0x0000e4a0                CSerialDevice::Write(void const*, unsigned int)
                0x0000e660                CSerialDevice::InterruptHandler()
                0x0000e858                CSerialDevice::InterruptStub(void*)
                0x0000e898                CSerialDevice::~CSerialDevice()
                0x0000e898                CSerialDevice::~CSerialDevice()
                0x0000e954                CSerialDevice::~CSerialDevice()
 .text          0x0000e978     0x10b4 ./circle/lib/libcircle.a(string.o)
                0x0000e978                CString::~CString()
                0x0000e978                CString::~CString()
                0x0000e9a4                CString::~CString()
                0x0000ea44                CString::CString()
                0x0000ea44                CString::CString()
                0x0000ea5c                CString::CString(char const*)
                0x0000ea5c                CString::CString(char const*)
                0x0000ea9c                CString::operator char const*() const
                0x0000eab4                CString::operator=(char const*)
                0x0000eaf8                CString::operator=(CString const&)
                0x0000eb54                CString::GetLength() const
                0x0000eb64                CString::Append(char const*)
                0x0000ebe8                CString::Compare(char const*) const
                0x0000ebf0                CString::Find(char) const
                0x0000ec34                CString::PutChar(char, unsigned int)
                0x0000ec74                CString::PutString(char const*)
                0x0000ecb8                CString::Replace(char const*, char const*)
                0x0000ee34                CString::ReserveSpace(unsigned int)
                0x0000ee40                CString::ntoa(char*, unsigned long, unsigned int, bool)
                0x0000eef8                CString::ftoa(char*, double, unsigned int)
                0x0000f178                CString::FormatV(char const*, std::__va_list)
                0x0000f9fc                CString::Format(char const*, ...)
 .text          0x0000fa2c       0xec ./circle/lib/libcircle.a(sysinit.o)
                0x0000fa2c                __aeabi_atexit
                0x0000fa30                halt
                0x0000fa3c                reboot
                0x0000fa68                sysinit
 .text          0x0000fb18      0xdc4 ./circle/lib/libcircle.a(timer.o)
                0x0000fb50                CTimer::CTimer(CInterruptSystem*)
                0x0000fb50                CTimer::CTimer(CInterruptSystem*)
                0x0000fbd8                CTimer::~CTimer()
                0x0000fbd8                CTimer::~CTimer()
                0x0000fcc0                CTimer::SetTimeZone(int)
                0x0000fce4                CTimer::GetTimeZone() const
                0x0000fcec                CTimer::SetTime(unsigned int, bool)
                0x0000fd68                CTimer::GetClockTicks()
                0x0000fd84                CTimer::GetTicks() const
                0x0000fd8c                CTimer::GetUptime() const
                0x0000fd94                CTimer::GetTime() const
                0x0000fd9c                CTimer::GetLocalTime(unsigned int*, unsigned int*)
                0x0000fe5c                CTimer::GetUniversalTime() const
                0x0000fe7c                CTimer::GetUniversalTime(unsigned int*, unsigned int*)
                0x0000ff60                CTimer::GetTimeString()
                0x00010164                CTimer::StartKernelTimer(unsigned int, void (*)(unsigned int, void*, void*), void*, void*)
                0x000102cc                CTimer::CancelKernelTimer(unsigned int)
                0x00010388                CTimer::PollKernelTimers()
                0x000104f0                CTimer::InterruptHandler()
                0x000105f4                CTimer::InterruptHandler(void*)
                0x00010634                CTimer::TuneMsDelay()
                0x000106dc                CTimer::Initialize()
                0x00010764                CTimer::RegisterPeriodicHandler(void (*)())
                0x000107bc                CTimer::SimpleMsDelay(unsigned int)
                0x000107d8                CTimer::SimpleusDelay(unsigned int)
                0x000107e4                CTimer::IsLeapYear(unsigned int)
                0x00010830                CTimer::GetDaysOfMonth(unsigned int, unsigned int)
                0x000108a0                CTimer::Get()
 .text          0x000108dc      0x5c8 ./circle/lib/libcircle.a(util.o)
                0x000108dc                memset
                0x00010900                memcmp
                0x0001095c                strlen
                0x00010984                strcmp
                0x000109f0                strcasecmp
                0x00010ac0                strncmp
                0x00010b54                strcpy
                0x00010b80                strncpy
                0x00010bcc                strcat
                0x00010c10                strchr
                0x00010c50                strtok_r
                0x00010d1c                strtoul
                0x00010ea0                char2int
 .text          0x00010ea4       0x5c ./circle/lib/libcircle.a(util_fast.o)
                0x00010ea4                memcpy
 .text          0x00010f00      0x24c ./circle/lib/libcircle.a(virtualgpiopin.o)
                0x00010f00                CVirtualGPIOPin::~CVirtualGPIOPin()
                0x00010f00                CVirtualGPIOPin::~CVirtualGPIOPin()
                0x00010f04                CVirtualGPIOPin::~CVirtualGPIOPin()
                0x00010fc0                CVirtualGPIOPin::CVirtualGPIOPin(unsigned int)
                0x00010fc0                CVirtualGPIOPin::CVirtualGPIOPin(unsigned int)
                0x00011104                CVirtualGPIOPin::Write(unsigned int)
                0x00011140                CVirtualGPIOPin::Invert()
 .text.startup  0x0001114c       0x14 ./circle/lib/libcircle.a(virtualgpiopin.o)
 .text          0x00011160      0x2c0 ./circle/lib/libcircle.a(exceptionhandler.o)
                0x00011160                CExceptionHandler::CExceptionHandler()
                0x00011160                CExceptionHandler::CExceptionHandler()
                0x000111f0                CExceptionHandler::~CExceptionHandler()
                0x000111f0                CExceptionHandler::~CExceptionHandler()
                0x00011204                CExceptionHandler::Throw(unsigned int)
                0x00011244                CExceptionHandler::Throw(unsigned int, TAbortFrame*)
                0x00011334                CExceptionHandler::Get()
                0x0001136c                ExceptionHandler
                0x000113d8                raise
 .text          0x00011420      0x170 ./circle/lib/libcircle.a(exceptionstub.o)
                0x00011420                UndefinedInstructionInternal
                0x0001146c                PrefetchAbortStub
                0x000114b8                DataAbortStub
                0x00011504                UndefinedInstructionStub
                0x00011520                IRQStub
                0x00011530                FIQStub
 .text          0x00011590      0x2cc ./circle/lib/libcircle.a(memory.o)
                0x00011590                CMemorySystem::~CMemorySystem()
                0x00011590                CMemorySystem::~CMemorySystem()
                0x00011608                CMemorySystem::GetMemSize() const
                0x0001164c                CMemorySystem::Get()
                0x00011684                CMemorySystem::EnableMMU()
                0x00011760                CMemorySystem::CMemorySystem(bool)
                0x00011760                CMemorySystem::CMemorySystem(bool)
                0x00011850                CMemorySystem::GetCoherentPage(unsigned int)
 .text          0x0001185c       0xb8 ./circle/lib/libcircle.a(pagetable.o)
                0x0001185c                CPageTable::CPageTable(unsigned int)
                0x0001185c                CPageTable::CPageTable(unsigned int)
                0x00011904                CPageTable::~CPageTable()
                0x00011904                CPageTable::~CPageTable()
                0x00011908                CPageTable::GetBaseAddress() const
 .text          0x00011914        0x0 ./circle/lib/libcircle.a(startup.o)
 .text          0x00011914      0x180 ./circle/lib/libcircle.a(synchronize.o)
                0x00011914                CurrentExecutionLevel
                0x0001192c                EnterCritical
                0x000119e0                LeaveCritical
                0x00011a38                CleanAndInvalidateDataCacheRange
                0x00011a74                SyncDataAndInstructionCache
 .text          0x00011a94       0x18 ./circle/lib/libcircle.a(new.o)
                0x00011a94                operator new(unsigned int)
                0x00011a98                operator new[](unsigned int)
                0x00011a9c                operator delete(void*)
                0x00011aa0                operator delete[](void*)
                0x00011aa4                operator delete(void*, unsigned int)
                0x00011aa8                operator delete[](void*, unsigned int)
 .text          0x00011aac      0x608 ./circle/lib/libcircle.a(alloc.o)
                0x00011aac                mem_init
                0x00011ae8                mem_get_size
                0x00011b10                malloc
                0x00011d08                free
                0x00011e28                calloc
                0x00011e80                realloc
                0x00011f68                palloc
                0x00012054                pfree
 .text.startup  0x000120b4       0x18 ./circle/lib/libcircle.a(alloc.o)
 .text          0x000120cc      0x478 ./circle/lib/libcircle.a(bcmframebuffer.o)
                0x00012188                CBcmFrameBuffer::CBcmFrameBuffer(unsigned int, unsigned int, unsigned int, unsigned int, unsigned int)
                0x00012188                CBcmFrameBuffer::CBcmFrameBuffer(unsigned int, unsigned int, unsigned int, unsigned int, unsigned int)
                0x000122c0                CBcmFrameBuffer::~CBcmFrameBuffer()
                0x000122c0                CBcmFrameBuffer::~CBcmFrameBuffer()
                0x000122dc                CBcmFrameBuffer::SetPalette(unsigned char, unsigned short)
                0x00012334                CBcmFrameBuffer::SetPalette32(unsigned char, unsigned int)
                0x0001236c                CBcmFrameBuffer::Initialize()
                0x0001242c                CBcmFrameBuffer::GetWidth() const
                0x00012434                CBcmFrameBuffer::GetHeight() const
                0x0001243c                CBcmFrameBuffer::GetVirtWidth() const
                0x00012444                CBcmFrameBuffer::GetVirtHeight() const
                0x0001244c                CBcmFrameBuffer::GetPitch() const
                0x00012454                CBcmFrameBuffer::GetDepth() const
                0x0001245c                CBcmFrameBuffer::GetBuffer() const
                0x00012464                CBcmFrameBuffer::GetSize() const
                0x0001246c                CBcmFrameBuffer::UpdatePalette()
                0x00012484                CBcmFrameBuffer::SetVirtualOffset(unsigned int, unsigned int)
                0x000124fc                CBcmFrameBuffer::WaitForVerticalSync()
 .text          0x00012544      0x17c ./circle/lib/libcircle.a(bcmmailbox.o)
                0x00012544                CBcmMailBox::CBcmMailBox(unsigned int)
                0x00012544                CBcmMailBox::CBcmMailBox(unsigned int)
                0x0001254c                CBcmMailBox::~CBcmMailBox()
                0x0001254c                CBcmMailBox::~CBcmMailBox()
                0x00012550                CBcmMailBox::Flush()
                0x00012588                CBcmMailBox::Read()
                0x000125b8                CBcmMailBox::Write(unsigned int)
                0x0001260c                CBcmMailBox::WriteRead(unsigned int)
 .text.startup  0x000126c0       0x14 ./circle/lib/libcircle.a(bcmmailbox.o)
 .text          0x000126d4       0xa8 ./circle/lib/libcircle.a(chargenerator.o)
                0x000126d4                CCharGenerator::CCharGenerator()
                0x000126d4                CCharGenerator::CCharGenerator()
                0x000126e0                CCharGenerator::~CCharGenerator()
                0x000126e0                CCharGenerator::~CCharGenerator()
                0x000126e4                CCharGenerator::GetCharWidth() const
                0x000126ec                CCharGenerator::GetCharHeight() const
                0x000126f4                CCharGenerator::GetUnderline() const
                0x000126fc                CCharGenerator::GetPixel(char, unsigned int, unsigned int) const
 *fill*         0x0001277c        0x4 
 .text          0x00012780        0xc ./circle/lib/libcircle.a(delayloop.o)
                0x00012780                DelayLoop
 .text          0x0001278c      0x384 ./circle/lib/libcircle.a(gpiomanager.o)
                0x0001278c                CGPIOManager::CGPIOManager(CInterruptSystem*)
                0x0001278c                CGPIOManager::CGPIOManager(CInterruptSystem*)
                0x000127b8                CGPIOManager::~CGPIOManager()
                0x000127b8                CGPIOManager::~CGPIOManager()
                0x00012844                CGPIOManager::Initialize()
                0x000128c4                CGPIOManager::ConnectInterrupt(CGPIOPin*)
                0x00012968                CGPIOManager::DisconnectInterrupt(CGPIOPin*)
                0x00012a20                CGPIOManager::InterruptHandler()
                0x00012ad4                CGPIOManager::InterruptStub(void*)
 .text          0x00012b10      0x4bc ./circle/lib/libcircle.a(ptrlist.o)
                0x00012b10                CPtrList::CPtrList()
                0x00012b10                CPtrList::CPtrList()
                0x00012b1c                CPtrList::~CPtrList()
                0x00012b1c                CPtrList::~CPtrList()
                0x00012b50                CPtrList::GetFirst()
                0x00012b58                CPtrList::GetNext(TPtrListElement*)
                0x00012bb0                CPtrList::GetPtr(TPtrListElement*)
                0x00012c08                CPtrList::InsertBefore(TPtrListElement*, void*)
                0x00012d0c                CPtrList::InsertAfter(TPtrListElement*, void*)
                0x00012e04                CPtrList::Remove(TPtrListElement*)
                0x00012f50                CPtrList::Find(void*)
                0x00012fcc                _etext = .

.glue_7         0x00012fcc        0x0
 .glue_7        0x00012fcc        0x0 linker stubs

.glue_7t        0x00012fcc        0x0
 .glue_7t       0x00012fcc        0x0 linker stubs

.vfp11_veneer   0x00012fcc        0x0
 .vfp11_veneer  0x00012fcc        0x0 linker stubs

.v4_bx          0x00012fcc        0x0
 .v4_bx         0x00012fcc        0x0 linker stubs

.iplt           0x00012fcc        0x0
 .iplt          0x00012fcc        0x0 src/main.o

.rodata         0x00012fcc     0x2238
 *(.rodata*)
 .rodata        0x00012fcc        0x7 src/kernel.o
 *fill*         0x00012fd3        0x1 
 .rodata.str1.4
                0x00012fd4       0x5c src/kernel.o
 .rodata        0x00013030       0x1c src/rdserial.o
                0x00013030                vtable for CRdSerialDevice
 .rodata.str1.4
                0x0001304c       0xeb src/rdserial.o
                                 0xfb (size before relaxing)
 *fill*         0x00013137        0x1 
 .rodata        0x00013138        0xa src/BusRaider.o
 *fill*         0x00013142        0x2 
 .rodata.str1.4
                0x00013144       0x15 src/BusRaider.o
 *fill*         0x00013159        0x3 
 .rodata        0x0001315c        0x3 src/System/LogHandler.o
 *fill*         0x0001315f        0x1 
 .rodata        0x00013160        0xf src/CommandHandler/CommandHandler.o
 *fill*         0x0001316f        0x1 
 .rodata.str1.4
                0x00013170       0x17 src/CommandHandler/CommandHandler.o
 *fill*         0x00013187        0x1 
 .rodata        0x00013188      0x200 src/CommandHandler/MiniHDLC.o
                0x00013188                MiniHDLC::_CRCTable
 .rodata.str1.4
                0x00013388       0x1d ./circle/lib/libcircle.a(assert.o)
 *fill*         0x000133a5        0x3 
 .rodata.str1.4
                0x000133a8       0x98 ./circle/lib/libcircle.a(bcmpropertytags.o)
 .rodata        0x00013440        0x6 ./circle/lib/libcircle.a(debug.o)
 *fill*         0x00013446        0x2 
 .rodata.str1.4
                0x00013448       0x93 ./circle/lib/libcircle.a(debug.o)
 *fill*         0x000134db        0x1 
 .rodata        0x000134dc       0x1c ./circle/lib/libcircle.a(device.o)
                0x000134dc                vtable for CDevice
 .rodata.str1.4
                0x000134f8       0x96 ./circle/lib/libcircle.a(devicenameservice.o)
 *fill*         0x0001358e        0x2 
 .rodata        0x00013590       0x28 ./circle/lib/libcircle.a(gpiopin.o)
                0x00013590                vtable for CGPIOPin
 .rodata.str1.4
                0x000135b8      0x2a1 ./circle/lib/libcircle.a(gpiopin.o)
                                0x2b1 (size before relaxing)
 *fill*         0x00013859        0x3 
 .rodata.str1.4
                0x0001385c       0xad ./circle/lib/libcircle.a(interrupt.o)
                                 0xbd (size before relaxing)
 *fill*         0x00013909        0x3 
 .rodata.str1.4
                0x0001390c       0x7a ./circle/lib/libcircle.a(koptions.o)
 *fill*         0x00013986        0x2 
 .rodata.str1.4
                0x00013988       0x37 ./circle/lib/libcircle.a(logger.o)
                                 0x3b (size before relaxing)
 *fill*         0x000139bf        0x1 
 .rodata        0x000139c0      0x1ec ./circle/lib/libcircle.a(machineinfo.o)
 .rodata.str1.4
                0x00013bac      0x149 ./circle/lib/libcircle.a(machineinfo.o)
                                0x165 (size before relaxing)
 *fill*         0x00013cf5        0x3 
 .rodata        0x00013cf8       0x21 ./circle/lib/libcircle.a(screen.o)
                0x00013cf8                vtable for CScreenDevice
 .rodata.str1.4
                0x00013d19        0x5 ./circle/lib/libcircle.a(screen.o)
 *fill*         0x00013d19        0x3 
 .rodata        0x00013d1c       0x1c ./circle/lib/libcircle.a(serial.o)
                0x00013d1c                vtable for CSerialDevice
 .rodata.str1.4
                0x00013d38        0xb ./circle/lib/libcircle.a(serial.o)
                                 0xf3 (size before relaxing)
 *fill*         0x00013d43        0x1 
 .rodata        0x00013d44       0x10 ./circle/lib/libcircle.a(string.o)
                0x00013d44                vtable for CString
 .rodata.str1.4
                0x00013d54        0x9 ./circle/lib/libcircle.a(string.o)
                                  0xd (size before relaxing)
 *fill*         0x00013d5d        0x3 
 .rodata        0x00013d60       0x36 ./circle/lib/libcircle.a(timer.o)
                0x00013d60                CTimer::s_nDaysOfMonth
 *fill*         0x00013d96        0x2 
 .rodata.str1.4
                0x00013d98      0x154 ./circle/lib/libcircle.a(timer.o)
                                0x198 (size before relaxing)
 .rodata        0x00013eec       0x10 ./circle/lib/libcircle.a(virtualgpiopin.o)
                0x00013eec                vtable for CVirtualGPIOPin
 .rodata        0x00013efc        0x7 ./circle/lib/libcircle.a(exceptionhandler.o)
 *fill*         0x00013f03        0x1 
 .rodata.str1.4
                0x00013f04       0xbb ./circle/lib/libcircle.a(exceptionhandler.o)
                                 0xe4 (size before relaxing)
 *fill*         0x00013fbf        0x1 
 .rodata.str1.4
                0x00013fc0       0x78 ./circle/lib/libcircle.a(memory.o)
                                 0x88 (size before relaxing)
 .rodata.str1.4
                0x00014038       0xb5 ./circle/lib/libcircle.a(synchronize.o)
 *fill*         0x000140ed        0x3 
 .rodata.str1.4
                0x000140f0       0xd4 ./circle/lib/libcircle.a(alloc.o)
 .rodata.str1.4
                0x000141c4       0x23 ./circle/lib/libcircle.a(bcmmailbox.o)
 *fill*         0x000141e7        0x1 
 .rodata        0x000141e8      0xdf0 ./circle/lib/libcircle.a(chargenerator.o)
 .rodata.str1.4
                0x00014fd8       0x29 ./circle/lib/libcircle.a(chargenerator.o)
 *fill*         0x00015001        0x3 
 .rodata.str1.4
                0x00015004       0x88 ./circle/lib/libcircle.a(gpiomanager.o)
                                 0x9c (size before relaxing)
 .rodata.str1.4
                0x0001508c      0x178 ./circle/lib/libcircle.a(ptrlist.o)
                                0x176 (size before relaxing)

.rel.dyn        0x00015204        0x0
 .rel.iplt      0x00015204        0x0 src/main.o

.init_array     0x00015204       0x10
                0x00015204                __init_start = .
 *(.init_array*)
 .init_array    0x00015204        0x4 ./circle/lib/libcircle.a(gpiopin.o)
 .init_array    0x00015208        0x4 ./circle/lib/libcircle.a(virtualgpiopin.o)
 .init_array    0x0001520c        0x4 ./circle/lib/libcircle.a(alloc.o)
 .init_array    0x00015210        0x4 ./circle/lib/libcircle.a(bcmmailbox.o)
                0x00015214                __init_end = .

.ARM.exidx      0x00015214        0x0
                0x00015214                __exidx_start = .
 *(.ARM.exidx*)
                0x00015214                __exidx_end = .

.data           0x00015214      0x100
 *(.data*)
 .data          0x00015214        0x0 src/main.o
 .data          0x00015214        0x0 src/kernel.o
 .data          0x00015214        0x0 src/rdserial.o
 .data          0x00015214        0x0 src/BusRaider.o
 .data          0x00015214        0x0 src/System/LogHandler.o
 .data          0x00015214        0x0 src/CommandHandler/CommandHandler.o
 .data          0x00015214        0x0 src/CommandHandler/MiniHDLC.o
 .data          0x00015214        0x0 c:/program files (x86)/gnu tools arm embedded/7 2017-q4-major/bin/../lib/gcc/arm-none-eabi/7.2.1/hard/libgcc.a(_udivsi3.o)
 .data          0x00015214        0x0 c:/program files (x86)/gnu tools arm embedded/7 2017-q4-major/bin/../lib/gcc/arm-none-eabi/7.2.1/hard/libgcc.a(_dvmd_tls.o)
 .data          0x00015214        0x0 ./circle/lib/libcircle.a(actled.o)
 .data          0x00015214        0x0 ./circle/lib/libcircle.a(assert.o)
 .data          0x00015214        0x0 ./circle/lib/libcircle.a(bcmpropertytags.o)
 .data          0x00015214        0x0 ./circle/lib/libcircle.a(debug.o)
 .data          0x00015214        0x0 ./circle/lib/libcircle.a(device.o)
 .data          0x00015214        0x0 ./circle/lib/libcircle.a(devicenameservice.o)
 .data          0x00015214        0x0 ./circle/lib/libcircle.a(gpiopin.o)
 .data          0x00015214        0x0 ./circle/lib/libcircle.a(interrupt.o)
 .data          0x00015214        0x0 ./circle/lib/libcircle.a(koptions.o)
 .data          0x00015214        0x0 ./circle/lib/libcircle.a(logger.o)
 .data          0x00015214        0x0 ./circle/lib/libcircle.a(machineinfo.o)
 .data          0x00015214        0x0 ./circle/lib/libcircle.a(screen.o)
 .data          0x00015214        0x0 ./circle/lib/libcircle.a(serial.o)
 .data          0x00015214        0x0 ./circle/lib/libcircle.a(string.o)
 .data          0x00015214        0x0 ./circle/lib/libcircle.a(sysinit.o)
 .data          0x00015214       0x30 ./circle/lib/libcircle.a(timer.o)
                0x00015214                CTimer::s_pMonthName
 .data          0x00015244        0x0 ./circle/lib/libcircle.a(util.o)
 .data          0x00015244        0x0 ./circle/lib/libcircle.a(util_fast.o)
 .data          0x00015244        0x0 ./circle/lib/libcircle.a(virtualgpiopin.o)
 .data          0x00015244       0x14 ./circle/lib/libcircle.a(exceptionhandler.o)
                0x00015244                CExceptionHandler::s_pExceptionName
 .data          0x00015258        0x8 ./circle/lib/libcircle.a(exceptionstub.o)
                0x00015258                FIQData
 .data          0x00015260        0x0 ./circle/lib/libcircle.a(memory.o)
 .data          0x00015260        0x0 ./circle/lib/libcircle.a(pagetable.o)
 .data          0x00015260        0x0 ./circle/lib/libcircle.a(startup.o)
 .data          0x00015260        0x0 ./circle/lib/libcircle.a(synchronize.o)
 .data          0x00015260        0x0 ./circle/lib/libcircle.a(new.o)
 .data          0x00015260       0x44 ./circle/lib/libcircle.a(alloc.o)
 .data          0x000152a4       0x70 ./circle/lib/libcircle.a(bcmframebuffer.o)
                0x000152a4                CBcmFrameBuffer::s_InitTags
 .data          0x00015314        0x0 ./circle/lib/libcircle.a(bcmmailbox.o)
 .data          0x00015314        0x0 ./circle/lib/libcircle.a(chargenerator.o)
 .data          0x00015314        0x0 ./circle/lib/libcircle.a(delayloop.o)
 .data          0x00015314        0x0 ./circle/lib/libcircle.a(gpiomanager.o)
 .data          0x00015314        0x0 ./circle/lib/libcircle.a(ptrlist.o)

.igot.plt       0x00015314        0x0
 .igot.plt      0x00015314        0x0 src/main.o

.bss            0x00015314       0xc4
                0x00015314                __bss_start = .
 *(.bss*)
 .bss           0x00015314        0x0 src/main.o
 .bss           0x00015314        0x4 src/kernel.o
                0x00015314                CKernel::s_pThis
 .bss           0x00015318        0x0 src/rdserial.o
 .bss           0x00015318        0x4 src/BusRaider.o
                0x00015318                BusRaider::s_pThis
 .bss           0x0001531c        0x0 src/System/LogHandler.o
 .bss           0x0001531c        0xc src/CommandHandler/CommandHandler.o
                0x0001531c                CommandHandler::_pSingletonCommandHandler
                0x00015320                CommandHandler::_pPutBytesFunction
                0x00015324                CommandHandler::_pChangeMcFunction
 .bss           0x00015328        0x8 src/CommandHandler/MiniHDLC.o
                0x00015328                MiniHDLC::_frameRxFn
                0x0001532c                MiniHDLC::_putChFn
 .bss           0x00015330        0x0 c:/program files (x86)/gnu tools arm embedded/7 2017-q4-major/bin/../lib/gcc/arm-none-eabi/7.2.1/hard/libgcc.a(_udivsi3.o)
 .bss           0x00015330        0x0 c:/program files (x86)/gnu tools arm embedded/7 2017-q4-major/bin/../lib/gcc/arm-none-eabi/7.2.1/hard/libgcc.a(_dvmd_tls.o)
 .bss           0x00015330        0x4 ./circle/lib/libcircle.a(actled.o)
                0x00015330                CActLED::s_pThis
 .bss           0x00015334        0x0 ./circle/lib/libcircle.a(assert.o)
 .bss           0x00015334        0x0 ./circle/lib/libcircle.a(bcmpropertytags.o)
 .bss           0x00015334        0x0 ./circle/lib/libcircle.a(debug.o)
 .bss           0x00015334        0x0 ./circle/lib/libcircle.a(device.o)
 .bss           0x00015334        0x4 ./circle/lib/libcircle.a(devicenameservice.o)
                0x00015334                CDeviceNameService::s_This
 .bss           0x00015338        0x4 ./circle/lib/libcircle.a(gpiopin.o)
                0x00015338                CGPIOPin::s_SpinLock
 .bss           0x0001533c        0x4 ./circle/lib/libcircle.a(interrupt.o)
                0x0001533c                CInterruptSystem::s_pThis
 .bss           0x00015340        0x4 ./circle/lib/libcircle.a(koptions.o)
                0x00015340                CKernelOptions::s_pThis
 .bss           0x00015344        0x4 ./circle/lib/libcircle.a(logger.o)
                0x00015344                CLogger::s_pThis
 .bss           0x00015348        0x4 ./circle/lib/libcircle.a(machineinfo.o)
                0x00015348                CMachineInfo::s_pThis
 .bss           0x0001534c        0x0 ./circle/lib/libcircle.a(screen.o)
 .bss           0x0001534c        0x0 ./circle/lib/libcircle.a(serial.o)
 .bss           0x0001534c        0x0 ./circle/lib/libcircle.a(string.o)
 .bss           0x0001534c        0x4 ./circle/lib/libcircle.a(sysinit.o)
                0x0001534c                __dso_handle
 .bss           0x00015350        0x4 ./circle/lib/libcircle.a(timer.o)
                0x00015350                CTimer::s_pThis
 .bss           0x00015354        0x0 ./circle/lib/libcircle.a(util.o)
 .bss           0x00015354        0x0 ./circle/lib/libcircle.a(util_fast.o)
 .bss           0x00015354        0x8 ./circle/lib/libcircle.a(virtualgpiopin.o)
                0x00015354                CVirtualGPIOPin::s_SpinLock
                0x00015358                CVirtualGPIOPin::s_nGPIOBaseAddress
 .bss           0x0001535c        0x4 ./circle/lib/libcircle.a(exceptionhandler.o)
                0x0001535c                CExceptionHandler::s_pThis
 .bss           0x00015360        0x0 ./circle/lib/libcircle.a(exceptionstub.o)
 .bss           0x00015360        0x4 ./circle/lib/libcircle.a(memory.o)
                0x00015360                CMemorySystem::s_pThis
 .bss           0x00015364        0x0 ./circle/lib/libcircle.a(pagetable.o)
 .bss           0x00015364        0x0 ./circle/lib/libcircle.a(startup.o)
 .bss           0x00015364       0x54 ./circle/lib/libcircle.a(synchronize.o)
 .bss           0x000153b8        0x0 ./circle/lib/libcircle.a(new.o)
 .bss           0x000153b8       0x1c ./circle/lib/libcircle.a(alloc.o)
 .bss           0x000153d4        0x0 ./circle/lib/libcircle.a(bcmframebuffer.o)
 .bss           0x000153d4        0x4 ./circle/lib/libcircle.a(bcmmailbox.o)
                0x000153d4                CBcmMailBox::s_SpinLock
 .bss           0x000153d8        0x0 ./circle/lib/libcircle.a(chargenerator.o)
 .bss           0x000153d8        0x0 ./circle/lib/libcircle.a(delayloop.o)
 .bss           0x000153d8        0x0 ./circle/lib/libcircle.a(gpiomanager.o)
 .bss           0x000153d8        0x0 ./circle/lib/libcircle.a(ptrlist.o)
 *(COMMON)
                0x000153d8                _end = .
LOAD src/main.o
LOAD src/kernel.o
LOAD src/rdserial.o
LOAD src/BusRaider.o
LOAD src/System/LogHandler.o
LOAD src/CommandHandler/CommandHandler.o
LOAD src/CommandHandler/MiniHDLC.o
LOAD c:/program files (x86)/gnu tools arm embedded/7 2017-q4-major/bin/../lib/gcc/arm-none-eabi/7.2.1/hard/libgcc.a
LOAD ./circle/lib/libcircle.a
LOAD c:/program files (x86)/gnu tools arm embedded/7 2017-q4-major/bin/../lib/gcc/arm-none-eabi/7.2.1/hard/libgcc.a
OUTPUT(kernel.elf elf32-littlearm)

.debug_info     0x00000000    0x2540a
 .debug_info    0x00000000     0x1d99 src/main.o
 .debug_info    0x00001d99     0x2b3c src/kernel.o
 .debug_info    0x000048d5     0x1c96 src/rdserial.o
 .debug_info    0x0000656b     0x11f0 src/BusRaider.o
 .debug_info    0x0000775b      0xd2e src/System/LogHandler.o
 .debug_info    0x00008489     0x114e src/CommandHandler/CommandHandler.o
 .debug_info    0x000095d7      0x98f src/CommandHandler/MiniHDLC.o
 .debug_info    0x00009f66     0x110c ./circle/lib/libcircle.a(actled.o)
 .debug_info    0x0000b072      0xdef ./circle/lib/libcircle.a(assert.o)
 .debug_info    0x0000be61      0x7da ./circle/lib/libcircle.a(bcmpropertytags.o)
 .debug_info    0x0000c63b      0xe45 ./circle/lib/libcircle.a(debug.o)
 .debug_info    0x0000d480      0x363 ./circle/lib/libcircle.a(device.o)
 .debug_info    0x0000d7e3      0xd6d ./circle/lib/libcircle.a(devicenameservice.o)
 .debug_info    0x0000e550     0x254f ./circle/lib/libcircle.a(gpiopin.o)
 .debug_info    0x00010a9f      0xb40 ./circle/lib/libcircle.a(interrupt.o)
 .debug_info    0x000115df      0xf6a ./circle/lib/libcircle.a(koptions.o)
 .debug_info    0x00012549     0x1dda ./circle/lib/libcircle.a(logger.o)
 .debug_info    0x00014323      0xc0e ./circle/lib/libcircle.a(machineinfo.o)
 .debug_info    0x00014f31     0x2947 ./circle/lib/libcircle.a(screen.o)
 .debug_info    0x00017878     0x1cb1 ./circle/lib/libcircle.a(serial.o)
 .debug_info    0x00019529     0x1cc9 ./circle/lib/libcircle.a(string.o)
 .debug_info    0x0001b1f2      0x59f ./circle/lib/libcircle.a(sysinit.o)
 .debug_info    0x0001b791     0x2284 ./circle/lib/libcircle.a(timer.o)
 .debug_info    0x0001da15      0x593 ./circle/lib/libcircle.a(util.o)
 .debug_info    0x0001dfa8      0xafc ./circle/lib/libcircle.a(virtualgpiopin.o)
 .debug_info    0x0001eaa4     0x12ff ./circle/lib/libcircle.a(exceptionhandler.o)
 .debug_info    0x0001fda3      0x8a1 ./circle/lib/libcircle.a(memory.o)
 .debug_info    0x00020644      0x275 ./circle/lib/libcircle.a(pagetable.o)
 .debug_info    0x000208b9      0x231 ./circle/lib/libcircle.a(synchronize.o)
 .debug_info    0x00020aea      0x20c ./circle/lib/libcircle.a(new.o)
 .debug_info    0x00020cf6     0x14ed ./circle/lib/libcircle.a(alloc.o)
 .debug_info    0x000221e3      0xe2b ./circle/lib/libcircle.a(bcmframebuffer.o)
 .debug_info    0x0002300e      0xf60 ./circle/lib/libcircle.a(bcmmailbox.o)
 .debug_info    0x00023f6e      0x3ab ./circle/lib/libcircle.a(chargenerator.o)
 .debug_info    0x00024319      0x980 ./circle/lib/libcircle.a(gpiomanager.o)
 .debug_info    0x00024c99      0x771 ./circle/lib/libcircle.a(ptrlist.o)

.debug_abbrev   0x00000000     0x8107
 .debug_abbrev  0x00000000      0x3c3 src/main.o
 .debug_abbrev  0x000003c3      0x553 src/kernel.o
 .debug_abbrev  0x00000916      0x53a src/rdserial.o
 .debug_abbrev  0x00000e50      0x441 src/BusRaider.o
 .debug_abbrev  0x00001291      0x2d0 src/System/LogHandler.o
 .debug_abbrev  0x00001561      0x416 src/CommandHandler/CommandHandler.o
 .debug_abbrev  0x00001977      0x386 src/CommandHandler/MiniHDLC.o
 .debug_abbrev  0x00001cfd      0x464 ./circle/lib/libcircle.a(actled.o)
 .debug_abbrev  0x00002161      0x2f1 ./circle/lib/libcircle.a(assert.o)
 .debug_abbrev  0x00002452      0x2b9 ./circle/lib/libcircle.a(bcmpropertytags.o)
 .debug_abbrev  0x0000270b      0x2ff ./circle/lib/libcircle.a(debug.o)
 .debug_abbrev  0x00002a0a      0x210 ./circle/lib/libcircle.a(device.o)
 .debug_abbrev  0x00002c1a      0x346 ./circle/lib/libcircle.a(devicenameservice.o)
 .debug_abbrev  0x00002f60      0x5c4 ./circle/lib/libcircle.a(gpiopin.o)
 .debug_abbrev  0x00003524      0x384 ./circle/lib/libcircle.a(interrupt.o)
 .debug_abbrev  0x000038a8      0x418 ./circle/lib/libcircle.a(koptions.o)
 .debug_abbrev  0x00003cc0      0x514 ./circle/lib/libcircle.a(logger.o)
 .debug_abbrev  0x000041d4      0x387 ./circle/lib/libcircle.a(machineinfo.o)
 .debug_abbrev  0x0000455b      0x530 ./circle/lib/libcircle.a(screen.o)
 .debug_abbrev  0x00004a8b      0x53c ./circle/lib/libcircle.a(serial.o)
 .debug_abbrev  0x00004fc7      0x45c ./circle/lib/libcircle.a(string.o)
 .debug_abbrev  0x00005423      0x27f ./circle/lib/libcircle.a(sysinit.o)
 .debug_abbrev  0x000056a2      0x612 ./circle/lib/libcircle.a(timer.o)
 .debug_abbrev  0x00005cb4      0x1fb ./circle/lib/libcircle.a(util.o)
 .debug_abbrev  0x00005eaf      0x465 ./circle/lib/libcircle.a(virtualgpiopin.o)
 .debug_abbrev  0x00006314      0x427 ./circle/lib/libcircle.a(exceptionhandler.o)
 .debug_abbrev  0x0000673b      0x354 ./circle/lib/libcircle.a(memory.o)
 .debug_abbrev  0x00006a8f      0x18f ./circle/lib/libcircle.a(pagetable.o)
 .debug_abbrev  0x00006c1e      0x10b ./circle/lib/libcircle.a(synchronize.o)
 .debug_abbrev  0x00006d29      0x102 ./circle/lib/libcircle.a(new.o)
 .debug_abbrev  0x00006e2b      0x49e ./circle/lib/libcircle.a(alloc.o)
 .debug_abbrev  0x000072c9      0x3ab ./circle/lib/libcircle.a(bcmframebuffer.o)
 .debug_abbrev  0x00007674      0x40a ./circle/lib/libcircle.a(bcmmailbox.o)
 .debug_abbrev  0x00007a7e      0x1a4 ./circle/lib/libcircle.a(chargenerator.o)
 .debug_abbrev  0x00007c22      0x338 ./circle/lib/libcircle.a(gpiomanager.o)
 .debug_abbrev  0x00007f5a      0x1ad ./circle/lib/libcircle.a(ptrlist.o)

.debug_loc      0x00000000     0xd405
 .debug_loc     0x00000000       0x13 src/main.o
 .debug_loc     0x00000013      0x1f7 src/kernel.o
 .debug_loc     0x0000020a     0x10f9 src/rdserial.o
 .debug_loc     0x00001303      0x1a0 src/BusRaider.o
 .debug_loc     0x000014a3       0x84 src/System/LogHandler.o
 .debug_loc     0x00001527      0x245 src/CommandHandler/CommandHandler.o
 .debug_loc     0x0000176c      0x701 src/CommandHandler/MiniHDLC.o
 .debug_loc     0x00001e6d      0x360 ./circle/lib/libcircle.a(actled.o)
 .debug_loc     0x000021cd       0x84 ./circle/lib/libcircle.a(assert.o)
 .debug_loc     0x00002251      0x248 ./circle/lib/libcircle.a(bcmpropertytags.o)
 .debug_loc     0x00002499      0x164 ./circle/lib/libcircle.a(debug.o)
 .debug_loc     0x000025fd       0x60 ./circle/lib/libcircle.a(device.o)
 .debug_loc     0x0000265d      0x82c ./circle/lib/libcircle.a(devicenameservice.o)
 .debug_loc     0x00002e89      0xdf6 ./circle/lib/libcircle.a(gpiopin.o)
 .debug_loc     0x00003c7f      0x667 ./circle/lib/libcircle.a(interrupt.o)
 .debug_loc     0x000042e6      0x3b6 ./circle/lib/libcircle.a(koptions.o)
 .debug_loc     0x0000469c      0x80f ./circle/lib/libcircle.a(logger.o)
 .debug_loc     0x00004eab      0x300 ./circle/lib/libcircle.a(machineinfo.o)
 .debug_loc     0x000051ab     0x169b ./circle/lib/libcircle.a(screen.o)
 .debug_loc     0x00006846     0x10e8 ./circle/lib/libcircle.a(serial.o)
 .debug_loc     0x0000792e     0x1cfc ./circle/lib/libcircle.a(string.o)
 .debug_loc     0x0000962a       0x92 ./circle/lib/libcircle.a(sysinit.o)
 .debug_loc     0x000096bc     0x12b2 ./circle/lib/libcircle.a(timer.o)
 .debug_loc     0x0000a96e      0xad0 ./circle/lib/libcircle.a(util.o)
 .debug_loc     0x0000b43e      0x32f ./circle/lib/libcircle.a(virtualgpiopin.o)
 .debug_loc     0x0000b76d      0x2ff ./circle/lib/libcircle.a(exceptionhandler.o)
 .debug_loc     0x0000ba6c      0x221 ./circle/lib/libcircle.a(memory.o)
 .debug_loc     0x0000bc8d       0x79 ./circle/lib/libcircle.a(pagetable.o)
 .debug_loc     0x0000bd06       0x88 ./circle/lib/libcircle.a(synchronize.o)
 .debug_loc     0x0000bd8e       0x84 ./circle/lib/libcircle.a(new.o)
 .debug_loc     0x0000be12      0x6c1 ./circle/lib/libcircle.a(alloc.o)
 .debug_loc     0x0000c4d3      0x3cf ./circle/lib/libcircle.a(bcmframebuffer.o)
 .debug_loc     0x0000c8a2      0x256 ./circle/lib/libcircle.a(bcmmailbox.o)
 .debug_loc     0x0000caf8      0x1cf ./circle/lib/libcircle.a(chargenerator.o)
 .debug_loc     0x0000ccc7      0x3ec ./circle/lib/libcircle.a(gpiomanager.o)
 .debug_loc     0x0000d0b3      0x352 ./circle/lib/libcircle.a(ptrlist.o)

.debug_aranges  0x00000000      0x4a0
 .debug_aranges
                0x00000000       0x20 src/main.o
 .debug_aranges
                0x00000020       0x20 src/kernel.o
 .debug_aranges
                0x00000040       0x20 src/rdserial.o
 .debug_aranges
                0x00000060       0x20 src/BusRaider.o
 .debug_aranges
                0x00000080       0x20 src/System/LogHandler.o
 .debug_aranges
                0x000000a0       0x20 src/CommandHandler/CommandHandler.o
 .debug_aranges
                0x000000c0       0x20 src/CommandHandler/MiniHDLC.o
 .debug_aranges
                0x000000e0       0x20 ./circle/lib/libcircle.a(actled.o)
 .debug_aranges
                0x00000100       0x20 ./circle/lib/libcircle.a(assert.o)
 .debug_aranges
                0x00000120       0x20 ./circle/lib/libcircle.a(bcmpropertytags.o)
 .debug_aranges
                0x00000140       0x20 ./circle/lib/libcircle.a(debug.o)
 .debug_aranges
                0x00000160       0x20 ./circle/lib/libcircle.a(device.o)
 .debug_aranges
                0x00000180       0x20 ./circle/lib/libcircle.a(devicenameservice.o)
 .debug_aranges
                0x000001a0       0x28 ./circle/lib/libcircle.a(gpiopin.o)
 .debug_aranges
                0x000001c8       0x20 ./circle/lib/libcircle.a(interrupt.o)
 .debug_aranges
                0x000001e8       0x20 ./circle/lib/libcircle.a(koptions.o)
 .debug_aranges
                0x00000208       0x20 ./circle/lib/libcircle.a(logger.o)
 .debug_aranges
                0x00000228       0x20 ./circle/lib/libcircle.a(machineinfo.o)
 .debug_aranges
                0x00000248       0x20 ./circle/lib/libcircle.a(screen.o)
 .debug_aranges
                0x00000268       0x20 ./circle/lib/libcircle.a(serial.o)
 .debug_aranges
                0x00000288       0x20 ./circle/lib/libcircle.a(string.o)
 .debug_aranges
                0x000002a8       0x20 ./circle/lib/libcircle.a(sysinit.o)
 .debug_aranges
                0x000002c8       0x20 ./circle/lib/libcircle.a(timer.o)
 .debug_aranges
                0x000002e8       0x20 ./circle/lib/libcircle.a(util.o)
 .debug_aranges
                0x00000308       0x28 ./circle/lib/libcircle.a(virtualgpiopin.o)
 .debug_aranges
                0x00000330       0x20 ./circle/lib/libcircle.a(exceptionhandler.o)
 .debug_aranges
                0x00000350       0x20 ./circle/lib/libcircle.a(memory.o)
 .debug_aranges
                0x00000370       0x20 ./circle/lib/libcircle.a(pagetable.o)
 .debug_aranges
                0x00000390       0x20 ./circle/lib/libcircle.a(synchronize.o)
 .debug_aranges
                0x000003b0       0x20 ./circle/lib/libcircle.a(new.o)
 .debug_aranges
                0x000003d0       0x28 ./circle/lib/libcircle.a(alloc.o)
 .debug_aranges
                0x000003f8       0x20 ./circle/lib/libcircle.a(bcmframebuffer.o)
 .debug_aranges
                0x00000418       0x28 ./circle/lib/libcircle.a(bcmmailbox.o)
 .debug_aranges
                0x00000440       0x20 ./circle/lib/libcircle.a(chargenerator.o)
 .debug_aranges
                0x00000460       0x20 ./circle/lib/libcircle.a(gpiomanager.o)
 .debug_aranges
                0x00000480       0x20 ./circle/lib/libcircle.a(ptrlist.o)

.debug_ranges   0x00000000     0x1b00
 .debug_ranges  0x00000000       0x10 src/main.o
 .debug_ranges  0x00000010       0x18 src/kernel.o
 .debug_ranges  0x00000028      0x2c8 src/rdserial.o
 .debug_ranges  0x000002f0       0x20 src/BusRaider.o
 .debug_ranges  0x00000310       0x30 src/CommandHandler/CommandHandler.o
 .debug_ranges  0x00000340       0x48 src/CommandHandler/MiniHDLC.o
 .debug_ranges  0x00000388       0x40 ./circle/lib/libcircle.a(actled.o)
 .debug_ranges  0x000003c8       0x20 ./circle/lib/libcircle.a(debug.o)
 .debug_ranges  0x000003e8      0x100 ./circle/lib/libcircle.a(devicenameservice.o)
 .debug_ranges  0x000004e8      0x240 ./circle/lib/libcircle.a(gpiopin.o)
 .debug_ranges  0x00000728       0x48 ./circle/lib/libcircle.a(interrupt.o)
 .debug_ranges  0x00000770       0xa0 ./circle/lib/libcircle.a(koptions.o)
 .debug_ranges  0x00000810      0x140 ./circle/lib/libcircle.a(logger.o)
 .debug_ranges  0x00000950       0x68 ./circle/lib/libcircle.a(machineinfo.o)
 .debug_ranges  0x000009b8      0x340 ./circle/lib/libcircle.a(screen.o)
 .debug_ranges  0x00000cf8      0x330 ./circle/lib/libcircle.a(serial.o)
 .debug_ranges  0x00001028      0x2b0 ./circle/lib/libcircle.a(string.o)
 .debug_ranges  0x000012d8       0x30 ./circle/lib/libcircle.a(sysinit.o)
 .debug_ranges  0x00001308      0x368 ./circle/lib/libcircle.a(timer.o)
 .debug_ranges  0x00001670       0x70 ./circle/lib/libcircle.a(util.o)
 .debug_ranges  0x000016e0       0xb8 ./circle/lib/libcircle.a(virtualgpiopin.o)
 .debug_ranges  0x00001798       0x48 ./circle/lib/libcircle.a(exceptionhandler.o)
 .debug_ranges  0x000017e0       0x40 ./circle/lib/libcircle.a(memory.o)
 .debug_ranges  0x00001820       0x40 ./circle/lib/libcircle.a(pagetable.o)
 .debug_ranges  0x00001860      0x150 ./circle/lib/libcircle.a(alloc.o)
 .debug_ranges  0x000019b0       0x60 ./circle/lib/libcircle.a(bcmframebuffer.o)
 .debug_ranges  0x00001a10       0xa8 ./circle/lib/libcircle.a(bcmmailbox.o)
 .debug_ranges  0x00001ab8       0x48 ./circle/lib/libcircle.a(gpiomanager.o)

.debug_line     0x00000000     0x50e0
 .debug_line    0x00000000      0x234 src/main.o
 .debug_line    0x00000234      0x322 src/kernel.o
 .debug_line    0x00000556      0x56d src/rdserial.o
 .debug_line    0x00000ac3      0x205 src/BusRaider.o
 .debug_line    0x00000cc8       0xe9 src/System/LogHandler.o
 .debug_line    0x00000db1      0x223 src/CommandHandler/CommandHandler.o
 .debug_line    0x00000fd4      0x1c9 src/CommandHandler/MiniHDLC.o
 .debug_line    0x0000119d      0x162 ./circle/lib/libcircle.a(actled.o)
 .debug_line    0x000012ff       0xf5 ./circle/lib/libcircle.a(assert.o)
 .debug_line    0x000013f4      0x131 ./circle/lib/libcircle.a(bcmpropertytags.o)
 .debug_line    0x00001525      0x111 ./circle/lib/libcircle.a(debug.o)
 .debug_line    0x00001636       0x72 ./circle/lib/libcircle.a(device.o)
 .debug_line    0x000016a8      0x298 ./circle/lib/libcircle.a(devicenameservice.o)
 .debug_line    0x00001940      0x661 ./circle/lib/libcircle.a(gpiopin.o)
 .debug_line    0x00001fa1      0x279 ./circle/lib/libcircle.a(interrupt.o)
 .debug_line    0x0000221a      0x1ea ./circle/lib/libcircle.a(koptions.o)
 .debug_line    0x00002404      0x368 ./circle/lib/libcircle.a(logger.o)
 .debug_line    0x0000276c      0x1ba ./circle/lib/libcircle.a(machineinfo.o)
 .debug_line    0x00002926      0x52d ./circle/lib/libcircle.a(screen.o)
 .debug_line    0x00002e53      0x57b ./circle/lib/libcircle.a(serial.o)
 .debug_line    0x000033ce      0x455 ./circle/lib/libcircle.a(string.o)
 .debug_line    0x00003823       0xc1 ./circle/lib/libcircle.a(sysinit.o)
 .debug_line    0x000038e4      0x5c8 ./circle/lib/libcircle.a(timer.o)
 .debug_line    0x00003eac      0x1c1 ./circle/lib/libcircle.a(util.o)
 .debug_line    0x0000406d      0x1a6 ./circle/lib/libcircle.a(virtualgpiopin.o)
 .debug_line    0x00004213      0x1ac ./circle/lib/libcircle.a(exceptionhandler.o)
 .debug_line    0x000043bf      0x165 ./circle/lib/libcircle.a(memory.o)
 .debug_line    0x00004524       0xa0 ./circle/lib/libcircle.a(pagetable.o)
 .debug_line    0x000045c4       0xc7 ./circle/lib/libcircle.a(synchronize.o)
 .debug_line    0x0000468b       0x68 ./circle/lib/libcircle.a(new.o)
 .debug_line    0x000046f3      0x2ec ./circle/lib/libcircle.a(alloc.o)
 .debug_line    0x000049df      0x173 ./circle/lib/libcircle.a(bcmframebuffer.o)
 .debug_line    0x00004b52      0x1b9 ./circle/lib/libcircle.a(bcmmailbox.o)
 .debug_line    0x00004d0b       0xb8 ./circle/lib/libcircle.a(chargenerator.o)
 .debug_line    0x00004dc3      0x1a0 ./circle/lib/libcircle.a(gpiomanager.o)
 .debug_line    0x00004f63      0x17d ./circle/lib/libcircle.a(ptrlist.o)

.debug_str      0x00000000     0x5e17
 .debug_str     0x00000000     0x1f0c src/main.o
                               0x20f7 (size before relaxing)
 .debug_str     0x00001f0c      0x506 src/kernel.o
                               0x2624 (size before relaxing)
 .debug_str     0x00002412      0xa79 src/rdserial.o
                               0x126e (size before relaxing)
 .debug_str     0x00002e8b       0x8f src/BusRaider.o
                                0xd60 (size before relaxing)
 .debug_str     0x00002f1a       0x37 src/System/LogHandler.o
                                0xfcb (size before relaxing)
 .debug_str     0x00002f51      0x103 src/CommandHandler/CommandHandler.o
                                0xc60 (size before relaxing)
 .debug_str     0x00003054       0xbf src/CommandHandler/MiniHDLC.o
                                0x579 (size before relaxing)
 .debug_str     0x00003113      0x33c ./circle/lib/libcircle.a(actled.o)
                                0xf4f (size before relaxing)
 .debug_str     0x0000344f       0x54 ./circle/lib/libcircle.a(assert.o)
                               0x1011 (size before relaxing)
 .debug_str     0x000034a3       0xb3 ./circle/lib/libcircle.a(bcmpropertytags.o)
                                0x634 (size before relaxing)
 .debug_str     0x00003556       0x62 ./circle/lib/libcircle.a(debug.o)
                                0xff3 (size before relaxing)
 .debug_str     0x000035b8       0xe3 ./circle/lib/libcircle.a(device.o)
                                0x2a3 (size before relaxing)
 .debug_str     0x0000369b       0xd6 ./circle/lib/libcircle.a(devicenameservice.o)
                                0x5fa (size before relaxing)
 .debug_str     0x00003771      0x6a3 ./circle/lib/libcircle.a(gpiopin.o)
                               0x197b (size before relaxing)
 .debug_str     0x00003e14       0xe3 ./circle/lib/libcircle.a(interrupt.o)
                                0x5b3 (size before relaxing)
 .debug_str     0x00003ef7       0x8c ./circle/lib/libcircle.a(koptions.o)
                                0x875 (size before relaxing)
 .debug_str     0x00003f83      0x145 ./circle/lib/libcircle.a(logger.o)
                               0x16bc (size before relaxing)
 .debug_str     0x000040c8       0xaf ./circle/lib/libcircle.a(machineinfo.o)
                                0x9a9 (size before relaxing)
 .debug_str     0x00004177      0xde9 ./circle/lib/libcircle.a(screen.o)
                               0x1498 (size before relaxing)
 .debug_str     0x00004f60      0x22a ./circle/lib/libcircle.a(serial.o)
                               0x1224 (size before relaxing)
 .debug_str     0x0000518a      0x2bf ./circle/lib/libcircle.a(string.o)
                                0x63d (size before relaxing)
 .debug_str     0x00005449       0x75 ./circle/lib/libcircle.a(sysinit.o)
                                0x6ee (size before relaxing)
 .debug_str     0x000054be      0x195 ./circle/lib/libcircle.a(timer.o)
                               0x1238 (size before relaxing)
 .debug_str     0x00005653       0xc3 ./circle/lib/libcircle.a(util.o)
                                0x2d3 (size before relaxing)
 .debug_str     0x00005716      0x17e ./circle/lib/libcircle.a(virtualgpiopin.o)
                                0x829 (size before relaxing)
 .debug_str     0x00005894       0xb9 ./circle/lib/libcircle.a(exceptionhandler.o)
                               0x11f8 (size before relaxing)
 .debug_str     0x0000594d       0xa6 ./circle/lib/libcircle.a(memory.o)
                                0x662 (size before relaxing)
 .debug_str     0x000059f3       0x49 ./circle/lib/libcircle.a(pagetable.o)
                                0x25f (size before relaxing)
 .debug_str     0x00005a3c       0x60 ./circle/lib/libcircle.a(synchronize.o)
                                0x23d (size before relaxing)
 .debug_str     0x00005a9c       0x1e ./circle/lib/libcircle.a(new.o)
                                0x202 (size before relaxing)
 .debug_str     0x00005aba      0x168 ./circle/lib/libcircle.a(alloc.o)
                               0x11c8 (size before relaxing)
 .debug_str     0x00005c22       0x7f ./circle/lib/libcircle.a(bcmframebuffer.o)
                                0x98c (size before relaxing)
 .debug_str     0x00005ca1       0x6c ./circle/lib/libcircle.a(bcmmailbox.o)
                                0xdf8 (size before relaxing)
 .debug_str     0x00005d0d       0x6d ./circle/lib/libcircle.a(chargenerator.o)
                                0x343 (size before relaxing)
 .debug_str     0x00005d7a       0x5b ./circle/lib/libcircle.a(gpiomanager.o)
                                0x718 (size before relaxing)
 .debug_str     0x00005dd5       0x42 ./circle/lib/libcircle.a(ptrlist.o)
                                0x32e (size before relaxing)

.comment        0x00000000       0xaf
 .comment       0x00000000       0x7e src/main.o
                                 0x7f (size before relaxing)
 .comment       0x0000007e       0x7f src/kernel.o
 .comment       0x0000007e       0x7f src/rdserial.o
 .comment       0x0000007e       0x7f src/BusRaider.o
 .comment       0x0000007e       0x7f src/System/LogHandler.o
 .comment       0x0000007e       0x7f src/CommandHandler/CommandHandler.o
 .comment       0x0000007e       0x7f src/CommandHandler/MiniHDLC.o
 .comment       0x0000007e       0x31 ./circle/lib/libcircle.a(actled.o)
                                 0x32 (size before relaxing)
 .comment       0x000000af       0x32 ./circle/lib/libcircle.a(assert.o)
 .comment       0x000000af       0x32 ./circle/lib/libcircle.a(bcmpropertytags.o)
 .comment       0x000000af       0x32 ./circle/lib/libcircle.a(debug.o)
 .comment       0x000000af       0x32 ./circle/lib/libcircle.a(device.o)
 .comment       0x000000af       0x32 ./circle/lib/libcircle.a(devicenameservice.o)
 .comment       0x000000af       0x32 ./circle/lib/libcircle.a(gpiopin.o)
 .comment       0x000000af       0x32 ./circle/lib/libcircle.a(interrupt.o)
 .comment       0x000000af       0x32 ./circle/lib/libcircle.a(koptions.o)
 .comment       0x000000af       0x32 ./circle/lib/libcircle.a(logger.o)
 .comment       0x000000af       0x32 ./circle/lib/libcircle.a(machineinfo.o)
 .comment       0x000000af       0x32 ./circle/lib/libcircle.a(screen.o)
 .comment       0x000000af       0x32 ./circle/lib/libcircle.a(serial.o)
 .comment       0x000000af       0x32 ./circle/lib/libcircle.a(string.o)
 .comment       0x000000af       0x32 ./circle/lib/libcircle.a(sysinit.o)
 .comment       0x000000af       0x32 ./circle/lib/libcircle.a(timer.o)
 .comment       0x000000af       0x32 ./circle/lib/libcircle.a(util.o)
 .comment       0x000000af       0x32 ./circle/lib/libcircle.a(virtualgpiopin.o)
 .comment       0x000000af       0x32 ./circle/lib/libcircle.a(exceptionhandler.o)
 .comment       0x000000af       0x32 ./circle/lib/libcircle.a(memory.o)
 .comment       0x000000af       0x32 ./circle/lib/libcircle.a(pagetable.o)
 .comment       0x000000af       0x32 ./circle/lib/libcircle.a(synchronize.o)
 .comment       0x000000af       0x32 ./circle/lib/libcircle.a(new.o)
 .comment       0x000000af       0x32 ./circle/lib/libcircle.a(alloc.o)
 .comment       0x000000af       0x32 ./circle/lib/libcircle.a(bcmframebuffer.o)
 .comment       0x000000af       0x32 ./circle/lib/libcircle.a(bcmmailbox.o)
 .comment       0x000000af       0x32 ./circle/lib/libcircle.a(chargenerator.o)
 .comment       0x000000af       0x32 ./circle/lib/libcircle.a(gpiomanager.o)
 .comment       0x000000af       0x32 ./circle/lib/libcircle.a(ptrlist.o)

.ARM.attributes
                0x00000000       0x2e
 .ARM.attributes
                0x00000000       0x30 src/main.o
 .ARM.attributes
                0x00000030       0x30 src/kernel.o
 .ARM.attributes
                0x00000060       0x30 src/rdserial.o
 .ARM.attributes
                0x00000090       0x30 src/BusRaider.o
 .ARM.attributes
                0x000000c0       0x30 src/System/LogHandler.o
 .ARM.attributes
                0x000000f0       0x30 src/CommandHandler/CommandHandler.o
 .ARM.attributes
                0x00000120       0x30 src/CommandHandler/MiniHDLC.o
 .ARM.attributes
                0x00000150       0x18 c:/program files (x86)/gnu tools arm embedded/7 2017-q4-major/bin/../lib/gcc/arm-none-eabi/7.2.1/hard/libgcc.a(_udivsi3.o)
 .ARM.attributes
                0x00000168       0x18 c:/program files (x86)/gnu tools arm embedded/7 2017-q4-major/bin/../lib/gcc/arm-none-eabi/7.2.1/hard/libgcc.a(_dvmd_tls.o)
 .ARM.attributes
                0x00000180       0x30 ./circle/lib/libcircle.a(actled.o)
 .ARM.attributes
                0x000001b0       0x30 ./circle/lib/libcircle.a(assert.o)
 .ARM.attributes
                0x000001e0       0x30 ./circle/lib/libcircle.a(bcmpropertytags.o)
 .ARM.attributes
                0x00000210       0x30 ./circle/lib/libcircle.a(debug.o)
 .ARM.attributes
                0x00000240       0x30 ./circle/lib/libcircle.a(device.o)
 .ARM.attributes
                0x00000270       0x30 ./circle/lib/libcircle.a(devicenameservice.o)
 .ARM.attributes
                0x000002a0       0x30 ./circle/lib/libcircle.a(gpiopin.o)
 .ARM.attributes
                0x000002d0       0x30 ./circle/lib/libcircle.a(interrupt.o)
 .ARM.attributes
                0x00000300       0x30 ./circle/lib/libcircle.a(koptions.o)
 .ARM.attributes
                0x00000330       0x30 ./circle/lib/libcircle.a(logger.o)
 .ARM.attributes
                0x00000360       0x30 ./circle/lib/libcircle.a(machineinfo.o)
 .ARM.attributes
                0x00000390       0x30 ./circle/lib/libcircle.a(screen.o)
 .ARM.attributes
                0x000003c0       0x30 ./circle/lib/libcircle.a(serial.o)
 .ARM.attributes
                0x000003f0       0x30 ./circle/lib/libcircle.a(string.o)
 .ARM.attributes
                0x00000420       0x30 ./circle/lib/libcircle.a(sysinit.o)
 .ARM.attributes
                0x00000450       0x30 ./circle/lib/libcircle.a(timer.o)
 .ARM.attributes
                0x00000480       0x30 ./circle/lib/libcircle.a(util.o)
 .ARM.attributes
                0x000004b0       0x1c ./circle/lib/libcircle.a(util_fast.o)
 .ARM.attributes
                0x000004cc       0x30 ./circle/lib/libcircle.a(virtualgpiopin.o)
 .ARM.attributes
                0x000004fc       0x30 ./circle/lib/libcircle.a(exceptionhandler.o)
 .ARM.attributes
                0x0000052c       0x1c ./circle/lib/libcircle.a(exceptionstub.o)
 .ARM.attributes
                0x00000548       0x30 ./circle/lib/libcircle.a(memory.o)
 .ARM.attributes
                0x00000578       0x30 ./circle/lib/libcircle.a(pagetable.o)
 .ARM.attributes
                0x000005a8       0x1c ./circle/lib/libcircle.a(startup.o)
 .ARM.attributes
                0x000005c4       0x30 ./circle/lib/libcircle.a(synchronize.o)
 .ARM.attributes
                0x000005f4       0x30 ./circle/lib/libcircle.a(new.o)
 .ARM.attributes
                0x00000624       0x30 ./circle/lib/libcircle.a(alloc.o)
 .ARM.attributes
                0x00000654       0x30 ./circle/lib/libcircle.a(bcmframebuffer.o)
 .ARM.attributes
                0x00000684       0x30 ./circle/lib/libcircle.a(bcmmailbox.o)
 .ARM.attributes
                0x000006b4       0x30 ./circle/lib/libcircle.a(chargenerator.o)
 .ARM.attributes
                0x000006e4       0x1c ./circle/lib/libcircle.a(delayloop.o)
 .ARM.attributes
                0x00000700       0x30 ./circle/lib/libcircle.a(gpiomanager.o)
 .ARM.attributes
                0x00000730       0x30 ./circle/lib/libcircle.a(ptrlist.o)

.debug_frame    0x00000000     0x2850
 .debug_frame   0x00000000       0x30 src/main.o
 .debug_frame   0x00000030       0xac src/kernel.o
 .debug_frame   0x000000dc      0x1d0 src/rdserial.o
 .debug_frame   0x000002ac       0x90 src/BusRaider.o
 .debug_frame   0x0000033c       0x44 src/System/LogHandler.o
 .debug_frame   0x00000380       0xd0 src/CommandHandler/CommandHandler.o
 .debug_frame   0x00000450      0x144 src/CommandHandler/MiniHDLC.o
 .debug_frame   0x00000594       0x20 c:/program files (x86)/gnu tools arm embedded/7 2017-q4-major/bin/../lib/gcc/arm-none-eabi/7.2.1/hard/libgcc.a(_udivsi3.o)
 .debug_frame   0x000005b4       0x98 ./circle/lib/libcircle.a(actled.o)
 .debug_frame   0x0000064c       0x34 ./circle/lib/libcircle.a(assert.o)
 .debug_frame   0x00000680       0x84 ./circle/lib/libcircle.a(bcmpropertytags.o)
 .debug_frame   0x00000704       0x70 ./circle/lib/libcircle.a(debug.o)
 .debug_frame   0x00000774       0x68 ./circle/lib/libcircle.a(device.o)
 .debug_frame   0x000007dc      0x19c ./circle/lib/libcircle.a(devicenameservice.o)
 .debug_frame   0x00000978      0x2b8 ./circle/lib/libcircle.a(gpiopin.o)
 .debug_frame   0x00000c30      0x1a8 ./circle/lib/libcircle.a(interrupt.o)
 .debug_frame   0x00000dd8      0x140 ./circle/lib/libcircle.a(koptions.o)
 .debug_frame   0x00000f18      0x19c ./circle/lib/libcircle.a(logger.o)
 .debug_frame   0x000010b4      0x134 ./circle/lib/libcircle.a(machineinfo.o)
 .debug_frame   0x000011e8      0x488 ./circle/lib/libcircle.a(screen.o)
 .debug_frame   0x00001670      0x1e4 ./circle/lib/libcircle.a(serial.o)
 .debug_frame   0x00001854      0x280 ./circle/lib/libcircle.a(string.o)
 .debug_frame   0x00001ad4       0x58 ./circle/lib/libcircle.a(sysinit.o)
 .debug_frame   0x00001b2c      0x304 ./circle/lib/libcircle.a(timer.o)
 .debug_frame   0x00001e30      0x114 ./circle/lib/libcircle.a(util.o)
 .debug_frame   0x00001f44       0xb4 ./circle/lib/libcircle.a(virtualgpiopin.o)
 .debug_frame   0x00001ff8       0xe4 ./circle/lib/libcircle.a(exceptionhandler.o)
 .debug_frame   0x000020dc       0xa8 ./circle/lib/libcircle.a(memory.o)
 .debug_frame   0x00002184       0x54 ./circle/lib/libcircle.a(pagetable.o)
 .debug_frame   0x000021d8       0x74 ./circle/lib/libcircle.a(synchronize.o)
 .debug_frame   0x0000224c       0x70 ./circle/lib/libcircle.a(new.o)
 .debug_frame   0x000022bc      0x108 ./circle/lib/libcircle.a(alloc.o)
 .debug_frame   0x000023c4      0x188 ./circle/lib/libcircle.a(bcmframebuffer.o)
 .debug_frame   0x0000254c       0xa8 ./circle/lib/libcircle.a(bcmmailbox.o)
 .debug_frame   0x000025f4       0x7c ./circle/lib/libcircle.a(chargenerator.o)
 .debug_frame   0x00002670       0xdc ./circle/lib/libcircle.a(gpiomanager.o)
 .debug_frame   0x0000274c      0x104 ./circle/lib/libcircle.a(ptrlist.o)
