Archive member included to satisfy reference by file (symbol)

./circle/lib/usb/libusb.a(dwhcidevice.o)
                              src/kernel.o (CDWHCIDevice::~CDWHCIDevice())
./circle/lib/usb/libusb.a(dwhciregister.o)
                              ./circle/lib/usb/libusb.a(dwhcidevice.o) (CDWHCIRegister::CDWHCIRegister(unsigned int))
./circle/lib/usb/libusb.a(dwhcixferstagedata.o)
                              ./circle/lib/usb/libusb.a(dwhcidevice.o) (CDWHCITransferStageData::~CDWHCITransferStageData())
./circle/lib/usb/libusb.a(usbdevice.o)
                              ./circle/lib/usb/libusb.a(dwhcixferstagedata.o) (CUSBDevice::GetAddress() const)
./circle/lib/usb/libusb.a(usbendpoint.o)
                              ./circle/lib/usb/libusb.a(usbdevice.o) (CUSBEndpoint::CUSBEndpoint(CUSBDevice*))
./circle/lib/usb/libusb.a(usbhostcontroller.o)
                              ./circle/lib/usb/libusb.a(dwhcidevice.o) (CUSBHostController::CUSBHostController())
./circle/lib/usb/libusb.a(usbrequest.o)
                              ./circle/lib/usb/libusb.a(usbhostcontroller.o) (CUSBRequest::CUSBRequest(CUSBEndpoint*, void*, unsigned int, TSetupData*))
./circle/lib/usb/libusb.a(usbdevicefactory.o)
                              ./circle/lib/usb/libusb.a(usbdevice.o) (CUSBDeviceFactory::GetDevice(CUSBFunction*, CString*))
./circle/lib/usb/libusb.a(usbstandardhub.o)
                              ./circle/lib/usb/libusb.a(usbdevicefactory.o) (CUSBStandardHub::CUSBStandardHub(CUSBFunction*))
./circle/lib/usb/libusb.a(usbmassdevice.o)
                              ./circle/lib/usb/libusb.a(usbdevicefactory.o) (CUSBBulkOnlyMassStorageDevice::CUSBBulkOnlyMassStorageDevice(CUSBFunction*))
./circle/lib/usb/libusb.a(dwhciframeschednper.o)
                              ./circle/lib/usb/libusb.a(dwhcixferstagedata.o) (CDWHCIFrameSchedulerNonPeriodic::CDWHCIFrameSchedulerNonPeriodic())
./circle/lib/usb/libusb.a(dwhciframeschedper.o)
                              ./circle/lib/usb/libusb.a(dwhcixferstagedata.o) (CDWHCIFrameSchedulerPeriodic::CDWHCIFrameSchedulerPeriodic())
./circle/lib/usb/libusb.a(usbkeyboard.o)
                              ./circle/lib/usb/libusb.a(usbdevicefactory.o) (CUSBKeyboardDevice::CUSBKeyboardDevice(CUSBFunction*))
./circle/lib/usb/libusb.a(dwhcirootport.o)
                              ./circle/lib/usb/libusb.a(dwhcidevice.o) (CDWHCIRootPort::CDWHCIRootPort(CDWHCIDevice*))
./circle/lib/usb/libusb.a(usbhiddevice.o)
                              ./circle/lib/usb/libusb.a(usbkeyboard.o) (CUSBHIDDevice::CUSBHIDDevice(CUSBFunction*, unsigned int))
./circle/lib/usb/libusb.a(usbmouse.o)
                              ./circle/lib/usb/libusb.a(usbdevicefactory.o) (CUSBMouseDevice::CUSBMouseDevice(CUSBFunction*))
./circle/lib/usb/libusb.a(usbgamepadstandard.o)
                              ./circle/lib/usb/libusb.a(usbdevicefactory.o) (CUSBGamePadStandardDevice::CUSBGamePadStandardDevice(CUSBFunction*, bool))
./circle/lib/usb/libusb.a(usbgamepadps3.o)
                              ./circle/lib/usb/libusb.a(usbdevicefactory.o) (CUSBGamePadPS3Device::CUSBGamePadPS3Device(CUSBFunction*))
./circle/lib/usb/libusb.a(usbgamepadps4.o)
                              ./circle/lib/usb/libusb.a(usbdevicefactory.o) (CUSBGamePadPS4Device::CUSBGamePadPS4Device(CUSBFunction*))
./circle/lib/usb/libusb.a(usbgamepadxbox360.o)
                              ./circle/lib/usb/libusb.a(usbdevicefactory.o) (CUSBGamePadXbox360Device::CUSBGamePadXbox360Device(CUSBFunction*))
./circle/lib/usb/libusb.a(usbgamepadxboxone.o)
                              ./circle/lib/usb/libusb.a(usbdevicefactory.o) (CUSBGamePadXboxOneDevice::CUSBGamePadXboxOneDevice(CUSBFunction*))
./circle/lib/usb/libusb.a(usbgamepadswitchpro.o)
                              ./circle/lib/usb/libusb.a(usbdevicefactory.o) (CUSBGamePadSwitchProDevice::CUSBGamePadSwitchProDevice(CUSBFunction*))
./circle/lib/usb/libusb.a(usbfunction.o)
                              ./circle/lib/usb/libusb.a(usbstandardhub.o) (CUSBFunction::Initialize())
./circle/lib/usb/libusb.a(dwhciframeschednsplit.o)
                              ./circle/lib/usb/libusb.a(dwhcixferstagedata.o) (CDWHCIFrameSchedulerNoSplit::CDWHCIFrameSchedulerNoSplit(bool))
./circle/lib/usb/libusb.a(usbprinter.o)
                              ./circle/lib/usb/libusb.a(usbdevicefactory.o) (CUSBPrinterDevice::CUSBPrinterDevice(CUSBFunction*))
./circle/lib/usb/libusb.a(usbbluetooth.o)
                              ./circle/lib/usb/libusb.a(usbdevicefactory.o) (CUSBBluetoothDevice::CUSBBluetoothDevice(CUSBFunction*))
./circle/lib/usb/libusb.a(usbmidi.o)
                              ./circle/lib/usb/libusb.a(usbdevicefactory.o) (CUSBMIDIDevice::CUSBMIDIDevice(CUSBFunction*))
./circle/lib/usb/libusb.a(usbcdcethernet.o)
                              ./circle/lib/usb/libusb.a(usbdevicefactory.o) (CUSBCDCEthernetDevice::CUSBCDCEthernetDevice(CUSBFunction*))
./circle/lib/usb/libusb.a(usbconfigparser.o)
[...]
Memory Configuration

Name             Origin             Length             Attributes
*default*        0x0000000000000000 0xffffffffffffffff

Linker script and memory map

Address of section .init set to 0x8000

.init           0x0000000000008000       0x64
 *(.init)
 .init          0x0000000000008000       0x64 ./circle/lib/libcircle.a(startup.o)
                0x0000000000008000                _start

.text           0x0000000000008068    0x1c804
 *(.text*)
 .text          0x0000000000008068       0x7c src/main.o
                0x0000000000008068                main
 .text          0x00000000000080e4      0xca8 src/kernel.o
                0x000000000000813c                pinRawWrite(int, bool)
                0x0000000000008208                pinRawMode(int, bool, bool)
                0x000000000000835c                pinRawRead(int)
                0x00000000000083e4                micros()
                0x000000000000840c                CKernel::testTiming(int)
                0x00000000000085e0                CKernel::CKernel()
                0x00000000000085e0                CKernel::CKernel()
                0x000000000000879c                CKernel::~CKernel()
                0x000000000000879c                CKernel::~CKernel()
                0x00000000000088a8                CKernel::Initialize()
                0x0000000000008a18                CKernel::Run()
                0x0000000000008b78                CKernel::KeyPressedHandler(char const*)
                0x0000000000008bec                CKernel::ShutdownHandler()
                0x0000000000008c3c                CKernel::KeyStatusHandlerRaw(unsigned char, unsigned char const*)
 .text._ZN6CTimer7MsDelayEj
                0x0000000000008d8c       0x28 src/kernel.o
                0x0000000000008d8c                CTimer::MsDelay(unsigned int)
 .text          0x0000000000008db4       0x70 src/System/lowlev.o
                0x0000000000008db4                lowlevCycleDelay
                0x0000000000008dd0                lowlevBlockCopyExecRelocatable
                0x0000000000008dfc                lowlevBlockCopyExecRelocatableLen
                0x0000000000008e04                lowlevGoto
                0x0000000000008e10                lowlevStoreAbs8
 .text          0x0000000000008e24     0x14f4 src/TargetBus/BusRaider.o
                0x0000000000008e7c                BusRaider::BusRaider()
                0x0000000000008e7c                BusRaider::BusRaider()
                0x000000000000900c                BusRaider::~BusRaider()
                0x000000000000900c                BusRaider::~BusRaider()
                0x0000000000009184                BusRaider::init()
                0x0000000000009400                BusRaider::hostReset()
                0x0000000000009488                BusRaider::hostResetHold()
                0x00000000000094b8                BusRaider::hostNMI()
                0x00000000000094f0                BusRaider::hostIRQ()
                0x0000000000009528                BusRaider::controlRequestBus()
                0x000000000000956c                BusRaider::controlBusAcknowledged()
                0x00000000000095a0                BusRaider::controlTake()
                0x0000000000009624                BusRaider::controlRelease(bool)
                0x000000000000970c                BusRaider::controlReqAndTake()
                0x00000000000097c8                BusRaider::addrLowSet(unsigned long)
                0x000000000000986c                BusRaider::addrLowInc()
                0x00000000000098b8                BusRaider::addrHighSet(unsigned long)
                0x0000000000009974                BusRaider::addrSet(unsigned int)
                0x00000000000099bc                BusRaider::byteWrite(unsigned long, int)
                0x0000000000009a7c                BusRaider::byteRead(int)
                0x0000000000009b38                BusRaider::blockWrite(unsigned long, unsigned char const*, unsigned long, int, int)
                0x0000000000009c4c                BusRaider::blockRead(unsigned long, unsigned char*, unsigned long, int, int)
                0x0000000000009de0                BusRaider::setPinOut(CGPIOPin&, int, bool)
                0x0000000000009e1c                BusRaider::setPinIn(CGPIOPin&, int)
                0x0000000000009e54                BusRaider::muxSet(int)
                0x0000000000009e9c                BusRaider::muxClear()
                0x0000000000009ec8                BusRaider::waitIntClear()
                0x0000000000009ef4                BusRaider::waitIntDisable()
                0x0000000000009f14                BusRaider::waitIntEnable()
                0x0000000000009f38                BusRaider::pibSetOut()
                0x0000000000009f80                BusRaider::pibSetIn()
                0x0000000000009fbc                BusRaider::pibSetValue(unsigned char)
                0x000000000000a020                BusRaider::pibGetValue()
                0x000000000000a054                BusRaider::pinRawMode(int, bool, bool)
                0x000000000000a1bc                BusRaider::pinRawWrite(int, bool)
                0x000000000000a28c                BusRaider::pinRawRead(int)
 .text          0x000000000000a318      0x2f0 src/TargetBus/TargetMemory.o
                0x000000000000a318                TargetMemory::clear()
                0x000000000000a3c4                TargetMemory::dataBlockStore(unsigned long, unsigned char const*, unsigned long)
                0x000000000000a580                TargetMemory::getNumBlocks()
                0x000000000000a5ac                TargetMemory::getMemoryBlock(int)
                0x000000000000a5e4                TargetMemory::memoryPtr()
 .text          0x000000000000a608     0x2688 ./circle/lib/usb/libusb.a(dwhcidevice.o)
                0x000000000000a608                CDWHCIDevice::CompletionRoutine(CUSBRequest*, void*, void*)
                0x000000000000a668                CDWHCIDevice::~CDWHCIDevice()
                0x000000000000a668                CDWHCIDevice::~CDWHCIDevice()
                0x000000000000a69c                CDWHCIDevice::~CDWHCIDevice()
                0x000000000000a738                CDWHCIDevice::CDWHCIDevice(CInterruptSystem*, CTimer*)
                0x000000000000a738                CDWHCIDevice::CDWHCIDevice(CInterruptSystem*, CTimer*)
                0x000000000000a814                CDWHCIDevice::GetPortSpeed()
                0x000000000000a868                CDWHCIDevice::OvercurrentDetected()
                0x000000000000a8a4                CDWHCIDevice::DisableRootPort()
                0x000000000000a8e8                CDWHCIDevice::PowerOn()
                0x000000000000a950                CDWHCIDevice::EnableGlobalInterrupts()
                0x000000000000a994                CDWHCIDevice::EnableCommonInterrupts()
                0x000000000000a9cc                CDWHCIDevice::EnableHostInterrupts()
                0x000000000000aa28                CDWHCIDevice::EnableChannelInterrupt(unsigned int)
                0x000000000000aa9c                CDWHCIDevice::DisableChannelInterrupt(unsigned int)
                0x000000000000ab10                CDWHCIDevice::StartChannel(CDWHCITransferStageData*)
                0x000000000000aee8                CDWHCIDevice::StartTransaction(CDWHCITransferStageData*)
                0x000000000000b004                CDWHCIDevice::TimerHandler(CDWHCITransferStageData*)
                0x000000000000b0c8                CDWHCIDevice::TimerStub(unsigned int, void*, void*)
                0x000000000000b138                CDWHCIDevice::AllocateChannel()
                0x000000000000b210                CDWHCIDevice::FreeChannel(unsigned int)
                0x000000000000b2ac                CDWHCIDevice::TransferStageAsync(CUSBRequest*, bool, bool, unsigned int)
                0x000000000000b414                CDWHCIDevice::SubmitAsyncRequest(CUSBRequest*, unsigned int)
                0x000000000000b4f4                CDWHCIDevice::ChannelInterruptHandler(unsigned int)
                0x000000000000ba34                CDWHCIDevice::InterruptHandler()
                0x000000000000bb34                CDWHCIDevice::InterruptStub(void*)
                0x000000000000bb74                CDWHCIDevice::AllocateWaitBlock()
                0x000000000000bbe8                CDWHCIDevice::FreeWaitBlock(unsigned int)
                0x000000000000bc80                CDWHCIDevice::TransferStage(CUSBRequest*, bool, bool, unsigned int)
                0x000000000000bd94                CDWHCIDevice::SubmitBlockingRequest(CUSBRequest*, unsigned int)
                0x000000000000c048                CDWHCIDevice::WaitForBit(CDWHCIRegister*, unsigned int, bool, unsigned int)
                0x000000000000c148                CDWHCIDevice::EnableRootPort()
                0x000000000000c204                CDWHCIDevice::Reset()
                0x000000000000c2a4                CDWHCIDevice::InitCore()
                0x000000000000c500                CDWHCIDevice::FlushTxFIFO(unsigned int)
                0x000000000000c59c                CDWHCIDevice::FlushRxFIFO()
                0x000000000000c61c                CDWHCIDevice::InitHost()
                0x000000000000c81c                CDWHCIDevice::Initialize()
                0x000000000000ca88                CDWHCIDevice::DumpRegister(char const*, unsigned int)
                0x000000000000cae8                CDWHCIDevice::DumpStatus(unsigned int)
 .text          0x000000000000cc90      0x2f8 ./circle/lib/usb/libusb.a(dwhciregister.o)
                0x000000000000cc90                CDWHCIRegister::CDWHCIRegister(unsigned int)
                0x000000000000cc90                CDWHCIRegister::CDWHCIRegister(unsigned int)
                0x000000000000cca0                CDWHCIRegister::CDWHCIRegister(unsigned int, unsigned int)
                0x000000000000cca0                CDWHCIRegister::CDWHCIRegister(unsigned int, unsigned int)
                0x000000000000ccb0                CDWHCIRegister::~CDWHCIRegister()
                0x000000000000ccb0                CDWHCIRegister::~CDWHCIRegister()
                0x000000000000ccb4                CDWHCIRegister::Read()
                0x000000000000ccd0                CDWHCIRegister::Write()
                0x000000000000cd0c                CDWHCIRegister::Get() const
                0x000000000000cd40                CDWHCIRegister::Set(unsigned int)
                0x000000000000cd50                CDWHCIRegister::IsSet(unsigned int) const
                0x000000000000cd94                CDWHCIRegister::And(unsigned int)
                0x000000000000cdd4                CDWHCIRegister::Or(unsigned int)
                0x000000000000ce14                CDWHCIRegister::ClearBit(unsigned int)
                0x000000000000ce78                CDWHCIRegister::SetBit(unsigned int)
                0x000000000000cedc                CDWHCIRegister::ClearAll()
                0x000000000000cef0                CDWHCIRegister::SetAll()
                0x000000000000cf04                CDWHCIRegister::Dump() const
 .text          0x000000000000cf88      0xbdc ./circle/lib/usb/libusb.a(dwhcixferstagedata.o)
                0x000000000000cf88                CDWHCITransferStageData::~CDWHCITransferStageData()
                0x000000000000cf88                CDWHCITransferStageData::~CDWHCITransferStageData()
                0x000000000000cfcc                CDWHCITransferStageData::SetChannelNumber(unsigned int)
                0x000000000000cfd4                CDWHCITransferStageData::TransactionComplete(unsigned int, unsigned int, unsigned int)
                0x000000000000d190                CDWHCITransferStageData::SetSplitComplete(bool)
                0x000000000000d1c8                CDWHCITransferStageData::SetState(unsigned int)
                0x000000000000d1d0                CDWHCITransferStageData::GetState() const
                0x000000000000d1d8                CDWHCITransferStageData::SetSubState(unsigned int)
                0x000000000000d1e0                CDWHCITransferStageData::GetSubState() const
                0x000000000000d1e8                CDWHCITransferStageData::BeginSplitCycle()
                0x000000000000d1f0                CDWHCITransferStageData::GetChannelNumber() const
                0x000000000000d1f8                CDWHCITransferStageData::IsPeriodic() const
                0x000000000000d248                CDWHCITransferStageData::CDWHCITransferStageData(unsigned int, CUSBRequest*, bool, bool, unsigned int)
                0x000000000000d248                CDWHCITransferStageData::CDWHCITransferStageData(unsigned int, CUSBRequest*, bool, bool, unsigned int)
                0x000000000000d568                CDWHCITransferStageData::GetDeviceAddress() const
                0x000000000000d5b0                CDWHCITransferStageData::GetEndpointType() const
                0x000000000000d630                CDWHCITransferStageData::GetEndpointNumber() const
                0x000000000000d678                CDWHCITransferStageData::GetMaxPacketSize() const
                0x000000000000d680                CDWHCITransferStageData::GetSpeed() const
                0x000000000000d688                CDWHCITransferStageData::GetPID() const
                0x000000000000d70c                CDWHCITransferStageData::IsDirectionIn() const
                0x000000000000d714                CDWHCITransferStageData::IsStatusStage() const
                0x000000000000d71c                CDWHCITransferStageData::GetDMAAddress() const
                0x000000000000d760                CDWHCITransferStageData::GetBytesToTransfer() const
                0x000000000000d768                CDWHCITransferStageData::GetPacketsToTransfer() const
                0x000000000000d770                CDWHCITransferStageData::IsSplit() const
                0x000000000000d778                CDWHCITransferStageData::IsSplitComplete() const
                0x000000000000d7b0                CDWHCITransferStageData::GetHubAddress() const
                0x000000000000d820                CDWHCITransferStageData::GetHubPortAddress() const
                0x000000000000d890                CDWHCITransferStageData::GetSplitPosition() const
                0x000000000000d898                CDWHCITransferStageData::GetStatusMask() const
                0x000000000000d8cc                CDWHCITransferStageData::GetTransactionStatus() const
                0x000000000000d910                CDWHCITransferStageData::IsStageComplete() const
                0x000000000000d920                CDWHCITransferStageData::GetResultLen() const
                0x000000000000d934                CDWHCITransferStageData::IsTimeout() const
                0x000000000000d974                CDWHCITransferStageData::GetURB() const
                0x000000000000d9b4                CDWHCITransferStageData::GetFrameScheduler() const
                0x000000000000d9bc                CDWHCITransferStageData::operator new(unsigned int)
                0x000000000000da20                CDWHCITransferStageData::operator delete(void*, unsigned int)
                0x000000000000da90                CDWHCITransferStageData::InitAllocator(unsigned int)
                0x000000000000daf0                CDWHCITransferStageData::InitProtectedAllocator(unsigned int, unsigned int)
 .text          0x000000000000db64      0xf18 ./circle/lib/usb/libusb.a(usbdevice.o)
                0x000000000000db64                CUSBDevice::~CUSBDevice()
                0x000000000000db64                CUSBDevice::~CUSBDevice()
                0x000000000000dc18                CUSBDevice::~CUSBDevice()
                0x000000000000dc38                CUSBDevice::CUSBDevice(CUSBHostController*, TUSBSpeed, bool, unsigned char, unsigned char)
                0x000000000000dc38                CUSBDevice::CUSBDevice(CUSBHostController*, TUSBSpeed, bool, unsigned char, unsigned char)
                0x000000000000dd1c                CUSBDevice::GetName(TDeviceNameSelector) const
                0x000000000000de38                CUSBDevice::GetNames() const
                0x000000000000df78                CUSBDevice::SetAddress(unsigned char)
                0x000000000000dfb0                CUSBDevice::GetAddress() const
                0x000000000000dfb8                CUSBDevice::GetSpeed() const
                0x000000000000dfc0                CUSBDevice::IsSplit() const
                0x000000000000dfc8                CUSBDevice::GetHubAddress() const
                0x000000000000dfd0                CUSBDevice::GetHubPortNumber() const
                0x000000000000dfd8                CUSBDevice::GetEndpoint0() const
                0x000000000000e01c                CUSBDevice::GetHost() const
                0x000000000000e060                CUSBDevice::GetDeviceDescriptor() const
                0x000000000000e0a4                CUSBDevice::GetConfigurationDescriptor() const
                0x000000000000e0e8                CUSBDevice::GetDescriptor(unsigned char)
                0x000000000000e138                CUSBDevice::ConfigurationError(char const*) const
                0x000000000000e188                CUSBDevice::LogWrite(TLogSeverity, char const*, ...)
                0x000000000000e240                CUSBDevice::Initialize()
                0x000000000000e974                CUSBDevice::Configure()
 .text          0x000000000000ea7c      0x48c ./circle/lib/usb/libusb.a(usbendpoint.o)
                0x000000000000ea7c                CUSBEndpoint::CUSBEndpoint(CUSBDevice*)
                0x000000000000ea7c                CUSBEndpoint::CUSBEndpoint(CUSBDevice*)
                0x000000000000eadc                CUSBEndpoint::CUSBEndpoint(CUSBDevice*, TUSBEndpointDescriptor const*)
                0x000000000000eadc                CUSBEndpoint::CUSBEndpoint(CUSBDevice*, TUSBEndpointDescriptor const*)
                0x000000000000ec98                CUSBEndpoint::CUSBEndpoint(CUSBEndpoint*, CUSBDevice*)
                0x000000000000ec98                CUSBEndpoint::CUSBEndpoint(CUSBEndpoint*, CUSBDevice*)
                0x000000000000ed24                CUSBEndpoint::~CUSBEndpoint()
                0x000000000000ed24                CUSBEndpoint::~CUSBEndpoint()
                0x000000000000ed28                CUSBEndpoint::GetDevice() const
                0x000000000000ed68                CUSBEndpoint::GetNumber() const
                0x000000000000ed70                CUSBEndpoint::GetType() const
                0x000000000000ed78                CUSBEndpoint::IsDirectionIn() const
                0x000000000000ed80                CUSBEndpoint::SetMaxPacketSize(unsigned int)
                0x000000000000ed88                CUSBEndpoint::GetMaxPacketSize() const
                0x000000000000ed90                CUSBEndpoint::GetInterval() const
                0x000000000000edc4                CUSBEndpoint::GetNextPID(bool)
                0x000000000000ee0c                CUSBEndpoint::SkipPID(unsigned int, bool)
                0x000000000000eed0                CUSBEndpoint::ResetPID()
 .text          0x000000000000ef08      0x228 ./circle/lib/usb/libusb.a(usbhostcontroller.o)
                0x000000000000ef08                CUSBHostController::CUSBHostController()
                0x000000000000ef08                CUSBHostController::CUSBHostController()
                0x000000000000ef18                CUSBHostController::~CUSBHostController()
                0x000000000000ef18                CUSBHostController::~CUSBHostController()
                0x000000000000ef1c                CUSBHostController::~CUSBHostController()
                0x000000000000ef34                CUSBHostController::ControlMessage(CUSBEndpoint*, unsigned char, unsigned char, unsigned short, unsigned short, void*, unsigned short)
                0x000000000000effc                CUSBHostController::GetDescriptor(CUSBEndpoint*, unsigned char, unsigned char, void*, unsigned int, unsigned char, unsigned short)
                0x000000000000f034                CUSBHostController::SetAddress(CUSBEndpoint*, unsigned char)
                0x000000000000f080                CUSBHostController::SetConfiguration(CUSBEndpoint*, unsigned char)
                0x000000000000f0cc                CUSBHostController::Transfer(CUSBEndpoint*, void*, unsigned int, unsigned int)
 .text          0x000000000000f130      0x3f4 ./circle/lib/usb/libusb.a(usbrequest.o)
                0x000000000000f130                CUSBRequest::CUSBRequest(CUSBEndpoint*, void*, unsigned int, TSetupData*)
                0x000000000000f130                CUSBRequest::CUSBRequest(CUSBEndpoint*, void*, unsigned int, TSetupData*)
                0x000000000000f1c4                CUSBRequest::~CUSBRequest()
                0x000000000000f1c4                CUSBRequest::~CUSBRequest()
                0x000000000000f1c8                CUSBRequest::GetEndpoint() const
                0x000000000000f208                CUSBRequest::SetStatus(int)
                0x000000000000f210                CUSBRequest::SetResultLen(unsigned int)
                0x000000000000f218                CUSBRequest::GetStatus() const
                0x000000000000f220                CUSBRequest::GetResultLength() const
                0x000000000000f254                CUSBRequest::GetSetupData()
                0x000000000000f2b0                CUSBRequest::GetBuffer()
                0x000000000000f2fc                CUSBRequest::GetBufLen() const
                0x000000000000f304                CUSBRequest::SetCompletionRoutine(void (*)(CUSBRequest*, void*, void*), void*, void*)
                0x000000000000f330                CUSBRequest::CallCompletionRoutine()
                0x000000000000f378                CUSBRequest::SetCompleteOnNAK()
                0x000000000000f384                CUSBRequest::IsCompleteOnNAK() const
                0x000000000000f38c                CUSBRequest::operator new(unsigned int)
                0x000000000000f3ec                CUSBRequest::operator delete(void*, unsigned int)
                0x000000000000f458                CUSBRequest::InitAllocator(unsigned int)
                0x000000000000f4b4                CUSBRequest::InitProtectedAllocator(unsigned int, unsigned int)
 .text          0x000000000000f524      0x474 ./circle/lib/usb/libusb.a(usbdevicefactory.o)
                0x000000000000f524                CUSBDeviceFactory::GetDevice(CUSBFunction*, CString*)
 .text          0x000000000000f998      0xabc ./circle/lib/usb/libusb.a(usbstandardhub.o)
                0x000000000000f998                CUSBStandardHub::~CUSBStandardHub()
                0x000000000000f998                CUSBStandardHub::~CUSBStandardHub()
                0x000000000000fa30                CUSBStandardHub::~CUSBStandardHub()
                0x000000000000fa50                CUSBStandardHub::CUSBStandardHub(CUSBFunction*)
                0x000000000000fa50                CUSBStandardHub::CUSBStandardHub(CUSBFunction*)
                0x000000000000fa9c                CUSBStandardHub::EnumeratePorts()
                0x000000000001023c                CUSBStandardHub::Configure()
 .text          0x0000000000010454      0xcf4 ./circle/lib/usb/libusb.a(usbmassdevice.o)
                0x0000000000010454                CUSBBulkOnlyMassStorageDevice::Seek(unsigned long long)
                0x0000000000010464                CUSBBulkOnlyMassStorageDevice::~CUSBBulkOnlyMassStorageDevice()
                0x0000000000010464                CUSBBulkOnlyMassStorageDevice::~CUSBBulkOnlyMassStorageDevice()
                0x0000000000010500                CUSBBulkOnlyMassStorageDevice::~CUSBBulkOnlyMassStorageDevice()
                0x0000000000010520                CUSBBulkOnlyMassStorageDevice::CUSBBulkOnlyMassStorageDevice(CUSBFunction*)
                0x0000000000010520                CUSBBulkOnlyMassStorageDevice::CUSBBulkOnlyMassStorageDevice(CUSBFunction*)
                0x0000000000010564                CUSBBulkOnlyMassStorageDevice::GetCapacity() const
                0x000000000001056c                CUSBBulkOnlyMassStorageDevice::Command(void*, unsigned int, void*, unsigned int, bool)
                0x0000000000010838                CUSBBulkOnlyMassStorageDevice::TryRead(void*, unsigned int)
                0x000000000001096c                CUSBBulkOnlyMassStorageDevice::TryWrite(void const*, unsigned int)
                0x0000000000010a98                CUSBBulkOnlyMassStorageDevice::Reset()
                0x0000000000010bf0                CUSBBulkOnlyMassStorageDevice::Read(void*, unsigned int)
                0x0000000000010c58                CUSBBulkOnlyMassStorageDevice::Write(void const*, unsigned int)
                0x0000000000010cc0                CUSBBulkOnlyMassStorageDevice::Configure()
 .text          0x0000000000011148      0x3b0 ./circle/lib/usb/libusb.a(dwhciframeschednper.o)
                0x0000000000011148                CDWHCIFrameSchedulerNonPeriodic::~CDWHCIFrameSchedulerNonPeriodic()
                0x0000000000011148                CDWHCIFrameSchedulerNonPeriodic::~CDWHCIFrameSchedulerNonPeriodic()
                0x000000000001114c                CDWHCIFrameSchedulerNonPeriodic::StartSplit()
                0x0000000000011158                CDWHCIFrameSchedulerNonPeriodic::WaitForFrame()
                0x000000000001115c                CDWHCIFrameSchedulerNonPeriodic::IsOddFrame() const
                0x0000000000011164                CDWHCIFrameSchedulerNonPeriodic::CompleteSplit()
                0x00000000000111e4                CDWHCIFrameSchedulerNonPeriodic::TransactionComplete(unsigned int)
                0x00000000000112f8                CDWHCIFrameSchedulerNonPeriodic::CDWHCIFrameSchedulerNonPeriodic()
                0x00000000000112f8                CDWHCIFrameSchedulerNonPeriodic::CDWHCIFrameSchedulerNonPeriodic()
                0x0000000000011348                CDWHCIFrameSchedulerNonPeriodic::operator new(unsigned int)
                0x00000000000113a8                CDWHCIFrameSchedulerNonPeriodic::operator delete(void*, unsigned int)
                0x0000000000011414                CDWHCIFrameSchedulerNonPeriodic::~CDWHCIFrameSchedulerNonPeriodic()
                0x000000000001142c                CDWHCIFrameSchedulerNonPeriodic::InitAllocator(unsigned int)
                0x0000000000011488                CDWHCIFrameSchedulerNonPeriodic::InitProtectedAllocator(unsigned int, unsigned int)
 .text          0x00000000000114f8      0x490 ./circle/lib/usb/libusb.a(dwhciframeschedper.o)
                0x00000000000114f8                CDWHCIFrameSchedulerPeriodic::~CDWHCIFrameSchedulerPeriodic()
                0x00000000000114f8                CDWHCIFrameSchedulerPeriodic::~CDWHCIFrameSchedulerPeriodic()
                0x00000000000114fc                CDWHCIFrameSchedulerPeriodic::StartSplit()
                0x0000000000011510                CDWHCIFrameSchedulerPeriodic::IsOddFrame() const
                0x000000000001151c                CDWHCIFrameSchedulerPeriodic::WaitForFrame()
                0x000000000001158c                CDWHCIFrameSchedulerPeriodic::CompleteSplit()
                0x0000000000011670                CDWHCIFrameSchedulerPeriodic::TransactionComplete(unsigned int)
                0x0000000000011780                CDWHCIFrameSchedulerPeriodic::CDWHCIFrameSchedulerPeriodic()
                0x0000000000011780                CDWHCIFrameSchedulerPeriodic::CDWHCIFrameSchedulerPeriodic()
                0x00000000000117d8                CDWHCIFrameSchedulerPeriodic::operator new(unsigned int)
                0x0000000000011838                CDWHCIFrameSchedulerPeriodic::operator delete(void*, unsigned int)
                0x00000000000118a4                CDWHCIFrameSchedulerPeriodic::~CDWHCIFrameSchedulerPeriodic()
                0x00000000000118bc                CDWHCIFrameSchedulerPeriodic::InitAllocator(unsigned int)
                0x0000000000011918                CDWHCIFrameSchedulerPeriodic::InitProtectedAllocator(unsigned int, unsigned int)
 .text          0x0000000000011988      0x424 ./circle/lib/usb/libusb.a(usbkeyboard.o)
                0x0000000000011988                CUSBKeyboardDevice::~CUSBKeyboardDevice()
                0x0000000000011988                CUSBKeyboardDevice::~CUSBKeyboardDevice()
                0x00000000000119d4                CUSBKeyboardDevice::~CUSBKeyboardDevice()
                0x00000000000119f4                CUSBKeyboardDevice::ReportHandler(unsigned char const*, unsigned int)
                0x0000000000011b60                CUSBKeyboardDevice::CUSBKeyboardDevice(CUSBFunction*)
                0x0000000000011b60                CUSBKeyboardDevice::CUSBKeyboardDevice(CUSBFunction*)
                0x0000000000011ba8                CUSBKeyboardDevice::RegisterKeyPressedHandler(void (*)(char const*))
                0x0000000000011bb0                CUSBKeyboardDevice::RegisterSelectConsoleHandler(void (*)(unsigned int))
                0x0000000000011bb8                CUSBKeyboardDevice::RegisterShutdownHandler(void (*)())
                0x0000000000011bc0                CUSBKeyboardDevice::GetLEDStatus() const
                0x0000000000011be8                CUSBKeyboardDevice::RegisterKeyStatusHandlerRaw(void (*)(unsigned char, unsigned char const*))
                0x0000000000011c20                CUSBKeyboardDevice::SetLEDs(unsigned char)
                0x0000000000011c8c                CUSBKeyboardDevice::Configure()
                0x0000000000011d24                CUSBKeyboardDevice::UpdateLEDs()
                0x0000000000011d80                CUSBKeyboardDevice::FindByte(unsigned char const*, unsigned char, unsigned int)
 .text          0x0000000000011dac      0x1f0 ./circle/lib/usb/libusb.a(dwhcirootport.o)
                0x0000000000011dac                CDWHCIRootPort::CDWHCIRootPort(CDWHCIDevice*)
                0x0000000000011dac                CDWHCIRootPort::CDWHCIRootPort(CDWHCIDevice*)
                0x0000000000011dec                CDWHCIRootPort::~CDWHCIRootPort()
                0x0000000000011dec                CDWHCIRootPort::~CDWHCIRootPort()
                0x0000000000011e14                CDWHCIRootPort::Initialize()
 .text          0x0000000000011f9c      0x8b4 ./circle/lib/usb/libusb.a(usbhiddevice.o)
                0x0000000000011f9c                CUSBHIDDevice::SendCompletionRoutine(CUSBRequest*, void*, void*)
                0x0000000000012058                CUSBHIDDevice::CUSBHIDDevice(CUSBFunction*, unsigned int)
                0x0000000000012058                CUSBHIDDevice::CUSBHIDDevice(CUSBFunction*, unsigned int)
                0x00000000000120a8                CUSBHIDDevice::~CUSBHIDDevice()
                0x00000000000120a8                CUSBHIDDevice::~CUSBHIDDevice()
                0x0000000000012134                CUSBHIDDevice::~CUSBHIDDevice()
                0x0000000000012154                CUSBHIDDevice::Configure(unsigned int)
                0x00000000000123b0                CUSBHIDDevice::SendToEndpointOut(void const*, unsigned int, unsigned int)
                0x000000000001244c                CUSBHIDDevice::SendToEndpointOutAsync(void const*, unsigned int, unsigned int)
                0x0000000000012534                CUSBHIDDevice::ReceiveFromEndpointIn(void*, unsigned int, unsigned int)
                0x00000000000125f4                CUSBHIDDevice::StartRequest()
                0x000000000001271c                CUSBHIDDevice::CompletionRoutine(CUSBRequest*)
                0x0000000000012808                CUSBHIDDevice::CompletionStub(CUSBRequest*, void*, void*)
 .text          0x0000000000012850      0x22c ./circle/lib/usb/libusb.a(usbmouse.o)
                0x0000000000012850                CUSBMouseDevice::~CUSBMouseDevice()
                0x0000000000012850                CUSBMouseDevice::~CUSBMouseDevice()
                0x00000000000128ac                CUSBMouseDevice::~CUSBMouseDevice()
                0x00000000000128cc                CUSBMouseDevice::Configure()
                0x0000000000012a00                CUSBMouseDevice::ReportHandler(unsigned char const*, unsigned int)
                0x0000000000012a4c                CUSBMouseDevice::CUSBMouseDevice(CUSBFunction*)
                0x0000000000012a4c                CUSBMouseDevice::CUSBMouseDevice(CUSBFunction*)
 .text          0x0000000000012a7c      0x7f0 ./circle/lib/usb/libusb.a(usbgamepadstandard.o)
                0x0000000000012a7c                CUSBGamePadStandardDevice::~CUSBGamePadStandardDevice()
                0x0000000000012a7c                CUSBGamePadStandardDevice::~CUSBGamePadStandardDevice()
                0x0000000000012ab8                CUSBGamePadStandardDevice::~CUSBGamePadStandardDevice()
                0x0000000000012ad8                CUSBGamePadStandardDevice::CUSBGamePadStandardDevice(CUSBFunction*, bool)
                0x0000000000012ad8                CUSBGamePadStandardDevice::CUSBGamePadStandardDevice(CUSBFunction*, bool)
                0x0000000000012b10                CUSBGamePadStandardDevice::BitGetUnsigned(void const*, unsigned int, unsigned int)
                0x0000000000012c18                CUSBGamePadStandardDevice::BitGetSigned(void const*, unsigned int, unsigned int)
                0x0000000000012c40                CUSBGamePadStandardDevice::DecodeReport(unsigned char const*)
                0x00000000000130c4                CUSBGamePadStandardDevice::Configure()
 .text._ZN17CUSBGamePadDevice13GetPropertiesEv
                0x000000000001326c        0x8 ./circle/lib/usb/libusb.a(usbgamepadstandard.o)
                0x000000000001326c                CUSBGamePadDevice::GetProperties()
 .text._ZN17CUSBGamePadDevice10SetLEDModeE15TGamePadLEDMode
                0x0000000000013274        0x8 ./circle/lib/usb/libusb.a(usbgamepadstandard.o)
                0x0000000000013274                CUSBGamePadDevice::SetLEDMode(TGamePadLEDMode)
 .text._ZN17CUSBGamePadDevice10SetLEDModeEjhh
                0x000000000001327c        0x8 ./circle/lib/usb/libusb.a(usbgamepadstandard.o)
                0x000000000001327c                CUSBGamePadDevice::SetLEDMode(unsigned int, unsigned char, unsigned char)
 .text._ZN17CUSBGamePadDevice13SetRumbleModeE18TGamePadRumbleMode
                0x0000000000013284        0x8 ./circle/lib/usb/libusb.a(usbgamepadstandard.o)
                0x0000000000013284                CUSBGamePadDevice::SetRumbleMode(TGamePadRumbleMode)
 .text          0x000000000001328c      0x568 ./circle/lib/usb/libusb.a(usbgamepadps3.o)
                0x000000000001328c                CUSBGamePadPS3Device::~CUSBGamePadPS3Device()
                0x000000000001328c                CUSBGamePadPS3Device::~CUSBGamePadPS3Device()
                0x00000000000132ac                CUSBGamePadPS3Device::~CUSBGamePadPS3Device()
                0x00000000000132d8                CUSBGamePadPS3Device::SetRumbleMode(TGamePadRumbleMode)
                0x00000000000133f0                CUSBGamePadPS3Device::SetLEDMode(TGamePadLEDMode)
                0x0000000000013488                CUSBGamePadPS3Device::CUSBGamePadPS3Device(CUSBFunction*)
                0x0000000000013488                CUSBGamePadPS3Device::CUSBGamePadPS3Device(CUSBFunction*)
                0x00000000000134d8                CUSBGamePadPS3Device::PS3Enable()
                0x0000000000013568                CUSBGamePadPS3Device::Configure()
                0x0000000000013688                CUSBGamePadPS3Device::DecodeReport(unsigned char const*)
 .text._ZN20CUSBGamePadPS3Device13GetPropertiesEv
                0x00000000000137f4        0x8 ./circle/lib/usb/libusb.a(usbgamepadps3.o)
                0x00000000000137f4                CUSBGamePadPS3Device::GetProperties()
 .text          0x00000000000137fc      0x890 ./circle/lib/usb/libusb.a(usbgamepadps4.o)
                0x00000000000137fc                CUSBGamePadPS4Device::DecodeReport(unsigned char const*)
                0x00000000000139b0                CUSBGamePadPS4Device::~CUSBGamePadPS4Device()
                0x00000000000139b0                CUSBGamePadPS4Device::~CUSBGamePadPS4Device()
                0x00000000000139fc                CUSBGamePadPS4Device::~CUSBGamePadPS4Device()
                0x0000000000013a1c                CUSBGamePadPS4Device::CUSBGamePadPS4Device(CUSBFunction*)
                0x0000000000013a1c                CUSBGamePadPS4Device::CUSBGamePadPS4Device(CUSBFunction*)
                0x0000000000013a68                CUSBGamePadPS4Device::HandleTouchpad(unsigned char const*)
                0x0000000000013c3c                CUSBGamePadPS4Device::ReportHandler(unsigned char const*, unsigned int)
                0x0000000000013ca4                CUSBGamePadPS4Device::SendLedRumbleCommand()
                0x0000000000013d44                CUSBGamePadPS4Device::SetLEDMode(TGamePadLEDMode)
                0x0000000000013e84                CUSBGamePadPS4Device::SetLEDMode(unsigned int, unsigned char, unsigned char)
                0x0000000000013eac                CUSBGamePadPS4Device::SetRumbleMode(TGamePadRumbleMode)
                0x0000000000013f18                CUSBGamePadPS4Device::DisableTouchpad()
                0x0000000000013f2c                CUSBGamePadPS4Device::Configure()
 .text._ZN20CUSBGamePadPS4Device13GetPropertiesEv
                0x000000000001408c        0x8 ./circle/lib/usb/libusb.a(usbgamepadps4.o)
                0x000000000001408c                CUSBGamePadPS4Device::GetProperties()
 .text          0x0000000000014094      0x3b0 ./circle/lib/usb/libusb.a(usbgamepadxbox360.o)
                0x0000000000014094                CUSBGamePadXbox360Device::~CUSBGamePadXbox360Device()
                0x0000000000014094                CUSBGamePadXbox360Device::~CUSBGamePadXbox360Device()
                0x00000000000140b4                CUSBGamePadXbox360Device::~CUSBGamePadXbox360Device()
                0x00000000000140e0                CUSBGamePadXbox360Device::DecodeReport(unsigned char const*)
                0x0000000000014214                CUSBGamePadXbox360Device::ReportHandler(unsigned char const*, unsigned int)
                0x0000000000014280                CUSBGamePadXbox360Device::SetLEDMode(TGamePadLEDMode)
                0x00000000000142d4                CUSBGamePadXbox360Device::SetRumbleMode(TGamePadRumbleMode)
                0x0000000000014364                CUSBGamePadXbox360Device::CUSBGamePadXbox360Device(CUSBFunction*)
                0x0000000000014364                CUSBGamePadXbox360Device::CUSBGamePadXbox360Device(CUSBFunction*)
                0x0000000000014384                CUSBGamePadXbox360Device::Configure()
 .text._ZN24CUSBGamePadXbox360Device13GetPropertiesEv
                0x0000000000014444        0x8 ./circle/lib/usb/libusb.a(usbgamepadxbox360.o)
                0x0000000000014444                CUSBGamePadXbox360Device::GetProperties()
 .text          0x000000000001444c      0x4ac ./circle/lib/usb/libusb.a(usbgamepadxboxone.o)
                0x000000000001444c                CUSBGamePadXboxOneDevice::DecodeReport(unsigned char const*)
                0x00000000000145fc                CUSBGamePadXboxOneDevice::~CUSBGamePadXboxOneDevice()
                0x00000000000145fc                CUSBGamePadXboxOneDevice::~CUSBGamePadXboxOneDevice()
                0x000000000001461c                CUSBGamePadXboxOneDevice::~CUSBGamePadXboxOneDevice()
                0x0000000000014648                CUSBGamePadXboxOneDevice::ReportHandler(unsigned char const*, unsigned int)
                0x0000000000014730                CUSBGamePadXboxOneDevice::SetRumbleMode(TGamePadRumbleMode)
                0x00000000000147d0                CUSBGamePadXboxOneDevice::CUSBGamePadXboxOneDevice(CUSBFunction*)
                0x00000000000147d0                CUSBGamePadXboxOneDevice::CUSBGamePadXboxOneDevice(CUSBFunction*)
                0x00000000000147f8                CUSBGamePadXboxOneDevice::Configure()
 .text._ZN24CUSBGamePadXboxOneDevice13GetPropertiesEv
                0x00000000000148f8        0x8 ./circle/lib/usb/libusb.a(usbgamepadxboxone.o)
                0x00000000000148f8                CUSBGamePadXboxOneDevice::GetProperties()
 .text          0x0000000000014900      0x67c ./circle/lib/usb/libusb.a(usbgamepadswitchpro.o)
                0x0000000000014900                CUSBGamePadSwitchProDevice::~CUSBGamePadSwitchProDevice()
                0x0000000000014900                CUSBGamePadSwitchProDevice::~CUSBGamePadSwitchProDevice()
                0x0000000000014920                CUSBGamePadSwitchProDevice::~CUSBGamePadSwitchProDevice()
                0x000000000001494c                CUSBGamePadSwitchProDevice::DecodeReport(unsigned char const*)
                0x0000000000014b0c                CUSBGamePadSwitchProDevice::SetLEDMode(TGamePadLEDMode)
                0x0000000000014b88                CUSBGamePadSwitchProDevice::SetRumbleMode(TGamePadRumbleMode)
                0x0000000000014c74                CUSBGamePadSwitchProDevice::CUSBGamePadSwitchProDevice(CUSBFunction*)
                0x0000000000014c74                CUSBGamePadSwitchProDevice::CUSBGamePadSwitchProDevice(CUSBFunction*)
                0x0000000000014cb4                CUSBGamePadSwitchProDevice::Configure()
 .text._ZN26CUSBGamePadSwitchProDevice13GetPropertiesEv
                0x0000000000014f7c        0x8 ./circle/lib/usb/libusb.a(usbgamepadswitchpro.o)
                0x0000000000014f7c                CUSBGamePadSwitchProDevice::GetProperties()
 .text          0x0000000000014f84      0x71c ./circle/lib/usb/libusb.a(usbfunction.o)
                0x0000000000014f84                CUSBFunction::Initialize()
                0x0000000000014f8c                CUSBFunction::~CUSBFunction()
                0x0000000000014f8c                CUSBFunction::~CUSBFunction()
                0x0000000000014fe4                CUSBFunction::~CUSBFunction()
                0x0000000000015004                CUSBFunction::CUSBFunction(CUSBDevice*, CUSBConfigurationParser*)
                0x0000000000015004                CUSBFunction::CUSBFunction(CUSBDevice*, CUSBConfigurationParser*)
                0x00000000000150c4                CUSBFunction::CUSBFunction(CUSBFunction*)
                0x00000000000150c4                CUSBFunction::CUSBFunction(CUSBFunction*)
                0x00000000000151c8                CUSBFunction::GetInterfaceName() const
                0x0000000000015234                CUSBFunction::GetNumEndpoints() const
                0x0000000000015274                CUSBFunction::GetDevice() const
                0x00000000000152b4                CUSBFunction::GetEndpoint0() const
                0x00000000000152f8                CUSBFunction::GetHost() const
                0x000000000001533c                CUSBFunction::Configure()
                0x0000000000015400                CUSBFunction::GetDescriptor(unsigned char)
                0x000000000001544c                CUSBFunction::ConfigurationError(char const*) const
                0x00000000000154bc                CUSBFunction::SelectInterfaceByClass(unsigned char, unsigned char, unsigned char)
                0x00000000000155a0                CUSBFunction::GetInterfaceNumber() const
                0x00000000000155e0                CUSBFunction::GetInterfaceClass() const
                0x0000000000015620                CUSBFunction::GetInterfaceSubClass() const
                0x0000000000015660                CUSBFunction::GetInterfaceProtocol() const
 .text          0x00000000000156a0      0x29c ./circle/lib/usb/libusb.a(dwhciframeschednsplit.o)
                0x00000000000156a0                CDWHCIFrameSchedulerNoSplit::~CDWHCIFrameSchedulerNoSplit()
                0x00000000000156a0                CDWHCIFrameSchedulerNoSplit::~CDWHCIFrameSchedulerNoSplit()
                0x00000000000156a4                CDWHCIFrameSchedulerNoSplit::IsOddFrame() const
                0x00000000000156b0                CDWHCIFrameSchedulerNoSplit::StartSplit()
                0x00000000000156c8                CDWHCIFrameSchedulerNoSplit::CompleteSplit()
                0x00000000000156ec                CDWHCIFrameSchedulerNoSplit::TransactionComplete(unsigned int)
                0x0000000000015704                CDWHCIFrameSchedulerNoSplit::WaitForFrame()
                0x0000000000015770                CDWHCIFrameSchedulerNoSplit::CDWHCIFrameSchedulerNoSplit(bool)
                0x0000000000015770                CDWHCIFrameSchedulerNoSplit::CDWHCIFrameSchedulerNoSplit(bool)
                0x000000000001578c                CDWHCIFrameSchedulerNoSplit::operator new(unsigned int)
                0x00000000000157ec                CDWHCIFrameSchedulerNoSplit::operator delete(void*, unsigned int)
                0x0000000000015858                CDWHCIFrameSchedulerNoSplit::~CDWHCIFrameSchedulerNoSplit()
                0x0000000000015870                CDWHCIFrameSchedulerNoSplit::InitAllocator(unsigned int)
                0x00000000000158cc                CDWHCIFrameSchedulerNoSplit::InitProtectedAllocator(unsigned int, unsigned int)
 .text          0x000000000001593c      0x38c ./circle/lib/usb/libusb.a(usbprinter.o)
                0x000000000001593c                CUSBPrinterDevice::~CUSBPrinterDevice()
                0x000000000001593c                CUSBPrinterDevice::~CUSBPrinterDevice()
                0x00000000000159b0                CUSBPrinterDevice::~CUSBPrinterDevice()
                0x00000000000159d0                CUSBPrinterDevice::Write(void const*, unsigned int)
                0x0000000000015a7c                CUSBPrinterDevice::CUSBPrinterDevice(CUSBFunction*)
                0x0000000000015a7c                CUSBPrinterDevice::CUSBPrinterDevice(CUSBFunction*)
                0x0000000000015aac                CUSBPrinterDevice::Configure()
 .text          0x0000000000015cc8      0x688 ./circle/lib/usb/libusb.a(usbbluetooth.o)
                0x0000000000015cc8                CUSBBluetoothDevice::~CUSBBluetoothDevice()
                0x0000000000015cc8                CUSBBluetoothDevice::~CUSBBluetoothDevice()
                0x0000000000015d84                CUSBBluetoothDevice::~CUSBBluetoothDevice()
                0x0000000000015da4                CUSBBluetoothDevice::CUSBBluetoothDevice(CUSBFunction*)
                0x0000000000015da4                CUSBBluetoothDevice::CUSBBluetoothDevice(CUSBFunction*)
                0x0000000000015de0                CUSBBluetoothDevice::SendHCICommand(void const*, unsigned int)
                0x0000000000015e3c                CUSBBluetoothDevice::StartRequest()
                0x0000000000015f5c                CUSBBluetoothDevice::RegisterHCIEventHandler(void (*)(void const*, unsigned int))
                0x0000000000015fa0                CUSBBluetoothDevice::CompletionRoutine(CUSBRequest*)
                0x00000000000160d4                CUSBBluetoothDevice::CompletionStub(CUSBRequest*, void*, void*)
                0x000000000001611c                CUSBBluetoothDevice::Configure()
 .text          0x0000000000016350      0x738 ./circle/lib/usb/libusb.a(usbmidi.o)
                0x0000000000016350                CUSBMIDIDevice::~CUSBMIDIDevice()
                0x0000000000016350                CUSBMIDIDevice::~CUSBMIDIDevice()
                0x00000000000163b4                CUSBMIDIDevice::~CUSBMIDIDevice()
                0x00000000000163d4                CUSBMIDIDevice::CUSBMIDIDevice(CUSBFunction*)
                0x00000000000163d4                CUSBMIDIDevice::CUSBMIDIDevice(CUSBFunction*)
                0x000000000001640c                CUSBMIDIDevice::RegisterPacketHandler(void (*)(unsigned int, unsigned char*, unsigned int))
                0x0000000000016460                CUSBMIDIDevice::StartRequest()
                0x0000000000016590                CUSBMIDIDevice::CompletionRoutine(CUSBRequest*)
                0x0000000000016760                CUSBMIDIDevice::CompletionStub(CUSBRequest*, void*, void*)
                0x00000000000167a8                CUSBMIDIDevice::TimerHandler(unsigned int)
                0x00000000000167e8                CUSBMIDIDevice::TimerStub(unsigned int, void*, void*)
                0x0000000000016830                CUSBMIDIDevice::Configure()
 .text          0x0000000000016a88      0x5b0 ./circle/lib/usb/libusb.a(usbcdcethernet.o)
                0x0000000000016a88                CUSBCDCEthernetDevice::GetMACAddress() const
                0x0000000000016a90                CUSBCDCEthernetDevice::~CUSBCDCEthernetDevice()
                0x0000000000016a90                CUSBCDCEthernetDevice::~CUSBCDCEthernetDevice()
                0x0000000000016b0c                CUSBCDCEthernetDevice::~CUSBCDCEthernetDevice()
                0x0000000000016b2c                CUSBCDCEthernetDevice::SendFrame(void const*, unsigned int)
                0x0000000000016bd4                CUSBCDCEthernetDevice::ReceiveFrame(void*, unsigned int*)
                0x0000000000016cc8                CUSBCDCEthernetDevice::CUSBCDCEthernetDevice(CUSBFunction*)
                0x0000000000016cc8                CUSBCDCEthernetDevice::CUSBCDCEthernetDevice(CUSBFunction*)
                0x0000000000016cfc                CUSBCDCEthernetDevice::InitMACAddress(unsigned char)
                0x0000000000016df8                CUSBCDCEthernetDevice::Configure()
 .text._ZN10CNetDevice8IsLinkUpEv
                0x0000000000017038        0x8 ./circle/lib/usb/libusb.a(usbcdcethernet.o)
                0x0000000000017038                CNetDevice::IsLinkUp()
 .text._ZN10CNetDevice12GetLinkSpeedEv
                0x0000000000017040        0x8 ./circle/lib/usb/libusb.a(usbcdcethernet.o)
                0x0000000000017040                CNetDevice::GetLinkSpeed()
 .text          0x0000000000017048      0x378 ./circle/lib/usb/libusb.a(usbconfigparser.o)
                0x0000000000017048                CUSBConfigurationParser::CUSBConfigurationParser(void const*, unsigned int)
                0x0000000000017048                CUSBConfigurationParser::CUSBConfigurationParser(void const*, unsigned int)
                0x00000000000171b4                CUSBConfigurationParser::CUSBConfigurationParser(CUSBConfigurationParser*)
                0x00000000000171b4                CUSBConfigurationParser::CUSBConfigurationParser(CUSBConfigurationParser*)
                0x0000000000017210                CUSBConfigurationParser::~CUSBConfigurationParser()
                0x0000000000017210                CUSBConfigurationParser::~CUSBConfigurationParser()
                0x0000000000017214                CUSBConfigurationParser::IsValid() const
                0x000000000001721c                CUSBConfigurationParser::GetDescriptor(unsigned char)
                0x00000000000172fc                CUSBConfigurationParser::GetCurrentDescriptor()
                0x0000000000017354                CUSBConfigurationParser::Error(char const*) const
 .text          0x00000000000173c0      0x5b0 ./circle/lib/usb/libusb.a(usbstring.o)
                0x00000000000173c0                CUSBString::CUSBString(CUSBDevice*)
                0x00000000000173c0                CUSBString::CUSBString(CUSBDevice*)
                0x0000000000017438                CUSBString::CUSBString(CUSBString*)
                0x0000000000017438                CUSBString::CUSBString(CUSBString*)
                0x0000000000017504                CUSBString::~CUSBString()
                0x0000000000017504                CUSBString::~CUSBString()
                0x0000000000017544                CUSBString::GetFromDescriptor(unsigned char, unsigned short)
                0x00000000000177dc                CUSBString::Get() const
                0x00000000000177e4                CUSBString::GetLanguageID()
 .text          0x0000000000017970      0xb74 ./circle/lib/usb/libusb.a(smsc951x.o)
                0x0000000000017970                CSMSC951xDevice::GetMACAddress() const
                0x0000000000017978                CSMSC951xDevice::~CSMSC951xDevice()
                0x0000000000017978                CSMSC951xDevice::~CSMSC951xDevice()
                0x00000000000179f4                CSMSC951xDevice::~CSMSC951xDevice()
                0x0000000000017a14                CSMSC951xDevice::ReceiveFrame(void*, unsigned int*)
                0x0000000000017c58                CSMSC951xDevice::SendFrame(void const*, unsigned int)
                0x0000000000017c6c                CSMSC951xDevice::CSMSC951xDevice(CUSBFunction*)
                0x0000000000017c6c                CSMSC951xDevice::CSMSC951xDevice(CUSBFunction*)
                0x0000000000017ca0                CSMSC951xDevice::WriteReg(unsigned int, unsigned int)
                0x0000000000017d08                CSMSC951xDevice::ReadReg(unsigned int, unsigned int*)
                0x0000000000017d70                CSMSC951xDevice::PHYWaitNotBusy()
                0x0000000000017e00                CSMSC951xDevice::PHYWrite(unsigned char, unsigned short)
                0x0000000000017ea0                CSMSC951xDevice::PHYRead(unsigned char, unsigned short*)
                0x0000000000017f88                CSMSC951xDevice::IsLinkUp()
                0x0000000000017fb4                CSMSC951xDevice::GetLinkSpeed()
                0x0000000000018010                CSMSC951xDevice::DumpReg(char const*, unsigned int)
                0x0000000000018084                CSMSC951xDevice::DumpRegs()
                0x000000000001821c                CSMSC951xDevice::Configure()
 .text          0x00000000000184e4      0xe40 ./circle/lib/usb/libusb.a(lan7800.o)
                0x00000000000184e4                CLAN7800Device::GetMACAddress() const
                0x00000000000184ec                CLAN7800Device::~CLAN7800Device()
                0x00000000000184ec                CLAN7800Device::~CLAN7800Device()
                0x0000000000018568                CLAN7800Device::~CLAN7800Device()
                0x0000000000018588                CLAN7800Device::ReceiveFrame(void*, unsigned int*)
                0x00000000000187c8                CLAN7800Device::SendFrame(void const*, unsigned int)
                0x00000000000187dc                CLAN7800Device::CLAN7800Device(CUSBFunction*)
                0x00000000000187dc                CLAN7800Device::CLAN7800Device(CUSBFunction*)
                0x0000000000018810                CLAN7800Device::WriteReg(unsigned int, unsigned int)
                0x00000000000188a8                CLAN7800Device::ReadReg(unsigned int, unsigned int*)
                0x0000000000018934                CLAN7800Device::WaitReg(unsigned int, unsigned int, unsigned int, unsigned int, unsigned int)
                0x00000000000189ec                CLAN7800Device::PHYWrite(unsigned char, unsigned short)
                0x0000000000018ab8                CLAN7800Device::PHYRead(unsigned char, unsigned short*)
                0x0000000000018bc4                CLAN7800Device::IsLinkUp()
                0x0000000000018bf0                CLAN7800Device::GetLinkSpeed()
                0x0000000000018ccc                CLAN7800Device::InitPHY()
                0x0000000000018d34                CLAN7800Device::ReadWriteReg(unsigned int, unsigned int, unsigned int)
                0x0000000000018d84                CLAN7800Device::InitMACAddress()
                0x0000000000018ea4                CLAN7800Device::Configure()
 .text          0x0000000000019324      0x2ac ./circle/lib/usb/libusb.a(macaddress.o)
                0x0000000000019324                CMACAddress::CMACAddress()
                0x0000000000019324                CMACAddress::CMACAddress()
                0x0000000000019330                CMACAddress::~CMACAddress()
                0x0000000000019330                CMACAddress::~CMACAddress()
                0x0000000000019334                CMACAddress::operator==(CMACAddress const&) const
                0x00000000000193a4                CMACAddress::operator!=(CMACAddress const&) const
                0x00000000000193b8                CMACAddress::Set(unsigned char const*)
                0x0000000000019400                CMACAddress::CMACAddress(unsigned char const*)
                0x0000000000019400                CMACAddress::CMACAddress(unsigned char const*)
                0x0000000000019414                CMACAddress::SetBroadcast()
                0x0000000000019438                CMACAddress::Get() const
                0x000000000001946c                CMACAddress::CopyTo(unsigned char*) const
                0x00000000000194d8                CMACAddress::IsBroadcast() const
                0x0000000000019534                CMACAddress::GetSize() const
                0x000000000001953c                CMACAddress::Format(CString*) const
 .text          0x00000000000195d0       0xf4 ./circle/lib/usb/libusb.a(netdevice.o)
                0x00000000000195d0                CNetDevice::CNetDevice(CUSBFunction*)
                0x00000000000195d0                CNetDevice::CNetDevice(CUSBFunction*)
                0x00000000000195f0                CNetDevice::~CNetDevice()
                0x00000000000195f0                CNetDevice::~CNetDevice()
                0x0000000000019610                CNetDevice::~CNetDevice()
                0x000000000001963c                CNetDevice::GetSpeedString(TNetDeviceSpeed)
                0x0000000000019658                CNetDevice::AddNetDevice()
 .text          0x00000000000196c4      0x214 ./circle/lib/usb/libusb.a(usbgamepad.o)
                0x00000000000196c4                CUSBGamePadDevice::GetInitialState()
                0x00000000000196cc                CUSBGamePadDevice::ReportHandler(unsigned char const*, unsigned int)
                0x0000000000019720                CUSBGamePadDevice::RegisterStatusHandler(void (*)(unsigned int, TGamePadState const*))
                0x0000000000019774                CUSBGamePadDevice::Configure()
                0x000000000001982c                CUSBGamePadDevice::CUSBGamePadDevice(CUSBFunction*)
                0x000000000001982c                CUSBGamePadDevice::CUSBGamePadDevice(CUSBFunction*)
                0x0000000000019874                CUSBGamePadDevice::~CUSBGamePadDevice()
                0x0000000000019874                CUSBGamePadDevice::~CUSBGamePadDevice()
                0x00000000000198b8                CUSBGamePadDevice::~CUSBGamePadDevice()
 .text          0x00000000000198d8      0x368 ./circle/lib/input/libinput.a(keyboardbehaviour.o)
                0x00000000000198d8                CKeyboardBehaviour::CKeyboardBehaviour()
                0x00000000000198d8                CKeyboardBehaviour::CKeyboardBehaviour()
                0x000000000001990c                CKeyboardBehaviour::~CKeyboardBehaviour()
                0x000000000001990c                CKeyboardBehaviour::~CKeyboardBehaviour()
                0x0000000000019934                CKeyboardBehaviour::RegisterKeyPressedHandler(void (*)(char const*))
                0x000000000001996c                CKeyboardBehaviour::RegisterSelectConsoleHandler(void (*)(unsigned int))
                0x00000000000199a4                CKeyboardBehaviour::RegisterShutdownHandler(void (*)())
                0x00000000000199dc                CKeyboardBehaviour::GetLEDStatus() const
                0x00000000000199e4                CKeyboardBehaviour::GenerateKeyEvent(unsigned char)
                0x0000000000019ac4                CKeyboardBehaviour::KeyPressed(unsigned char)
                0x0000000000019b00                CKeyboardBehaviour::KeyReleased(unsigned char)
                0x0000000000019b68                CKeyboardBehaviour::TimerHandler(unsigned int)
                0x0000000000019bf8                CKeyboardBehaviour::TimerStub(unsigned int, void*, void*)
 .text          0x0000000000019c40      0x3c4 ./circle/lib/input/libinput.a(keymap.o)
                0x0000000000019c40                CKeyMap::~CKeyMap()
                0x0000000000019c40                CKeyMap::~CKeyMap()
                0x0000000000019c44                CKeyMap::ClearTable(unsigned char)
                0x0000000000019c7c                CKeyMap::SetEntry(unsigned char, unsigned char, unsigned short)
                0x0000000000019cd0                CKeyMap::Translate(unsigned char, unsigned char)
                0x0000000000019ddc                CKeyMap::GetString(unsigned short, unsigned char, char*) const
                0x0000000000019e9c                CKeyMap::GetLEDStatus() const
                0x0000000000019ecc                CKeyMap::LookupDefaultMap(char const*)
                0x0000000000019f64                CKeyMap::CKeyMap()
                0x0000000000019f64                CKeyMap::CKeyMap()
 .text          0x000000000001a004      0x19c ./circle/lib/input/libinput.a(mouse.o)
                0x000000000001a004                CMouseDevice::~CMouseDevice()
                0x000000000001a004                CMouseDevice::~CMouseDevice()
                0x000000000001a050                CMouseDevice::~CMouseDevice()
                0x000000000001a070                CMouseDevice::CMouseDevice()
                0x000000000001a070                CMouseDevice::CMouseDevice()
                0x000000000001a0dc                CMouseDevice::Setup(unsigned int, unsigned int)
                0x000000000001a0e4                CMouseDevice::RegisterEventHandler(void (*)(TMouseEvent, unsigned int, unsigned int, unsigned int))
                0x000000000001a0ec                CMouseDevice::SetCursor(unsigned int, unsigned int)
                0x000000000001a0f4                CMouseDevice::ShowCursor(bool)
                0x000000000001a0fc                CMouseDevice::UpdateCursor()
                0x000000000001a110                CMouseDevice::RegisterStatusHandler(void (*)(unsigned int, int, int))
                0x000000000001a164                CMouseDevice::ReportHandler(unsigned int, int, int)
 .text          0x000000000001a1a0      0x514 ./circle/lib/input/libinput.a(mousebehaviour.o)
                0x000000000001a1a0                CMouseBehaviour::CMouseBehaviour()
                0x000000000001a1a0                CMouseBehaviour::CMouseBehaviour()
                0x000000000001a1c8                CMouseBehaviour::~CMouseBehaviour()
                0x000000000001a1c8                CMouseBehaviour::~CMouseBehaviour()
                0x000000000001a1cc                CMouseBehaviour::Setup(unsigned int, unsigned int)
                0x000000000001a328                CMouseBehaviour::RegisterEventHandler(void (*)(TMouseEvent, unsigned int, unsigned int, unsigned int))
                0x000000000001a37c                CMouseBehaviour::MouseStatusChanged(unsigned int, int, int)
                0x000000000001a4ec                CMouseBehaviour::SetCursorState(unsigned int, unsigned int, bool)
                0x000000000001a560                CMouseBehaviour::SetCursor(unsigned int, unsigned int)
                0x000000000001a60c                CMouseBehaviour::ShowCursor(bool)
                0x000000000001a684                CMouseBehaviour::UpdateCursor()
 .text          0x000000000001a6b4      0x2c8 ./circle/lib/fs/libfs.a(partitionmanager.o)
                0x000000000001a6b4                CPartitionManager::CPartitionManager(CDevice*, char const*)
                0x000000000001a6b4                CPartitionManager::CPartitionManager(CDevice*, char const*)
                0x000000000001a6e4                CPartitionManager::~CPartitionManager()
                0x000000000001a6e4                CPartitionManager::~CPartitionManager()
                0x000000000001a730                CPartitionManager::Initialize()
 .text          0x000000000001a97c      0x300 ./circle/lib/fs/libfs.a(partition.o)
                0x000000000001a97c                CPartition::Read(void*, unsigned int)
                0x000000000001aa2c                CPartition::Write(void const*, unsigned int)
                0x000000000001aadc                CPartition::~CPartition()
                0x000000000001aadc                CPartition::~CPartition()
                0x000000000001ab04                CPartition::~CPartition()
                0x000000000001ab38                CPartition::Seek(unsigned long long)
                0x000000000001ac0c                CPartition::CPartition(CDevice*, unsigned int, unsigned int)
                0x000000000001ac0c                CPartition::CPartition(CDevice*, unsigned int, unsigned int)
 .text          0x000000000001ac7c      0x244 ./circle/lib/libcircle.a(actled.o)
                0x000000000001ac7c                CActLED::~CActLED()
                0x000000000001ac7c                CActLED::~CActLED()
                0x000000000001ac90                CActLED::On()
                0x000000000001acc0                CActLED::Off()
                0x000000000001acf8                CActLED::CActLED()
                0x000000000001acf8                CActLED::CActLED()
                0x000000000001ae64                CActLED::Blink(unsigned int, unsigned int, unsigned int)
                0x000000000001aeb0                CActLED::Get()
 .text          0x000000000001aec0       0x90 ./circle/lib/libcircle.a(assert.o)
                0x000000000001aec0                assertion_failed
 .text          0x000000000001af50      0x27c ./circle/lib/libcircle.a(bcmpropertytags.o)
                0x000000000001af50                CBcmPropertyTags::CBcmPropertyTags()
                0x000000000001af50                CBcmPropertyTags::CBcmPropertyTags()
                0x000000000001af68                CBcmPropertyTags::~CBcmPropertyTags()
                0x000000000001af68                CBcmPropertyTags::~CBcmPropertyTags()
                0x000000000001af7c                CBcmPropertyTags::GetTags(void*, unsigned int)
                0x000000000001b0ac                CBcmPropertyTags::GetTag(unsigned int, void*, unsigned int, unsigned int)
 .text          0x000000000001b1cc      0x328 ./circle/lib/libcircle.a(classallocator.o)
                0x000000000001b1cc                CClassAllocator::~CClassAllocator()
                0x000000000001b1cc                CClassAllocator::~CClassAllocator()
                0x000000000001b1f4                CClassAllocator::Init(unsigned int, unsigned int)
                0x000000000001b2d4                CClassAllocator::CClassAllocator(unsigned int, unsigned int, char const*)
                0x000000000001b2d4                CClassAllocator::CClassAllocator(unsigned int, unsigned int, char const*)
                0x000000000001b304                CClassAllocator::CClassAllocator(unsigned int, unsigned int, unsigned int, char const*)
                0x000000000001b304                CClassAllocator::CClassAllocator(unsigned int, unsigned int, unsigned int, char const*)
                0x000000000001b338                CClassAllocator::Allocate()
                0x000000000001b424                CClassAllocator::Free(void*)
 .text          0x000000000001b4f4      0x1bc ./circle/lib/libcircle.a(debug.o)
                0x000000000001b4f4                debug_hexdump(void const*, unsigned int, char const*)
                0x000000000001b60c                debug_stacktrace(unsigned int const*, char const*)
 .text          0x000000000001b6b0       0x40 ./circle/lib/libcircle.a(device.o)
                0x000000000001b6b0                CDevice::~CDevice()
                0x000000000001b6b0                CDevice::~CDevice()
                0x000000000001b6b4                CDevice::Read(void*, unsigned int)
                0x000000000001b6b4                CDevice::Write(void const*, unsigned int)
                0x000000000001b6bc                CDevice::Seek(unsigned long long)
                0x000000000001b6c8                CDevice::~CDevice()
                0x000000000001b6e0                CDevice::CDevice()
                0x000000000001b6e0                CDevice::CDevice()
 .text          0x000000000001b6f0      0x634 ./circle/lib/libcircle.a(devicenameservice.o)
                0x000000000001b6f0                CDeviceNameService::CDeviceNameService()
                0x000000000001b6f0                CDeviceNameService::CDeviceNameService()
                0x000000000001b73c                CDeviceNameService::~CDeviceNameService()
                0x000000000001b73c                CDeviceNameService::~CDeviceNameService()
                0x000000000001b7a4                CDeviceNameService::AddDevice(char const*, CDevice*, bool)
                0x000000000001b860                CDeviceNameService::RemoveDevice(char const*, bool)
                0x000000000001b998                CDeviceNameService::GetDevice(char const*, bool)
                0x000000000001baa4                CDeviceNameService::Get()
                0x000000000001badc                CDeviceNameService::AddDevice(char const*, unsigned int, CDevice*, bool)
                0x000000000001bb44                CDeviceNameService::RemoveDevice(char const*, unsigned int, bool)
                0x000000000001bba4                CDeviceNameService::GetDevice(char const*, unsigned int, bool)
                0x000000000001bc0c                CDeviceNameService::ListDevices(CDevice*)
 .text          0x000000000001bd24      0xd38 ./circle/lib/libcircle.a(gpiopin.o)
                0x000000000001bd24                CGPIOPin::~CGPIOPin()
                0x000000000001bd24                CGPIOPin::~CGPIOPin()
                0x000000000001bd28                CGPIOPin::~CGPIOPin()
                0x000000000001bd40                CGPIOPin::CGPIOPin()
                0x000000000001bd40                CGPIOPin::CGPIOPin()
                0x000000000001bd7c                CGPIOPin::AssignPin(unsigned int)
                0x000000000001be10                CGPIOPin::Write(unsigned int)
                0x000000000001bed0                CGPIOPin::Read() const
                0x000000000001bf58                CGPIOPin::Invert()
                0x000000000001bf98                CGPIOPin::ConnectInterrupt(void (*)(void*), void*)
                0x000000000001c098                CGPIOPin::DisconnectInterrupt()
                0x000000000001c174                CGPIOPin::EnableInterrupt(TGPIOInterrupt)
                0x000000000001c298                CGPIOPin::DisableInterrupt()
                0x000000000001c354                CGPIOPin::EnableInterrupt2(TGPIOInterrupt)
                0x000000000001c48c                CGPIOPin::DisableInterrupt2()
                0x000000000001c54c                CGPIOPin::ReadAll()
                0x000000000001c55c                CGPIOPin::SetPullUpMode(unsigned int)
                0x000000000001c5fc                CGPIOPin::SetAlternateFunction(unsigned int)
                0x000000000001c6d0                CGPIOPin::SetMode(TGPIOMode, bool)
                0x000000000001c898                CGPIOPin::CGPIOPin(unsigned int, TGPIOMode, CGPIOManager*)
                0x000000000001c898                CGPIOPin::CGPIOPin(unsigned int, TGPIOMode, CGPIOManager*)
                0x000000000001c8f0                CGPIOPin::InterruptHandler()
                0x000000000001c9a4                CGPIOPin::DisableAllInterrupts(unsigned int)
 .text.startup  0x000000000001ca5c       0x14 ./circle/lib/libcircle.a(gpiopin.o)
 .text          0x000000000001ca70      0x5dc ./circle/lib/libcircle.a(interrupt.o)
                0x000000000001ca70                CInterruptSystem::CInterruptSystem()
                0x000000000001ca70                CInterruptSystem::CInterruptSystem()
                0x000000000001caa8                CInterruptSystem::~CInterruptSystem()
                0x000000000001caa8                CInterruptSystem::~CInterruptSystem()
                0x000000000001cabc                CInterruptSystem::Initialize()
                0x000000000001cb28                CInterruptSystem::DisconnectFIQ()
                0x000000000001cbac                CInterruptSystem::EnableIRQ(unsigned int)
                0x000000000001cc28                CInterruptSystem::ConnectIRQ(unsigned int, void (*)(void*), void*)
                0x000000000001cc98                CInterruptSystem::DisableIRQ(unsigned int)
                0x000000000001cd14                CInterruptSystem::DisconnectIRQ(unsigned int)
                0x000000000001cd90                CInterruptSystem::EnableFIQ(unsigned int)
                0x000000000001cddc                CInterruptSystem::ConnectFIQ(unsigned int, void (*)(void*), void*)
                0x000000000001ceb0                CInterruptSystem::DisableFIQ()
                0x000000000001cecc                CInterruptSystem::Get()
                0x000000000001cf04                CInterruptSystem::CallIRQHandler(unsigned int)
                0x000000000001cf70                CInterruptSystem::InterruptHandler()
                0x000000000001d034                InterruptHandler
 .text          0x000000000001d04c      0x574 ./circle/lib/libcircle.a(koptions.o)
                0x000000000001d0b0                CKernelOptions::~CKernelOptions()
                0x000000000001d0b0                CKernelOptions::~CKernelOptions()
                0x000000000001d0c4                CKernelOptions::GetWidth() const
                0x000000000001d0cc                CKernelOptions::GetHeight() const
                0x000000000001d0d4                CKernelOptions::GetLogDevice() const
                0x000000000001d0e0                CKernelOptions::GetLogLevel() const
                0x000000000001d0e8                CKernelOptions::GetKeyMap() const
                0x000000000001d0f0                CKernelOptions::GetUSBPowerDelay() const
                0x000000000001d0f8                CKernelOptions::GetSoundDevice() const
                0x000000000001d104                CKernelOptions::GetSoundOption() const
                0x000000000001d10c                CKernelOptions::GetCPUSpeed() const
                0x000000000001d114                CKernelOptions::GetSoCMaxTemp() const
                0x000000000001d11c                CKernelOptions::Get()
                0x000000000001d12c                CKernelOptions::GetToken()
                0x000000000001d1a8                CKernelOptions::CKernelOptions()
                0x000000000001d1a8                CKernelOptions::CKernelOptions()
                0x000000000001d568                CKernelOptions::GetOptionValue(char*)
                0x000000000001d5a0                CKernelOptions::GetDecimal(char*)
 .text          0x000000000001d5c0      0x7e4 ./circle/lib/libcircle.a(logger.o)
                0x000000000001d5c0                CLogger::CLogger(unsigned int, CTimer*)
                0x000000000001d5c0                CLogger::CLogger(unsigned int, CTimer*)
                0x000000000001d618                CLogger::~CLogger()
                0x000000000001d618                CLogger::~CLogger()
                0x000000000001d68c                CLogger::Get()
                0x000000000001d69c                CLogger::Write(char const*)
                0x000000000001d748                CLogger::WriteNoAlloc(char const*, TLogSeverity, char const*)
                0x000000000001d820                CLogger::Read(void*, unsigned int)
                0x000000000001d8e4                CLogger::WriteEvent(char const*, TLogSeverity, char const*)
                0x000000000001da48                CLogger::ReadEvent(TLogSeverity*, char*, char*, long*, unsigned int*, int*)
                0x000000000001db2c                CLogger::RegisterEventNotificationHandler(void (*)())
                0x000000000001db34                CLogger::RegisterPanicHandler(void (*)())
                0x000000000001db3c                CLogger::WriteV(char const*, TLogSeverity, char const*, std::__va_list)
                0x000000000001dd30                CLogger::Write(char const*, TLogSeverity, char const*, ...)
                0x000000000001dd60                CLogger::Initialize(CDevice*)
 .text          0x000000000001dda4      0x460 ./circle/lib/libcircle.a(machineinfo.o)
                0x000000000001dda4                CMachineInfo::CMachineInfo()
                0x000000000001dda4                CMachineInfo::CMachineInfo()
                0x000000000001dfc8                CMachineInfo::~CMachineInfo()
                0x000000000001dfc8                CMachineInfo::~CMachineInfo()
                0x000000000001dfec                CMachineInfo::GetMachineModel() const
                0x000000000001dff4                CMachineInfo::GetMachineName() const
                0x000000000001e00c                CMachineInfo::GetModelMajor() const
                0x000000000001e014                CMachineInfo::GetModelRevision() const
                0x000000000001e01c                CMachineInfo::GetSoCType() const
                0x000000000001e024                CMachineInfo::GetRAMSize() const
                0x000000000001e02c                CMachineInfo::GetSoCName() const
                0x000000000001e044                CMachineInfo::GetRevisionRaw() const
                0x000000000001e04c                CMachineInfo::GetClockRate(unsigned int) const
                0x000000000001e118                CMachineInfo::GetGPIOPin(TGPIOVirtualPin) const
                0x000000000001e18c                CMachineInfo::GetDevice(TDeviceId) const
                0x000000000001e1cc                CMachineInfo::Get()
 .text          0x000000000001e204     0x1238 ./circle/lib/libcircle.a(screen.o)
                0x000000000001e204                CScreenDevice::~CScreenDevice()
                0x000000000001e204                CScreenDevice::~CScreenDevice()
                0x000000000001e27c                CScreenDevice::~CScreenDevice()
                0x000000000001e338                CScreenDevice::CScreenDevice(unsigned int, unsigned int, bool)
                0x000000000001e338                CScreenDevice::CScreenDevice(unsigned int, unsigned int, bool)
                0x000000000001e3b0                CScreenDevice::GetWidth() const
                0x000000000001e3b8                CScreenDevice::GetHeight() const
                0x000000000001e3c0                CScreenDevice::GetColumns() const
                0x000000000001e3e0                CScreenDevice::GetRows() const
                0x000000000001e400                CScreenDevice::GetStatus()
                0x000000000001e470                CScreenDevice::SetStatus(TScreenStatus const&)
                0x000000000001e57c                CScreenDevice::CarriageReturn()
                0x000000000001e588                CScreenDevice::CursorHome()
                0x000000000001e59c                CScreenDevice::CursorLeft()
                0x000000000001e608                CScreenDevice::CursorMove(unsigned int, unsigned int)
                0x000000000001e668                CScreenDevice::CursorUp()
                0x000000000001e698                CScreenDevice::DeleteChars(unsigned int)
                0x000000000001e69c                CScreenDevice::DeleteLines(unsigned int)
                0x000000000001e6a0                CScreenDevice::InsertLines(unsigned int)
                0x000000000001e6a4                CScreenDevice::InsertMode(bool)
                0x000000000001e6ac                CScreenDevice::ReverseScroll()
                0x000000000001e6b0                CScreenDevice::SetCursorMode(bool)
                0x000000000001e6b8                CScreenDevice::SetScrollRegion(unsigned int, unsigned int)
                0x000000000001e734                CScreenDevice::SetStandoutMode(unsigned int)
                0x000000000001e7d4                CScreenDevice::Scroll()
                0x000000000001e878                CScreenDevice::CursorDown()
                0x000000000001e8c4                CScreenDevice::NewLine()
                0x000000000001e8d0                CScreenDevice::CursorRight()
                0x000000000001e90c                CScreenDevice::Tabulator()
                0x000000000001e958                CScreenDevice::DisplayChar(char, unsigned int, unsigned int, unsigned short)
                0x000000000001ea2c                CScreenDevice::DisplayChar(char)
                0x000000000001ea68                CScreenDevice::EraseChar(unsigned int, unsigned int)
                0x000000000001eaec                CScreenDevice::ClearLineEnd()
                0x000000000001eb94                CScreenDevice::EraseChars(unsigned int)
                0x000000000001eba0                CScreenDevice::ClearDisplayEnd()
                0x000000000001ec24                CScreenDevice::Write(char)
                0x000000000001f134                CScreenDevice::Write(void const*, unsigned int)
                0x000000000001f1fc                CScreenDevice::Initialize()
                0x000000000001f36c                CScreenDevice::InvertCursor()
                0x000000000001f37c                CScreenDevice::SetPixel(unsigned int, unsigned int, unsigned short)
                0x000000000001f3a8                CScreenDevice::GetPixel(unsigned int, unsigned int)
                0x000000000001f3e0                CScreenDevice::Rotor(unsigned int, unsigned int)
 .text          0x000000000001f43c      0xcac ./circle/lib/libcircle.a(serial.o)
                0x000000000001f43c                CSerialDevice::Read(void*, unsigned int)
                0x000000000001f604                CSerialDevice::CSerialDevice(CInterruptSystem*, bool)
                0x000000000001f604                CSerialDevice::CSerialDevice(CInterruptSystem*, bool)
                0x000000000001f6c4                CSerialDevice::Initialize(unsigned int)
                0x000000000001f870                CSerialDevice::GetOptions() const
                0x000000000001f87c                CSerialDevice::SetOptions(unsigned int)
                0x000000000001f888                CSerialDevice::RegisterMagicReceivedHandler(char const*, void (*)())
                0x000000000001f968                CSerialDevice::AvailableForWrite()
                0x000000000001f9f0                CSerialDevice::AvailableForRead()
                0x000000000001fa74                CSerialDevice::Peek()
                0x000000000001fb10                CSerialDevice::Flush()
                0x000000000001fb34                CSerialDevice::Write(unsigned char)
                0x000000000001fc24                CSerialDevice::Write(void const*, unsigned int)
                0x000000000001fde0                CSerialDevice::InterruptHandler()
                0x000000000001ffc8                CSerialDevice::InterruptStub(void*)
                0x0000000000020008                CSerialDevice::~CSerialDevice()
                0x0000000000020008                CSerialDevice::~CSerialDevice()
                0x00000000000200c4                CSerialDevice::~CSerialDevice()
 .text          0x00000000000200e8     0x10b4 ./circle/lib/libcircle.a(string.o)
                0x00000000000200e8                CString::~CString()
                0x00000000000200e8                CString::~CString()
                0x0000000000020114                CString::~CString()
                0x00000000000201b4                CString::CString()
                0x00000000000201b4                CString::CString()
                0x00000000000201cc                CString::CString(char const*)
                0x00000000000201cc                CString::CString(char const*)
                0x000000000002020c                CString::operator char const*() const
                0x0000000000020224                CString::operator=(char const*)
                0x0000000000020268                CString::operator=(CString const&)
                0x00000000000202c4                CString::GetLength() const
                0x00000000000202d4                CString::Append(char const*)
                0x0000000000020358                CString::Compare(char const*) const
                0x0000000000020360                CString::Find(char) const
                0x00000000000203a4                CString::PutChar(char, unsigned int)
                0x00000000000203e4                CString::PutString(char const*)
                0x0000000000020428                CString::Replace(char const*, char const*)
                0x00000000000205a4                CString::ReserveSpace(unsigned int)
                0x00000000000205b0                CString::ntoa(char*, unsigned long, unsigned int, bool)
                0x0000000000020668                CString::ftoa(char*, double, unsigned int)
                0x00000000000208e8                CString::FormatV(char const*, std::__va_list)
                0x000000000002116c                CString::Format(char const*, ...)
 .text          0x000000000002119c       0xec ./circle/lib/libcircle.a(sysinit.o)
                0x000000000002119c                __aeabi_atexit
                0x00000000000211a0                halt
                0x00000000000211ac                reboot
                0x00000000000211d8                sysinit
 .text          0x0000000000021288      0xdc4 ./circle/lib/libcircle.a(timer.o)
                0x00000000000212c0                CTimer::CTimer(CInterruptSystem*)
                0x00000000000212c0                CTimer::CTimer(CInterruptSystem*)
                0x0000000000021348                CTimer::~CTimer()
                0x0000000000021348                CTimer::~CTimer()
                0x0000000000021430                CTimer::SetTimeZone(int)
                0x0000000000021454                CTimer::GetTimeZone() const
                0x000000000002145c                CTimer::SetTime(unsigned int, bool)
                0x00000000000214d8                CTimer::GetClockTicks()
                0x00000000000214f4                CTimer::GetTicks() const
                0x00000000000214fc                CTimer::GetUptime() const
                0x0000000000021504                CTimer::GetTime() const
                0x000000000002150c                CTimer::GetLocalTime(unsigned int*, unsigned int*)
                0x00000000000215cc                CTimer::GetUniversalTime() const
                0x00000000000215ec                CTimer::GetUniversalTime(unsigned int*, unsigned int*)
                0x00000000000216d0                CTimer::GetTimeString()
                0x00000000000218d4                CTimer::StartKernelTimer(unsigned int, void (*)(unsigned int, void*, void*), void*, void*)
                0x0000000000021a3c                CTimer::CancelKernelTimer(unsigned int)
                0x0000000000021af8                CTimer::PollKernelTimers()
                0x0000000000021c60                CTimer::InterruptHandler()
                0x0000000000021d64                CTimer::InterruptHandler(void*)
                0x0000000000021da4                CTimer::TuneMsDelay()
                0x0000000000021e4c                CTimer::Initialize()
                0x0000000000021ed4                CTimer::RegisterPeriodicHandler(void (*)())
                0x0000000000021f2c                CTimer::SimpleMsDelay(unsigned int)
                0x0000000000021f48                CTimer::SimpleusDelay(unsigned int)
                0x0000000000021f54                CTimer::IsLeapYear(unsigned int)
                0x0000000000021fa0                CTimer::GetDaysOfMonth(unsigned int, unsigned int)
                0x0000000000022010                CTimer::Get()
 .text          0x000000000002204c      0x5c8 ./circle/lib/libcircle.a(util.o)
                0x000000000002204c                memset
                0x0000000000022070                memcmp
                0x00000000000220cc                strlen
                0x00000000000220f4                strcmp
                0x0000000000022160                strcasecmp
                0x0000000000022230                strncmp
                0x00000000000222c4                strcpy
                0x00000000000222f0                strncpy
                0x000000000002233c                strcat
                0x0000000000022380                strchr
                0x00000000000223c0                strtok_r
                0x000000000002248c                strtoul
                0x0000000000022610                char2int
 .text          0x0000000000022614       0x5c ./circle/lib/libcircle.a(util_fast.o)
                0x0000000000022614                memcpy
 .text          0x0000000000022670      0x24c ./circle/lib/libcircle.a(virtualgpiopin.o)
                0x0000000000022670                CVirtualGPIOPin::~CVirtualGPIOPin()
                0x0000000000022670                CVirtualGPIOPin::~CVirtualGPIOPin()
                0x0000000000022674                CVirtualGPIOPin::~CVirtualGPIOPin()
                0x0000000000022730                CVirtualGPIOPin::CVirtualGPIOPin(unsigned int)
                0x0000000000022730                CVirtualGPIOPin::CVirtualGPIOPin(unsigned int)
                0x0000000000022874                CVirtualGPIOPin::Write(unsigned int)
                0x00000000000228b0                CVirtualGPIOPin::Invert()
 .text.startup  0x00000000000228bc       0x14 ./circle/lib/libcircle.a(virtualgpiopin.o)
 .text          0x00000000000228d0      0x2c0 ./circle/lib/libcircle.a(exceptionhandler.o)
                0x00000000000228d0                CExceptionHandler::CExceptionHandler()
                0x00000000000228d0                CExceptionHandler::CExceptionHandler()
                0x0000000000022960                CExceptionHandler::~CExceptionHandler()
                0x0000000000022960                CExceptionHandler::~CExceptionHandler()
                0x0000000000022974                CExceptionHandler::Throw(unsigned int)
                0x00000000000229b4                CExceptionHandler::Throw(unsigned int, TAbortFrame*)
                0x0000000000022aa4                CExceptionHandler::Get()
                0x0000000000022adc                ExceptionHandler
                0x0000000000022b48                raise
 .text          0x0000000000022b90      0x170 ./circle/lib/libcircle.a(exceptionstub.o)
                0x0000000000022b90                UndefinedInstructionInternal
                0x0000000000022bdc                PrefetchAbortStub
                0x0000000000022c28                DataAbortStub
                0x0000000000022c74                UndefinedInstructionStub
                0x0000000000022c90                IRQStub
                0x0000000000022ca0                FIQStub
 .text          0x0000000000022d00      0x2cc ./circle/lib/libcircle.a(memory.o)
                0x0000000000022d00                CMemorySystem::~CMemorySystem()
                0x0000000000022d00                CMemorySystem::~CMemorySystem()
                0x0000000000022d78                CMemorySystem::GetMemSize() const
                0x0000000000022dbc                CMemorySystem::Get()
                0x0000000000022df4                CMemorySystem::EnableMMU()
                0x0000000000022ed0                CMemorySystem::CMemorySystem(bool)
                0x0000000000022ed0                CMemorySystem::CMemorySystem(bool)
                0x0000000000022fc0                CMemorySystem::GetCoherentPage(unsigned int)
 .text          0x0000000000022fcc       0xb8 ./circle/lib/libcircle.a(pagetable.o)
                0x0000000000022fcc                CPageTable::CPageTable(unsigned int)
                0x0000000000022fcc                CPageTable::CPageTable(unsigned int)
                0x0000000000023074                CPageTable::~CPageTable()
                0x0000000000023074                CPageTable::~CPageTable()
                0x0000000000023078                CPageTable::GetBaseAddress() const
 .text          0x0000000000023084        0x0 ./circle/lib/libcircle.a(startup.o)
 .text          0x0000000000023084      0x180 ./circle/lib/libcircle.a(synchronize.o)
                0x0000000000023084                CurrentExecutionLevel
                0x000000000002309c                EnterCritical
                0x0000000000023150                LeaveCritical
                0x00000000000231a8                CleanAndInvalidateDataCacheRange
                0x00000000000231e4                SyncDataAndInstructionCache
 .text          0x0000000000023204       0x18 ./circle/lib/libcircle.a(new.o)
                0x0000000000023204                operator new(unsigned int)
                0x0000000000023208                operator new[](unsigned int)
                0x000000000002320c                operator delete(void*)
                0x0000000000023210                operator delete[](void*)
                0x0000000000023214                operator delete(void*, unsigned int)
                0x0000000000023218                operator delete[](void*, unsigned int)
 .text          0x000000000002321c       0x18 ./circle/lib/libcircle.a(purecall.o)
                0x000000000002321c                __cxa_pure_virtual
 .text          0x0000000000023234      0x608 ./circle/lib/libcircle.a(alloc.o)
                0x0000000000023234                mem_init
                0x0000000000023270                mem_get_size
                0x0000000000023298                malloc
                0x0000000000023490                free
                0x00000000000235b0                calloc
                0x0000000000023608                realloc
                0x00000000000236f0                palloc
                0x00000000000237dc                pfree
 .text.startup  0x000000000002383c       0x18 ./circle/lib/libcircle.a(alloc.o)
 .text          0x0000000000023854      0x478 ./circle/lib/libcircle.a(bcmframebuffer.o)
                0x0000000000023910                CBcmFrameBuffer::CBcmFrameBuffer(unsigned int, unsigned int, unsigned int, unsigned int, unsigned int)
                0x0000000000023910                CBcmFrameBuffer::CBcmFrameBuffer(unsigned int, unsigned int, unsigned int, unsigned int, unsigned int)
                0x0000000000023a48                CBcmFrameBuffer::~CBcmFrameBuffer()
                0x0000000000023a48                CBcmFrameBuffer::~CBcmFrameBuffer()