Archive member included to satisfy reference by file (symbol)

./circle/lib/libcircle.a(actled.o)
                              src/kernel.o (CActLED::~CActLED())
./circle/lib/libcircle.a(bcmpropertytags.o)
                              ./circle/lib/libcircle.a(actled.o) (CBcmPropertyTags::CBcmPropertyTags())
./circle/lib/libcircle.a(devicenameservice.o)
                              src/kernel.o (CDeviceNameService::CDeviceNameService())
./circle/lib/libcircle.a(gpiopin.o)
                              src/TargetBus/BusRaider.o (CGPIOPin::~CGPIOPin())
./circle/lib/libcircle.a(interrupt.o)
                              src/TargetBus/BusRaider.o (CInterruptSystem::EnableFIQ(unsigned int))
./circle/lib/libcircle.a(koptions.o)
                              src/kernel.o (CKernelOptions::~CKernelOptions())
./circle/lib/libcircle.a(logger.o)
                              src/kernel.o (CLogger::CLogger(unsigned int, CTimer*))
./circle/lib/libcircle.a(machineinfo.o)
                              ./circle/lib/libcircle.a(logger.o) (CMachineInfo::GetMachineName() const)
./circle/lib/libcircle.a(screen.o)
                              src/kernel.o (CScreenDevice::~CScreenDevice())
./circle/lib/libcircle.a(serial.o)
                              src/kernel.o (CSerialDevice::CSerialDevice(CInterruptSystem*, bool))
./circle/lib/libcircle.a(string.o)
                              ./circle/lib/libcircle.a(devicenameservice.o) (CString::~CString())
./circle/lib/libcircle.a(sysinit.o)
                              src/main.o (halt)
./circle/lib/libcircle.a(timer.o)
                              ./circle/lib/libcircle.a(logger.o) (CTimer::GetTimeZone() const)
./circle/lib/libcircle.a(util.o)
                              ./circle/lib/libcircle.a(screen.o) (memset)
./circle/lib/libcircle.a(util_fast.o)
                              ./circle/lib/libcircle.a(bcmpropertytags.o) (memcpy)
./circle/lib/libcircle.a(virtualgpiopin.o)
                              ./circle/lib/libcircle.a(actled.o) (CVirtualGPIOPin::CVirtualGPIOPin(unsigned int))
./circle/lib/libcircle.a(exceptionstub.o)
                              ./circle/lib/libcircle.a(interrupt.o) (IRQStub)
./circle/lib/libcircle.a(memory.o)
                              src/kernel.o (CMemorySystem::~CMemorySystem())
./circle/lib/libcircle.a(pagetable.o)
                              ./circle/lib/libcircle.a(memory.o) (CPageTable::CPageTable(unsigned int))
./circle/lib/libcircle.a(startup.o)
                              (_start)
./circle/lib/libcircle.a(synchronize.o)
                              ./circle/lib/libcircle.a(devicenameservice.o) (EnterCritical)
./circle/lib/libcircle.a(new.o)
                              ./circle/lib/libcircle.a(actled.o) (operator new(unsigned int))
./circle/lib/libcircle.a(alloc.o)
                              ./circle/lib/libcircle.a(memory.o) (mem_init)
./circle/lib/libcircle.a(assert.o)
                              ./circle/lib/libcircle.a(bcmpropertytags.o) (assertion_failed)
./circle/lib/libcircle.a(bcmframebuffer.o)
                              ./circle/lib/libcircle.a(screen.o) (CBcmFrameBuffer::CBcmFrameBuffer(unsigned int, unsigned int, unsigned int, unsigned int, unsigned int))
./circle/lib/libcircle.a(bcmmailbox.o)
                              ./circle/lib/libcircle.a(bcmpropertytags.o) (CBcmMailBox::CBcmMailBox(unsigned int))
./circle/lib/libcircle.a(chargenerator.o)
                              ./circle/lib/libcircle.a(screen.o) (CCharGenerator::CCharGenerator())
./circle/lib/libcircle.a(debug.o)
                              ./circle/lib/libcircle.a(assert.o) (debug_stacktrace(unsigned int const*, char const*))
./circle/lib/libcircle.a(delayloop.o)
                              ./circle/lib/libcircle.a(timer.o) (DelayLoop)
./circle/lib/libcircle.a(device.o)
                              ./circle/lib/libcircle.a(screen.o) (CDevice::~CDevice())
./circle/lib/libcircle.a(gpiomanager.o)
                              ./circle/lib/libcircle.a(gpiopin.o) (CGPIOManager::ConnectInterrupt(CGPIOPin*))
./circle/lib/libcircle.a(ptrlist.o)
                              ./circle/lib/libcircle.a(timer.o) (CPtrList::CPtrList())
./circle/lib/libcircle.a(exceptionhandler.o)
                              ./circle/lib/libcircle.a(exceptionstub.o) (ExceptionHandler)
/usr/lib/gcc/arm-none-eabi/6.3.1/hard/libgcc.a(_udivsi3.o)
                              ./circle/lib/libcircle.a(screen.o) (__aeabi_uidiv)
/usr/lib/gcc/arm-none-eabi/6.3.1/hard/libgcc.a(_dvmd_tls.o)
                              /usr/lib/gcc/arm-none-eabi/6.3.1/hard/libgcc.a(_udivsi3.o) (__aeabi_idiv0)

Memory Configuration

Name             Origin             Length             Attributes
*default*        0x0000000000000000 0xffffffffffffffff

Linker script and memory map

Address of section .init set to 0x8000

.init           0x0000000000008000       0x64
 *(.init)
 .init          0x0000000000008000       0x64 ./circle/lib/libcircle.a(startup.o)
                0x0000000000008000                _start

.text           0x0000000000008068     0xb98c
 *(.text*)
 .text          0x0000000000008068       0x7c src/main.o
                0x0000000000008068                main
 .text          0x00000000000080e4      0x80c src/kernel.o
                0x000000000000813c                pinRawWrite(int, bool)
                0x0000000000008208                pinRawMode(int, bool, bool)
                0x000000000000835c                pinRawRead(int)
                0x00000000000083e4                micros()
                0x000000000000840c                CKernel::testTiming(int)
                0x00000000000085e0                CKernel::CKernel()
                0x00000000000085e0                CKernel::CKernel()
                0x00000000000086fc                CKernel::~CKernel()
                0x00000000000086fc                CKernel::~CKernel()
                0x00000000000087a8                CKernel::Initialize()
                0x00000000000088a0                CKernel::Run()
 .text          0x00000000000088f0       0x70 src/System/lowlev.o
                0x00000000000088f0                lowlevCycleDelay
                0x000000000000890c                lowlevBlockCopyExecRelocatable
                0x0000000000008938                lowlevBlockCopyExecRelocatableLen
                0x0000000000008940                lowlevGoto
                0x000000000000894c                lowlevStoreAbs8
 .text          0x0000000000008960     0x14f4 src/TargetBus/BusRaider.o
                0x00000000000089b8                BusRaider::BusRaider()
                0x00000000000089b8                BusRaider::BusRaider()
                0x0000000000008b48                BusRaider::~BusRaider()
                0x0000000000008b48                BusRaider::~BusRaider()
                0x0000000000008cc0                BusRaider::init()
                0x0000000000008f3c                BusRaider::hostReset()
                0x0000000000008fc4                BusRaider::hostResetHold()
                0x0000000000008ff4                BusRaider::hostNMI()
                0x000000000000902c                BusRaider::hostIRQ()
                0x0000000000009064                BusRaider::controlRequestBus()
                0x00000000000090a8                BusRaider::controlBusAcknowledged()
                0x00000000000090dc                BusRaider::controlTake()
                0x0000000000009160                BusRaider::controlRelease(bool)
                0x0000000000009248                BusRaider::controlReqAndTake()
                0x0000000000009304                BusRaider::addrLowSet(unsigned long)
                0x00000000000093a8                BusRaider::addrLowInc()
                0x00000000000093f4                BusRaider::addrHighSet(unsigned long)
                0x00000000000094b0                BusRaider::addrSet(unsigned int)
                0x00000000000094f8                BusRaider::byteWrite(unsigned long, int)
                0x00000000000095b8                BusRaider::byteRead(int)
                0x0000000000009674                BusRaider::blockWrite(unsigned long, unsigned char const*, unsigned long, int, int)
                0x0000000000009788                BusRaider::blockRead(unsigned long, unsigned char*, unsigned long, int, int)
                0x000000000000991c                BusRaider::setPinOut(CGPIOPin&, int, bool)
                0x0000000000009958                BusRaider::setPinIn(CGPIOPin&, int)
                0x0000000000009990                BusRaider::muxSet(int)
                0x00000000000099d8                BusRaider::muxClear()
                0x0000000000009a04                BusRaider::waitIntClear()
                0x0000000000009a30                BusRaider::waitIntDisable()
                0x0000000000009a50                BusRaider::waitIntEnable()
                0x0000000000009a74                BusRaider::pibSetOut()
                0x0000000000009abc                BusRaider::pibSetIn()
                0x0000000000009af8                BusRaider::pibSetValue(unsigned char)
                0x0000000000009b5c                BusRaider::pibGetValue()
                0x0000000000009b90                BusRaider::pinRawMode(int, bool, bool)
                0x0000000000009cf8                BusRaider::pinRawWrite(int, bool)
                0x0000000000009dc8                BusRaider::pinRawRead(int)
 .text          0x0000000000009e54      0x2f0 src/TargetBus/TargetMemory.o
                0x0000000000009e54                TargetMemory::clear()
                0x0000000000009f00                TargetMemory::dataBlockStore(unsigned long, unsigned char const*, unsigned long)
                0x000000000000a0bc                TargetMemory::getNumBlocks()
                0x000000000000a0e8                TargetMemory::getMemoryBlock(int)
                0x000000000000a120                TargetMemory::memoryPtr()
 .text          0x000000000000a144      0x244 ./circle/lib/libcircle.a(actled.o)
                0x000000000000a144                CActLED::~CActLED()
                0x000000000000a144                CActLED::~CActLED()
                0x000000000000a158                CActLED::On()
                0x000000000000a188                CActLED::Off()
                0x000000000000a1c0                CActLED::CActLED()
                0x000000000000a1c0                CActLED::CActLED()
                0x000000000000a32c                CActLED::Blink(unsigned int, unsigned int, unsigned int)
                0x000000000000a378                CActLED::Get()
 .text          0x000000000000a388      0x27c ./circle/lib/libcircle.a(bcmpropertytags.o)
                0x000000000000a388                CBcmPropertyTags::CBcmPropertyTags()
                0x000000000000a388                CBcmPropertyTags::CBcmPropertyTags()
                0x000000000000a3a0                CBcmPropertyTags::~CBcmPropertyTags()
                0x000000000000a3a0                CBcmPropertyTags::~CBcmPropertyTags()
                0x000000000000a3b4                CBcmPropertyTags::GetTags(void*, unsigned int)
                0x000000000000a4e4                CBcmPropertyTags::GetTag(unsigned int, void*, unsigned int, unsigned int)
 .text          0x000000000000a604      0x634 ./circle/lib/libcircle.a(devicenameservice.o)
                0x000000000000a604                CDeviceNameService::CDeviceNameService()
                0x000000000000a604                CDeviceNameService::CDeviceNameService()
                0x000000000000a650                CDeviceNameService::~CDeviceNameService()
                0x000000000000a650                CDeviceNameService::~CDeviceNameService()
                0x000000000000a6b8                CDeviceNameService::AddDevice(char const*, CDevice*, bool)
                0x000000000000a774                CDeviceNameService::RemoveDevice(char const*, bool)
                0x000000000000a8ac                CDeviceNameService::GetDevice(char const*, bool)
                0x000000000000a9b8                CDeviceNameService::Get()
                0x000000000000a9f0                CDeviceNameService::AddDevice(char const*, unsigned int, CDevice*, bool)
                0x000000000000aa58                CDeviceNameService::RemoveDevice(char const*, unsigned int, bool)
                0x000000000000aab8                CDeviceNameService::GetDevice(char const*, unsigned int, bool)
                0x000000000000ab20                CDeviceNameService::ListDevices(CDevice*)
 .text          0x000000000000ac38      0xd38 ./circle/lib/libcircle.a(gpiopin.o)
                0x000000000000ac38                CGPIOPin::~CGPIOPin()
                0x000000000000ac38                CGPIOPin::~CGPIOPin()
                0x000000000000ac3c                CGPIOPin::~CGPIOPin()
                0x000000000000ac54                CGPIOPin::CGPIOPin()
                0x000000000000ac54                CGPIOPin::CGPIOPin()
                0x000000000000ac90                CGPIOPin::AssignPin(unsigned int)
                0x000000000000ad24                CGPIOPin::Write(unsigned int)
                0x000000000000ade4                CGPIOPin::Read() const
                0x000000000000ae6c                CGPIOPin::Invert()
                0x000000000000aeac                CGPIOPin::ConnectInterrupt(void (*)(void*), void*)
                0x000000000000afac                CGPIOPin::DisconnectInterrupt()
                0x000000000000b088                CGPIOPin::EnableInterrupt(TGPIOInterrupt)
                0x000000000000b1ac                CGPIOPin::DisableInterrupt()
                0x000000000000b268                CGPIOPin::EnableInterrupt2(TGPIOInterrupt)
                0x000000000000b3a0                CGPIOPin::DisableInterrupt2()
                0x000000000000b460                CGPIOPin::ReadAll()
                0x000000000000b470                CGPIOPin::SetPullUpMode(unsigned int)
                0x000000000000b510                CGPIOPin::SetAlternateFunction(unsigned int)
                0x000000000000b5e4                CGPIOPin::SetMode(TGPIOMode, bool)
                0x000000000000b7ac                CGPIOPin::CGPIOPin(unsigned int, TGPIOMode, CGPIOManager*)
                0x000000000000b7ac                CGPIOPin::CGPIOPin(unsigned int, TGPIOMode, CGPIOManager*)
                0x000000000000b804                CGPIOPin::InterruptHandler()
                0x000000000000b8b8                CGPIOPin::DisableAllInterrupts(unsigned int)
 .text.startup  0x000000000000b970       0x14 ./circle/lib/libcircle.a(gpiopin.o)
 .text          0x000000000000b984      0x5dc ./circle/lib/libcircle.a(interrupt.o)
                0x000000000000b984                CInterruptSystem::CInterruptSystem()
                0x000000000000b984                CInterruptSystem::CInterruptSystem()
                0x000000000000b9bc                CInterruptSystem::~CInterruptSystem()
                0x000000000000b9bc                CInterruptSystem::~CInterruptSystem()
                0x000000000000b9d0                CInterruptSystem::Initialize()
                0x000000000000ba3c                CInterruptSystem::DisconnectFIQ()
                0x000000000000bac0                CInterruptSystem::EnableIRQ(unsigned int)
                0x000000000000bb3c                CInterruptSystem::ConnectIRQ(unsigned int, void (*)(void*), void*)
                0x000000000000bbac                CInterruptSystem::DisableIRQ(unsigned int)
                0x000000000000bc28                CInterruptSystem::DisconnectIRQ(unsigned int)
                0x000000000000bca4                CInterruptSystem::EnableFIQ(unsigned int)
                0x000000000000bcf0                CInterruptSystem::ConnectFIQ(unsigned int, void (*)(void*), void*)
                0x000000000000bdc4                CInterruptSystem::DisableFIQ()
                0x000000000000bde0                CInterruptSystem::Get()
                0x000000000000be18                CInterruptSystem::CallIRQHandler(unsigned int)
                0x000000000000be84                CInterruptSystem::InterruptHandler()
                0x000000000000bf48                InterruptHandler
 .text          0x000000000000bf60      0x574 ./circle/lib/libcircle.a(koptions.o)
                0x000000000000bfc4                CKernelOptions::~CKernelOptions()
                0x000000000000bfc4                CKernelOptions::~CKernelOptions()
                0x000000000000bfd8                CKernelOptions::GetWidth() const
                0x000000000000bfe0                CKernelOptions::GetHeight() const
                0x000000000000bfe8                CKernelOptions::GetLogDevice() const
                0x000000000000bff4                CKernelOptions::GetLogLevel() const
                0x000000000000bffc                CKernelOptions::GetKeyMap() const
                0x000000000000c004                CKernelOptions::GetUSBPowerDelay() const
                0x000000000000c00c                CKernelOptions::GetSoundDevice() const
                0x000000000000c018                CKernelOptions::GetSoundOption() const
                0x000000000000c020                CKernelOptions::GetCPUSpeed() const
                0x000000000000c028                CKernelOptions::GetSoCMaxTemp() const
                0x000000000000c030                CKernelOptions::Get()
                0x000000000000c040                CKernelOptions::GetToken()
                0x000000000000c0bc                CKernelOptions::CKernelOptions()
                0x000000000000c0bc                CKernelOptions::CKernelOptions()
                0x000000000000c47c                CKernelOptions::GetOptionValue(char*)
                0x000000000000c4b4                CKernelOptions::GetDecimal(char*)
 .text          0x000000000000c4d4      0x7e4 ./circle/lib/libcircle.a(logger.o)
                0x000000000000c4d4                CLogger::CLogger(unsigned int, CTimer*)
                0x000000000000c4d4                CLogger::CLogger(unsigned int, CTimer*)
                0x000000000000c52c                CLogger::~CLogger()
                0x000000000000c52c                CLogger::~CLogger()
                0x000000000000c5a0                CLogger::Get()
                0x000000000000c5b0                CLogger::Write(char const*)
                0x000000000000c65c                CLogger::WriteNoAlloc(char const*, TLogSeverity, char const*)
                0x000000000000c734                CLogger::Read(void*, unsigned int)
                0x000000000000c7f8                CLogger::WriteEvent(char const*, TLogSeverity, char const*)
                0x000000000000c95c                CLogger::ReadEvent(TLogSeverity*, char*, char*, long*, unsigned int*, int*)
                0x000000000000ca40                CLogger::RegisterEventNotificationHandler(void (*)())
                0x000000000000ca48                CLogger::RegisterPanicHandler(void (*)())
                0x000000000000ca50                CLogger::WriteV(char const*, TLogSeverity, char const*, std::__va_list)
                0x000000000000cc44                CLogger::Write(char const*, TLogSeverity, char const*, ...)
                0x000000000000cc74                CLogger::Initialize(CDevice*)
 .text          0x000000000000ccb8      0x460 ./circle/lib/libcircle.a(machineinfo.o)
                0x000000000000ccb8                CMachineInfo::CMachineInfo()
                0x000000000000ccb8                CMachineInfo::CMachineInfo()
                0x000000000000cedc                CMachineInfo::~CMachineInfo()
                0x000000000000cedc                CMachineInfo::~CMachineInfo()
                0x000000000000cf00                CMachineInfo::GetMachineModel() const
                0x000000000000cf08                CMachineInfo::GetMachineName() const
                0x000000000000cf20                CMachineInfo::GetModelMajor() const
                0x000000000000cf28                CMachineInfo::GetModelRevision() const
                0x000000000000cf30                CMachineInfo::GetSoCType() const
                0x000000000000cf38                CMachineInfo::GetRAMSize() const
                0x000000000000cf40                CMachineInfo::GetSoCName() const
                0x000000000000cf58                CMachineInfo::GetRevisionRaw() const
                0x000000000000cf60                CMachineInfo::GetClockRate(unsigned int) const
                0x000000000000d02c                CMachineInfo::GetGPIOPin(TGPIOVirtualPin) const
                0x000000000000d0a0                CMachineInfo::GetDevice(TDeviceId) const
                0x000000000000d0e0                CMachineInfo::Get()
 .text          0x000000000000d118     0x1238 ./circle/lib/libcircle.a(screen.o)
                0x000000000000d118                CScreenDevice::~CScreenDevice()
                0x000000000000d118                CScreenDevice::~CScreenDevice()
                0x000000000000d190                CScreenDevice::~CScreenDevice()
                0x000000000000d24c                CScreenDevice::CScreenDevice(unsigned int, unsigned int, bool)
                0x000000000000d24c                CScreenDevice::CScreenDevice(unsigned int, unsigned int, bool)
                0x000000000000d2c4                CScreenDevice::GetWidth() const
                0x000000000000d2cc                CScreenDevice::GetHeight() const
                0x000000000000d2d4                CScreenDevice::GetColumns() const
                0x000000000000d2f4                CScreenDevice::GetRows() const
                0x000000000000d314                CScreenDevice::GetStatus()
                0x000000000000d384                CScreenDevice::SetStatus(TScreenStatus const&)
                0x000000000000d490                CScreenDevice::CarriageReturn()
                0x000000000000d49c                CScreenDevice::CursorHome()
                0x000000000000d4b0                CScreenDevice::CursorLeft()
                0x000000000000d51c                CScreenDevice::CursorMove(unsigned int, unsigned int)
                0x000000000000d57c                CScreenDevice::CursorUp()
                0x000000000000d5ac                CScreenDevice::DeleteChars(unsigned int)
                0x000000000000d5b0                CScreenDevice::DeleteLines(unsigned int)
                0x000000000000d5b4                CScreenDevice::InsertLines(unsigned int)
                0x000000000000d5b8                CScreenDevice::InsertMode(bool)
                0x000000000000d5c0                CScreenDevice::ReverseScroll()
                0x000000000000d5c4                CScreenDevice::SetCursorMode(bool)
                0x000000000000d5cc                CScreenDevice::SetScrollRegion(unsigned int, unsigned int)
                0x000000000000d648                CScreenDevice::SetStandoutMode(unsigned int)
                0x000000000000d6e8                CScreenDevice::Scroll()
                0x000000000000d78c                CScreenDevice::CursorDown()
                0x000000000000d7d8                CScreenDevice::NewLine()
                0x000000000000d7e4                CScreenDevice::CursorRight()
                0x000000000000d820                CScreenDevice::Tabulator()
                0x000000000000d86c                CScreenDevice::DisplayChar(char, unsigned int, unsigned int, unsigned short)
                0x000000000000d940                CScreenDevice::DisplayChar(char)
                0x000000000000d97c                CScreenDevice::EraseChar(unsigned int, unsigned int)
                0x000000000000da00                CScreenDevice::ClearLineEnd()
                0x000000000000daa8                CScreenDevice::EraseChars(unsigned int)
                0x000000000000dab4                CScreenDevice::ClearDisplayEnd()
                0x000000000000db38                CScreenDevice::Write(char)
                0x000000000000e048                CScreenDevice::Write(void const*, unsigned int)
                0x000000000000e110                CScreenDevice::Initialize()
                0x000000000000e280                CScreenDevice::InvertCursor()
                0x000000000000e290                CScreenDevice::SetPixel(unsigned int, unsigned int, unsigned short)
                0x000000000000e2bc                CScreenDevice::GetPixel(unsigned int, unsigned int)
                0x000000000000e2f4                CScreenDevice::Rotor(unsigned int, unsigned int)
 .text          0x000000000000e350      0xcac ./circle/lib/libcircle.a(serial.o)
                0x000000000000e350                CSerialDevice::Read(void*, unsigned int)
                0x000000000000e518                CSerialDevice::CSerialDevice(CInterruptSystem*, bool)
                0x000000000000e518                CSerialDevice::CSerialDevice(CInterruptSystem*, bool)
                0x000000000000e5d8                CSerialDevice::Initialize(unsigned int)
                0x000000000000e784                CSerialDevice::GetOptions() const
                0x000000000000e790                CSerialDevice::SetOptions(unsigned int)
                0x000000000000e79c                CSerialDevice::RegisterMagicReceivedHandler(char const*, void (*)())
                0x000000000000e87c                CSerialDevice::AvailableForWrite()
                0x000000000000e904                CSerialDevice::AvailableForRead()
                0x000000000000e988                CSerialDevice::Peek()
                0x000000000000ea24                CSerialDevice::Flush()
                0x000000000000ea48                CSerialDevice::Write(unsigned char)
                0x000000000000eb38                CSerialDevice::Write(void const*, unsigned int)
                0x000000000000ecf4                CSerialDevice::InterruptHandler()
                0x000000000000eedc                CSerialDevice::InterruptStub(void*)
                0x000000000000ef1c                CSerialDevice::~CSerialDevice()
                0x000000000000ef1c                CSerialDevice::~CSerialDevice()
                0x000000000000efd8                CSerialDevice::~CSerialDevice()
 *fill*         0x000000000000effc        0x4 
 .text          0x000000000000f000     0x10b4 ./circle/lib/libcircle.a(string.o)
                0x000000000000f000                CString::~CString()
                0x000000000000f000                CString::~CString()
                0x000000000000f02c                CString::~CString()
                0x000000000000f0cc                CString::CString()
                0x000000000000f0cc                CString::CString()
                0x000000000000f0e4                CString::CString(char const*)
                0x000000000000f0e4                CString::CString(char const*)
                0x000000000000f124                CString::operator char const*() const
                0x000000000000f13c                CString::operator=(char const*)
                0x000000000000f180                CString::operator=(CString const&)
                0x000000000000f1dc                CString::GetLength() const
                0x000000000000f1ec                CString::Append(char const*)
                0x000000000000f270                CString::Compare(char const*) const
                0x000000000000f278                CString::Find(char) const
                0x000000000000f2bc                CString::PutChar(char, unsigned int)
                0x000000000000f2fc                CString::PutString(char const*)
                0x000000000000f340                CString::Replace(char const*, char const*)
                0x000000000000f4bc                CString::ReserveSpace(unsigned int)
                0x000000000000f4c8                CString::ntoa(char*, unsigned long, unsigned int, bool)
                0x000000000000f580                CString::ftoa(char*, double, unsigned int)
                0x000000000000f800                CString::FormatV(char const*, std::__va_list)
                0x0000000000010084                CString::Format(char const*, ...)
 .text          0x00000000000100b4       0xec ./circle/lib/libcircle.a(sysinit.o)
                0x00000000000100b4                __aeabi_atexit
                0x00000000000100b8                halt
                0x00000000000100c4                reboot
                0x00000000000100f0                sysinit
 .text          0x00000000000101a0      0xdc4 ./circle/lib/libcircle.a(timer.o)
                0x00000000000101d8                CTimer::CTimer(CInterruptSystem*)
                0x00000000000101d8                CTimer::CTimer(CInterruptSystem*)
                0x0000000000010260                CTimer::~CTimer()
                0x0000000000010260                CTimer::~CTimer()
                0x0000000000010348                CTimer::SetTimeZone(int)
                0x000000000001036c                CTimer::GetTimeZone() const
                0x0000000000010374                CTimer::SetTime(unsigned int, bool)
                0x00000000000103f0                CTimer::GetClockTicks()
                0x000000000001040c                CTimer::GetTicks() const
                0x0000000000010414                CTimer::GetUptime() const
                0x000000000001041c                CTimer::GetTime() const
                0x0000000000010424                CTimer::GetLocalTime(unsigned int*, unsigned int*)
                0x00000000000104e4                CTimer::GetUniversalTime() const
                0x0000000000010504                CTimer::GetUniversalTime(unsigned int*, unsigned int*)
                0x00000000000105e8                CTimer::GetTimeString()
                0x00000000000107ec                CTimer::StartKernelTimer(unsigned int, void (*)(unsigned int, void*, void*), void*, void*)
                0x0000000000010954                CTimer::CancelKernelTimer(unsigned int)
                0x0000000000010a10                CTimer::PollKernelTimers()
                0x0000000000010b78                CTimer::InterruptHandler()
                0x0000000000010c7c                CTimer::InterruptHandler(void*)
                0x0000000000010cbc                CTimer::TuneMsDelay()
                0x0000000000010d64                CTimer::Initialize()
                0x0000000000010dec                CTimer::RegisterPeriodicHandler(void (*)())
                0x0000000000010e44                CTimer::SimpleMsDelay(unsigned int)
                0x0000000000010e60                CTimer::SimpleusDelay(unsigned int)
                0x0000000000010e6c                CTimer::IsLeapYear(unsigned int)
                0x0000000000010eb8                CTimer::GetDaysOfMonth(unsigned int, unsigned int)
                0x0000000000010f28                CTimer::Get()
 .text          0x0000000000010f64      0x5c8 ./circle/lib/libcircle.a(util.o)
                0x0000000000010f64                memset
                0x0000000000010f88                memcmp
                0x0000000000010fe4                strlen
                0x000000000001100c                strcmp
                0x0000000000011078                strcasecmp
                0x0000000000011148                strncmp
                0x00000000000111dc                strcpy
                0x0000000000011208                strncpy
                0x0000000000011254                strcat
                0x0000000000011298                strchr
                0x00000000000112d8                strtok_r
                0x00000000000113a4                strtoul
                0x0000000000011528                char2int
 .text          0x000000000001152c       0x5c ./circle/lib/libcircle.a(util_fast.o)
                0x000000000001152c                memcpy
 .text          0x0000000000011588      0x24c ./circle/lib/libcircle.a(virtualgpiopin.o)
                0x0000000000011588                CVirtualGPIOPin::~CVirtualGPIOPin()
                0x0000000000011588                CVirtualGPIOPin::~CVirtualGPIOPin()
                0x000000000001158c                CVirtualGPIOPin::~CVirtualGPIOPin()
                0x0000000000011648                CVirtualGPIOPin::CVirtualGPIOPin(unsigned int)
                0x0000000000011648                CVirtualGPIOPin::CVirtualGPIOPin(unsigned int)
                0x000000000001178c                CVirtualGPIOPin::Write(unsigned int)
                0x00000000000117c8                CVirtualGPIOPin::Invert()
 .text.startup  0x00000000000117d4       0x14 ./circle/lib/libcircle.a(virtualgpiopin.o)
 .text          0x00000000000117e8      0x170 ./circle/lib/libcircle.a(exceptionstub.o)
                0x00000000000117e8                UndefinedInstructionInternal
                0x0000000000011834                PrefetchAbortStub
                0x0000000000011880                DataAbortStub
                0x00000000000118cc                UndefinedInstructionStub
                0x00000000000118e8                IRQStub
                0x00000000000118f8                FIQStub
 .text          0x0000000000011958      0x2cc ./circle/lib/libcircle.a(memory.o)
                0x0000000000011958                CMemorySystem::~CMemorySystem()
                0x0000000000011958                CMemorySystem::~CMemorySystem()
                0x00000000000119d0                CMemorySystem::GetMemSize() const
                0x0000000000011a14                CMemorySystem::Get()
                0x0000000000011a4c                CMemorySystem::EnableMMU()
                0x0000000000011b28                CMemorySystem::CMemorySystem(bool)
                0x0000000000011b28                CMemorySystem::CMemorySystem(bool)
                0x0000000000011c18                CMemorySystem::GetCoherentPage(unsigned int)
 .text          0x0000000000011c24       0xb8 ./circle/lib/libcircle.a(pagetable.o)
                0x0000000000011c24                CPageTable::CPageTable(unsigned int)
                0x0000000000011c24                CPageTable::CPageTable(unsigned int)
                0x0000000000011ccc                CPageTable::~CPageTable()
                0x0000000000011ccc                CPageTable::~CPageTable()
                0x0000000000011cd0                CPageTable::GetBaseAddress() const
 .text          0x0000000000011cdc        0x0 ./circle/lib/libcircle.a(startup.o)
 .text          0x0000000000011cdc      0x180 ./circle/lib/libcircle.a(synchronize.o)
                0x0000000000011cdc                CurrentExecutionLevel
                0x0000000000011cf4                EnterCritical
                0x0000000000011da8                LeaveCritical
                0x0000000000011e00                CleanAndInvalidateDataCacheRange
                0x0000000000011e3c                SyncDataAndInstructionCache
 .text          0x0000000000011e5c       0x18 ./circle/lib/libcircle.a(new.o)
                0x0000000000011e5c                operator new(unsigned int)
                0x0000000000011e60                operator new[](unsigned int)
                0x0000000000011e64                operator delete(void*)
                0x0000000000011e68                operator delete[](void*)
                0x0000000000011e6c                operator delete(void*, unsigned int)
                0x0000000000011e70                operator delete[](void*, unsigned int)
 .text          0x0000000000011e74      0x608 ./circle/lib/libcircle.a(alloc.o)
                0x0000000000011e74                mem_init
                0x0000000000011eb0                mem_get_size
                0x0000000000011ed8                malloc
                0x00000000000120d0                free
                0x00000000000121f0                calloc
                0x0000000000012248                realloc
                0x0000000000012330                palloc
                0x000000000001241c                pfree
 .text.startup  0x000000000001247c       0x18 ./circle/lib/libcircle.a(alloc.o)
 .text          0x0000000000012494       0x90 ./circle/lib/libcircle.a(assert.o)
                0x0000000000012494                assertion_failed
 .text          0x0000000000012524      0x478 ./circle/lib/libcircle.a(bcmframebuffer.o)
                0x00000000000125e0                CBcmFrameBuffer::CBcmFrameBuffer(unsigned int, unsigned int, unsigned int, unsigned int, unsigned int)
                0x00000000000125e0                CBcmFrameBuffer::CBcmFrameBuffer(unsigned int, unsigned int, unsigned int, unsigned int, unsigned int)
                0x0000000000012718                CBcmFrameBuffer::~CBcmFrameBuffer()
                0x0000000000012718                CBcmFrameBuffer::~CBcmFrameBuffer()
                0x0000000000012734                CBcmFrameBuffer::SetPalette(unsigned char, unsigned short)
                0x000000000001278c                CBcmFrameBuffer::SetPalette32(unsigned char, unsigned int)
                0x00000000000127c4                CBcmFrameBuffer::Initialize()
                0x0000000000012884                CBcmFrameBuffer::GetWidth() const
                0x000000000001288c                CBcmFrameBuffer::GetHeight() const
                0x0000000000012894                CBcmFrameBuffer::GetVirtWidth() const
                0x000000000001289c                CBcmFrameBuffer::GetVirtHeight() const
                0x00000000000128a4                CBcmFrameBuffer::GetPitch() const
                0x00000000000128ac                CBcmFrameBuffer::GetDepth() const
                0x00000000000128b4                CBcmFrameBuffer::GetBuffer() const
                0x00000000000128bc                CBcmFrameBuffer::GetSize() const
                0x00000000000128c4                CBcmFrameBuffer::UpdatePalette()
                0x00000000000128dc                CBcmFrameBuffer::SetVirtualOffset(unsigned int, unsigned int)
                0x0000000000012954                CBcmFrameBuffer::WaitForVerticalSync()
 .text          0x000000000001299c      0x17c ./circle/lib/libcircle.a(bcmmailbox.o)
                0x000000000001299c                CBcmMailBox::CBcmMailBox(unsigned int)
                0x000000000001299c                CBcmMailBox::CBcmMailBox(unsigned int)
                0x00000000000129a4                CBcmMailBox::~CBcmMailBox()
                0x00000000000129a4                CBcmMailBox::~CBcmMailBox()
                0x00000000000129a8                CBcmMailBox::Flush()
                0x00000000000129e0                CBcmMailBox::Read()
                0x0000000000012a10                CBcmMailBox::Write(unsigned int)
                0x0000000000012a64                CBcmMailBox::WriteRead(unsigned int)
 .text.startup  0x0000000000012b18       0x14 ./circle/lib/libcircle.a(bcmmailbox.o)
 .text          0x0000000000012b2c       0xa8 ./circle/lib/libcircle.a(chargenerator.o)
                0x0000000000012b2c                CCharGenerator::CCharGenerator()
                0x0000000000012b2c                CCharGenerator::CCharGenerator()
                0x0000000000012b38                CCharGenerator::~CCharGenerator()
                0x0000000000012b38                CCharGenerator::~CCharGenerator()
                0x0000000000012b3c                CCharGenerator::GetCharWidth() const
                0x0000000000012b44                CCharGenerator::GetCharHeight() const
                0x0000000000012b4c                CCharGenerator::GetUnderline() const
                0x0000000000012b54                CCharGenerator::GetPixel(char, unsigned int, unsigned int) const
 .text          0x0000000000012bd4      0x1bc ./circle/lib/libcircle.a(debug.o)
                0x0000000000012bd4                debug_hexdump(void const*, unsigned int, char const*)
                0x0000000000012cec                debug_stacktrace(unsigned int const*, char const*)
 .text          0x0000000000012d90        0xc ./circle/lib/libcircle.a(delayloop.o)
                0x0000000000012d90                DelayLoop
 .text          0x0000000000012d9c       0x40 ./circle/lib/libcircle.a(device.o)
                0x0000000000012d9c                CDevice::~CDevice()
                0x0000000000012d9c                CDevice::~CDevice()
                0x0000000000012da0                CDevice::Read(void*, unsigned int)
                0x0000000000012da0                CDevice::Write(void const*, unsigned int)
                0x0000000000012da8                CDevice::Seek(unsigned long long)
                0x0000000000012db4                CDevice::~CDevice()
                0x0000000000012dcc                CDevice::CDevice()
                0x0000000000012dcc                CDevice::CDevice()
 .text          0x0000000000012ddc      0x384 ./circle/lib/libcircle.a(gpiomanager.o)
                0x0000000000012ddc                CGPIOManager::CGPIOManager(CInterruptSystem*)
                0x0000000000012ddc                CGPIOManager::CGPIOManager(CInterruptSystem*)
                0x0000000000012e08                CGPIOManager::~CGPIOManager()
                0x0000000000012e08                CGPIOManager::~CGPIOManager()
                0x0000000000012e94                CGPIOManager::Initialize()
                0x0000000000012f14                CGPIOManager::ConnectInterrupt(CGPIOPin*)
                0x0000000000012fb8                CGPIOManager::DisconnectInterrupt(CGPIOPin*)
                0x0000000000013070                CGPIOManager::InterruptHandler()
                0x0000000000013124                CGPIOManager::InterruptStub(void*)
 .text          0x0000000000013160      0x4bc ./circle/lib/libcircle.a(ptrlist.o)
                0x0000000000013160                CPtrList::CPtrList()
                0x0000000000013160                CPtrList::CPtrList()
                0x000000000001316c                CPtrList::~CPtrList()
                0x000000000001316c                CPtrList::~CPtrList()
                0x00000000000131a0                CPtrList::GetFirst()
                0x00000000000131a8                CPtrList::GetNext(TPtrListElement*)
                0x0000000000013200                CPtrList::GetPtr(TPtrListElement*)
                0x0000000000013258                CPtrList::InsertBefore(TPtrListElement*, void*)
                0x000000000001335c                CPtrList::InsertAfter(TPtrListElement*, void*)
                0x0000000000013454                CPtrList::Remove(TPtrListElement*)
                0x00000000000135a0                CPtrList::Find(void*)
 .text          0x000000000001361c      0x2c0 ./circle/lib/libcircle.a(exceptionhandler.o)
                0x000000000001361c                CExceptionHandler::CExceptionHandler()
                0x000000000001361c                CExceptionHandler::CExceptionHandler()
                0x00000000000136ac                CExceptionHandler::~CExceptionHandler()
                0x00000000000136ac                CExceptionHandler::~CExceptionHandler()
                0x00000000000136c0                CExceptionHandler::Throw(unsigned int)
                0x0000000000013700                CExceptionHandler::Throw(unsigned int, TAbortFrame*)
                0x00000000000137f0                CExceptionHandler::Get()
                0x0000000000013828                ExceptionHandler
                0x0000000000013894                raise
 .text          0x00000000000138dc      0x114 /usr/lib/gcc/arm-none-eabi/6.3.1/hard/libgcc.a(_udivsi3.o)
                0x00000000000138dc                __udivsi3
                0x00000000000138dc                __aeabi_uidiv
                0x00000000000139d0                __aeabi_uidivmod
 .text          0x00000000000139f0        0x4 /usr/lib/gcc/arm-none-eabi/6.3.1/hard/libgcc.a(_dvmd_tls.o)
                0x00000000000139f0                __aeabi_ldiv0
                0x00000000000139f0                __aeabi_idiv0
                0x00000000000139f4                _etext = .

.glue_7         0x00000000000139f4        0x0
 .glue_7        0x00000000000139f4        0x0 linker stubs

.glue_7t        0x00000000000139f4        0x0
 .glue_7t       0x00000000000139f4        0x0 linker stubs

.vfp11_veneer   0x00000000000139f4        0x0
 .vfp11_veneer  0x00000000000139f4        0x0 linker stubs

.v4_bx          0x00000000000139f4        0x0
 .v4_bx         0x00000000000139f4        0x0 linker stubs

.iplt           0x00000000000139f4        0x0
 .iplt          0x00000000000139f4        0x0 src/main.o

.rodata         0x00000000000139f4     0x1f88
 *(.rodata*)
 .rodata.str1.4
                0x00000000000139f4       0x27 src/kernel.o
 *fill*         0x0000000000013a1b        0x1 
 .rodata        0x0000000000013a1c        0x7 src/kernel.o
 *fill*         0x0000000000013a23        0x1 
 .rodata        0x0000000000013a24        0x4 src/TargetBus/BusRaider.o
 .rodata.str1.4
                0x0000000000013a28       0x98 ./circle/lib/libcircle.a(bcmpropertytags.o)
 .rodata.str1.4
                0x0000000000013ac0       0x96 ./circle/lib/libcircle.a(devicenameservice.o)
 *fill*         0x0000000000013b56        0x2 
 .rodata        0x0000000000013b58       0x28 ./circle/lib/libcircle.a(gpiopin.o)
                0x0000000000013b58                vtable for CGPIOPin
 .rodata.str1.4
                0x0000000000013b80      0x2a1 ./circle/lib/libcircle.a(gpiopin.o)
                                        0x2b1 (size before relaxing)
 *fill*         0x0000000000013e21        0x3 
 .rodata.str1.4
                0x0000000000013e24       0xad ./circle/lib/libcircle.a(interrupt.o)
                                         0xbd (size before relaxing)
 *fill*         0x0000000000013ed1        0x3 
 .rodata.str1.4
                0x0000000000013ed4       0x7a ./circle/lib/libcircle.a(koptions.o)
 *fill*         0x0000000000013f4e        0x2 
 .rodata.str1.4
                0x0000000000013f50       0x37 ./circle/lib/libcircle.a(logger.o)
                                         0x3b (size before relaxing)
 *fill*         0x0000000000013f87        0x1 
 .rodata        0x0000000000013f88      0x1ec ./circle/lib/libcircle.a(machineinfo.o)
 .rodata.str1.4
                0x0000000000014174      0x149 ./circle/lib/libcircle.a(machineinfo.o)
                                        0x165 (size before relaxing)
 *fill*         0x00000000000142bd        0x3 
 .rodata        0x00000000000142c0       0x21 ./circle/lib/libcircle.a(screen.o)
                0x00000000000142c0                vtable for CScreenDevice
 .rodata.str1.4
                0x00000000000142e1        0x5 ./circle/lib/libcircle.a(screen.o)
 *fill*         0x00000000000142e1        0x3 
 .rodata        0x00000000000142e4       0x1c ./circle/lib/libcircle.a(serial.o)
                0x00000000000142e4                vtable for CSerialDevice
 .rodata.str1.4
                0x0000000000014300       0xe3 ./circle/lib/libcircle.a(serial.o)
                                         0xf3 (size before relaxing)
 *fill*         0x00000000000143e3        0x1 
 .rodata        0x00000000000143e4       0x10 ./circle/lib/libcircle.a(string.o)
                0x00000000000143e4                vtable for CString
 .rodata.str1.4
                0x00000000000143f4        0x9 ./circle/lib/libcircle.a(string.o)
                                          0xd (size before relaxing)
 *fill*         0x00000000000143fd        0x3 
 .rodata        0x0000000000014400       0x36 ./circle/lib/libcircle.a(timer.o)
                0x0000000000014400                CTimer::s_nDaysOfMonth
 *fill*         0x0000000000014436        0x2 
 .rodata.str1.4
                0x0000000000014438      0x154 ./circle/lib/libcircle.a(timer.o)
                                        0x198 (size before relaxing)
 .rodata        0x000000000001458c       0x10 ./circle/lib/libcircle.a(virtualgpiopin.o)
                0x000000000001458c                vtable for CVirtualGPIOPin
 .rodata.str1.4
                0x000000000001459c       0x78 ./circle/lib/libcircle.a(memory.o)
                                         0x88 (size before relaxing)
 .rodata.str1.4
                0x0000000000014614       0xb5 ./circle/lib/libcircle.a(synchronize.o)
 *fill*         0x00000000000146c9        0x3 
 .rodata.str1.4
                0x00000000000146cc       0xd4 ./circle/lib/libcircle.a(alloc.o)
 .rodata.str1.4
                0x00000000000147a0       0x1d ./circle/lib/libcircle.a(assert.o)
 *fill*         0x00000000000147bd        0x3 
 .rodata.str1.4
                0x00000000000147c0       0x23 ./circle/lib/libcircle.a(bcmmailbox.o)
 *fill*         0x00000000000147e3        0x1 
 .rodata        0x00000000000147e4      0xdf0 ./circle/lib/libcircle.a(chargenerator.o)
 .rodata.str1.4
                0x00000000000155d4       0x29 ./circle/lib/libcircle.a(chargenerator.o)
 *fill*         0x00000000000155fd        0x3 
 .rodata        0x0000000000015600        0x6 ./circle/lib/libcircle.a(debug.o)
 *fill*         0x0000000000015606        0x2 
 .rodata.str1.4
                0x0000000000015608       0x93 ./circle/lib/libcircle.a(debug.o)
 *fill*         0x000000000001569b        0x1 
 .rodata        0x000000000001569c       0x1c ./circle/lib/libcircle.a(device.o)
                0x000000000001569c                vtable for CDevice
 .rodata.str1.4
                0x00000000000156b8       0x88 ./circle/lib/libcircle.a(gpiomanager.o)
                                         0x9c (size before relaxing)
 .rodata.str1.4
                0x0000000000015740      0x176 ./circle/lib/libcircle.a(ptrlist.o)
 *fill*         0x00000000000158b6        0x2 
 .rodata        0x00000000000158b8        0x7 ./circle/lib/libcircle.a(exceptionhandler.o)
 *fill*         0x00000000000158bf        0x1 
 .rodata.str1.4
                0x00000000000158c0       0xbc ./circle/lib/libcircle.a(exceptionhandler.o)
                                         0xe4 (size before relaxing)

.rel.dyn        0x000000000001597c        0x0
 .rel.iplt      0x000000000001597c        0x0 src/main.o

.init_array     0x000000000001597c       0x10
                0x000000000001597c                __init_start = .
 *(.init_array*)
 .init_array    0x000000000001597c        0x4 ./circle/lib/libcircle.a(gpiopin.o)
 .init_array    0x0000000000015980        0x4 ./circle/lib/libcircle.a(virtualgpiopin.o)
 .init_array    0x0000000000015984        0x4 ./circle/lib/libcircle.a(alloc.o)
 .init_array    0x0000000000015988        0x4 ./circle/lib/libcircle.a(bcmmailbox.o)
                0x000000000001598c                __init_end = .

.ARM.exidx      0x000000000001598c        0x0
                0x000000000001598c                __exidx_start = .
 *(.ARM.exidx*)
                0x000000000001598c                __exidx_end = .

.data           0x000000000001598c      0x104
 *(.data*)
 .data          0x000000000001598c        0x0 src/main.o
 .data          0x000000000001598c        0x4 src/kernel.o
 .data          0x0000000000015990        0x0 src/System/lowlev.o
 .data          0x0000000000015990        0x0 src/TargetBus/BusRaider.o
 .data          0x0000000000015990        0x0 src/TargetBus/TargetMemory.o
 .data          0x0000000000015990        0x0 ./circle/lib/libcircle.a(actled.o)
 .data          0x0000000000015990        0x0 ./circle/lib/libcircle.a(bcmpropertytags.o)
 .data          0x0000000000015990        0x0 ./circle/lib/libcircle.a(devicenameservice.o)
 .data          0x0000000000015990        0x0 ./circle/lib/libcircle.a(gpiopin.o)
 .data          0x0000000000015990        0x0 ./circle/lib/libcircle.a(interrupt.o)
 .data          0x0000000000015990        0x0 ./circle/lib/libcircle.a(koptions.o)
 .data          0x0000000000015990        0x0 ./circle/lib/libcircle.a(logger.o)
 .data          0x0000000000015990        0x0 ./circle/lib/libcircle.a(machineinfo.o)
 .data          0x0000000000015990        0x0 ./circle/lib/libcircle.a(screen.o)
 .data          0x0000000000015990        0x0 ./circle/lib/libcircle.a(serial.o)
 .data          0x0000000000015990        0x0 ./circle/lib/libcircle.a(string.o)
 .data          0x0000000000015990        0x0 ./circle/lib/libcircle.a(sysinit.o)
 .data          0x0000000000015990       0x30 ./circle/lib/libcircle.a(timer.o)
                0x0000000000015990                CTimer::s_pMonthName
 .data          0x00000000000159c0        0x0 ./circle/lib/libcircle.a(util.o)
 .data          0x00000000000159c0        0x0 ./circle/lib/libcircle.a(util_fast.o)
 .data          0x00000000000159c0        0x0 ./circle/lib/libcircle.a(virtualgpiopin.o)
 .data          0x00000000000159c0        0x8 ./circle/lib/libcircle.a(exceptionstub.o)
                0x00000000000159c0                FIQData
 .data          0x00000000000159c8        0x0 ./circle/lib/libcircle.a(memory.o)
 .data          0x00000000000159c8        0x0 ./circle/lib/libcircle.a(pagetable.o)
 .data          0x00000000000159c8        0x0 ./circle/lib/libcircle.a(startup.o)
 .data          0x00000000000159c8        0x0 ./circle/lib/libcircle.a(synchronize.o)
 .data          0x00000000000159c8        0x0 ./circle/lib/libcircle.a(new.o)
 .data          0x00000000000159c8       0x44 ./circle/lib/libcircle.a(alloc.o)
 .data          0x0000000000015a0c        0x0 ./circle/lib/libcircle.a(assert.o)
 .data          0x0000000000015a0c       0x70 ./circle/lib/libcircle.a(bcmframebuffer.o)
                0x0000000000015a0c                CBcmFrameBuffer::s_InitTags
 .data          0x0000000000015a7c        0x0 ./circle/lib/libcircle.a(bcmmailbox.o)
 .data          0x0000000000015a7c        0x0 ./circle/lib/libcircle.a(chargenerator.o)
 .data          0x0000000000015a7c        0x0 ./circle/lib/libcircle.a(debug.o)
 .data          0x0000000000015a7c        0x0 ./circle/lib/libcircle.a(delayloop.o)
 .data          0x0000000000015a7c        0x0 ./circle/lib/libcircle.a(device.o)
 .data          0x0000000000015a7c        0x0 ./circle/lib/libcircle.a(gpiomanager.o)
 .data          0x0000000000015a7c        0x0 ./circle/lib/libcircle.a(ptrlist.o)
 .data          0x0000000000015a7c       0x14 ./circle/lib/libcircle.a(exceptionhandler.o)
                0x0000000000015a7c                CExceptionHandler::s_pExceptionName
 .data          0x0000000000015a90        0x0 /usr/lib/gcc/arm-none-eabi/6.3.1/hard/libgcc.a(_udivsi3.o)
 .data          0x0000000000015a90        0x0 /usr/lib/gcc/arm-none-eabi/6.3.1/hard/libgcc.a(_dvmd_tls.o)

.igot.plt       0x0000000000015a90        0x0
 .igot.plt      0x0000000000015a90        0x0 src/main.o

.bss            0x0000000000015a90       0xac
                0x0000000000015a90                __bss_start = .
 *(.bss*)
 .bss           0x0000000000015a90        0x0 src/main.o
 .bss           0x0000000000015a90        0x0 src/kernel.o
 .bss           0x0000000000015a90        0x0 src/System/lowlev.o
 .bss           0x0000000000015a90        0x4 src/TargetBus/BusRaider.o
                0x0000000000015a90                BusRaider::_pBusAccessCallback
 .bss           0x0000000000015a94        0x0 src/TargetBus/TargetMemory.o
 .bss           0x0000000000015a94        0x4 ./circle/lib/libcircle.a(actled.o)
                0x0000000000015a94                CActLED::s_pThis
 .bss           0x0000000000015a98        0x0 ./circle/lib/libcircle.a(bcmpropertytags.o)
 .bss           0x0000000000015a98        0x4 ./circle/lib/libcircle.a(devicenameservice.o)
                0x0000000000015a98                CDeviceNameService::s_This
 .bss           0x0000000000015a9c        0x4 ./circle/lib/libcircle.a(gpiopin.o)
                0x0000000000015a9c                CGPIOPin::s_SpinLock
 .bss           0x0000000000015aa0        0x4 ./circle/lib/libcircle.a(interrupt.o)
                0x0000000000015aa0                CInterruptSystem::s_pThis
 .bss           0x0000000000015aa4        0x4 ./circle/lib/libcircle.a(koptions.o)
                0x0000000000015aa4                CKernelOptions::s_pThis
 .bss           0x0000000000015aa8        0x4 ./circle/lib/libcircle.a(logger.o)
                0x0000000000015aa8                CLogger::s_pThis
 .bss           0x0000000000015aac        0x4 ./circle/lib/libcircle.a(machineinfo.o)
                0x0000000000015aac                CMachineInfo::s_pThis
 .bss           0x0000000000015ab0        0x0 ./circle/lib/libcircle.a(screen.o)
 .bss           0x0000000000015ab0        0x0 ./circle/lib/libcircle.a(serial.o)
 .bss           0x0000000000015ab0        0x0 ./circle/lib/libcircle.a(string.o)
 .bss           0x0000000000015ab0        0x4 ./circle/lib/libcircle.a(sysinit.o)
                0x0000000000015ab0                __dso_handle
 .bss           0x0000000000015ab4        0x4 ./circle/lib/libcircle.a(timer.o)
                0x0000000000015ab4                CTimer::s_pThis
 .bss           0x0000000000015ab8        0x0 ./circle/lib/libcircle.a(util.o)
 .bss           0x0000000000015ab8        0x0 ./circle/lib/libcircle.a(util_fast.o)
 .bss           0x0000000000015ab8        0x8 ./circle/lib/libcircle.a(virtualgpiopin.o)
                0x0000000000015ab8                CVirtualGPIOPin::s_SpinLock
                0x0000000000015abc                CVirtualGPIOPin::s_nGPIOBaseAddress
 .bss           0x0000000000015ac0        0x0 ./circle/lib/libcircle.a(exceptionstub.o)
 .bss           0x0000000000015ac0        0x4 ./circle/lib/libcircle.a(memory.o)
                0x0000000000015ac0                CMemorySystem::s_pThis
 .bss           0x0000000000015ac4        0x0 ./circle/lib/libcircle.a(pagetable.o)
 .bss           0x0000000000015ac4        0x0 ./circle/lib/libcircle.a(startup.o)
 .bss           0x0000000000015ac4       0x54 ./circle/lib/libcircle.a(synchronize.o)
 .bss           0x0000000000015b18        0x0 ./circle/lib/libcircle.a(new.o)
 .bss           0x0000000000015b18       0x1c ./circle/lib/libcircle.a(alloc.o)
 .bss           0x0000000000015b34        0x0 ./circle/lib/libcircle.a(assert.o)
 .bss           0x0000000000015b34        0x0 ./circle/lib/libcircle.a(bcmframebuffer.o)
 .bss           0x0000000000015b34        0x4 ./circle/lib/libcircle.a(bcmmailbox.o)
                0x0000000000015b34                CBcmMailBox::s_SpinLock
 .bss           0x0000000000015b38        0x0 ./circle/lib/libcircle.a(chargenerator.o)
 .bss           0x0000000000015b38        0x0 ./circle/lib/libcircle.a(debug.o)
 .bss           0x0000000000015b38        0x0 ./circle/lib/libcircle.a(delayloop.o)
 .bss           0x0000000000015b38        0x0 ./circle/lib/libcircle.a(device.o)
 .bss           0x0000000000015b38        0x0 ./circle/lib/libcircle.a(gpiomanager.o)
 .bss           0x0000000000015b38        0x0 ./circle/lib/libcircle.a(ptrlist.o)
 .bss           0x0000000000015b38        0x4 ./circle/lib/libcircle.a(exceptionhandler.o)
                0x0000000000015b38                CExceptionHandler::s_pThis
 .bss           0x0000000000015b3c        0x0 /usr/lib/gcc/arm-none-eabi/6.3.1/hard/libgcc.a(_udivsi3.o)
 .bss           0x0000000000015b3c        0x0 /usr/lib/gcc/arm-none-eabi/6.3.1/hard/libgcc.a(_dvmd_tls.o)
 *(COMMON)
                0x0000000000015b3c                _end = .
LOAD src/main.o
LOAD src/kernel.o
LOAD src/System/lowlev.o
LOAD src/TargetBus/BusRaider.o
LOAD src/TargetBus/TargetMemory.o
LOAD /usr/lib/gcc/arm-none-eabi/6.3.1/hard/libgcc.a
LOAD ./circle/lib/libcircle.a
LOAD /usr/lib/gcc/arm-none-eabi/6.3.1/hard/libgcc.a
OUTPUT(kernel.elf elf32-littlearm)

.debug_info     0x0000000000000000    0x20941
 .debug_info    0x0000000000000000     0x1d15 src/main.o
 .debug_info    0x0000000000001d15     0x200b src/kernel.o
 .debug_info    0x0000000000003d20      0x14b src/System/lowlev.o
 .debug_info    0x0000000000003e6b     0x1185 src/TargetBus/BusRaider.o
 .debug_info    0x0000000000004ff0      0x35c src/TargetBus/TargetMemory.o
 .debug_info    0x000000000000534c     0x110c ./circle/lib/libcircle.a(actled.o)
 .debug_info    0x0000000000006458      0x7da ./circle/lib/libcircle.a(bcmpropertytags.o)
 .debug_info    0x0000000000006c32      0xd6d ./circle/lib/libcircle.a(devicenameservice.o)
 .debug_info    0x000000000000799f     0x254f ./circle/lib/libcircle.a(gpiopin.o)
 .debug_info    0x0000000000009eee      0xb40 ./circle/lib/libcircle.a(interrupt.o)
 .debug_info    0x000000000000aa2e      0xf6a ./circle/lib/libcircle.a(koptions.o)
 .debug_info    0x000000000000b998     0x1dda ./circle/lib/libcircle.a(logger.o)
 .debug_info    0x000000000000d772      0xc0f ./circle/lib/libcircle.a(machineinfo.o)
 .debug_info    0x000000000000e381     0x2947 ./circle/lib/libcircle.a(screen.o)
 .debug_info    0x0000000000010cc8     0x1c95 ./circle/lib/libcircle.a(serial.o)
 .debug_info    0x000000000001295d     0x1cc9 ./circle/lib/libcircle.a(string.o)
 .debug_info    0x0000000000014626      0x59f ./circle/lib/libcircle.a(sysinit.o)
 .debug_info    0x0000000000014bc5     0x2284 ./circle/lib/libcircle.a(timer.o)
 .debug_info    0x0000000000016e49      0x593 ./circle/lib/libcircle.a(util.o)
 .debug_info    0x00000000000173dc      0xafc ./circle/lib/libcircle.a(virtualgpiopin.o)
 .debug_info    0x0000000000017ed8      0x8a1 ./circle/lib/libcircle.a(memory.o)
 .debug_info    0x0000000000018779      0x275 ./circle/lib/libcircle.a(pagetable.o)
 .debug_info    0x00000000000189ee      0x231 ./circle/lib/libcircle.a(synchronize.o)
 .debug_info    0x0000000000018c1f      0x20c ./circle/lib/libcircle.a(new.o)
 .debug_info    0x0000000000018e2b     0x14ed ./circle/lib/libcircle.a(alloc.o)
 .debug_info    0x000000000001a318      0xdef ./circle/lib/libcircle.a(assert.o)
 .debug_info    0x000000000001b107      0xe2b ./circle/lib/libcircle.a(bcmframebuffer.o)
 .debug_info    0x000000000001bf32      0xf60 ./circle/lib/libcircle.a(bcmmailbox.o)
 .debug_info    0x000000000001ce92      0x3ab ./circle/lib/libcircle.a(chargenerator.o)
 .debug_info    0x000000000001d23d      0xe45 ./circle/lib/libcircle.a(debug.o)
 .debug_info    0x000000000001e082      0x363 ./circle/lib/libcircle.a(device.o)
 .debug_info    0x000000000001e3e5      0x980 ./circle/lib/libcircle.a(gpiomanager.o)
 .debug_info    0x000000000001ed65      0x771 ./circle/lib/libcircle.a(ptrlist.o)
 .debug_info    0x000000000001f4d6     0x12ff ./circle/lib/libcircle.a(exceptionhandler.o)
 .debug_info    0x00000000000207d5       0xb6 /usr/lib/gcc/arm-none-eabi/6.3.1/hard/libgcc.a(_udivsi3.o)
 .debug_info    0x000000000002088b       0xb6 /usr/lib/gcc/arm-none-eabi/6.3.1/hard/libgcc.a(_dvmd_tls.o)

.debug_abbrev   0x0000000000000000     0x7144
 .debug_abbrev  0x0000000000000000      0x35f src/main.o
 .debug_abbrev  0x000000000000035f      0x466 src/kernel.o
 .debug_abbrev  0x00000000000007c5       0x9b src/System/lowlev.o
 .debug_abbrev  0x0000000000000860      0x2dd src/TargetBus/BusRaider.o
 .debug_abbrev  0x0000000000000b3d      0x1e4 src/TargetBus/TargetMemory.o
 .debug_abbrev  0x0000000000000d21      0x464 ./circle/lib/libcircle.a(actled.o)
 .debug_abbrev  0x0000000000001185      0x2b9 ./circle/lib/libcircle.a(bcmpropertytags.o)
 .debug_abbrev  0x000000000000143e      0x346 ./circle/lib/libcircle.a(devicenameservice.o)
 .debug_abbrev  0x0000000000001784      0x5c4 ./circle/lib/libcircle.a(gpiopin.o)
 .debug_abbrev  0x0000000000001d48      0x384 ./circle/lib/libcircle.a(interrupt.o)
 .debug_abbrev  0x00000000000020cc      0x418 ./circle/lib/libcircle.a(koptions.o)
 .debug_abbrev  0x00000000000024e4      0x514 ./circle/lib/libcircle.a(logger.o)
 .debug_abbrev  0x00000000000029f8      0x387 ./circle/lib/libcircle.a(machineinfo.o)
 .debug_abbrev  0x0000000000002d7f      0x530 ./circle/lib/libcircle.a(screen.o)
 .debug_abbrev  0x00000000000032af      0x52d ./circle/lib/libcircle.a(serial.o)
 .debug_abbrev  0x00000000000037dc      0x45c ./circle/lib/libcircle.a(string.o)
 .debug_abbrev  0x0000000000003c38      0x27f ./circle/lib/libcircle.a(sysinit.o)
 .debug_abbrev  0x0000000000003eb7      0x612 ./circle/lib/libcircle.a(timer.o)
 .debug_abbrev  0x00000000000044c9      0x1fb ./circle/lib/libcircle.a(util.o)
 .debug_abbrev  0x00000000000046c4      0x465 ./circle/lib/libcircle.a(virtualgpiopin.o)
 .debug_abbrev  0x0000000000004b29      0x354 ./circle/lib/libcircle.a(memory.o)
 .debug_abbrev  0x0000000000004e7d      0x18f ./circle/lib/libcircle.a(pagetable.o)
 .debug_abbrev  0x000000000000500c      0x10b ./circle/lib/libcircle.a(synchronize.o)
 .debug_abbrev  0x0000000000005117      0x102 ./circle/lib/libcircle.a(new.o)
 .debug_abbrev  0x0000000000005219      0x49e ./circle/lib/libcircle.a(alloc.o)
 .debug_abbrev  0x00000000000056b7      0x2f1 ./circle/lib/libcircle.a(assert.o)
 .debug_abbrev  0x00000000000059a8      0x3ab ./circle/lib/libcircle.a(bcmframebuffer.o)
 .debug_abbrev  0x0000000000005d53      0x40a ./circle/lib/libcircle.a(bcmmailbox.o)
 .debug_abbrev  0x000000000000615d      0x1a4 ./circle/lib/libcircle.a(chargenerator.o)
 .debug_abbrev  0x0000000000006301      0x2ff ./circle/lib/libcircle.a(debug.o)
 .debug_abbrev  0x0000000000006600      0x210 ./circle/lib/libcircle.a(device.o)
 .debug_abbrev  0x0000000000006810      0x338 ./circle/lib/libcircle.a(gpiomanager.o)
 .debug_abbrev  0x0000000000006b48      0x1ad ./circle/lib/libcircle.a(ptrlist.o)
 .debug_abbrev  0x0000000000006cf5      0x427 ./circle/lib/libcircle.a(exceptionhandler.o)
 .debug_abbrev  0x000000000000711c       0x14 /usr/lib/gcc/arm-none-eabi/6.3.1/hard/libgcc.a(_udivsi3.o)
 .debug_abbrev  0x0000000000007130       0x14 /usr/lib/gcc/arm-none-eabi/6.3.1/hard/libgcc.a(_dvmd_tls.o)

.debug_aranges  0x0000000000000000      0x4a0
 .debug_aranges
                0x0000000000000000       0x20 src/main.o
 .debug_aranges
                0x0000000000000020       0x20 src/kernel.o
 .debug_aranges
                0x0000000000000040       0x20 src/System/lowlev.o
 .debug_aranges
                0x0000000000000060       0x20 src/TargetBus/BusRaider.o
 .debug_aranges
                0x0000000000000080       0x20 src/TargetBus/TargetMemory.o
 .debug_aranges
                0x00000000000000a0       0x20 ./circle/lib/libcircle.a(actled.o)
 .debug_aranges
                0x00000000000000c0       0x20 ./circle/lib/libcircle.a(bcmpropertytags.o)
 .debug_aranges
                0x00000000000000e0       0x20 ./circle/lib/libcircle.a(devicenameservice.o)
 .debug_aranges
                0x0000000000000100       0x28 ./circle/lib/libcircle.a(gpiopin.o)
 .debug_aranges
                0x0000000000000128       0x20 ./circle/lib/libcircle.a(interrupt.o)
 .debug_aranges
                0x0000000000000148       0x20 ./circle/lib/libcircle.a(koptions.o)
 .debug_aranges
                0x0000000000000168       0x20 ./circle/lib/libcircle.a(logger.o)
 .debug_aranges
                0x0000000000000188       0x20 ./circle/lib/libcircle.a(machineinfo.o)
 .debug_aranges
                0x00000000000001a8       0x20 ./circle/lib/libcircle.a(screen.o)
 .debug_aranges
                0x00000000000001c8       0x20 ./circle/lib/libcircle.a(serial.o)
 .debug_aranges
                0x00000000000001e8       0x20 ./circle/lib/libcircle.a(string.o)
 .debug_aranges
                0x0000000000000208       0x20 ./circle/lib/libcircle.a(sysinit.o)
 .debug_aranges
                0x0000000000000228       0x20 ./circle/lib/libcircle.a(timer.o)
 .debug_aranges
                0x0000000000000248       0x20 ./circle/lib/libcircle.a(util.o)
 .debug_aranges
                0x0000000000000268       0x28 ./circle/lib/libcircle.a(virtualgpiopin.o)
 .debug_aranges
                0x0000000000000290       0x20 ./circle/lib/libcircle.a(memory.o)
 .debug_aranges
                0x00000000000002b0       0x20 ./circle/lib/libcircle.a(pagetable.o)
 .debug_aranges
                0x00000000000002d0       0x20 ./circle/lib/libcircle.a(synchronize.o)
 .debug_aranges
                0x00000000000002f0       0x20 ./circle/lib/libcircle.a(new.o)
 .debug_aranges
                0x0000000000000310       0x28 ./circle/lib/libcircle.a(alloc.o)
 .debug_aranges
                0x0000000000000338       0x20 ./circle/lib/libcircle.a(assert.o)
 .debug_aranges
                0x0000000000000358       0x20 ./circle/lib/libcircle.a(bcmframebuffer.o)
 .debug_aranges
                0x0000000000000378       0x28 ./circle/lib/libcircle.a(bcmmailbox.o)
 .debug_aranges
                0x00000000000003a0       0x20 ./circle/lib/libcircle.a(chargenerator.o)
 .debug_aranges
                0x00000000000003c0       0x20 ./circle/lib/libcircle.a(debug.o)
 .debug_aranges
                0x00000000000003e0       0x20 ./circle/lib/libcircle.a(device.o)
 .debug_aranges
                0x0000000000000400       0x20 ./circle/lib/libcircle.a(gpiomanager.o)
 .debug_aranges
                0x0000000000000420       0x20 ./circle/lib/libcircle.a(ptrlist.o)
 .debug_aranges
                0x0000000000000440       0x20 ./circle/lib/libcircle.a(exceptionhandler.o)
 .debug_aranges
                0x0000000000000460       0x20 /usr/lib/gcc/arm-none-eabi/6.3.1/hard/libgcc.a(_udivsi3.o)
 .debug_aranges
                0x0000000000000480       0x20 /usr/lib/gcc/arm-none-eabi/6.3.1/hard/libgcc.a(_dvmd_tls.o)

.debug_line     0x0000000000000000     0x497c
 .debug_line    0x0000000000000000      0x1b3 src/main.o
 .debug_line    0x00000000000001b3      0x258 src/kernel.o
 .debug_line    0x000000000000040b       0x96 src/System/lowlev.o
 .debug_line    0x00000000000004a1      0x3d6 src/TargetBus/BusRaider.o
 .debug_line    0x0000000000000877       0xf9 src/TargetBus/TargetMemory.o
 .debug_line    0x0000000000000970      0x162 ./circle/lib/libcircle.a(actled.o)
 .debug_line    0x0000000000000ad2      0x131 ./circle/lib/libcircle.a(bcmpropertytags.o)
 .debug_line    0x0000000000000c03      0x298 ./circle/lib/libcircle.a(devicenameservice.o)
 .debug_line    0x0000000000000e9b      0x661 ./circle/lib/libcircle.a(gpiopin.o)
 .debug_line    0x00000000000014fc      0x279 ./circle/lib/libcircle.a(interrupt.o)
 .debug_line    0x0000000000001775      0x1ea ./circle/lib/libcircle.a(koptions.o)
 .debug_line    0x000000000000195f      0x368 ./circle/lib/libcircle.a(logger.o)
 .debug_line    0x0000000000001cc7      0x1c0 ./circle/lib/libcircle.a(machineinfo.o)
 .debug_line    0x0000000000001e87      0x52d ./circle/lib/libcircle.a(screen.o)
 .debug_line    0x00000000000023b4      0x565 ./circle/lib/libcircle.a(serial.o)
 .debug_line    0x0000000000002919      0x455 ./circle/lib/libcircle.a(string.o)
 .debug_line    0x0000000000002d6e       0xc1 ./circle/lib/libcircle.a(sysinit.o)
 .debug_line    0x0000000000002e2f      0x5c8 ./circle/lib/libcircle.a(timer.o)
 .debug_line    0x00000000000033f7      0x1c1 ./circle/lib/libcircle.a(util.o)
 .debug_line    0x00000000000035b8      0x1a6 ./circle/lib/libcircle.a(virtualgpiopin.o)
 .debug_line    0x000000000000375e      0x165 ./circle/lib/libcircle.a(memory.o)
 .debug_line    0x00000000000038c3       0xa0 ./circle/lib/libcircle.a(pagetable.o)
 .debug_line    0x0000000000003963       0xc7 ./circle/lib/libcircle.a(synchronize.o)
 .debug_line    0x0000000000003a2a       0x68 ./circle/lib/libcircle.a(new.o)
 .debug_line    0x0000000000003a92      0x2ec ./circle/lib/libcircle.a(alloc.o)
 .debug_line    0x0000000000003d7e       0xf5 ./circle/lib/libcircle.a(assert.o)
 .debug_line    0x0000000000003e73      0x173 ./circle/lib/libcircle.a(bcmframebuffer.o)
 .debug_line    0x0000000000003fe6      0x1b9 ./circle/lib/libcircle.a(bcmmailbox.o)
 .debug_line    0x000000000000419f       0xb8 ./circle/lib/libcircle.a(chargenerator.o)
 .debug_line    0x0000000000004257      0x111 ./circle/lib/libcircle.a(debug.o)
 .debug_line    0x0000000000004368       0x72 ./circle/lib/libcircle.a(device.o)
 .debug_line    0x00000000000043da      0x1a0 ./circle/lib/libcircle.a(gpiomanager.o)
 .debug_line    0x000000000000457a      0x17d ./circle/lib/libcircle.a(ptrlist.o)
 .debug_line    0x00000000000046f7      0x1ac ./circle/lib/libcircle.a(exceptionhandler.o)
 .debug_line    0x00000000000048a3       0x7b /usr/lib/gcc/arm-none-eabi/6.3.1/hard/libgcc.a(_udivsi3.o)
 .debug_line    0x000000000000491e       0x5e /usr/lib/gcc/arm-none-eabi/6.3.1/hard/libgcc.a(_dvmd_tls.o)

.debug_str      0x0000000000000000     0x5af6
 .debug_str     0x0000000000000000     0x2030 src/main.o
                                       0x21da (size before relaxing)
 .debug_str     0x0000000000002030      0x124 src/kernel.o
                                       0x22e7 (size before relaxing)
 .debug_str     0x0000000000002154      0x156 src/System/lowlev.o
                                        0x226 (size before relaxing)
 .debug_str     0x00000000000022aa       0xe7 src/TargetBus/BusRaider.o
                                        0xbfe (size before relaxing)
 .debug_str     0x0000000000002391      0x17a src/TargetBus/TargetMemory.o
                                        0x31d (size before relaxing)
 .debug_str     0x000000000000250b      0x29b ./circle/lib/libcircle.a(actled.o)
                                        0xf4f (size before relaxing)
 .debug_str     0x00000000000027a6       0xc4 ./circle/lib/libcircle.a(bcmpropertytags.o)
                                        0x634 (size before relaxing)
 .debug_str     0x000000000000286a      0x180 ./circle/lib/libcircle.a(devicenameservice.o)
                                        0x5fa (size before relaxing)
 .debug_str     0x00000000000029ea      0xc55 ./circle/lib/libcircle.a(gpiopin.o)
                                       0x197b (size before relaxing)
 .debug_str     0x000000000000363f       0xe3 ./circle/lib/libcircle.a(interrupt.o)
                                        0x5b3 (size before relaxing)
 .debug_str     0x0000000000003722       0x8c ./circle/lib/libcircle.a(koptions.o)
                                        0x875 (size before relaxing)
 .debug_str     0x00000000000037ae      0x152 ./circle/lib/libcircle.a(logger.o)
                                       0x16bc (size before relaxing)
 .debug_str     0x0000000000003900       0xaf ./circle/lib/libcircle.a(machineinfo.o)
                                        0x9a9 (size before relaxing)
 .debug_str     0x00000000000039af      0xe10 ./circle/lib/libcircle.a(screen.o)
                                       0x1498 (size before relaxing)
 .debug_str     0x00000000000047bf      0x42d ./circle/lib/libcircle.a(serial.o)
                                       0x1224 (size before relaxing)
 .debug_str     0x0000000000004bec      0x2b9 ./circle/lib/libcircle.a(string.o)
                                        0x63d (size before relaxing)
 .debug_str     0x0000000000004ea5       0x7c ./circle/lib/libcircle.a(sysinit.o)
                                        0x6ee (size before relaxing)
 .debug_str     0x0000000000004f21      0x195 ./circle/lib/libcircle.a(timer.o)
                                       0x1238 (size before relaxing)
 .debug_str     0x00000000000050b6       0xbe ./circle/lib/libcircle.a(util.o)
                                        0x2d3 (size before relaxing)
 .debug_str     0x0000000000005174      0x17e ./circle/lib/libcircle.a(virtualgpiopin.o)
                                        0x829 (size before relaxing)
 .debug_str     0x00000000000052f2       0xa6 ./circle/lib/libcircle.a(memory.o)
                                        0x662 (size before relaxing)
 .debug_str     0x0000000000005398       0x50 ./circle/lib/libcircle.a(pagetable.o)
                                        0x25f (size before relaxing)
 .debug_str     0x00000000000053e8       0x60 ./circle/lib/libcircle.a(synchronize.o)
                                        0x23d (size before relaxing)
 .debug_str     0x0000000000005448       0x25 ./circle/lib/libcircle.a(new.o)
                                        0x202 (size before relaxing)
 .debug_str     0x000000000000546d      0x168 ./circle/lib/libcircle.a(alloc.o)
                                       0x11c8 (size before relaxing)
 .debug_str     0x00000000000055d5       0x54 ./circle/lib/libcircle.a(assert.o)
                                       0x1011 (size before relaxing)
 .debug_str     0x0000000000005629       0x7f ./circle/lib/libcircle.a(bcmframebuffer.o)
                                        0x98c (size before relaxing)
 .debug_str     0x00000000000056a8       0x6c ./circle/lib/libcircle.a(bcmmailbox.o)
                                        0xdf8 (size before relaxing)
 .debug_str     0x0000000000005714       0x6d ./circle/lib/libcircle.a(chargenerator.o)
                                        0x343 (size before relaxing)
 .debug_str     0x0000000000005781       0x5b ./circle/lib/libcircle.a(debug.o)
                                        0xff3 (size before relaxing)
 .debug_str     0x00000000000057dc       0xd3 ./circle/lib/libcircle.a(device.o)
                                        0x2a3 (size before relaxing)
 .debug_str     0x00000000000058af       0x5b ./circle/lib/libcircle.a(gpiomanager.o)
                                        0x718 (size before relaxing)
 .debug_str     0x000000000000590a       0x42 ./circle/lib/libcircle.a(ptrlist.o)
                                        0x32e (size before relaxing)
 .debug_str     0x000000000000594c      0x1aa ./circle/lib/libcircle.a(exceptionhandler.o)
                                       0x11f8 (size before relaxing)

.comment        0x0000000000000000       0x31
 .comment       0x0000000000000000       0x31 src/main.o
                                         0x32 (size before relaxing)
 .comment       0x0000000000000031       0x32 src/kernel.o
 .comment       0x0000000000000031       0x32 src/System/lowlev.o
 .comment       0x0000000000000031       0x32 src/TargetBus/BusRaider.o
 .comment       0x0000000000000031       0x32 src/TargetBus/TargetMemory.o
 .comment       0x0000000000000031       0x32 ./circle/lib/libcircle.a(actled.o)
 .comment       0x0000000000000031       0x32 ./circle/lib/libcircle.a(bcmpropertytags.o)
 .comment       0x0000000000000031       0x32 ./circle/lib/libcircle.a(devicenameservice.o)
 .comment       0x0000000000000031       0x32 ./circle/lib/libcircle.a(gpiopin.o)
 .comment       0x0000000000000031       0x32 ./circle/lib/libcircle.a(interrupt.o)
 .comment       0x0000000000000031       0x32 ./circle/lib/libcircle.a(koptions.o)
 .comment       0x0000000000000031       0x32 ./circle/lib/libcircle.a(logger.o)
 .comment       0x0000000000000031       0x32 ./circle/lib/libcircle.a(machineinfo.o)
 .comment       0x0000000000000031       0x32 ./circle/lib/libcircle.a(screen.o)
 .comment       0x0000000000000031       0x32 ./circle/lib/libcircle.a(serial.o)
 .comment       0x0000000000000031       0x32 ./circle/lib/libcircle.a(string.o)
 .comment       0x0000000000000031       0x32 ./circle/lib/libcircle.a(sysinit.o)
 .comment       0x0000000000000031       0x32 ./circle/lib/libcircle.a(timer.o)
 .comment       0x0000000000000031       0x32 ./circle/lib/libcircle.a(util.o)
 .comment       0x0000000000000031       0x32 ./circle/lib/libcircle.a(virtualgpiopin.o)
 .comment       0x0000000000000031       0x32 ./circle/lib/libcircle.a(memory.o)
 .comment       0x0000000000000031       0x32 ./circle/lib/libcircle.a(pagetable.o)
 .comment       0x0000000000000031       0x32 ./circle/lib/libcircle.a(synchronize.o)
 .comment       0x0000000000000031       0x32 ./circle/lib/libcircle.a(new.o)
 .comment       0x0000000000000031       0x32 ./circle/lib/libcircle.a(alloc.o)
 .comment       0x0000000000000031       0x32 ./circle/lib/libcircle.a(assert.o)
 .comment       0x0000000000000031       0x32 ./circle/lib/libcircle.a(bcmframebuffer.o)
 .comment       0x0000000000000031       0x32 ./circle/lib/libcircle.a(bcmmailbox.o)
 .comment       0x0000000000000031       0x32 ./circle/lib/libcircle.a(chargenerator.o)
 .comment       0x0000000000000031       0x32 ./circle/lib/libcircle.a(debug.o)
 .comment       0x0000000000000031       0x32 ./circle/lib/libcircle.a(device.o)
 .comment       0x0000000000000031       0x32 ./circle/lib/libcircle.a(gpiomanager.o)
 .comment       0x0000000000000031       0x32 ./circle/lib/libcircle.a(ptrlist.o)
 .comment       0x0000000000000031       0x32 ./circle/lib/libcircle.a(exceptionhandler.o)

.ARM.attributes
                0x0000000000000000       0x2e
 .ARM.attributes
                0x0000000000000000       0x30 src/main.o
 .ARM.attributes
                0x0000000000000030       0x30 src/kernel.o
 .ARM.attributes
                0x0000000000000060       0x30 src/System/lowlev.o
 .ARM.attributes
                0x0000000000000090       0x30 src/TargetBus/BusRaider.o
 .ARM.attributes
                0x00000000000000c0       0x30 src/TargetBus/TargetMemory.o
 .ARM.attributes
                0x00000000000000f0       0x30 ./circle/lib/libcircle.a(actled.o)
 .ARM.attributes
                0x0000000000000120       0x30 ./circle/lib/libcircle.a(bcmpropertytags.o)
 .ARM.attributes
                0x0000000000000150       0x30 ./circle/lib/libcircle.a(devicenameservice.o)
 .ARM.attributes
                0x0000000000000180       0x30 ./circle/lib/libcircle.a(gpiopin.o)
 .ARM.attributes
                0x00000000000001b0       0x30 ./circle/lib/libcircle.a(interrupt.o)
 .ARM.attributes
                0x00000000000001e0       0x30 ./circle/lib/libcircle.a(koptions.o)
 .ARM.attributes
                0x0000000000000210       0x30 ./circle/lib/libcircle.a(logger.o)
 .ARM.attributes
                0x0000000000000240       0x30 ./circle/lib/libcircle.a(machineinfo.o)
 .ARM.attributes
                0x0000000000000270       0x30 ./circle/lib/libcircle.a(screen.o)
 .ARM.attributes
                0x00000000000002a0       0x30 ./circle/lib/libcircle.a(serial.o)
 .ARM.attributes
                0x00000000000002d0       0x30 ./circle/lib/libcircle.a(string.o)
 .ARM.attributes
                0x0000000000000300       0x30 ./circle/lib/libcircle.a(sysinit.o)
 .ARM.attributes
                0x0000000000000330       0x30 ./circle/lib/libcircle.a(timer.o)
 .ARM.attributes
                0x0000000000000360       0x30 ./circle/lib/libcircle.a(util.o)
 .ARM.attributes
                0x0000000000000390       0x1c ./circle/lib/libcircle.a(util_fast.o)
 .ARM.attributes
                0x00000000000003ac       0x30 ./circle/lib/libcircle.a(virtualgpiopin.o)
 .ARM.attributes
                0x00000000000003dc       0x1c ./circle/lib/libcircle.a(exceptionstub.o)
 .ARM.attributes
                0x00000000000003f8       0x30 ./circle/lib/libcircle.a(memory.o)
 .ARM.attributes
                0x0000000000000428       0x30 ./circle/lib/libcircle.a(pagetable.o)
 .ARM.attributes
                0x0000000000000458       0x1c ./circle/lib/libcircle.a(startup.o)
 .ARM.attributes
                0x0000000000000474       0x30 ./circle/lib/libcircle.a(synchronize.o)
 .ARM.attributes
                0x00000000000004a4       0x30 ./circle/lib/libcircle.a(new.o)
 .ARM.attributes
                0x00000000000004d4       0x30 ./circle/lib/libcircle.a(alloc.o)
 .ARM.attributes
                0x0000000000000504       0x30 ./circle/lib/libcircle.a(assert.o)
 .ARM.attributes
                0x0000000000000534       0x30 ./circle/lib/libcircle.a(bcmframebuffer.o)
 .ARM.attributes
                0x0000000000000564       0x30 ./circle/lib/libcircle.a(bcmmailbox.o)
 .ARM.attributes
                0x0000000000000594       0x30 ./circle/lib/libcircle.a(chargenerator.o)
 .ARM.attributes
                0x00000000000005c4       0x30 ./circle/lib/libcircle.a(debug.o)
 .ARM.attributes
                0x00000000000005f4       0x1c ./circle/lib/libcircle.a(delayloop.o)
 .ARM.attributes
                0x0000000000000610       0x30 ./circle/lib/libcircle.a(device.o)
 .ARM.attributes
                0x0000000000000640       0x30 ./circle/lib/libcircle.a(gpiomanager.o)
 .ARM.attributes
                0x0000000000000670       0x30 ./circle/lib/libcircle.a(ptrlist.o)
 .ARM.attributes
                0x00000000000006a0       0x30 ./circle/lib/libcircle.a(exceptionhandler.o)
 .ARM.attributes
                0x00000000000006d0       0x18 /usr/lib/gcc/arm-none-eabi/6.3.1/hard/libgcc.a(_udivsi3.o)
 .ARM.attributes
                0x00000000000006e8       0x18 /usr/lib/gcc/arm-none-eabi/6.3.1/hard/libgcc.a(_dvmd_tls.o)

.debug_frame    0x0000000000000000     0x29ec
 .debug_frame   0x0000000000000000       0x2c src/main.o
 .debug_frame   0x000000000000002c      0x178 src/kernel.o
 .debug_frame   0x00000000000001a4       0x50 src/System/lowlev.o
 .debug_frame   0x00000000000001f4      0x49c src/TargetBus/BusRaider.o
 .debug_frame   0x0000000000000690       0xb0 src/TargetBus/TargetMemory.o
 .debug_frame   0x0000000000000740       0x98 ./circle/lib/libcircle.a(actled.o)
 .debug_frame   0x00000000000007d8       0x84 ./circle/lib/libcircle.a(bcmpropertytags.o)
 .debug_frame   0x000000000000085c      0x19c ./circle/lib/libcircle.a(devicenameservice.o)
 .debug_frame   0x00000000000009f8      0x2b8 ./circle/lib/libcircle.a(gpiopin.o)
 .debug_frame   0x0000000000000cb0      0x1a8 ./circle/lib/libcircle.a(interrupt.o)
 .debug_frame   0x0000000000000e58      0x140 ./circle/lib/libcircle.a(koptions.o)
 .debug_frame   0x0000000000000f98      0x19c ./circle/lib/libcircle.a(logger.o)
 .debug_frame   0x0000000000001134      0x134 ./circle/lib/libcircle.a(machineinfo.o)
 .debug_frame   0x0000000000001268      0x488 ./circle/lib/libcircle.a(screen.o)
 .debug_frame   0x00000000000016f0      0x1d4 ./circle/lib/libcircle.a(serial.o)
 .debug_frame   0x00000000000018c4      0x280 ./circle/lib/libcircle.a(string.o)
 .debug_frame   0x0000000000001b44       0x58 ./circle/lib/libcircle.a(sysinit.o)
 .debug_frame   0x0000000000001b9c      0x304 ./circle/lib/libcircle.a(timer.o)
 .debug_frame   0x0000000000001ea0      0x114 ./circle/lib/libcircle.a(util.o)
 .debug_frame   0x0000000000001fb4       0xb4 ./circle/lib/libcircle.a(virtualgpiopin.o)
 .debug_frame   0x0000000000002068       0xa8 ./circle/lib/libcircle.a(memory.o)
 .debug_frame   0x0000000000002110       0x54 ./circle/lib/libcircle.a(pagetable.o)
 .debug_frame   0x0000000000002164       0x74 ./circle/lib/libcircle.a(synchronize.o)
 .debug_frame   0x00000000000021d8       0x70 ./circle/lib/libcircle.a(new.o)
 .debug_frame   0x0000000000002248      0x108 ./circle/lib/libcircle.a(alloc.o)
 .debug_frame   0x0000000000002350       0x34 ./circle/lib/libcircle.a(assert.o)
 .debug_frame   0x0000000000002384      0x188 ./circle/lib/libcircle.a(bcmframebuffer.o)
 .debug_frame   0x000000000000250c       0xa8 ./circle/lib/libcircle.a(bcmmailbox.o)
 .debug_frame   0x00000000000025b4       0x7c ./circle/lib/libcircle.a(chargenerator.o)
 .debug_frame   0x0000000000002630       0x70 ./circle/lib/libcircle.a(debug.o)
 .debug_frame   0x00000000000026a0       0x68 ./circle/lib/libcircle.a(device.o)
 .debug_frame   0x0000000000002708       0xdc ./circle/lib/libcircle.a(gpiomanager.o)
 .debug_frame   0x00000000000027e4      0x104 ./circle/lib/libcircle.a(ptrlist.o)
 .debug_frame   0x00000000000028e8       0xe4 ./circle/lib/libcircle.a(exceptionhandler.o)
 .debug_frame   0x00000000000029cc       0x20 /usr/lib/gcc/arm-none-eabi/6.3.1/hard/libgcc.a(_udivsi3.o)

.debug_ranges   0x0000000000000000     0x1770
 .debug_ranges  0x0000000000000000       0x18 src/kernel.o
 .debug_ranges  0x0000000000000018       0x40 ./circle/lib/libcircle.a(actled.o)
 .debug_ranges  0x0000000000000058      0x100 ./circle/lib/libcircle.a(devicenameservice.o)
 .debug_ranges  0x0000000000000158      0x240 ./circle/lib/libcircle.a(gpiopin.o)
 .debug_ranges  0x0000000000000398       0x48 ./circle/lib/libcircle.a(interrupt.o)
 .debug_ranges  0x00000000000003e0       0xa0 ./circle/lib/libcircle.a(koptions.o)
 .debug_ranges  0x0000000000000480      0x140 ./circle/lib/libcircle.a(logger.o)
 .debug_ranges  0x00000000000005c0       0x68 ./circle/lib/libcircle.a(machineinfo.o)
 .debug_ranges  0x0000000000000628      0x340 ./circle/lib/libcircle.a(screen.o)
 .debug_ranges  0x0000000000000968      0x310 ./circle/lib/libcircle.a(serial.o)
 .debug_ranges  0x0000000000000c78      0x2b0 ./circle/lib/libcircle.a(string.o)
 .debug_ranges  0x0000000000000f28       0x30 ./circle/lib/libcircle.a(sysinit.o)
 .debug_ranges  0x0000000000000f58      0x368 ./circle/lib/libcircle.a(timer.o)
 .debug_ranges  0x00000000000012c0       0x70 ./circle/lib/libcircle.a(util.o)
 .debug_ranges  0x0000000000001330       0xb8 ./circle/lib/libcircle.a(virtualgpiopin.o)
 .debug_ranges  0x00000000000013e8       0x40 ./circle/lib/libcircle.a(memory.o)
 .debug_ranges  0x0000000000001428       0x40 ./circle/lib/libcircle.a(pagetable.o)
 .debug_ranges  0x0000000000001468      0x150 ./circle/lib/libcircle.a(alloc.o)
 .debug_ranges  0x00000000000015b8       0x60 ./circle/lib/libcircle.a(bcmframebuffer.o)
 .debug_ranges  0x0000000000001618       0xa8 ./circle/lib/libcircle.a(bcmmailbox.o)
 .debug_ranges  0x00000000000016c0       0x20 ./circle/lib/libcircle.a(debug.o)
 .debug_ranges  0x00000000000016e0       0x48 ./circle/lib/libcircle.a(gpiomanager.o)
 .debug_ranges  0x0000000000001728       0x48 ./circle/lib/libcircle.a(exceptionhandler.o)

.debug_loc      0x0000000000000000     0xb585
 .debug_loc     0x0000000000000000      0x360 ./circle/lib/libcircle.a(actled.o)
 .debug_loc     0x0000000000000360      0x248 ./circle/lib/libcircle.a(bcmpropertytags.o)
 .debug_loc     0x00000000000005a8      0x82c ./circle/lib/libcircle.a(devicenameservice.o)
 .debug_loc     0x0000000000000dd4      0xdf6 ./circle/lib/libcircle.a(gpiopin.o)
 .debug_loc     0x0000000000001bca      0x667 ./circle/lib/libcircle.a(interrupt.o)
 .debug_loc     0x0000000000002231      0x3b6 ./circle/lib/libcircle.a(koptions.o)
 .debug_loc     0x00000000000025e7      0x80f ./circle/lib/libcircle.a(logger.o)
 .debug_loc     0x0000000000002df6      0x31d ./circle/lib/libcircle.a(machineinfo.o)
 .debug_loc     0x0000000000003113     0x169b ./circle/lib/libcircle.a(screen.o)
 .debug_loc     0x00000000000047ae     0x10b8 ./circle/lib/libcircle.a(serial.o)
 .debug_loc     0x0000000000005866     0x1cfc ./circle/lib/libcircle.a(string.o)
 .debug_loc     0x0000000000007562       0x92 ./circle/lib/libcircle.a(sysinit.o)
 .debug_loc     0x00000000000075f4     0x12b2 ./circle/lib/libcircle.a(timer.o)
 .debug_loc     0x00000000000088a6      0xad0 ./circle/lib/libcircle.a(util.o)
 .debug_loc     0x0000000000009376      0x32f ./circle/lib/libcircle.a(virtualgpiopin.o)
 .debug_loc     0x00000000000096a5      0x221 ./circle/lib/libcircle.a(memory.o)
 .debug_loc     0x00000000000098c6       0x79 ./circle/lib/libcircle.a(pagetable.o)
 .debug_loc     0x000000000000993f       0x88 ./circle/lib/libcircle.a(synchronize.o)
 .debug_loc     0x00000000000099c7       0x84 ./circle/lib/libcircle.a(new.o)
 .debug_loc     0x0000000000009a4b      0x6c1 ./circle/lib/libcircle.a(alloc.o)
 .debug_loc     0x000000000000a10c       0x84 ./circle/lib/libcircle.a(assert.o)
 .debug_loc     0x000000000000a190      0x3cf ./circle/lib/libcircle.a(bcmframebuffer.o)
 .debug_loc     0x000000000000a55f      0x256 ./circle/lib/libcircle.a(bcmmailbox.o)
 .debug_loc     0x000000000000a7b5      0x1cf ./circle/lib/libcircle.a(chargenerator.o)
 .debug_loc     0x000000000000a984      0x164 ./circle/lib/libcircle.a(debug.o)
 .debug_loc     0x000000000000aae8       0x60 ./circle/lib/libcircle.a(device.o)
 .debug_loc     0x000000000000ab48      0x3ec ./circle/lib/libcircle.a(gpiomanager.o)
 .debug_loc     0x000000000000af34      0x352 ./circle/lib/libcircle.a(ptrlist.o)
 .debug_loc     0x000000000000b286      0x2ff ./circle/lib/libcircle.a(exceptionhandler.o)
