Archive member included to satisfy reference by file (symbol)

./circle/lib/usb/libusb.a(dwhcidevice.o)
                              src/kernel.o (CDWHCIDevice::~CDWHCIDevice())
./circle/lib/usb/libusb.a(dwhciregister.o)
                              ./circle/lib/usb/libusb.a(dwhcidevice.o) (CDWHCIRegister::CDWHCIRegister(unsigned int))
./circle/lib/usb/libusb.a(dwhcixferstagedata.o)
                              ./circle/lib/usb/libusb.a(dwhcidevice.o) (CDWHCITransferStageData::~CDWHCITransferStageData())
./circle/lib/usb/libusb.a(usbdevice.o)
                              ./circle/lib/usb/libusb.a(dwhcixferstagedata.o) (CUSBDevice::GetAddress() const)
./circle/lib/usb/libusb.a(usbendpoint.o)
                              ./circle/lib/usb/libusb.a(usbdevice.o) (CUSBEndpoint::CUSBEndpoint(CUSBDevice*))
./circle/lib/usb/libusb.a(usbhostcontroller.o)
                              ./circle/lib/usb/libusb.a(dwhcidevice.o) (CUSBHostController::CUSBHostController())
./circle/lib/usb/libusb.a(usbrequest.o)
                              ./circle/lib/usb/libusb.a(usbhostcontroller.o) (CUSBRequest::CUSBRequest(CUSBEndpoint*, void*, unsigned int, TSetupData*))
./circle/lib/usb/libusb.a(usbdevicefactory.o)
                              ./circle/lib/usb/libusb.a(usbdevice.o) (CUSBDeviceFactory::GetDevice(CUSBFunction*, CString*))
./circle/lib/usb/libusb.a(usbstandardhub.o)
                              ./circle/lib/usb/libusb.a(usbdevicefactory.o) (CUSBStandardHub::CUSBStandardHub(CUSBFunction*))
./circle/lib/usb/libusb.a(usbmassdevice.o)
                              ./circle/lib/usb/libusb.a(usbdevicefactory.o) (CUSBBulkOnlyMassStorageDevice::CUSBBulkOnlyMassStorageDevice(CUSBFunction*))
./circle/lib/usb/libusb.a(dwhciframeschednper.o)
                              ./circle/lib/usb/libusb.a(dwhcixferstagedata.o) (CDWHCIFrameSchedulerNonPeriodic::CDWHCIFrameSchedulerNonPeriodic())
./circle/lib/usb/libusb.a(dwhciframeschedper.o)
                              ./circle/lib/usb/libusb.a(dwhcixferstagedata.o) (CDWHCIFrameSchedulerPeriodic::CDWHCIFrameSchedulerPeriodic())
./circle/lib/usb/libusb.a(usbkeyboard.o)
                              ./circle/lib/usb/libusb.a(usbdevicefactory.o) (CUSBKeyboardDevice::CUSBKeyboardDevice(CUSBFunction*))
./circle/lib/usb/libusb.a(dwhcirootport.o)
                              ./circle/lib/usb/libusb.a(dwhcidevice.o) (CDWHCIRootPort::CDWHCIRootPort(CDWHCIDevice*))
./circle/lib/usb/libusb.a(usbhiddevice.o)
                              ./circle/lib/usb/libusb.a(usbkeyboard.o) (CUSBHIDDevice::CUSBHIDDevice(CUSBFunction*, unsigned int))
./circle/lib/usb/libusb.a(usbmouse.o)
                              ./circle/lib/usb/libusb.a(usbdevicefactory.o) (CUSBMouseDevice::CUSBMouseDevice(CUSBFunction*))
./circle/lib/usb/libusb.a(usbgamepadstandard.o)
                              ./circle/lib/usb/libusb.a(usbdevicefactory.o) (CUSBGamePadStandardDevice::CUSBGamePadStandardDevice(CUSBFunction*, bool))
./circle/lib/usb/libusb.a(usbgamepadps3.o)
                              ./circle/lib/usb/libusb.a(usbdevicefactory.o) (CUSBGamePadPS3Device::CUSBGamePadPS3Device(CUSBFunction*))
./circle/lib/usb/libusb.a(usbgamepadps4.o)
                              ./circle/lib/usb/libusb.a(usbdevicefactory.o) (CUSBGamePadPS4Device::CUSBGamePadPS4Device(CUSBFunction*))
./circle/lib/usb/libusb.a(usbgamepadxbox360.o)
                              ./circle/lib/usb/libusb.a(usbdevicefactory.o) (CUSBGamePadXbox360Device::CUSBGamePadXbox360Device(CUSBFunction*))
./circle/lib/usb/libusb.a(usbgamepadxboxone.o)
                              ./circle/lib/usb/libusb.a(usbdevicefactory.o) (CUSBGamePadXboxOneDevice::CUSBGamePadXboxOneDevice(CUSBFunction*))
./circle/lib/usb/libusb.a(usbgamepadswitchpro.o)
                              ./circle/lib/usb/libusb.a(usbdevicefactory.o) (CUSBGamePadSwitchProDevice::CUSBGamePadSwitchProDevice(CUSBFunction*))
./circle/lib/usb/libusb.a(usbfunction.o)
                              ./circle/lib/usb/libusb.a(usbstandardhub.o) (CUSBFunction::Initialize())
./circle/lib/usb/libusb.a(dwhciframeschednsplit.o)
                              ./circle/lib/usb/libusb.a(dwhcixferstagedata.o) (CDWHCIFrameSchedulerNoSplit::CDWHCIFrameSchedulerNoSplit(bool))
./circle/lib/usb/libusb.a(usbprinter.o)
                              ./circle/lib/usb/libusb.a(usbdevicefactory.o) (CUSBPrinterDevice::CUSBPrinterDevice(CUSBFunction*))
./circle/lib/usb/libusb.a(usbbluetooth.o)
                              ./circle/lib/usb/libusb.a(usbdevicefactory.o) (CUSBBluetoothDevice::CUSBBluetoothDevice(CUSBFunction*))
./circle/lib/usb/libusb.a(usbmidi.o)
                              ./circle/lib/usb/libusb.a(usbdevicefactory.o) (CUSBMIDIDevice::CUSBMIDIDevice(CUSBFunction*))
./circle/lib/usb/libusb.a(usbcdcethernet.o)
                              ./circle/lib/usb/libusb.a(usbdevicefactory.o) (CUSBCDCEthernetDevice::CUSBCDCEthernetDevice(CUSBFunction*))
./circle/lib/usb/libusb.a(usbconfigparser.o)
[...]
Memory Configuration

Name             Origin             Length             Attributes
*default*        0x0000000000000000 0xffffffffffffffff

Linker script and memory map

Address of section .init set to 0x8000

.init           0x0000000000008000       0x64
 *(.init)
 .init          0x0000000000008000       0x64 ./circle/lib/libcircle.a(startup.o)
                0x0000000000008000                _start

.text           0x0000000000008068    0x1c38c
 *(.text*)
 .text          0x0000000000008068        0x0 src/main.o
 .text.startup  0x0000000000008068       0x44 src/main.o
                0x0000000000008068                main
 .text          0x00000000000080ac      0x86c src/kernel.o
                0x00000000000080ac                DoChangeMachine(char const*)
                0x00000000000080b0                CKernel::ShutdownHandler()
                0x00000000000080f8                CKernel::KeyPressedHandler(char const*)
                0x0000000000008178                pinRawWrite(int, bool)
                0x00000000000081d0                pinRawMode(int, bool, bool)
                0x0000000000008284                pinRawRead(int)
                0x00000000000082b0                micros()
                0x00000000000082c0                CKernel::CKernel()
                0x00000000000082c0                CKernel::CKernel()
                0x00000000000083dc                CKernel::Initialize()
                0x0000000000008484                CKernel::testTiming(int)
                0x00000000000085b8                CKernel::Run()
                0x000000000000877c                CKernel::~CKernel()
                0x000000000000877c                CKernel::~CKernel()
                0x0000000000008818                CKernel::KeyStatusHandlerRaw(unsigned char, unsigned char const*)
 .text          0x0000000000008918       0x70 src/System/lowlev.o
                0x0000000000008918                lowlevCycleDelay
                0x0000000000008934                lowlevBlockCopyExecRelocatable
                0x0000000000008960                lowlevBlockCopyExecRelocatableLen
                0x0000000000008968                lowlevGoto
                0x0000000000008974                lowlevStoreAbs8
 .text          0x0000000000008988      0xdb4 src/Target/BusRaider.o
                0x00000000000089b4                BusRaider::BusRaider()
                0x00000000000089b4                BusRaider::BusRaider()
                0x0000000000008a80                BusRaider::hostReset()
                0x0000000000008ae8                BusRaider::hostResetHold()
                0x0000000000008b0c                BusRaider::hostNMI()
                0x0000000000008b38                BusRaider::hostIRQ()
                0x0000000000008b64                BusRaider::controlRequestBus()
                0x0000000000008b8c                BusRaider::controlBusAcknowledged()
                0x0000000000008ba4                BusRaider::controlTake()
                0x0000000000008c30                BusRaider::controlRelease(bool)
                0x0000000000008cd4                BusRaider::controlReqAndTake()
                0x0000000000008d64                BusRaider::addrLowSet(unsigned long)
                0x0000000000008dd8                BusRaider::addrLowInc()
                0x0000000000008e04                BusRaider::addrHighSet(unsigned long)
                0x0000000000008e6c                BusRaider::addrSet(unsigned int)
                0x0000000000008e90                BusRaider::byteWrite(unsigned long, int)
                0x0000000000008f2c                BusRaider::byteRead(int)
                0x0000000000008fb4                BusRaider::blockWrite(unsigned long, unsigned char const*, unsigned long, int, int)
                0x0000000000009118                BusRaider::blockRead(unsigned long, unsigned char*, unsigned long, int, int)
                0x0000000000009298                BusRaider::muxSet(int)
                0x00000000000092b4                BusRaider::muxClear()
                0x00000000000092c8                BusRaider::waitIntClear()
                0x00000000000092dc                BusRaider::waitIntDisable()
                0x00000000000092e0                BusRaider::waitIntEnable()
                0x00000000000092e8                BusRaider::pibSetOut()
                0x000000000000930c                BusRaider::pibSetIn()
                0x0000000000009324                BusRaider::pibSetValue(unsigned char)
                0x0000000000009344                BusRaider::pibGetValue()
                0x000000000000935c                BusRaider::pinRawMode(int, bool, bool)
                0x0000000000009468                BusRaider::setPinOut(CGPIOPin&, int, bool)
                0x0000000000009474                BusRaider::setPinIn(CGPIOPin&, int)
                0x0000000000009484                BusRaider::init()
                0x0000000000009620                BusRaider::pinRawWrite(int, bool)
                0x0000000000009660                BusRaider::pinRawRead(int)
                0x0000000000009684                BusRaider::~BusRaider()
                0x0000000000009684                BusRaider::~BusRaider()
 .text          0x000000000000973c      0x12c src/Target/TargetMemory.o
                0x000000000000973c                TargetMemory::clear()
                0x0000000000009784                TargetMemory::dataBlockStore(unsigned long, unsigned char const*, unsigned long)
                0x000000000000984c                TargetMemory::getNumBlocks()
                0x0000000000009858                TargetMemory::getMemoryBlock(int)
                0x0000000000009864                TargetMemory::memoryPtr()
 .text          0x0000000000009868      0x2d0 src/Target/TargetScreen.o
                0x0000000000009868                TargetScreen::TargetScreen(CScreenDevice&, TargetFonts&)
                0x0000000000009868                TargetScreen::TargetScreen(CScreenDevice&, TargetFonts&)
                0x0000000000009874                TargetScreen::~TargetScreen()
                0x0000000000009874                TargetScreen::~TargetScreen()
                0x0000000000009878                TargetScreen::setup(int, int, int, int, char const*, unsigned short, unsigned short, int, int, int, int, int, int)
                0x0000000000009968                TargetScreen::putChar(int, int, int)
 .text          0x0000000000009b38       0x8c src/Target/TargetFonts.o
                0x0000000000009b38                TargetFonts::TargetFonts()
                0x0000000000009b38                TargetFonts::TargetFonts()
                0x0000000000009b44                TargetFonts::~TargetFonts()
                0x0000000000009b44                TargetFonts::~TargetFonts()
                0x0000000000009b48                TargetFonts::addFont(TargetFont*)
                0x0000000000009b60                TargetFonts::getFont(char const*)
 .text          0x0000000000009bc4        0x0 src/Fonts/FontTRS80Level1.o
 .text.startup  0x0000000000009bc4       0x5c src/Fonts/FontTRS80Level1.o
 .text          0x0000000000009c20      0x434 src/CommandInterface/MiniHDLC.o
                0x0000000000009cac                MiniHDLC::MiniHDLC(void (*)(unsigned char), void (*)(unsigned char const*, int), bool, bool)
                0x0000000000009cac                MiniHDLC::MiniHDLC(void (*)(unsigned char), void (*)(unsigned char const*, int), bool, bool)
                0x0000000000009cf4                MiniHDLC::handleChar(unsigned char)
                0x0000000000009d94                MiniHDLC::handleBit(unsigned char)
                0x0000000000009e18                MiniHDLC::handleBuffer(unsigned char*, int)
                0x0000000000009e48                MiniHDLC::crcUpdateCCITT(unsigned short, unsigned char)
                0x0000000000009e68                MiniHDLC::sendChar(unsigned char)
                0x0000000000009ec8                MiniHDLC::sendCharWithStuffing(unsigned char)
                0x0000000000009f68                MiniHDLC::sendEscaped(unsigned char)
                0x0000000000009fac                MiniHDLC::sendFrame(unsigned char const*, int)
 .text          0x000000000000a054      0x16c src/CommandInterface/CommandHandler.o
                0x000000000000a054                CommandHandler::static_hdlcPutCh(unsigned char)
                0x000000000000a098                CommandHandler::static_hdlcFrameRx(unsigned char const*, int)
                0x000000000000a0b8                CommandHandler::CommandHandler(CSerialDevice&, void (*)(char const*))
                0x000000000000a0b8                CommandHandler::CommandHandler(CSerialDevice&, void (*)(char const*))
                0x000000000000a114                CommandHandler::~CommandHandler()
                0x000000000000a114                CommandHandler::~CommandHandler()
                0x000000000000a118                CommandHandler::hdlcPutCh(unsigned char)
                0x000000000000a148                CommandHandler::hdlcFrameRx(unsigned char const*, int)
                0x000000000000a158                CommandHandler::service()
 .text          0x000000000000a1c0     0x2688 ./circle/lib/usb/libusb.a(dwhcidevice.o)
                0x000000000000a1c0                CDWHCIDevice::CompletionRoutine(CUSBRequest*, void*, void*)
                0x000000000000a220                CDWHCIDevice::~CDWHCIDevice()
                0x000000000000a220                CDWHCIDevice::~CDWHCIDevice()
                0x000000000000a254                CDWHCIDevice::~CDWHCIDevice()
                0x000000000000a2f0                CDWHCIDevice::CDWHCIDevice(CInterruptSystem*, CTimer*)
                0x000000000000a2f0                CDWHCIDevice::CDWHCIDevice(CInterruptSystem*, CTimer*)
                0x000000000000a3cc                CDWHCIDevice::GetPortSpeed()
                0x000000000000a420                CDWHCIDevice::OvercurrentDetected()
                0x000000000000a45c                CDWHCIDevice::DisableRootPort()
                0x000000000000a4a0                CDWHCIDevice::PowerOn()
                0x000000000000a508                CDWHCIDevice::EnableGlobalInterrupts()
                0x000000000000a54c                CDWHCIDevice::EnableCommonInterrupts()
                0x000000000000a584                CDWHCIDevice::EnableHostInterrupts()
                0x000000000000a5e0                CDWHCIDevice::EnableChannelInterrupt(unsigned int)
                0x000000000000a654                CDWHCIDevice::DisableChannelInterrupt(unsigned int)
                0x000000000000a6c8                CDWHCIDevice::StartChannel(CDWHCITransferStageData*)
                0x000000000000aaa0                CDWHCIDevice::StartTransaction(CDWHCITransferStageData*)
                0x000000000000abbc                CDWHCIDevice::TimerHandler(CDWHCITransferStageData*)
                0x000000000000ac80                CDWHCIDevice::TimerStub(unsigned int, void*, void*)
                0x000000000000acf0                CDWHCIDevice::AllocateChannel()
                0x000000000000adc8                CDWHCIDevice::FreeChannel(unsigned int)
                0x000000000000ae64                CDWHCIDevice::TransferStageAsync(CUSBRequest*, bool, bool, unsigned int)
                0x000000000000afcc                CDWHCIDevice::SubmitAsyncRequest(CUSBRequest*, unsigned int)
                0x000000000000b0ac                CDWHCIDevice::ChannelInterruptHandler(unsigned int)
                0x000000000000b5ec                CDWHCIDevice::InterruptHandler()
                0x000000000000b6ec                CDWHCIDevice::InterruptStub(void*)
                0x000000000000b72c                CDWHCIDevice::AllocateWaitBlock()
                0x000000000000b7a0                CDWHCIDevice::FreeWaitBlock(unsigned int)
                0x000000000000b838                CDWHCIDevice::TransferStage(CUSBRequest*, bool, bool, unsigned int)
                0x000000000000b94c                CDWHCIDevice::SubmitBlockingRequest(CUSBRequest*, unsigned int)
                0x000000000000bc00                CDWHCIDevice::WaitForBit(CDWHCIRegister*, unsigned int, bool, unsigned int)
                0x000000000000bd00                CDWHCIDevice::EnableRootPort()
                0x000000000000bdbc                CDWHCIDevice::Reset()
                0x000000000000be5c                CDWHCIDevice::InitCore()
                0x000000000000c0b8                CDWHCIDevice::FlushTxFIFO(unsigned int)
                0x000000000000c154                CDWHCIDevice::FlushRxFIFO()
                0x000000000000c1d4                CDWHCIDevice::InitHost()
                0x000000000000c3d4                CDWHCIDevice::Initialize()
                0x000000000000c640                CDWHCIDevice::DumpRegister(char const*, unsigned int)
                0x000000000000c6a0                CDWHCIDevice::DumpStatus(unsigned int)
 .text          0x000000000000c848      0x2f8 ./circle/lib/usb/libusb.a(dwhciregister.o)
                0x000000000000c848                CDWHCIRegister::CDWHCIRegister(unsigned int)
                0x000000000000c848                CDWHCIRegister::CDWHCIRegister(unsigned int)
                0x000000000000c858                CDWHCIRegister::CDWHCIRegister(unsigned int, unsigned int)
                0x000000000000c858                CDWHCIRegister::CDWHCIRegister(unsigned int, unsigned int)
                0x000000000000c868                CDWHCIRegister::~CDWHCIRegister()
                0x000000000000c868                CDWHCIRegister::~CDWHCIRegister()
                0x000000000000c86c                CDWHCIRegister::Read()
                0x000000000000c888                CDWHCIRegister::Write()
                0x000000000000c8c4                CDWHCIRegister::Get() const
                0x000000000000c8f8                CDWHCIRegister::Set(unsigned int)
                0x000000000000c908                CDWHCIRegister::IsSet(unsigned int) const
                0x000000000000c94c                CDWHCIRegister::And(unsigned int)
                0x000000000000c98c                CDWHCIRegister::Or(unsigned int)
                0x000000000000c9cc                CDWHCIRegister::ClearBit(unsigned int)
                0x000000000000ca30                CDWHCIRegister::SetBit(unsigned int)
                0x000000000000ca94                CDWHCIRegister::ClearAll()
                0x000000000000caa8                CDWHCIRegister::SetAll()
                0x000000000000cabc                CDWHCIRegister::Dump() const
 .text          0x000000000000cb40      0xbdc ./circle/lib/usb/libusb.a(dwhcixferstagedata.o)
                0x000000000000cb40                CDWHCITransferStageData::~CDWHCITransferStageData()
                0x000000000000cb40                CDWHCITransferStageData::~CDWHCITransferStageData()
                0x000000000000cb84                CDWHCITransferStageData::SetChannelNumber(unsigned int)
                0x000000000000cb8c                CDWHCITransferStageData::TransactionComplete(unsigned int, unsigned int, unsigned int)
                0x000000000000cd48                CDWHCITransferStageData::SetSplitComplete(bool)
                0x000000000000cd80                CDWHCITransferStageData::SetState(unsigned int)
                0x000000000000cd88                CDWHCITransferStageData::GetState() const
                0x000000000000cd90                CDWHCITransferStageData::SetSubState(unsigned int)
                0x000000000000cd98                CDWHCITransferStageData::GetSubState() const
                0x000000000000cda0                CDWHCITransferStageData::BeginSplitCycle()
                0x000000000000cda8                CDWHCITransferStageData::GetChannelNumber() const
                0x000000000000cdb0                CDWHCITransferStageData::IsPeriodic() const
                0x000000000000ce00                CDWHCITransferStageData::CDWHCITransferStageData(unsigned int, CUSBRequest*, bool, bool, unsigned int)
                0x000000000000ce00                CDWHCITransferStageData::CDWHCITransferStageData(unsigned int, CUSBRequest*, bool, bool, unsigned int)
                0x000000000000d120                CDWHCITransferStageData::GetDeviceAddress() const
                0x000000000000d168                CDWHCITransferStageData::GetEndpointType() const
                0x000000000000d1e8                CDWHCITransferStageData::GetEndpointNumber() const
                0x000000000000d230                CDWHCITransferStageData::GetMaxPacketSize() const
                0x000000000000d238                CDWHCITransferStageData::GetSpeed() const
                0x000000000000d240                CDWHCITransferStageData::GetPID() const
                0x000000000000d2c4                CDWHCITransferStageData::IsDirectionIn() const
                0x000000000000d2cc                CDWHCITransferStageData::IsStatusStage() const
                0x000000000000d2d4                CDWHCITransferStageData::GetDMAAddress() const
                0x000000000000d318                CDWHCITransferStageData::GetBytesToTransfer() const
                0x000000000000d320                CDWHCITransferStageData::GetPacketsToTransfer() const
                0x000000000000d328                CDWHCITransferStageData::IsSplit() const
                0x000000000000d330                CDWHCITransferStageData::IsSplitComplete() const
                0x000000000000d368                CDWHCITransferStageData::GetHubAddress() const
                0x000000000000d3d8                CDWHCITransferStageData::GetHubPortAddress() const
                0x000000000000d448                CDWHCITransferStageData::GetSplitPosition() const
                0x000000000000d450                CDWHCITransferStageData::GetStatusMask() const
                0x000000000000d484                CDWHCITransferStageData::GetTransactionStatus() const
                0x000000000000d4c8                CDWHCITransferStageData::IsStageComplete() const
                0x000000000000d4d8                CDWHCITransferStageData::GetResultLen() const
                0x000000000000d4ec                CDWHCITransferStageData::IsTimeout() const
                0x000000000000d52c                CDWHCITransferStageData::GetURB() const
                0x000000000000d56c                CDWHCITransferStageData::GetFrameScheduler() const
                0x000000000000d574                CDWHCITransferStageData::operator new(unsigned int)
                0x000000000000d5d8                CDWHCITransferStageData::operator delete(void*, unsigned int)
                0x000000000000d648                CDWHCITransferStageData::InitAllocator(unsigned int)
                0x000000000000d6a8                CDWHCITransferStageData::InitProtectedAllocator(unsigned int, unsigned int)
 .text          0x000000000000d71c      0xf18 ./circle/lib/usb/libusb.a(usbdevice.o)
                0x000000000000d71c                CUSBDevice::~CUSBDevice()
                0x000000000000d71c                CUSBDevice::~CUSBDevice()
                0x000000000000d7d0                CUSBDevice::~CUSBDevice()
                0x000000000000d7f0                CUSBDevice::CUSBDevice(CUSBHostController*, TUSBSpeed, bool, unsigned char, unsigned char)
                0x000000000000d7f0                CUSBDevice::CUSBDevice(CUSBHostController*, TUSBSpeed, bool, unsigned char, unsigned char)
                0x000000000000d8d4                CUSBDevice::GetName(TDeviceNameSelector) const
                0x000000000000d9f0                CUSBDevice::GetNames() const
                0x000000000000db30                CUSBDevice::SetAddress(unsigned char)
                0x000000000000db68                CUSBDevice::GetAddress() const
                0x000000000000db70                CUSBDevice::GetSpeed() const
                0x000000000000db78                CUSBDevice::IsSplit() const
                0x000000000000db80                CUSBDevice::GetHubAddress() const
                0x000000000000db88                CUSBDevice::GetHubPortNumber() const
                0x000000000000db90                CUSBDevice::GetEndpoint0() const
                0x000000000000dbd4                CUSBDevice::GetHost() const
                0x000000000000dc18                CUSBDevice::GetDeviceDescriptor() const
                0x000000000000dc5c                CUSBDevice::GetConfigurationDescriptor() const
                0x000000000000dca0                CUSBDevice::GetDescriptor(unsigned char)
                0x000000000000dcf0                CUSBDevice::ConfigurationError(char const*) const
                0x000000000000dd40                CUSBDevice::LogWrite(TLogSeverity, char const*, ...)
                0x000000000000ddf8                CUSBDevice::Initialize()
                0x000000000000e52c                CUSBDevice::Configure()
 .text          0x000000000000e634      0x48c ./circle/lib/usb/libusb.a(usbendpoint.o)
                0x000000000000e634                CUSBEndpoint::CUSBEndpoint(CUSBDevice*)
                0x000000000000e634                CUSBEndpoint::CUSBEndpoint(CUSBDevice*)
                0x000000000000e694                CUSBEndpoint::CUSBEndpoint(CUSBDevice*, TUSBEndpointDescriptor const*)
                0x000000000000e694                CUSBEndpoint::CUSBEndpoint(CUSBDevice*, TUSBEndpointDescriptor const*)
                0x000000000000e850                CUSBEndpoint::CUSBEndpoint(CUSBEndpoint*, CUSBDevice*)
                0x000000000000e850                CUSBEndpoint::CUSBEndpoint(CUSBEndpoint*, CUSBDevice*)
                0x000000000000e8dc                CUSBEndpoint::~CUSBEndpoint()
                0x000000000000e8dc                CUSBEndpoint::~CUSBEndpoint()
                0x000000000000e8e0                CUSBEndpoint::GetDevice() const
                0x000000000000e920                CUSBEndpoint::GetNumber() const
                0x000000000000e928                CUSBEndpoint::GetType() const
                0x000000000000e930                CUSBEndpoint::IsDirectionIn() const
                0x000000000000e938                CUSBEndpoint::SetMaxPacketSize(unsigned int)
                0x000000000000e940                CUSBEndpoint::GetMaxPacketSize() const
                0x000000000000e948                CUSBEndpoint::GetInterval() const
                0x000000000000e97c                CUSBEndpoint::GetNextPID(bool)
                0x000000000000e9c4                CUSBEndpoint::SkipPID(unsigned int, bool)
                0x000000000000ea88                CUSBEndpoint::ResetPID()
 .text          0x000000000000eac0      0x228 ./circle/lib/usb/libusb.a(usbhostcontroller.o)
                0x000000000000eac0                CUSBHostController::CUSBHostController()
                0x000000000000eac0                CUSBHostController::CUSBHostController()
                0x000000000000ead0                CUSBHostController::~CUSBHostController()
                0x000000000000ead0                CUSBHostController::~CUSBHostController()
                0x000000000000ead4                CUSBHostController::~CUSBHostController()
                0x000000000000eaec                CUSBHostController::ControlMessage(CUSBEndpoint*, unsigned char, unsigned char, unsigned short, unsigned short, void*, unsigned short)
                0x000000000000ebb4                CUSBHostController::GetDescriptor(CUSBEndpoint*, unsigned char, unsigned char, void*, unsigned int, unsigned char, unsigned short)
                0x000000000000ebec                CUSBHostController::SetAddress(CUSBEndpoint*, unsigned char)
                0x000000000000ec38                CUSBHostController::SetConfiguration(CUSBEndpoint*, unsigned char)
                0x000000000000ec84                CUSBHostController::Transfer(CUSBEndpoint*, void*, unsigned int, unsigned int)
 .text          0x000000000000ece8      0x3f4 ./circle/lib/usb/libusb.a(usbrequest.o)
                0x000000000000ece8                CUSBRequest::CUSBRequest(CUSBEndpoint*, void*, unsigned int, TSetupData*)
                0x000000000000ece8                CUSBRequest::CUSBRequest(CUSBEndpoint*, void*, unsigned int, TSetupData*)
                0x000000000000ed7c                CUSBRequest::~CUSBRequest()
                0x000000000000ed7c                CUSBRequest::~CUSBRequest()
                0x000000000000ed80                CUSBRequest::GetEndpoint() const
                0x000000000000edc0                CUSBRequest::SetStatus(int)
                0x000000000000edc8                CUSBRequest::SetResultLen(unsigned int)
                0x000000000000edd0                CUSBRequest::GetStatus() const
                0x000000000000edd8                CUSBRequest::GetResultLength() const
                0x000000000000ee0c                CUSBRequest::GetSetupData()
                0x000000000000ee68                CUSBRequest::GetBuffer()
                0x000000000000eeb4                CUSBRequest::GetBufLen() const
                0x000000000000eebc                CUSBRequest::SetCompletionRoutine(void (*)(CUSBRequest*, void*, void*), void*, void*)
                0x000000000000eee8                CUSBRequest::CallCompletionRoutine()
                0x000000000000ef30                CUSBRequest::SetCompleteOnNAK()
                0x000000000000ef3c                CUSBRequest::IsCompleteOnNAK() const
                0x000000000000ef44                CUSBRequest::operator new(unsigned int)
                0x000000000000efa4                CUSBRequest::operator delete(void*, unsigned int)
                0x000000000000f010                CUSBRequest::InitAllocator(unsigned int)
                0x000000000000f06c                CUSBRequest::InitProtectedAllocator(unsigned int, unsigned int)
 .text          0x000000000000f0dc      0x474 ./circle/lib/usb/libusb.a(usbdevicefactory.o)
                0x000000000000f0dc                CUSBDeviceFactory::GetDevice(CUSBFunction*, CString*)
 .text          0x000000000000f550      0xabc ./circle/lib/usb/libusb.a(usbstandardhub.o)
                0x000000000000f550                CUSBStandardHub::~CUSBStandardHub()
                0x000000000000f550                CUSBStandardHub::~CUSBStandardHub()
                0x000000000000f5e8                CUSBStandardHub::~CUSBStandardHub()
                0x000000000000f608                CUSBStandardHub::CUSBStandardHub(CUSBFunction*)
                0x000000000000f608                CUSBStandardHub::CUSBStandardHub(CUSBFunction*)
                0x000000000000f654                CUSBStandardHub::EnumeratePorts()
                0x000000000000fdf4                CUSBStandardHub::Configure()
 .text          0x000000000001000c      0xcf4 ./circle/lib/usb/libusb.a(usbmassdevice.o)
                0x000000000001000c                CUSBBulkOnlyMassStorageDevice::Seek(unsigned long long)
                0x000000000001001c                CUSBBulkOnlyMassStorageDevice::~CUSBBulkOnlyMassStorageDevice()
                0x000000000001001c                CUSBBulkOnlyMassStorageDevice::~CUSBBulkOnlyMassStorageDevice()
                0x00000000000100b8                CUSBBulkOnlyMassStorageDevice::~CUSBBulkOnlyMassStorageDevice()
                0x00000000000100d8                CUSBBulkOnlyMassStorageDevice::CUSBBulkOnlyMassStorageDevice(CUSBFunction*)
                0x00000000000100d8                CUSBBulkOnlyMassStorageDevice::CUSBBulkOnlyMassStorageDevice(CUSBFunction*)
                0x000000000001011c                CUSBBulkOnlyMassStorageDevice::GetCapacity() const
                0x0000000000010124                CUSBBulkOnlyMassStorageDevice::Command(void*, unsigned int, void*, unsigned int, bool)
                0x00000000000103f0                CUSBBulkOnlyMassStorageDevice::TryRead(void*, unsigned int)
                0x0000000000010524                CUSBBulkOnlyMassStorageDevice::TryWrite(void const*, unsigned int)
                0x0000000000010650                CUSBBulkOnlyMassStorageDevice::Reset()
                0x00000000000107a8                CUSBBulkOnlyMassStorageDevice::Read(void*, unsigned int)
                0x0000000000010810                CUSBBulkOnlyMassStorageDevice::Write(void const*, unsigned int)
                0x0000000000010878                CUSBBulkOnlyMassStorageDevice::Configure()
 .text          0x0000000000010d00      0x3b0 ./circle/lib/usb/libusb.a(dwhciframeschednper.o)
                0x0000000000010d00                CDWHCIFrameSchedulerNonPeriodic::~CDWHCIFrameSchedulerNonPeriodic()
                0x0000000000010d00                CDWHCIFrameSchedulerNonPeriodic::~CDWHCIFrameSchedulerNonPeriodic()
                0x0000000000010d04                CDWHCIFrameSchedulerNonPeriodic::StartSplit()
                0x0000000000010d10                CDWHCIFrameSchedulerNonPeriodic::WaitForFrame()
                0x0000000000010d14                CDWHCIFrameSchedulerNonPeriodic::IsOddFrame() const
                0x0000000000010d1c                CDWHCIFrameSchedulerNonPeriodic::CompleteSplit()
                0x0000000000010d9c                CDWHCIFrameSchedulerNonPeriodic::TransactionComplete(unsigned int)
                0x0000000000010eb0                CDWHCIFrameSchedulerNonPeriodic::CDWHCIFrameSchedulerNonPeriodic()
                0x0000000000010eb0                CDWHCIFrameSchedulerNonPeriodic::CDWHCIFrameSchedulerNonPeriodic()
                0x0000000000010f00                CDWHCIFrameSchedulerNonPeriodic::operator new(unsigned int)
                0x0000000000010f60                CDWHCIFrameSchedulerNonPeriodic::operator delete(void*, unsigned int)
                0x0000000000010fcc                CDWHCIFrameSchedulerNonPeriodic::~CDWHCIFrameSchedulerNonPeriodic()
                0x0000000000010fe4                CDWHCIFrameSchedulerNonPeriodic::InitAllocator(unsigned int)
                0x0000000000011040                CDWHCIFrameSchedulerNonPeriodic::InitProtectedAllocator(unsigned int, unsigned int)
 .text          0x00000000000110b0      0x490 ./circle/lib/usb/libusb.a(dwhciframeschedper.o)
                0x00000000000110b0                CDWHCIFrameSchedulerPeriodic::~CDWHCIFrameSchedulerPeriodic()
                0x00000000000110b0                CDWHCIFrameSchedulerPeriodic::~CDWHCIFrameSchedulerPeriodic()
                0x00000000000110b4                CDWHCIFrameSchedulerPeriodic::StartSplit()
                0x00000000000110c8                CDWHCIFrameSchedulerPeriodic::IsOddFrame() const
                0x00000000000110d4                CDWHCIFrameSchedulerPeriodic::WaitForFrame()
                0x0000000000011144                CDWHCIFrameSchedulerPeriodic::CompleteSplit()
                0x0000000000011228                CDWHCIFrameSchedulerPeriodic::TransactionComplete(unsigned int)
                0x0000000000011338                CDWHCIFrameSchedulerPeriodic::CDWHCIFrameSchedulerPeriodic()
                0x0000000000011338                CDWHCIFrameSchedulerPeriodic::CDWHCIFrameSchedulerPeriodic()
                0x0000000000011390                CDWHCIFrameSchedulerPeriodic::operator new(unsigned int)
                0x00000000000113f0                CDWHCIFrameSchedulerPeriodic::operator delete(void*, unsigned int)
                0x000000000001145c                CDWHCIFrameSchedulerPeriodic::~CDWHCIFrameSchedulerPeriodic()
                0x0000000000011474                CDWHCIFrameSchedulerPeriodic::InitAllocator(unsigned int)
                0x00000000000114d0                CDWHCIFrameSchedulerPeriodic::InitProtectedAllocator(unsigned int, unsigned int)
 .text          0x0000000000011540      0x424 ./circle/lib/usb/libusb.a(usbkeyboard.o)
                0x0000000000011540                CUSBKeyboardDevice::~CUSBKeyboardDevice()
                0x0000000000011540                CUSBKeyboardDevice::~CUSBKeyboardDevice()
                0x000000000001158c                CUSBKeyboardDevice::~CUSBKeyboardDevice()
                0x00000000000115ac                CUSBKeyboardDevice::ReportHandler(unsigned char const*, unsigned int)
                0x0000000000011718                CUSBKeyboardDevice::CUSBKeyboardDevice(CUSBFunction*)
                0x0000000000011718                CUSBKeyboardDevice::CUSBKeyboardDevice(CUSBFunction*)
                0x0000000000011760                CUSBKeyboardDevice::RegisterKeyPressedHandler(void (*)(char const*))
                0x0000000000011768                CUSBKeyboardDevice::RegisterSelectConsoleHandler(void (*)(unsigned int))
                0x0000000000011770                CUSBKeyboardDevice::RegisterShutdownHandler(void (*)())
                0x0000000000011778                CUSBKeyboardDevice::GetLEDStatus() const
                0x00000000000117a0                CUSBKeyboardDevice::RegisterKeyStatusHandlerRaw(void (*)(unsigned char, unsigned char const*))
                0x00000000000117d8                CUSBKeyboardDevice::SetLEDs(unsigned char)
                0x0000000000011844                CUSBKeyboardDevice::Configure()
                0x00000000000118dc                CUSBKeyboardDevice::UpdateLEDs()
                0x0000000000011938                CUSBKeyboardDevice::FindByte(unsigned char const*, unsigned char, unsigned int)
 .text          0x0000000000011964      0x1f0 ./circle/lib/usb/libusb.a(dwhcirootport.o)
                0x0000000000011964                CDWHCIRootPort::CDWHCIRootPort(CDWHCIDevice*)
                0x0000000000011964                CDWHCIRootPort::CDWHCIRootPort(CDWHCIDevice*)
                0x00000000000119a4                CDWHCIRootPort::~CDWHCIRootPort()
                0x00000000000119a4                CDWHCIRootPort::~CDWHCIRootPort()
                0x00000000000119cc                CDWHCIRootPort::Initialize()
 .text          0x0000000000011b54      0x8b4 ./circle/lib/usb/libusb.a(usbhiddevice.o)
                0x0000000000011b54                CUSBHIDDevice::SendCompletionRoutine(CUSBRequest*, void*, void*)
                0x0000000000011c10                CUSBHIDDevice::CUSBHIDDevice(CUSBFunction*, unsigned int)
                0x0000000000011c10                CUSBHIDDevice::CUSBHIDDevice(CUSBFunction*, unsigned int)
                0x0000000000011c60                CUSBHIDDevice::~CUSBHIDDevice()
                0x0000000000011c60                CUSBHIDDevice::~CUSBHIDDevice()
                0x0000000000011cec                CUSBHIDDevice::~CUSBHIDDevice()
                0x0000000000011d0c                CUSBHIDDevice::Configure(unsigned int)
                0x0000000000011f68                CUSBHIDDevice::SendToEndpointOut(void const*, unsigned int, unsigned int)
                0x0000000000012004                CUSBHIDDevice::SendToEndpointOutAsync(void const*, unsigned int, unsigned int)
                0x00000000000120ec                CUSBHIDDevice::ReceiveFromEndpointIn(void*, unsigned int, unsigned int)
                0x00000000000121ac                CUSBHIDDevice::StartRequest()
                0x00000000000122d4                CUSBHIDDevice::CompletionRoutine(CUSBRequest*)
                0x00000000000123c0                CUSBHIDDevice::CompletionStub(CUSBRequest*, void*, void*)
 .text          0x0000000000012408      0x22c ./circle/lib/usb/libusb.a(usbmouse.o)
                0x0000000000012408                CUSBMouseDevice::~CUSBMouseDevice()
                0x0000000000012408                CUSBMouseDevice::~CUSBMouseDevice()
                0x0000000000012464                CUSBMouseDevice::~CUSBMouseDevice()
                0x0000000000012484                CUSBMouseDevice::Configure()
                0x00000000000125b8                CUSBMouseDevice::ReportHandler(unsigned char const*, unsigned int)
                0x0000000000012604                CUSBMouseDevice::CUSBMouseDevice(CUSBFunction*)
                0x0000000000012604                CUSBMouseDevice::CUSBMouseDevice(CUSBFunction*)
 .text          0x0000000000012634      0x7f0 ./circle/lib/usb/libusb.a(usbgamepadstandard.o)
                0x0000000000012634                CUSBGamePadStandardDevice::~CUSBGamePadStandardDevice()
                0x0000000000012634                CUSBGamePadStandardDevice::~CUSBGamePadStandardDevice()
                0x0000000000012670                CUSBGamePadStandardDevice::~CUSBGamePadStandardDevice()
                0x0000000000012690                CUSBGamePadStandardDevice::CUSBGamePadStandardDevice(CUSBFunction*, bool)
                0x0000000000012690                CUSBGamePadStandardDevice::CUSBGamePadStandardDevice(CUSBFunction*, bool)
                0x00000000000126c8                CUSBGamePadStandardDevice::BitGetUnsigned(void const*, unsigned int, unsigned int)
                0x00000000000127d0                CUSBGamePadStandardDevice::BitGetSigned(void const*, unsigned int, unsigned int)
                0x00000000000127f8                CUSBGamePadStandardDevice::DecodeReport(unsigned char const*)
                0x0000000000012c7c                CUSBGamePadStandardDevice::Configure()
 .text._ZN17CUSBGamePadDevice13GetPropertiesEv
                0x0000000000012e24        0x8 ./circle/lib/usb/libusb.a(usbgamepadstandard.o)
                0x0000000000012e24                CUSBGamePadDevice::GetProperties()
 .text._ZN17CUSBGamePadDevice10SetLEDModeE15TGamePadLEDMode
                0x0000000000012e2c        0x8 ./circle/lib/usb/libusb.a(usbgamepadstandard.o)
                0x0000000000012e2c                CUSBGamePadDevice::SetLEDMode(TGamePadLEDMode)
 .text._ZN17CUSBGamePadDevice10SetLEDModeEjhh
                0x0000000000012e34        0x8 ./circle/lib/usb/libusb.a(usbgamepadstandard.o)
                0x0000000000012e34                CUSBGamePadDevice::SetLEDMode(unsigned int, unsigned char, unsigned char)
 .text._ZN17CUSBGamePadDevice13SetRumbleModeE18TGamePadRumbleMode
                0x0000000000012e3c        0x8 ./circle/lib/usb/libusb.a(usbgamepadstandard.o)
                0x0000000000012e3c                CUSBGamePadDevice::SetRumbleMode(TGamePadRumbleMode)
 .text          0x0000000000012e44      0x568 ./circle/lib/usb/libusb.a(usbgamepadps3.o)
                0x0000000000012e44                CUSBGamePadPS3Device::~CUSBGamePadPS3Device()
                0x0000000000012e44                CUSBGamePadPS3Device::~CUSBGamePadPS3Device()
                0x0000000000012e64                CUSBGamePadPS3Device::~CUSBGamePadPS3Device()
                0x0000000000012e90                CUSBGamePadPS3Device::SetRumbleMode(TGamePadRumbleMode)
                0x0000000000012fa8                CUSBGamePadPS3Device::SetLEDMode(TGamePadLEDMode)
                0x0000000000013040                CUSBGamePadPS3Device::CUSBGamePadPS3Device(CUSBFunction*)
                0x0000000000013040                CUSBGamePadPS3Device::CUSBGamePadPS3Device(CUSBFunction*)
                0x0000000000013090                CUSBGamePadPS3Device::PS3Enable()
                0x0000000000013120                CUSBGamePadPS3Device::Configure()
                0x0000000000013240                CUSBGamePadPS3Device::DecodeReport(unsigned char const*)
 .text._ZN20CUSBGamePadPS3Device13GetPropertiesEv
                0x00000000000133ac        0x8 ./circle/lib/usb/libusb.a(usbgamepadps3.o)
                0x00000000000133ac                CUSBGamePadPS3Device::GetProperties()
 .text          0x00000000000133b4      0x890 ./circle/lib/usb/libusb.a(usbgamepadps4.o)
                0x00000000000133b4                CUSBGamePadPS4Device::DecodeReport(unsigned char const*)
                0x0000000000013568                CUSBGamePadPS4Device::~CUSBGamePadPS4Device()
                0x0000000000013568                CUSBGamePadPS4Device::~CUSBGamePadPS4Device()
                0x00000000000135b4                CUSBGamePadPS4Device::~CUSBGamePadPS4Device()
                0x00000000000135d4                CUSBGamePadPS4Device::CUSBGamePadPS4Device(CUSBFunction*)
                0x00000000000135d4                CUSBGamePadPS4Device::CUSBGamePadPS4Device(CUSBFunction*)
                0x0000000000013620                CUSBGamePadPS4Device::HandleTouchpad(unsigned char const*)
                0x00000000000137f4                CUSBGamePadPS4Device::ReportHandler(unsigned char const*, unsigned int)
                0x000000000001385c                CUSBGamePadPS4Device::SendLedRumbleCommand()
                0x00000000000138fc                CUSBGamePadPS4Device::SetLEDMode(TGamePadLEDMode)
                0x0000000000013a3c                CUSBGamePadPS4Device::SetLEDMode(unsigned int, unsigned char, unsigned char)
                0x0000000000013a64                CUSBGamePadPS4Device::SetRumbleMode(TGamePadRumbleMode)
                0x0000000000013ad0                CUSBGamePadPS4Device::DisableTouchpad()
                0x0000000000013ae4                CUSBGamePadPS4Device::Configure()
 .text._ZN20CUSBGamePadPS4Device13GetPropertiesEv
                0x0000000000013c44        0x8 ./circle/lib/usb/libusb.a(usbgamepadps4.o)
                0x0000000000013c44                CUSBGamePadPS4Device::GetProperties()
 .text          0x0000000000013c4c      0x3b0 ./circle/lib/usb/libusb.a(usbgamepadxbox360.o)
                0x0000000000013c4c                CUSBGamePadXbox360Device::~CUSBGamePadXbox360Device()
                0x0000000000013c4c                CUSBGamePadXbox360Device::~CUSBGamePadXbox360Device()
                0x0000000000013c6c                CUSBGamePadXbox360Device::~CUSBGamePadXbox360Device()
                0x0000000000013c98                CUSBGamePadXbox360Device::DecodeReport(unsigned char const*)
                0x0000000000013dcc                CUSBGamePadXbox360Device::ReportHandler(unsigned char const*, unsigned int)
                0x0000000000013e38                CUSBGamePadXbox360Device::SetLEDMode(TGamePadLEDMode)
                0x0000000000013e8c                CUSBGamePadXbox360Device::SetRumbleMode(TGamePadRumbleMode)
                0x0000000000013f1c                CUSBGamePadXbox360Device::CUSBGamePadXbox360Device(CUSBFunction*)
                0x0000000000013f1c                CUSBGamePadXbox360Device::CUSBGamePadXbox360Device(CUSBFunction*)
                0x0000000000013f3c                CUSBGamePadXbox360Device::Configure()
 .text._ZN24CUSBGamePadXbox360Device13GetPropertiesEv
                0x0000000000013ffc        0x8 ./circle/lib/usb/libusb.a(usbgamepadxbox360.o)
                0x0000000000013ffc                CUSBGamePadXbox360Device::GetProperties()
 .text          0x0000000000014004      0x4ac ./circle/lib/usb/libusb.a(usbgamepadxboxone.o)
                0x0000000000014004                CUSBGamePadXboxOneDevice::DecodeReport(unsigned char const*)
                0x00000000000141b4                CUSBGamePadXboxOneDevice::~CUSBGamePadXboxOneDevice()
                0x00000000000141b4                CUSBGamePadXboxOneDevice::~CUSBGamePadXboxOneDevice()
                0x00000000000141d4                CUSBGamePadXboxOneDevice::~CUSBGamePadXboxOneDevice()
                0x0000000000014200                CUSBGamePadXboxOneDevice::ReportHandler(unsigned char const*, unsigned int)
                0x00000000000142e8                CUSBGamePadXboxOneDevice::SetRumbleMode(TGamePadRumbleMode)
                0x0000000000014388                CUSBGamePadXboxOneDevice::CUSBGamePadXboxOneDevice(CUSBFunction*)
                0x0000000000014388                CUSBGamePadXboxOneDevice::CUSBGamePadXboxOneDevice(CUSBFunction*)
                0x00000000000143b0                CUSBGamePadXboxOneDevice::Configure()
 .text._ZN24CUSBGamePadXboxOneDevice13GetPropertiesEv
                0x00000000000144b0        0x8 ./circle/lib/usb/libusb.a(usbgamepadxboxone.o)
                0x00000000000144b0                CUSBGamePadXboxOneDevice::GetProperties()
 .text          0x00000000000144b8      0x67c ./circle/lib/usb/libusb.a(usbgamepadswitchpro.o)
                0x00000000000144b8                CUSBGamePadSwitchProDevice::~CUSBGamePadSwitchProDevice()
                0x00000000000144b8                CUSBGamePadSwitchProDevice::~CUSBGamePadSwitchProDevice()
                0x00000000000144d8                CUSBGamePadSwitchProDevice::~CUSBGamePadSwitchProDevice()
                0x0000000000014504                CUSBGamePadSwitchProDevice::DecodeReport(unsigned char const*)
                0x00000000000146c4                CUSBGamePadSwitchProDevice::SetLEDMode(TGamePadLEDMode)
                0x0000000000014740                CUSBGamePadSwitchProDevice::SetRumbleMode(TGamePadRumbleMode)
                0x000000000001482c                CUSBGamePadSwitchProDevice::CUSBGamePadSwitchProDevice(CUSBFunction*)
                0x000000000001482c                CUSBGamePadSwitchProDevice::CUSBGamePadSwitchProDevice(CUSBFunction*)
                0x000000000001486c                CUSBGamePadSwitchProDevice::Configure()
 .text._ZN26CUSBGamePadSwitchProDevice13GetPropertiesEv
                0x0000000000014b34        0x8 ./circle/lib/usb/libusb.a(usbgamepadswitchpro.o)
                0x0000000000014b34                CUSBGamePadSwitchProDevice::GetProperties()
 .text          0x0000000000014b3c      0x71c ./circle/lib/usb/libusb.a(usbfunction.o)
                0x0000000000014b3c                CUSBFunction::Initialize()
                0x0000000000014b44                CUSBFunction::~CUSBFunction()
                0x0000000000014b44                CUSBFunction::~CUSBFunction()
                0x0000000000014b9c                CUSBFunction::~CUSBFunction()
                0x0000000000014bbc                CUSBFunction::CUSBFunction(CUSBDevice*, CUSBConfigurationParser*)
                0x0000000000014bbc                CUSBFunction::CUSBFunction(CUSBDevice*, CUSBConfigurationParser*)
                0x0000000000014c7c                CUSBFunction::CUSBFunction(CUSBFunction*)
                0x0000000000014c7c                CUSBFunction::CUSBFunction(CUSBFunction*)
                0x0000000000014d80                CUSBFunction::GetInterfaceName() const
                0x0000000000014dec                CUSBFunction::GetNumEndpoints() const
                0x0000000000014e2c                CUSBFunction::GetDevice() const
                0x0000000000014e6c                CUSBFunction::GetEndpoint0() const
                0x0000000000014eb0                CUSBFunction::GetHost() const
                0x0000000000014ef4                CUSBFunction::Configure()
                0x0000000000014fb8                CUSBFunction::GetDescriptor(unsigned char)
                0x0000000000015004                CUSBFunction::ConfigurationError(char const*) const
                0x0000000000015074                CUSBFunction::SelectInterfaceByClass(unsigned char, unsigned char, unsigned char)
                0x0000000000015158                CUSBFunction::GetInterfaceNumber() const
                0x0000000000015198                CUSBFunction::GetInterfaceClass() const
                0x00000000000151d8                CUSBFunction::GetInterfaceSubClass() const
                0x0000000000015218                CUSBFunction::GetInterfaceProtocol() const
 .text          0x0000000000015258      0x29c ./circle/lib/usb/libusb.a(dwhciframeschednsplit.o)
                0x0000000000015258                CDWHCIFrameSchedulerNoSplit::~CDWHCIFrameSchedulerNoSplit()
                0x0000000000015258                CDWHCIFrameSchedulerNoSplit::~CDWHCIFrameSchedulerNoSplit()
                0x000000000001525c                CDWHCIFrameSchedulerNoSplit::IsOddFrame() const
                0x0000000000015268                CDWHCIFrameSchedulerNoSplit::StartSplit()
                0x0000000000015280                CDWHCIFrameSchedulerNoSplit::CompleteSplit()
                0x00000000000152a4                CDWHCIFrameSchedulerNoSplit::TransactionComplete(unsigned int)
                0x00000000000152bc                CDWHCIFrameSchedulerNoSplit::WaitForFrame()
                0x0000000000015328                CDWHCIFrameSchedulerNoSplit::CDWHCIFrameSchedulerNoSplit(bool)
                0x0000000000015328                CDWHCIFrameSchedulerNoSplit::CDWHCIFrameSchedulerNoSplit(bool)
                0x0000000000015344                CDWHCIFrameSchedulerNoSplit::operator new(unsigned int)
                0x00000000000153a4                CDWHCIFrameSchedulerNoSplit::operator delete(void*, unsigned int)
                0x0000000000015410                CDWHCIFrameSchedulerNoSplit::~CDWHCIFrameSchedulerNoSplit()
                0x0000000000015428                CDWHCIFrameSchedulerNoSplit::InitAllocator(unsigned int)
                0x0000000000015484                CDWHCIFrameSchedulerNoSplit::InitProtectedAllocator(unsigned int, unsigned int)
 .text          0x00000000000154f4      0x38c ./circle/lib/usb/libusb.a(usbprinter.o)
                0x00000000000154f4                CUSBPrinterDevice::~CUSBPrinterDevice()
                0x00000000000154f4                CUSBPrinterDevice::~CUSBPrinterDevice()
                0x0000000000015568                CUSBPrinterDevice::~CUSBPrinterDevice()
                0x0000000000015588                CUSBPrinterDevice::Write(void const*, unsigned int)
                0x0000000000015634                CUSBPrinterDevice::CUSBPrinterDevice(CUSBFunction*)
                0x0000000000015634                CUSBPrinterDevice::CUSBPrinterDevice(CUSBFunction*)
                0x0000000000015664                CUSBPrinterDevice::Configure()
 .text          0x0000000000015880      0x688 ./circle/lib/usb/libusb.a(usbbluetooth.o)
                0x0000000000015880                CUSBBluetoothDevice::~CUSBBluetoothDevice()
                0x0000000000015880                CUSBBluetoothDevice::~CUSBBluetoothDevice()
                0x000000000001593c                CUSBBluetoothDevice::~CUSBBluetoothDevice()
                0x000000000001595c                CUSBBluetoothDevice::CUSBBluetoothDevice(CUSBFunction*)
                0x000000000001595c                CUSBBluetoothDevice::CUSBBluetoothDevice(CUSBFunction*)
                0x0000000000015998                CUSBBluetoothDevice::SendHCICommand(void const*, unsigned int)
                0x00000000000159f4                CUSBBluetoothDevice::StartRequest()
                0x0000000000015b14                CUSBBluetoothDevice::RegisterHCIEventHandler(void (*)(void const*, unsigned int))
                0x0000000000015b58                CUSBBluetoothDevice::CompletionRoutine(CUSBRequest*)
                0x0000000000015c8c                CUSBBluetoothDevice::CompletionStub(CUSBRequest*, void*, void*)
                0x0000000000015cd4                CUSBBluetoothDevice::Configure()
 .text          0x0000000000015f08      0x738 ./circle/lib/usb/libusb.a(usbmidi.o)
                0x0000000000015f08                CUSBMIDIDevice::~CUSBMIDIDevice()
                0x0000000000015f08                CUSBMIDIDevice::~CUSBMIDIDevice()
                0x0000000000015f6c                CUSBMIDIDevice::~CUSBMIDIDevice()
                0x0000000000015f8c                CUSBMIDIDevice::CUSBMIDIDevice(CUSBFunction*)
                0x0000000000015f8c                CUSBMIDIDevice::CUSBMIDIDevice(CUSBFunction*)
                0x0000000000015fc4                CUSBMIDIDevice::RegisterPacketHandler(void (*)(unsigned int, unsigned char*, unsigned int))
                0x0000000000016018                CUSBMIDIDevice::StartRequest()
                0x0000000000016148                CUSBMIDIDevice::CompletionRoutine(CUSBRequest*)
                0x0000000000016318                CUSBMIDIDevice::CompletionStub(CUSBRequest*, void*, void*)
                0x0000000000016360                CUSBMIDIDevice::TimerHandler(unsigned int)
                0x00000000000163a0                CUSBMIDIDevice::TimerStub(unsigned int, void*, void*)
                0x00000000000163e8                CUSBMIDIDevice::Configure()
 .text          0x0000000000016640      0x5b0 ./circle/lib/usb/libusb.a(usbcdcethernet.o)
                0x0000000000016640                CUSBCDCEthernetDevice::GetMACAddress() const
                0x0000000000016648                CUSBCDCEthernetDevice::~CUSBCDCEthernetDevice()
                0x0000000000016648                CUSBCDCEthernetDevice::~CUSBCDCEthernetDevice()
                0x00000000000166c4                CUSBCDCEthernetDevice::~CUSBCDCEthernetDevice()
                0x00000000000166e4                CUSBCDCEthernetDevice::SendFrame(void const*, unsigned int)
                0x000000000001678c                CUSBCDCEthernetDevice::ReceiveFrame(void*, unsigned int*)
                0x0000000000016880                CUSBCDCEthernetDevice::CUSBCDCEthernetDevice(CUSBFunction*)
                0x0000000000016880                CUSBCDCEthernetDevice::CUSBCDCEthernetDevice(CUSBFunction*)
                0x00000000000168b4                CUSBCDCEthernetDevice::InitMACAddress(unsigned char)
                0x00000000000169b0                CUSBCDCEthernetDevice::Configure()
 .text._ZN10CNetDevice8IsLinkUpEv
                0x0000000000016bf0        0x8 ./circle/lib/usb/libusb.a(usbcdcethernet.o)
                0x0000000000016bf0                CNetDevice::IsLinkUp()
 .text._ZN10CNetDevice12GetLinkSpeedEv
                0x0000000000016bf8        0x8 ./circle/lib/usb/libusb.a(usbcdcethernet.o)
                0x0000000000016bf8                CNetDevice::GetLinkSpeed()
 .text          0x0000000000016c00      0x378 ./circle/lib/usb/libusb.a(usbconfigparser.o)
                0x0000000000016c00                CUSBConfigurationParser::CUSBConfigurationParser(void const*, unsigned int)
                0x0000000000016c00                CUSBConfigurationParser::CUSBConfigurationParser(void const*, unsigned int)
                0x0000000000016d6c                CUSBConfigurationParser::CUSBConfigurationParser(CUSBConfigurationParser*)
                0x0000000000016d6c                CUSBConfigurationParser::CUSBConfigurationParser(CUSBConfigurationParser*)
                0x0000000000016dc8                CUSBConfigurationParser::~CUSBConfigurationParser()
                0x0000000000016dc8                CUSBConfigurationParser::~CUSBConfigurationParser()
                0x0000000000016dcc                CUSBConfigurationParser::IsValid() const
                0x0000000000016dd4                CUSBConfigurationParser::GetDescriptor(unsigned char)
                0x0000000000016eb4                CUSBConfigurationParser::GetCurrentDescriptor()
                0x0000000000016f0c                CUSBConfigurationParser::Error(char const*) const
 .text          0x0000000000016f78      0x5b0 ./circle/lib/usb/libusb.a(usbstring.o)
                0x0000000000016f78                CUSBString::CUSBString(CUSBDevice*)
                0x0000000000016f78                CUSBString::CUSBString(CUSBDevice*)
                0x0000000000016ff0                CUSBString::CUSBString(CUSBString*)
                0x0000000000016ff0                CUSBString::CUSBString(CUSBString*)
                0x00000000000170bc                CUSBString::~CUSBString()
                0x00000000000170bc                CUSBString::~CUSBString()
                0x00000000000170fc                CUSBString::GetFromDescriptor(unsigned char, unsigned short)
                0x0000000000017394                CUSBString::Get() const
                0x000000000001739c                CUSBString::GetLanguageID()
 .text          0x0000000000017528      0xb74 ./circle/lib/usb/libusb.a(smsc951x.o)
                0x0000000000017528                CSMSC951xDevice::GetMACAddress() const
                0x0000000000017530                CSMSC951xDevice::~CSMSC951xDevice()
                0x0000000000017530                CSMSC951xDevice::~CSMSC951xDevice()
                0x00000000000175ac                CSMSC951xDevice::~CSMSC951xDevice()
                0x00000000000175cc                CSMSC951xDevice::ReceiveFrame(void*, unsigned int*)
                0x0000000000017810                CSMSC951xDevice::SendFrame(void const*, unsigned int)
                0x0000000000017824                CSMSC951xDevice::CSMSC951xDevice(CUSBFunction*)
                0x0000000000017824                CSMSC951xDevice::CSMSC951xDevice(CUSBFunction*)
                0x0000000000017858                CSMSC951xDevice::WriteReg(unsigned int, unsigned int)
                0x00000000000178c0                CSMSC951xDevice::ReadReg(unsigned int, unsigned int*)
                0x0000000000017928                CSMSC951xDevice::PHYWaitNotBusy()
                0x00000000000179b8                CSMSC951xDevice::PHYWrite(unsigned char, unsigned short)
                0x0000000000017a58                CSMSC951xDevice::PHYRead(unsigned char, unsigned short*)
                0x0000000000017b40                CSMSC951xDevice::IsLinkUp()
                0x0000000000017b6c                CSMSC951xDevice::GetLinkSpeed()
                0x0000000000017bc8                CSMSC951xDevice::DumpReg(char const*, unsigned int)
                0x0000000000017c3c                CSMSC951xDevice::DumpRegs()
                0x0000000000017dd4                CSMSC951xDevice::Configure()
 .text          0x000000000001809c      0xe40 ./circle/lib/usb/libusb.a(lan7800.o)
                0x000000000001809c                CLAN7800Device::GetMACAddress() const
                0x00000000000180a4                CLAN7800Device::~CLAN7800Device()
                0x00000000000180a4                CLAN7800Device::~CLAN7800Device()
                0x0000000000018120                CLAN7800Device::~CLAN7800Device()
                0x0000000000018140                CLAN7800Device::ReceiveFrame(void*, unsigned int*)
                0x0000000000018380                CLAN7800Device::SendFrame(void const*, unsigned int)
                0x0000000000018394                CLAN7800Device::CLAN7800Device(CUSBFunction*)
                0x0000000000018394                CLAN7800Device::CLAN7800Device(CUSBFunction*)
                0x00000000000183c8                CLAN7800Device::WriteReg(unsigned int, unsigned int)
                0x0000000000018460                CLAN7800Device::ReadReg(unsigned int, unsigned int*)
                0x00000000000184ec                CLAN7800Device::WaitReg(unsigned int, unsigned int, unsigned int, unsigned int, unsigned int)
                0x00000000000185a4                CLAN7800Device::PHYWrite(unsigned char, unsigned short)
                0x0000000000018670                CLAN7800Device::PHYRead(unsigned char, unsigned short*)
                0x000000000001877c                CLAN7800Device::IsLinkUp()
                0x00000000000187a8                CLAN7800Device::GetLinkSpeed()
                0x0000000000018884                CLAN7800Device::InitPHY()
                0x00000000000188ec                CLAN7800Device::ReadWriteReg(unsigned int, unsigned int, unsigned int)
                0x000000000001893c                CLAN7800Device::InitMACAddress()
                0x0000000000018a5c                CLAN7800Device::Configure()
 .text          0x0000000000018edc      0x2ac ./circle/lib/usb/libusb.a(macaddress.o)
                0x0000000000018edc                CMACAddress::CMACAddress()
                0x0000000000018edc                CMACAddress::CMACAddress()
                0x0000000000018ee8                CMACAddress::~CMACAddress()
                0x0000000000018ee8                CMACAddress::~CMACAddress()
                0x0000000000018eec                CMACAddress::operator==(CMACAddress const&) const
                0x0000000000018f5c                CMACAddress::operator!=(CMACAddress const&) const
                0x0000000000018f70                CMACAddress::Set(unsigned char const*)
                0x0000000000018fb8                CMACAddress::CMACAddress(unsigned char const*)
                0x0000000000018fb8                CMACAddress::CMACAddress(unsigned char const*)
                0x0000000000018fcc                CMACAddress::SetBroadcast()
                0x0000000000018ff0                CMACAddress::Get() const
                0x0000000000019024                CMACAddress::CopyTo(unsigned char*) const
                0x0000000000019090                CMACAddress::IsBroadcast() const
                0x00000000000190ec                CMACAddress::GetSize() const
                0x00000000000190f4                CMACAddress::Format(CString*) const
 .text          0x0000000000019188       0xf4 ./circle/lib/usb/libusb.a(netdevice.o)
                0x0000000000019188                CNetDevice::CNetDevice(CUSBFunction*)
                0x0000000000019188                CNetDevice::CNetDevice(CUSBFunction*)
                0x00000000000191a8                CNetDevice::~CNetDevice()
                0x00000000000191a8                CNetDevice::~CNetDevice()
                0x00000000000191c8                CNetDevice::~CNetDevice()
                0x00000000000191f4                CNetDevice::GetSpeedString(TNetDeviceSpeed)
                0x0000000000019210                CNetDevice::AddNetDevice()
 .text          0x000000000001927c      0x214 ./circle/lib/usb/libusb.a(usbgamepad.o)
                0x000000000001927c                CUSBGamePadDevice::GetInitialState()
                0x0000000000019284                CUSBGamePadDevice::ReportHandler(unsigned char const*, unsigned int)
                0x00000000000192d8                CUSBGamePadDevice::RegisterStatusHandler(void (*)(unsigned int, TGamePadState const*))
                0x000000000001932c                CUSBGamePadDevice::Configure()
                0x00000000000193e4                CUSBGamePadDevice::CUSBGamePadDevice(CUSBFunction*)
                0x00000000000193e4                CUSBGamePadDevice::CUSBGamePadDevice(CUSBFunction*)
                0x000000000001942c                CUSBGamePadDevice::~CUSBGamePadDevice()
                0x000000000001942c                CUSBGamePadDevice::~CUSBGamePadDevice()
                0x0000000000019470                CUSBGamePadDevice::~CUSBGamePadDevice()
 .text          0x0000000000019490      0x368 ./circle/lib/input/libinput.a(keyboardbehaviour.o)
                0x0000000000019490                CKeyboardBehaviour::CKeyboardBehaviour()
                0x0000000000019490                CKeyboardBehaviour::CKeyboardBehaviour()
                0x00000000000194c4                CKeyboardBehaviour::~CKeyboardBehaviour()
                0x00000000000194c4                CKeyboardBehaviour::~CKeyboardBehaviour()
                0x00000000000194ec                CKeyboardBehaviour::RegisterKeyPressedHandler(void (*)(char const*))
                0x0000000000019524                CKeyboardBehaviour::RegisterSelectConsoleHandler(void (*)(unsigned int))
                0x000000000001955c                CKeyboardBehaviour::RegisterShutdownHandler(void (*)())
                0x0000000000019594                CKeyboardBehaviour::GetLEDStatus() const
                0x000000000001959c                CKeyboardBehaviour::GenerateKeyEvent(unsigned char)
                0x000000000001967c                CKeyboardBehaviour::KeyPressed(unsigned char)
                0x00000000000196b8                CKeyboardBehaviour::KeyReleased(unsigned char)
                0x0000000000019720                CKeyboardBehaviour::TimerHandler(unsigned int)
                0x00000000000197b0                CKeyboardBehaviour::TimerStub(unsigned int, void*, void*)
 .text          0x00000000000197f8      0x3c4 ./circle/lib/input/libinput.a(keymap.o)
                0x00000000000197f8                CKeyMap::~CKeyMap()
                0x00000000000197f8                CKeyMap::~CKeyMap()
                0x00000000000197fc                CKeyMap::ClearTable(unsigned char)
                0x0000000000019834                CKeyMap::SetEntry(unsigned char, unsigned char, unsigned short)
                0x0000000000019888                CKeyMap::Translate(unsigned char, unsigned char)
                0x0000000000019994                CKeyMap::GetString(unsigned short, unsigned char, char*) const
                0x0000000000019a54                CKeyMap::GetLEDStatus() const
                0x0000000000019a84                CKeyMap::LookupDefaultMap(char const*)
                0x0000000000019b1c                CKeyMap::CKeyMap()
                0x0000000000019b1c                CKeyMap::CKeyMap()
 .text          0x0000000000019bbc      0x19c ./circle/lib/input/libinput.a(mouse.o)
                0x0000000000019bbc                CMouseDevice::~CMouseDevice()
                0x0000000000019bbc                CMouseDevice::~CMouseDevice()
                0x0000000000019c08                CMouseDevice::~CMouseDevice()
                0x0000000000019c28                CMouseDevice::CMouseDevice()
                0x0000000000019c28                CMouseDevice::CMouseDevice()
                0x0000000000019c94                CMouseDevice::Setup(unsigned int, unsigned int)
                0x0000000000019c9c                CMouseDevice::RegisterEventHandler(void (*)(TMouseEvent, unsigned int, unsigned int, unsigned int))
                0x0000000000019ca4                CMouseDevice::SetCursor(unsigned int, unsigned int)
                0x0000000000019cac                CMouseDevice::ShowCursor(bool)
                0x0000000000019cb4                CMouseDevice::UpdateCursor()
                0x0000000000019cc8                CMouseDevice::RegisterStatusHandler(void (*)(unsigned int, int, int))
                0x0000000000019d1c                CMouseDevice::ReportHandler(unsigned int, int, int)
 .text          0x0000000000019d58      0x514 ./circle/lib/input/libinput.a(mousebehaviour.o)
                0x0000000000019d58                CMouseBehaviour::CMouseBehaviour()
                0x0000000000019d58                CMouseBehaviour::CMouseBehaviour()
                0x0000000000019d80                CMouseBehaviour::~CMouseBehaviour()
                0x0000000000019d80                CMouseBehaviour::~CMouseBehaviour()
                0x0000000000019d84                CMouseBehaviour::Setup(unsigned int, unsigned int)
                0x0000000000019ee0                CMouseBehaviour::RegisterEventHandler(void (*)(TMouseEvent, unsigned int, unsigned int, unsigned int))
                0x0000000000019f34                CMouseBehaviour::MouseStatusChanged(unsigned int, int, int)
                0x000000000001a0a4                CMouseBehaviour::SetCursorState(unsigned int, unsigned int, bool)
                0x000000000001a118                CMouseBehaviour::SetCursor(unsigned int, unsigned int)
                0x000000000001a1c4                CMouseBehaviour::ShowCursor(bool)
                0x000000000001a23c                CMouseBehaviour::UpdateCursor()
 .text          0x000000000001a26c      0x2c8 ./circle/lib/fs/libfs.a(partitionmanager.o)
                0x000000000001a26c                CPartitionManager::CPartitionManager(CDevice*, char const*)
                0x000000000001a26c                CPartitionManager::CPartitionManager(CDevice*, char const*)
                0x000000000001a29c                CPartitionManager::~CPartitionManager()
                0x000000000001a29c                CPartitionManager::~CPartitionManager()
                0x000000000001a2e8                CPartitionManager::Initialize()
 .text          0x000000000001a534      0x300 ./circle/lib/fs/libfs.a(partition.o)
                0x000000000001a534                CPartition::Read(void*, unsigned int)
                0x000000000001a5e4                CPartition::Write(void const*, unsigned int)
                0x000000000001a694                CPartition::~CPartition()
                0x000000000001a694                CPartition::~CPartition()
                0x000000000001a6bc                CPartition::~CPartition()
                0x000000000001a6f0                CPartition::Seek(unsigned long long)
                0x000000000001a7c4                CPartition::CPartition(CDevice*, unsigned int, unsigned int)
                0x000000000001a7c4                CPartition::CPartition(CDevice*, unsigned int, unsigned int)
 .text          0x000000000001a834      0x244 ./circle/lib/libcircle.a(actled.o)
                0x000000000001a834                CActLED::~CActLED()
                0x000000000001a834                CActLED::~CActLED()
                0x000000000001a848                CActLED::On()
                0x000000000001a878                CActLED::Off()
                0x000000000001a8b0                CActLED::CActLED()
                0x000000000001a8b0                CActLED::CActLED()
                0x000000000001aa1c                CActLED::Blink(unsigned int, unsigned int, unsigned int)
                0x000000000001aa68                CActLED::Get()
 .text          0x000000000001aa78       0x90 ./circle/lib/libcircle.a(assert.o)
                0x000000000001aa78                assertion_failed
 .text          0x000000000001ab08      0x27c ./circle/lib/libcircle.a(bcmpropertytags.o)
                0x000000000001ab08                CBcmPropertyTags::CBcmPropertyTags()
                0x000000000001ab08                CBcmPropertyTags::CBcmPropertyTags()
                0x000000000001ab20                CBcmPropertyTags::~CBcmPropertyTags()
                0x000000000001ab20                CBcmPropertyTags::~CBcmPropertyTags()
                0x000000000001ab34                CBcmPropertyTags::GetTags(void*, unsigned int)
                0x000000000001ac64                CBcmPropertyTags::GetTag(unsigned int, void*, unsigned int, unsigned int)
 .text          0x000000000001ad84      0x328 ./circle/lib/libcircle.a(classallocator.o)
                0x000000000001ad84                CClassAllocator::~CClassAllocator()
                0x000000000001ad84                CClassAllocator::~CClassAllocator()
                0x000000000001adac                CClassAllocator::Init(unsigned int, unsigned int)
                0x000000000001ae8c                CClassAllocator::CClassAllocator(unsigned int, unsigned int, char const*)
                0x000000000001ae8c                CClassAllocator::CClassAllocator(unsigned int, unsigned int, char const*)
                0x000000000001aebc                CClassAllocator::CClassAllocator(unsigned int, unsigned int, unsigned int, char const*)
                0x000000000001aebc                CClassAllocator::CClassAllocator(unsigned int, unsigned int, unsigned int, char const*)
                0x000000000001aef0                CClassAllocator::Allocate()
                0x000000000001afdc                CClassAllocator::Free(void*)
 .text          0x000000000001b0ac      0x1bc ./circle/lib/libcircle.a(debug.o)
                0x000000000001b0ac                debug_hexdump(void const*, unsigned int, char const*)
                0x000000000001b1c4                debug_stacktrace(unsigned int const*, char const*)
 .text          0x000000000001b268       0x40 ./circle/lib/libcircle.a(device.o)
                0x000000000001b268                CDevice::~CDevice()
                0x000000000001b268                CDevice::~CDevice()
                0x000000000001b26c                CDevice::Read(void*, unsigned int)
                0x000000000001b26c                CDevice::Write(void const*, unsigned int)
                0x000000000001b274                CDevice::Seek(unsigned long long)
                0x000000000001b280                CDevice::~CDevice()
                0x000000000001b298                CDevice::CDevice()
                0x000000000001b298                CDevice::CDevice()
 .text          0x000000000001b2a8      0x634 ./circle/lib/libcircle.a(devicenameservice.o)
                0x000000000001b2a8                CDeviceNameService::CDeviceNameService()
                0x000000000001b2a8                CDeviceNameService::CDeviceNameService()
                0x000000000001b2f4                CDeviceNameService::~CDeviceNameService()
                0x000000000001b2f4                CDeviceNameService::~CDeviceNameService()
                0x000000000001b35c                CDeviceNameService::AddDevice(char const*, CDevice*, bool)
                0x000000000001b418                CDeviceNameService::RemoveDevice(char const*, bool)
                0x000000000001b550                CDeviceNameService::GetDevice(char const*, bool)
                0x000000000001b65c                CDeviceNameService::Get()
                0x000000000001b694                CDeviceNameService::AddDevice(char const*, unsigned int, CDevice*, bool)
                0x000000000001b6fc                CDeviceNameService::RemoveDevice(char const*, unsigned int, bool)
                0x000000000001b75c                CDeviceNameService::GetDevice(char const*, unsigned int, bool)
                0x000000000001b7c4                CDeviceNameService::ListDevices(CDevice*)
 .text          0x000000000001b8dc      0xd38 ./circle/lib/libcircle.a(gpiopin.o)
                0x000000000001b8dc                CGPIOPin::~CGPIOPin()
                0x000000000001b8dc                CGPIOPin::~CGPIOPin()
                0x000000000001b8e0                CGPIOPin::~CGPIOPin()
                0x000000000001b8f8                CGPIOPin::CGPIOPin()
                0x000000000001b8f8                CGPIOPin::CGPIOPin()
                0x000000000001b934                CGPIOPin::AssignPin(unsigned int)
                0x000000000001b9c8                CGPIOPin::Write(unsigned int)
                0x000000000001ba88                CGPIOPin::Read() const
                0x000000000001bb10                CGPIOPin::Invert()
                0x000000000001bb50                CGPIOPin::ConnectInterrupt(void (*)(void*), void*)
                0x000000000001bc50                CGPIOPin::DisconnectInterrupt()
                0x000000000001bd2c                CGPIOPin::EnableInterrupt(TGPIOInterrupt)
                0x000000000001be50                CGPIOPin::DisableInterrupt()
                0x000000000001bf0c                CGPIOPin::EnableInterrupt2(TGPIOInterrupt)
                0x000000000001c044                CGPIOPin::DisableInterrupt2()
                0x000000000001c104                CGPIOPin::ReadAll()
                0x000000000001c114                CGPIOPin::SetPullUpMode(unsigned int)
                0x000000000001c1b4                CGPIOPin::SetAlternateFunction(unsigned int)
                0x000000000001c288                CGPIOPin::SetMode(TGPIOMode, bool)
                0x000000000001c450                CGPIOPin::CGPIOPin(unsigned int, TGPIOMode, CGPIOManager*)
                0x000000000001c450                CGPIOPin::CGPIOPin(unsigned int, TGPIOMode, CGPIOManager*)
                0x000000000001c4a8                CGPIOPin::InterruptHandler()
                0x000000000001c55c                CGPIOPin::DisableAllInterrupts(unsigned int)
 .text.startup  0x000000000001c614       0x14 ./circle/lib/libcircle.a(gpiopin.o)
 .text          0x000000000001c628      0x5dc ./circle/lib/libcircle.a(interrupt.o)
                0x000000000001c628                CInterruptSystem::CInterruptSystem()
                0x000000000001c628                CInterruptSystem::CInterruptSystem()
                0x000000000001c660                CInterruptSystem::~CInterruptSystem()
                0x000000000001c660                CInterruptSystem::~CInterruptSystem()
                0x000000000001c674                CInterruptSystem::Initialize()
                0x000000000001c6e0                CInterruptSystem::DisconnectFIQ()
                0x000000000001c764                CInterruptSystem::EnableIRQ(unsigned int)
                0x000000000001c7e0                CInterruptSystem::ConnectIRQ(unsigned int, void (*)(void*), void*)
                0x000000000001c850                CInterruptSystem::DisableIRQ(unsigned int)
                0x000000000001c8cc                CInterruptSystem::DisconnectIRQ(unsigned int)
                0x000000000001c948                CInterruptSystem::EnableFIQ(unsigned int)
                0x000000000001c994                CInterruptSystem::ConnectFIQ(unsigned int, void (*)(void*), void*)
                0x000000000001ca68                CInterruptSystem::DisableFIQ()
                0x000000000001ca84                CInterruptSystem::Get()
                0x000000000001cabc                CInterruptSystem::CallIRQHandler(unsigned int)
                0x000000000001cb28                CInterruptSystem::InterruptHandler()
                0x000000000001cbec                InterruptHandler
 .text          0x000000000001cc04      0x574 ./circle/lib/libcircle.a(koptions.o)
                0x000000000001cc68                CKernelOptions::~CKernelOptions()
                0x000000000001cc68                CKernelOptions::~CKernelOptions()
                0x000000000001cc7c                CKernelOptions::GetWidth() const
                0x000000000001cc84                CKernelOptions::GetHeight() const
                0x000000000001cc8c                CKernelOptions::GetLogDevice() const
                0x000000000001cc98                CKernelOptions::GetLogLevel() const
                0x000000000001cca0                CKernelOptions::GetKeyMap() const
                0x000000000001cca8                CKernelOptions::GetUSBPowerDelay() const
                0x000000000001ccb0                CKernelOptions::GetSoundDevice() const
                0x000000000001ccbc                CKernelOptions::GetSoundOption() const
                0x000000000001ccc4                CKernelOptions::GetCPUSpeed() const
                0x000000000001cccc                CKernelOptions::GetSoCMaxTemp() const
                0x000000000001ccd4                CKernelOptions::Get()
                0x000000000001cce4                CKernelOptions::GetToken()
                0x000000000001cd60                CKernelOptions::CKernelOptions()
                0x000000000001cd60                CKernelOptions::CKernelOptions()
                0x000000000001d120                CKernelOptions::GetOptionValue(char*)
                0x000000000001d158                CKernelOptions::GetDecimal(char*)
 .text          0x000000000001d178      0x7e4 ./circle/lib/libcircle.a(logger.o)
                0x000000000001d178                CLogger::CLogger(unsigned int, CTimer*)
                0x000000000001d178                CLogger::CLogger(unsigned int, CTimer*)
                0x000000000001d1d0                CLogger::~CLogger()
                0x000000000001d1d0                CLogger::~CLogger()
                0x000000000001d244                CLogger::Get()
                0x000000000001d254                CLogger::Write(char const*)
                0x000000000001d300                CLogger::WriteNoAlloc(char const*, TLogSeverity, char const*)
                0x000000000001d3d8                CLogger::Read(void*, unsigned int)
                0x000000000001d49c                CLogger::WriteEvent(char const*, TLogSeverity, char const*)
                0x000000000001d600                CLogger::ReadEvent(TLogSeverity*, char*, char*, long*, unsigned int*, int*)
                0x000000000001d6e4                CLogger::RegisterEventNotificationHandler(void (*)())
                0x000000000001d6ec                CLogger::RegisterPanicHandler(void (*)())
                0x000000000001d6f4                CLogger::WriteV(char const*, TLogSeverity, char const*, std::__va_list)
                0x000000000001d8e8                CLogger::Write(char const*, TLogSeverity, char const*, ...)
                0x000000000001d918                CLogger::Initialize(CDevice*)
 .text          0x000000000001d95c      0x414 ./circle/lib/libcircle.a(machineinfo.o)
                0x000000000001d95c                CMachineInfo::CMachineInfo()
                0x000000000001d95c                CMachineInfo::CMachineInfo()
                0x000000000001db34                CMachineInfo::~CMachineInfo()
                0x000000000001db34                CMachineInfo::~CMachineInfo()
                0x000000000001db58                CMachineInfo::GetMachineModel() const
                0x000000000001db60                CMachineInfo::GetMachineName() const
                0x000000000001db78                CMachineInfo::GetModelMajor() const
                0x000000000001db80                CMachineInfo::GetModelRevision() const
                0x000000000001db88                CMachineInfo::GetSoCType() const
                0x000000000001db90                CMachineInfo::GetRAMSize() const
                0x000000000001db98                CMachineInfo::GetSoCName() const
                0x000000000001dbb0                CMachineInfo::GetRevisionRaw() const
                0x000000000001dbb8                CMachineInfo::GetClockRate(unsigned int) const
                0x000000000001dc84                CMachineInfo::GetGPIOPin(TGPIOVirtualPin) const
                0x000000000001dcf8                CMachineInfo::GetDevice(TDeviceId) const
                0x000000000001dd38                CMachineInfo::Get()
 .text          0x000000000001dd70     0x1238 ./circle/lib/libcircle.a(screen.o)
                0x000000000001dd70                CScreenDevice::~CScreenDevice()
                0x000000000001dd70                CScreenDevice::~CScreenDevice()
                0x000000000001dde8                CScreenDevice::~CScreenDevice()
                0x000000000001dea4                CScreenDevice::CScreenDevice(unsigned int, unsigned int, bool)
                0x000000000001dea4                CScreenDevice::CScreenDevice(unsigned int, unsigned int, bool)
                0x000000000001df1c                CScreenDevice::GetWidth() const
                0x000000000001df24                CScreenDevice::GetHeight() const
                0x000000000001df2c                CScreenDevice::GetColumns() const
                0x000000000001df4c                CScreenDevice::GetRows() const
                0x000000000001df6c                CScreenDevice::GetStatus()
                0x000000000001dfdc                CScreenDevice::SetStatus(TScreenStatus const&)
                0x000000000001e0e8                CScreenDevice::CarriageReturn()
                0x000000000001e0f4                CScreenDevice::CursorHome()
                0x000000000001e108                CScreenDevice::CursorLeft()
                0x000000000001e174                CScreenDevice::CursorMove(unsigned int, unsigned int)
                0x000000000001e1d4                CScreenDevice::CursorUp()
                0x000000000001e204                CScreenDevice::DeleteChars(unsigned int)
                0x000000000001e208                CScreenDevice::DeleteLines(unsigned int)
                0x000000000001e20c                CScreenDevice::InsertLines(unsigned int)
                0x000000000001e210                CScreenDevice::InsertMode(bool)
                0x000000000001e218                CScreenDevice::ReverseScroll()
                0x000000000001e21c                CScreenDevice::SetCursorMode(bool)
                0x000000000001e224                CScreenDevice::SetScrollRegion(unsigned int, unsigned int)
                0x000000000001e2a0                CScreenDevice::SetStandoutMode(unsigned int)
                0x000000000001e340                CScreenDevice::Scroll()
                0x000000000001e3e4                CScreenDevice::CursorDown()
                0x000000000001e430                CScreenDevice::NewLine()
                0x000000000001e43c                CScreenDevice::CursorRight()
                0x000000000001e478                CScreenDevice::Tabulator()
                0x000000000001e4c4                CScreenDevice::DisplayChar(char, unsigned int, unsigned int, unsigned short)
                0x000000000001e598                CScreenDevice::DisplayChar(char)
                0x000000000001e5d4                CScreenDevice::EraseChar(unsigned int, unsigned int)
                0x000000000001e658                CScreenDevice::ClearLineEnd()
                0x000000000001e700                CScreenDevice::EraseChars(unsigned int)
                0x000000000001e70c                CScreenDevice::ClearDisplayEnd()
                0x000000000001e790                CScreenDevice::Write(char)
                0x000000000001eca0                CScreenDevice::Write(void const*, unsigned int)
                0x000000000001ed68                CScreenDevice::Initialize()
                0x000000000001eed8                CScreenDevice::InvertCursor()
                0x000000000001eee8                CScreenDevice::SetPixel(unsigned int, unsigned int, unsigned short)
                0x000000000001ef14                CScreenDevice::GetPixel(unsigned int, unsigned int)
                0x000000000001ef4c                CScreenDevice::Rotor(unsigned int, unsigned int)
 .text          0x000000000001efa8      0xcc8 ./circle/lib/libcircle.a(serial.o)
                0x000000000001efa8                CSerialDevice::Read(void*, unsigned int)
                0x000000000001f178                CSerialDevice::CSerialDevice(CInterruptSystem*, bool)
                0x000000000001f178                CSerialDevice::CSerialDevice(CInterruptSystem*, bool)
                0x000000000001f23c                CSerialDevice::Initialize(unsigned int)
                0x000000000001f3e8                CSerialDevice::GetOptions() const
                0x000000000001f3f4                CSerialDevice::SetOptions(unsigned int)
                0x000000000001f400                CSerialDevice::RegisterMagicReceivedHandler(char const*, void (*)())
                0x000000000001f4e0                CSerialDevice::AvailableForWrite()
                0x000000000001f568                CSerialDevice::AvailableForRead()
                0x000000000001f5e8                CSerialDevice::Peek()
                0x000000000001f690                CSerialDevice::Flush()
                0x000000000001f6b4                CSerialDevice::Write(unsigned char)
                0x000000000001f798                CSerialDevice::Write(void const*, unsigned int)
                0x000000000001f958                CSerialDevice::InterruptHandler()
                0x000000000001fb50                CSerialDevice::InterruptStub(void*)
                0x000000000001fb90                CSerialDevice::~CSerialDevice()
                0x000000000001fb90                CSerialDevice::~CSerialDevice()
                0x000000000001fc4c                CSerialDevice::~CSerialDevice()
 .text          0x000000000001fc70     0x10b4 ./circle/lib/libcircle.a(string.o)
                0x000000000001fc70                CString::~CString()
                0x000000000001fc70                CString::~CString()
                0x000000000001fc9c                CString::~CString()
                0x000000000001fd3c                CString::CString()
                0x000000000001fd3c                CString::CString()
                0x000000000001fd54                CString::CString(char const*)
                0x000000000001fd54                CString::CString(char const*)
                0x000000000001fd94                CString::operator char const*() const
                0x000000000001fdac                CString::operator=(char const*)
                0x000000000001fdf0                CString::operator=(CString const&)
                0x000000000001fe4c                CString::GetLength() const
                0x000000000001fe5c                CString::Append(char const*)
                0x000000000001fee0                CString::Compare(char const*) const
                0x000000000001fee8                CString::Find(char) const
                0x000000000001ff2c                CString::PutChar(char, unsigned int)
                0x000000000001ff6c                CString::PutString(char const*)
                0x000000000001ffb0                CString::Replace(char const*, char const*)
                0x000000000002012c                CString::ReserveSpace(unsigned int)
                0x0000000000020138                CString::ntoa(char*, unsigned long, unsigned int, bool)
                0x00000000000201f0                CString::ftoa(char*, double, unsigned int)
                0x0000000000020470                CString::FormatV(char const*, std::__va_list)
                0x0000000000020cf4                CString::Format(char const*, ...)
 .text          0x0000000000020d24       0xec ./circle/lib/libcircle.a(sysinit.o)
                0x0000000000020d24                __aeabi_atexit
                0x0000000000020d28                halt
                0x0000000000020d34                reboot
                0x0000000000020d60                sysinit
 .text          0x0000000000020e10      0xdc4 ./circle/lib/libcircle.a(timer.o)
                0x0000000000020e48                CTimer::CTimer(CInterruptSystem*)
                0x0000000000020e48                CTimer::CTimer(CInterruptSystem*)
                0x0000000000020ed0                CTimer::~CTimer()
                0x0000000000020ed0                CTimer::~CTimer()
                0x0000000000020fb8                CTimer::SetTimeZone(int)
                0x0000000000020fdc                CTimer::GetTimeZone() const
                0x0000000000020fe4                CTimer::SetTime(unsigned int, bool)
                0x0000000000021060                CTimer::GetClockTicks()
                0x000000000002107c                CTimer::GetTicks() const
                0x0000000000021084                CTimer::GetUptime() const
                0x000000000002108c                CTimer::GetTime() const
                0x0000000000021094                CTimer::GetLocalTime(unsigned int*, unsigned int*)
                0x0000000000021154                CTimer::GetUniversalTime() const
                0x0000000000021174                CTimer::GetUniversalTime(unsigned int*, unsigned int*)
                0x0000000000021258                CTimer::GetTimeString()
                0x000000000002145c                CTimer::StartKernelTimer(unsigned int, void (*)(unsigned int, void*, void*), void*, void*)
                0x00000000000215c4                CTimer::CancelKernelTimer(unsigned int)
                0x0000000000021680                CTimer::PollKernelTimers()
                0x00000000000217e8                CTimer::InterruptHandler()
                0x00000000000218ec                CTimer::InterruptHandler(void*)
                0x000000000002192c                CTimer::TuneMsDelay()
                0x00000000000219d4                CTimer::Initialize()
                0x0000000000021a5c                CTimer::RegisterPeriodicHandler(void (*)())
                0x0000000000021ab4                CTimer::SimpleMsDelay(unsigned int)
                0x0000000000021ad0                CTimer::SimpleusDelay(unsigned int)
                0x0000000000021adc                CTimer::IsLeapYear(unsigned int)
                0x0000000000021b28                CTimer::GetDaysOfMonth(unsigned int, unsigned int)
                0x0000000000021b98                CTimer::Get()
 .text          0x0000000000021bd4      0x5c8 ./circle/lib/libcircle.a(util.o)
                0x0000000000021bd4                memset
                0x0000000000021bf8                memcmp
                0x0000000000021c54                strlen
                0x0000000000021c7c                strcmp
                0x0000000000021ce8                strcasecmp
                0x0000000000021db8                strncmp
                0x0000000000021e4c                strcpy
                0x0000000000021e78                strncpy
                0x0000000000021ec4                strcat
                0x0000000000021f08                strchr
                0x0000000000021f48                strtok_r
                0x0000000000022014                strtoul
                0x0000000000022198                char2int
 .text          0x000000000002219c       0x5c ./circle/lib/libcircle.a(util_fast.o)
                0x000000000002219c                memcpy
 .text          0x00000000000221f8      0x24c ./circle/lib/libcircle.a(virtualgpiopin.o)
                0x00000000000221f8                CVirtualGPIOPin::~CVirtualGPIOPin()
                0x00000000000221f8                CVirtualGPIOPin::~CVirtualGPIOPin()
                0x00000000000221fc                CVirtualGPIOPin::~CVirtualGPIOPin()
                0x00000000000222b8                CVirtualGPIOPin::CVirtualGPIOPin(unsigned int)
                0x00000000000222b8                CVirtualGPIOPin::CVirtualGPIOPin(unsigned int)
                0x00000000000223fc                CVirtualGPIOPin::Write(unsigned int)
                0x0000000000022438                CVirtualGPIOPin::Invert()
 .text.startup  0x0000000000022444       0x14 ./circle/lib/libcircle.a(virtualgpiopin.o)
 .text          0x0000000000022458      0x2c0 ./circle/lib/libcircle.a(exceptionhandler.o)
                0x0000000000022458                CExceptionHandler::CExceptionHandler()
                0x0000000000022458                CExceptionHandler::CExceptionHandler()
                0x00000000000224e8                CExceptionHandler::~CExceptionHandler()
                0x00000000000224e8                CExceptionHandler::~CExceptionHandler()
                0x00000000000224fc                CExceptionHandler::Throw(unsigned int)
                0x000000000002253c                CExceptionHandler::Throw(unsigned int, TAbortFrame*)
                0x000000000002262c                CExceptionHandler::Get()
                0x0000000000022664                ExceptionHandler
                0x00000000000226d0                raise
 .text          0x0000000000022718      0x170 ./circle/lib/libcircle.a(exceptionstub.o)
                0x0000000000022718                UndefinedInstructionInternal
                0x0000000000022764                PrefetchAbortStub
                0x00000000000227b0                DataAbortStub
                0x00000000000227fc                UndefinedInstructionStub
                0x0000000000022818                IRQStub
                0x0000000000022828                FIQStub
 .text          0x0000000000022888      0x2cc ./circle/lib/libcircle.a(memory.o)
                0x0000000000022888                CMemorySystem::~CMemorySystem()
                0x0000000000022888                CMemorySystem::~CMemorySystem()