Archive member included to satisfy reference by file (symbol)

c:/program files (x86)/gnu tools arm embedded/7 2017-q4-major/bin/../lib/gcc/arm-none-eabi/7.2.1/hard/libgcc.a(_udivsi3.o)
                              src/rdserial.o (__aeabi_uidiv)
c:/program files (x86)/gnu tools arm embedded/7 2017-q4-major/bin/../lib/gcc/arm-none-eabi/7.2.1/hard/libgcc.a(_dvmd_tls.o)
                              c:/program files (x86)/gnu tools arm embedded/7 2017-q4-major/bin/../lib/gcc/arm-none-eabi/7.2.1/hard/libgcc.a(_udivsi3.o) (__aeabi_idiv0)
./circle/lib/usb/libusb.a(dwhcidevice.o)
                              src/kernel.o (CDWHCIDevice::~CDWHCIDevice())
./circle/lib/usb/libusb.a(dwhciregister.o)
                              ./circle/lib/usb/libusb.a(dwhcidevice.o) (CDWHCIRegister::CDWHCIRegister(unsigned int))
./circle/lib/usb/libusb.a(dwhcixferstagedata.o)
                              ./circle/lib/usb/libusb.a(dwhcidevice.o) (CDWHCITransferStageData::~CDWHCITransferStageData())
./circle/lib/usb/libusb.a(usbdevice.o)
                              ./circle/lib/usb/libusb.a(dwhcixferstagedata.o) (CUSBDevice::GetAddress() const)
./circle/lib/usb/libusb.a(usbendpoint.o)
                              ./circle/lib/usb/libusb.a(usbdevice.o) (CUSBEndpoint::CUSBEndpoint(CUSBDevice*))
./circle/lib/usb/libusb.a(usbhostcontroller.o)
                              ./circle/lib/usb/libusb.a(dwhcidevice.o) (CUSBHostController::CUSBHostController())
./circle/lib/usb/libusb.a(usbrequest.o)
                              ./circle/lib/usb/libusb.a(usbhostcontroller.o) (CUSBRequest::CUSBRequest(CUSBEndpoint*, void*, unsigned int, TSetupData*))
./circle/lib/usb/libusb.a(usbdevicefactory.o)
                              ./circle/lib/usb/libusb.a(usbdevice.o) (CUSBDeviceFactory::GetDevice(CUSBFunction*, CString*))
./circle/lib/usb/libusb.a(usbstandardhub.o)
                              ./circle/lib/usb/libusb.a(usbdevicefactory.o) (CUSBStandardHub::CUSBStandardHub(CUSBFunction*))
./circle/lib/usb/libusb.a(usbmassdevice.o)
                              ./circle/lib/usb/libusb.a(usbdevicefactory.o) (CUSBBulkOnlyMassStorageDevice::CUSBBulkOnlyMassStorageDevice(CUSBFunction*))
./circle/lib/usb/libusb.a(dwhciframeschednper.o)
                              ./circle/lib/usb/libusb.a(dwhcixferstagedata.o) (CDWHCIFrameSchedulerNonPeriodic::CDWHCIFrameSchedulerNonPeriodic())
./circle/lib/usb/libusb.a(dwhciframeschedper.o)
                              ./circle/lib/usb/libusb.a(dwhcixferstagedata.o) (CDWHCIFrameSchedulerPeriodic::CDWHCIFrameSchedulerPeriodic())
./circle/lib/usb/libusb.a(usbkeyboard.o)
                              ./circle/lib/usb/libusb.a(usbdevicefactory.o) (CUSBKeyboardDevice::CUSBKeyboardDevice(CUSBFunction*))
./circle/lib/usb/libusb.a(dwhcirootport.o)
                              ./circle/lib/usb/libusb.a(dwhcidevice.o) (CDWHCIRootPort::CDWHCIRootPort(CDWHCIDevice*))
./circle/lib/usb/libusb.a(usbhiddevice.o)
                              ./circle/lib/usb/libusb.a(usbkeyboard.o) (CUSBHIDDevice::CUSBHIDDevice(CUSBFunction*, unsigned int))
./circle/lib/usb/libusb.a(usbmouse.o)
                              ./circle/lib/usb/libusb.a(usbdevicefactory.o) (CUSBMouseDevice::CUSBMouseDevice(CUSBFunction*))
./circle/lib/usb/libusb.a(usbgamepadstandard.o)
                              ./circle/lib/usb/libusb.a(usbdevicefactory.o) (CUSBGamePadStandardDevice::CUSBGamePadStandardDevice(CUSBFunction*, bool))
./circle/lib/usb/libusb.a(usbgamepadps3.o)
                              ./circle/lib/usb/libusb.a(usbdevicefactory.o) (CUSBGamePadPS3Device::CUSBGamePadPS3Device(CUSBFunction*))
./circle/lib/usb/libusb.a(usbgamepadps4.o)
                              ./circle/lib/usb/libusb.a(usbdevicefactory.o) (CUSBGamePadPS4Device::CUSBGamePadPS4Device(CUSBFunction*))
./circle/lib/usb/libusb.a(usbgamepadxbox360.o)
                              ./circle/lib/usb/libusb.a(usbdevicefactory.o) (CUSBGamePadXbox360Device::CUSBGamePadXbox360Device(CUSBFunction*))
./circle/lib/usb/libusb.a(usbgamepadxboxone.o)
                              ./circle/lib/usb/libusb.a(usbdevicefactory.o) (CUSBGamePadXboxOneDevice::CUSBGamePadXboxOneDevice(CUSBFunction*))
./circle/lib/usb/libusb.a(usbgamepadswitchpro.o)
                              ./circle/lib/usb/libusb.a(usbdevicefactory.o) (CUSBGamePadSwitchProDevice::CUSBGamePadSwitchProDevice(CUSBFunction*))
./circle/lib/usb/libusb.a(usbfunction.o)
                              ./circle/lib/usb/libusb.a(usbstandardhub.o) (CUSBFunction::Initialize())
./circle/lib/usb/libusb.a(dwhciframeschednsplit.o)
                              ./circle/lib/usb/libusb.a(dwhcixferstagedata.o) (CDWHCIFrameSchedulerNoSplit::CDWHCIFrameSchedulerNoSplit(bool))
./circle/lib/usb/libusb.a(usbprinter.o)
                              ./circle/lib/usb/libusb.a(usbdevicefactory.o) (CUSBPrinterDevice::CUSBPrinterDevice(CUSBFunction*))
./circle/lib/usb/libusb.a(usbbluetooth.o)
[...]
Memory Configuration

Name             Origin             Length             Attributes
*default*        0x00000000         0xffffffff

Linker script and memory map

Address of section .init set to 0x8000

.init           0x00008000       0x64
 *(.init)
 .init          0x00008000       0x64 ./circle/lib/libcircle.a(startup.o)
                0x00008000                _start

.text           0x00008068    0x1ac8c
 *(.text*)
 .text          0x00008068        0x0 src/main.o
 .text.startup  0x00008068       0x44 src/main.o
                0x00008068                main
 .text          0x000080ac      0x5f4 src/kernel.o
                0x000080ac                CKernel::miniHDLCPutCh(unsigned char)
                0x000080b0                CKernel::miniHDLCFrameRx(unsigned char const*, int)
                0x00008124                CKernel::ShutdownHandler()
                0x00008170                CKernel::CKernel()
                0x00008170                CKernel::CKernel()
                0x00008284                CKernel::Initialize()
                0x00008330                CKernel::~CKernel()
                0x00008330                CKernel::~CKernel()
                0x000083c0                CKernel::KeyPressedHandler(char const*)
                0x0000841c                CKernel::Run()
                0x000085a4                CKernel::KeyStatusHandlerRaw(unsigned char, unsigned char const*)
 .text          0x000086a0      0xcbc src/rdserial.o
                0x000086a0                CRdSerialDevice::Read(void*, unsigned int)
                0x0000886c                CRdSerialDevice::CRdSerialDevice(CInterruptSystem*, bool)
                0x0000886c                CRdSerialDevice::CRdSerialDevice(CInterruptSystem*, bool)
                0x0000892c                CRdSerialDevice::Initialize(unsigned int)
                0x00008ae4                CRdSerialDevice::GetOptions() const
                0x00008af0                CRdSerialDevice::SetOptions(unsigned int)
                0x00008afc                CRdSerialDevice::RegisterMagicReceivedHandler(char const*, void (*)())
                0x00008bdc                CRdSerialDevice::AvailableForWrite()
                0x00008c64                CRdSerialDevice::AvailableForRead()
                0x00008ce8                CRdSerialDevice::Peek()
                0x00008d94                CRdSerialDevice::Flush()
                0x00008db8                CRdSerialDevice::Write(unsigned char)
                0x00008ea0                CRdSerialDevice::Write(void const*, unsigned int)
                0x00009058                CRdSerialDevice::InterruptHandler()
                0x0000923c                CRdSerialDevice::InterruptStub(void*)
                0x0000927c                CRdSerialDevice::~CRdSerialDevice()
                0x0000927c                CRdSerialDevice::~CRdSerialDevice()
                0x00009338                CRdSerialDevice::~CRdSerialDevice()
 .text          0x0000935c      0x428 src/MiniHDLC.o
                0x000093e8                MiniHDLC::MiniHDLC(void (*)(unsigned char), void (*)(unsigned char const*, int), bool, bool)
                0x000093e8                MiniHDLC::MiniHDLC(void (*)(unsigned char), void (*)(unsigned char const*, int), bool, bool)
                0x00009430                MiniHDLC::handleChar(unsigned char)
                0x000094d0                MiniHDLC::handleBit(unsigned char)
                0x00009554                MiniHDLC::handleBuffer(unsigned char*, int)
                0x00009584                MiniHDLC::crcUpdateCCITT(unsigned short, unsigned char)
                0x000095a4                MiniHDLC::sendChar(unsigned char)
                0x00009600                MiniHDLC::sendCharWithStuffing(unsigned char)
                0x00009694                MiniHDLC::sendEscaped(unsigned char)
                0x000096d8                MiniHDLC::sendFrame(unsigned char const*, int)
 .text          0x00009784      0x114 c:/program files (x86)/gnu tools arm embedded/7 2017-q4-major/bin/../lib/gcc/arm-none-eabi/7.2.1/hard/libgcc.a(_udivsi3.o)
                0x00009784                __aeabi_uidiv
                0x00009784                __udivsi3
                0x00009878                __aeabi_uidivmod
 .text          0x00009898        0x4 c:/program files (x86)/gnu tools arm embedded/7 2017-q4-major/bin/../lib/gcc/arm-none-eabi/7.2.1/hard/libgcc.a(_dvmd_tls.o)
                0x00009898                __aeabi_idiv0
                0x00009898                __aeabi_ldiv0
 .text          0x0000989c     0x2688 ./circle/lib/usb/libusb.a(dwhcidevice.o)
                0x0000989c                CDWHCIDevice::CompletionRoutine(CUSBRequest*, void*, void*)
                0x000098fc                CDWHCIDevice::~CDWHCIDevice()
                0x000098fc                CDWHCIDevice::~CDWHCIDevice()
                0x00009930                CDWHCIDevice::~CDWHCIDevice()
                0x000099cc                CDWHCIDevice::CDWHCIDevice(CInterruptSystem*, CTimer*)
                0x000099cc                CDWHCIDevice::CDWHCIDevice(CInterruptSystem*, CTimer*)
                0x00009aa8                CDWHCIDevice::GetPortSpeed()
                0x00009afc                CDWHCIDevice::OvercurrentDetected()
                0x00009b38                CDWHCIDevice::DisableRootPort()
                0x00009b7c                CDWHCIDevice::PowerOn()
                0x00009be4                CDWHCIDevice::EnableGlobalInterrupts()
                0x00009c28                CDWHCIDevice::EnableCommonInterrupts()
                0x00009c60                CDWHCIDevice::EnableHostInterrupts()
                0x00009cbc                CDWHCIDevice::EnableChannelInterrupt(unsigned int)
                0x00009d30                CDWHCIDevice::DisableChannelInterrupt(unsigned int)
                0x00009da4                CDWHCIDevice::StartChannel(CDWHCITransferStageData*)
                0x0000a17c                CDWHCIDevice::StartTransaction(CDWHCITransferStageData*)
                0x0000a298                CDWHCIDevice::TimerHandler(CDWHCITransferStageData*)
                0x0000a35c                CDWHCIDevice::TimerStub(unsigned int, void*, void*)
                0x0000a3cc                CDWHCIDevice::AllocateChannel()
                0x0000a4a4                CDWHCIDevice::FreeChannel(unsigned int)
                0x0000a540                CDWHCIDevice::TransferStageAsync(CUSBRequest*, bool, bool, unsigned int)
                0x0000a6a8                CDWHCIDevice::SubmitAsyncRequest(CUSBRequest*, unsigned int)
                0x0000a788                CDWHCIDevice::ChannelInterruptHandler(unsigned int)
                0x0000acc8                CDWHCIDevice::InterruptHandler()
                0x0000adc8                CDWHCIDevice::InterruptStub(void*)
                0x0000ae08                CDWHCIDevice::AllocateWaitBlock()
                0x0000ae7c                CDWHCIDevice::FreeWaitBlock(unsigned int)
                0x0000af14                CDWHCIDevice::TransferStage(CUSBRequest*, bool, bool, unsigned int)
                0x0000b028                CDWHCIDevice::SubmitBlockingRequest(CUSBRequest*, unsigned int)
                0x0000b2dc                CDWHCIDevice::WaitForBit(CDWHCIRegister*, unsigned int, bool, unsigned int)
                0x0000b3dc                CDWHCIDevice::EnableRootPort()
                0x0000b498                CDWHCIDevice::Reset()
                0x0000b538                CDWHCIDevice::InitCore()
                0x0000b794                CDWHCIDevice::FlushTxFIFO(unsigned int)
                0x0000b830                CDWHCIDevice::FlushRxFIFO()
                0x0000b8b0                CDWHCIDevice::InitHost()
                0x0000bab0                CDWHCIDevice::Initialize()
                0x0000bd1c                CDWHCIDevice::DumpRegister(char const*, unsigned int)
                0x0000bd7c                CDWHCIDevice::DumpStatus(unsigned int)
 .text          0x0000bf24      0x2f8 ./circle/lib/usb/libusb.a(dwhciregister.o)
                0x0000bf24                CDWHCIRegister::CDWHCIRegister(unsigned int)
                0x0000bf24                CDWHCIRegister::CDWHCIRegister(unsigned int)
                0x0000bf34                CDWHCIRegister::CDWHCIRegister(unsigned int, unsigned int)
                0x0000bf34                CDWHCIRegister::CDWHCIRegister(unsigned int, unsigned int)
                0x0000bf44                CDWHCIRegister::~CDWHCIRegister()
                0x0000bf44                CDWHCIRegister::~CDWHCIRegister()
                0x0000bf48                CDWHCIRegister::Read()
                0x0000bf64                CDWHCIRegister::Write()
                0x0000bfa0                CDWHCIRegister::Get() const
                0x0000bfd4                CDWHCIRegister::Set(unsigned int)
                0x0000bfe4                CDWHCIRegister::IsSet(unsigned int) const
                0x0000c028                CDWHCIRegister::And(unsigned int)
                0x0000c068                CDWHCIRegister::Or(unsigned int)
                0x0000c0a8                CDWHCIRegister::ClearBit(unsigned int)
                0x0000c10c                CDWHCIRegister::SetBit(unsigned int)
                0x0000c170                CDWHCIRegister::ClearAll()
                0x0000c184                CDWHCIRegister::SetAll()
                0x0000c198                CDWHCIRegister::Dump() const
 .text          0x0000c21c      0xbdc ./circle/lib/usb/libusb.a(dwhcixferstagedata.o)
                0x0000c21c                CDWHCITransferStageData::~CDWHCITransferStageData()
                0x0000c21c                CDWHCITransferStageData::~CDWHCITransferStageData()
                0x0000c260                CDWHCITransferStageData::SetChannelNumber(unsigned int)
                0x0000c268                CDWHCITransferStageData::TransactionComplete(unsigned int, unsigned int, unsigned int)
                0x0000c424                CDWHCITransferStageData::SetSplitComplete(bool)
                0x0000c45c                CDWHCITransferStageData::SetState(unsigned int)
                0x0000c464                CDWHCITransferStageData::GetState() const
                0x0000c46c                CDWHCITransferStageData::SetSubState(unsigned int)
                0x0000c474                CDWHCITransferStageData::GetSubState() const
                0x0000c47c                CDWHCITransferStageData::BeginSplitCycle()
                0x0000c484                CDWHCITransferStageData::GetChannelNumber() const
                0x0000c48c                CDWHCITransferStageData::IsPeriodic() const
                0x0000c4dc                CDWHCITransferStageData::CDWHCITransferStageData(unsigned int, CUSBRequest*, bool, bool, unsigned int)
                0x0000c4dc                CDWHCITransferStageData::CDWHCITransferStageData(unsigned int, CUSBRequest*, bool, bool, unsigned int)
                0x0000c7fc                CDWHCITransferStageData::GetDeviceAddress() const
                0x0000c844                CDWHCITransferStageData::GetEndpointType() const
                0x0000c8c4                CDWHCITransferStageData::GetEndpointNumber() const
                0x0000c90c                CDWHCITransferStageData::GetMaxPacketSize() const
                0x0000c914                CDWHCITransferStageData::GetSpeed() const
                0x0000c91c                CDWHCITransferStageData::GetPID() const
                0x0000c9a0                CDWHCITransferStageData::IsDirectionIn() const
                0x0000c9a8                CDWHCITransferStageData::IsStatusStage() const
                0x0000c9b0                CDWHCITransferStageData::GetDMAAddress() const
                0x0000c9f4                CDWHCITransferStageData::GetBytesToTransfer() const
                0x0000c9fc                CDWHCITransferStageData::GetPacketsToTransfer() const
                0x0000ca04                CDWHCITransferStageData::IsSplit() const
                0x0000ca0c                CDWHCITransferStageData::IsSplitComplete() const
                0x0000ca44                CDWHCITransferStageData::GetHubAddress() const
                0x0000cab4                CDWHCITransferStageData::GetHubPortAddress() const
                0x0000cb24                CDWHCITransferStageData::GetSplitPosition() const
                0x0000cb2c                CDWHCITransferStageData::GetStatusMask() const
                0x0000cb60                CDWHCITransferStageData::GetTransactionStatus() const
                0x0000cba4                CDWHCITransferStageData::IsStageComplete() const
                0x0000cbb4                CDWHCITransferStageData::GetResultLen() const
                0x0000cbc8                CDWHCITransferStageData::IsTimeout() const
                0x0000cc08                CDWHCITransferStageData::GetURB() const
                0x0000cc48                CDWHCITransferStageData::GetFrameScheduler() const
                0x0000cc50                CDWHCITransferStageData::operator new(unsigned int)
                0x0000ccb4                CDWHCITransferStageData::operator delete(void*, unsigned int)
                0x0000cd24                CDWHCITransferStageData::InitAllocator(unsigned int)
                0x0000cd84                CDWHCITransferStageData::InitProtectedAllocator(unsigned int, unsigned int)
 .text          0x0000cdf8      0xf18 ./circle/lib/usb/libusb.a(usbdevice.o)
                0x0000cdf8                CUSBDevice::~CUSBDevice()
                0x0000cdf8                CUSBDevice::~CUSBDevice()
                0x0000ceac                CUSBDevice::~CUSBDevice()
                0x0000cecc                CUSBDevice::CUSBDevice(CUSBHostController*, TUSBSpeed, bool, unsigned char, unsigned char)
                0x0000cecc                CUSBDevice::CUSBDevice(CUSBHostController*, TUSBSpeed, bool, unsigned char, unsigned char)
                0x0000cfb0                CUSBDevice::GetName(TDeviceNameSelector) const
                0x0000d0cc                CUSBDevice::GetNames() const
                0x0000d20c                CUSBDevice::SetAddress(unsigned char)
                0x0000d244                CUSBDevice::GetAddress() const
                0x0000d24c                CUSBDevice::GetSpeed() const
                0x0000d254                CUSBDevice::IsSplit() const
                0x0000d25c                CUSBDevice::GetHubAddress() const
                0x0000d264                CUSBDevice::GetHubPortNumber() const
                0x0000d26c                CUSBDevice::GetEndpoint0() const
                0x0000d2b0                CUSBDevice::GetHost() const
                0x0000d2f4                CUSBDevice::GetDeviceDescriptor() const
                0x0000d338                CUSBDevice::GetConfigurationDescriptor() const
                0x0000d37c                CUSBDevice::GetDescriptor(unsigned char)
                0x0000d3cc                CUSBDevice::ConfigurationError(char const*) const
                0x0000d41c                CUSBDevice::LogWrite(TLogSeverity, char const*, ...)
                0x0000d4d4                CUSBDevice::Initialize()
                0x0000dc08                CUSBDevice::Configure()
 .text          0x0000dd10      0x48c ./circle/lib/usb/libusb.a(usbendpoint.o)
                0x0000dd10                CUSBEndpoint::CUSBEndpoint(CUSBDevice*)
                0x0000dd10                CUSBEndpoint::CUSBEndpoint(CUSBDevice*)
                0x0000dd70                CUSBEndpoint::CUSBEndpoint(CUSBDevice*, TUSBEndpointDescriptor const*)
                0x0000dd70                CUSBEndpoint::CUSBEndpoint(CUSBDevice*, TUSBEndpointDescriptor const*)
                0x0000df2c                CUSBEndpoint::CUSBEndpoint(CUSBEndpoint*, CUSBDevice*)
                0x0000df2c                CUSBEndpoint::CUSBEndpoint(CUSBEndpoint*, CUSBDevice*)
                0x0000dfb8                CUSBEndpoint::~CUSBEndpoint()
                0x0000dfb8                CUSBEndpoint::~CUSBEndpoint()
                0x0000dfbc                CUSBEndpoint::GetDevice() const
                0x0000dffc                CUSBEndpoint::GetNumber() const
                0x0000e004                CUSBEndpoint::GetType() const
                0x0000e00c                CUSBEndpoint::IsDirectionIn() const
                0x0000e014                CUSBEndpoint::SetMaxPacketSize(unsigned int)
                0x0000e01c                CUSBEndpoint::GetMaxPacketSize() const
                0x0000e024                CUSBEndpoint::GetInterval() const
                0x0000e058                CUSBEndpoint::GetNextPID(bool)
                0x0000e0a0                CUSBEndpoint::SkipPID(unsigned int, bool)
                0x0000e164                CUSBEndpoint::ResetPID()
 .text          0x0000e19c      0x228 ./circle/lib/usb/libusb.a(usbhostcontroller.o)
                0x0000e19c                CUSBHostController::CUSBHostController()
                0x0000e19c                CUSBHostController::CUSBHostController()
                0x0000e1ac                CUSBHostController::~CUSBHostController()
                0x0000e1ac                CUSBHostController::~CUSBHostController()
                0x0000e1b0                CUSBHostController::~CUSBHostController()
                0x0000e1c8                CUSBHostController::ControlMessage(CUSBEndpoint*, unsigned char, unsigned char, unsigned short, unsigned short, void*, unsigned short)
                0x0000e290                CUSBHostController::GetDescriptor(CUSBEndpoint*, unsigned char, unsigned char, void*, unsigned int, unsigned char, unsigned short)
                0x0000e2c8                CUSBHostController::SetAddress(CUSBEndpoint*, unsigned char)
                0x0000e314                CUSBHostController::SetConfiguration(CUSBEndpoint*, unsigned char)
                0x0000e360                CUSBHostController::Transfer(CUSBEndpoint*, void*, unsigned int, unsigned int)
 .text          0x0000e3c4      0x3f4 ./circle/lib/usb/libusb.a(usbrequest.o)
                0x0000e3c4                CUSBRequest::CUSBRequest(CUSBEndpoint*, void*, unsigned int, TSetupData*)
                0x0000e3c4                CUSBRequest::CUSBRequest(CUSBEndpoint*, void*, unsigned int, TSetupData*)
                0x0000e458                CUSBRequest::~CUSBRequest()
                0x0000e458                CUSBRequest::~CUSBRequest()
                0x0000e45c                CUSBRequest::GetEndpoint() const
                0x0000e49c                CUSBRequest::SetStatus(int)
                0x0000e4a4                CUSBRequest::SetResultLen(unsigned int)
                0x0000e4ac                CUSBRequest::GetStatus() const
                0x0000e4b4                CUSBRequest::GetResultLength() const
                0x0000e4e8                CUSBRequest::GetSetupData()
                0x0000e544                CUSBRequest::GetBuffer()
                0x0000e590                CUSBRequest::GetBufLen() const
                0x0000e598                CUSBRequest::SetCompletionRoutine(void (*)(CUSBRequest*, void*, void*), void*, void*)
                0x0000e5c4                CUSBRequest::CallCompletionRoutine()
                0x0000e60c                CUSBRequest::SetCompleteOnNAK()
                0x0000e618                CUSBRequest::IsCompleteOnNAK() const
                0x0000e620                CUSBRequest::operator new(unsigned int)
                0x0000e680                CUSBRequest::operator delete(void*, unsigned int)
                0x0000e6ec                CUSBRequest::InitAllocator(unsigned int)
                0x0000e748                CUSBRequest::InitProtectedAllocator(unsigned int, unsigned int)
 .text          0x0000e7b8      0x474 ./circle/lib/usb/libusb.a(usbdevicefactory.o)
                0x0000e7b8                CUSBDeviceFactory::GetDevice(CUSBFunction*, CString*)
 .text          0x0000ec2c      0xabc ./circle/lib/usb/libusb.a(usbstandardhub.o)
                0x0000ec2c                CUSBStandardHub::~CUSBStandardHub()
                0x0000ec2c                CUSBStandardHub::~CUSBStandardHub()
                0x0000ecc4                CUSBStandardHub::~CUSBStandardHub()
                0x0000ece4                CUSBStandardHub::CUSBStandardHub(CUSBFunction*)
                0x0000ece4                CUSBStandardHub::CUSBStandardHub(CUSBFunction*)
                0x0000ed30                CUSBStandardHub::EnumeratePorts()
                0x0000f4d0                CUSBStandardHub::Configure()
 .text          0x0000f6e8      0xcf4 ./circle/lib/usb/libusb.a(usbmassdevice.o)
                0x0000f6e8                CUSBBulkOnlyMassStorageDevice::Seek(unsigned long long)
                0x0000f6f8                CUSBBulkOnlyMassStorageDevice::~CUSBBulkOnlyMassStorageDevice()
                0x0000f6f8                CUSBBulkOnlyMassStorageDevice::~CUSBBulkOnlyMassStorageDevice()
                0x0000f794                CUSBBulkOnlyMassStorageDevice::~CUSBBulkOnlyMassStorageDevice()
                0x0000f7b4                CUSBBulkOnlyMassStorageDevice::CUSBBulkOnlyMassStorageDevice(CUSBFunction*)
                0x0000f7b4                CUSBBulkOnlyMassStorageDevice::CUSBBulkOnlyMassStorageDevice(CUSBFunction*)
                0x0000f7f8                CUSBBulkOnlyMassStorageDevice::GetCapacity() const
                0x0000f800                CUSBBulkOnlyMassStorageDevice::Command(void*, unsigned int, void*, unsigned int, bool)
                0x0000facc                CUSBBulkOnlyMassStorageDevice::TryRead(void*, unsigned int)
                0x0000fc00                CUSBBulkOnlyMassStorageDevice::TryWrite(void const*, unsigned int)
                0x0000fd2c                CUSBBulkOnlyMassStorageDevice::Reset()
                0x0000fe84                CUSBBulkOnlyMassStorageDevice::Read(void*, unsigned int)
                0x0000feec                CUSBBulkOnlyMassStorageDevice::Write(void const*, unsigned int)
                0x0000ff54                CUSBBulkOnlyMassStorageDevice::Configure()
 .text          0x000103dc      0x3b0 ./circle/lib/usb/libusb.a(dwhciframeschednper.o)
                0x000103dc                CDWHCIFrameSchedulerNonPeriodic::~CDWHCIFrameSchedulerNonPeriodic()
                0x000103dc                CDWHCIFrameSchedulerNonPeriodic::~CDWHCIFrameSchedulerNonPeriodic()
                0x000103e0                CDWHCIFrameSchedulerNonPeriodic::StartSplit()
                0x000103ec                CDWHCIFrameSchedulerNonPeriodic::WaitForFrame()
                0x000103f0                CDWHCIFrameSchedulerNonPeriodic::IsOddFrame() const
                0x000103f8                CDWHCIFrameSchedulerNonPeriodic::CompleteSplit()
                0x00010478                CDWHCIFrameSchedulerNonPeriodic::TransactionComplete(unsigned int)
                0x0001058c                CDWHCIFrameSchedulerNonPeriodic::CDWHCIFrameSchedulerNonPeriodic()
                0x0001058c                CDWHCIFrameSchedulerNonPeriodic::CDWHCIFrameSchedulerNonPeriodic()
                0x000105dc                CDWHCIFrameSchedulerNonPeriodic::operator new(unsigned int)
                0x0001063c                CDWHCIFrameSchedulerNonPeriodic::operator delete(void*, unsigned int)
                0x000106a8                CDWHCIFrameSchedulerNonPeriodic::~CDWHCIFrameSchedulerNonPeriodic()
                0x000106c0                CDWHCIFrameSchedulerNonPeriodic::InitAllocator(unsigned int)
                0x0001071c                CDWHCIFrameSchedulerNonPeriodic::InitProtectedAllocator(unsigned int, unsigned int)
 .text          0x0001078c      0x490 ./circle/lib/usb/libusb.a(dwhciframeschedper.o)
                0x0001078c                CDWHCIFrameSchedulerPeriodic::~CDWHCIFrameSchedulerPeriodic()
                0x0001078c                CDWHCIFrameSchedulerPeriodic::~CDWHCIFrameSchedulerPeriodic()
                0x00010790                CDWHCIFrameSchedulerPeriodic::StartSplit()
                0x000107a4                CDWHCIFrameSchedulerPeriodic::IsOddFrame() const
                0x000107b0                CDWHCIFrameSchedulerPeriodic::WaitForFrame()
                0x00010820                CDWHCIFrameSchedulerPeriodic::CompleteSplit()
                0x00010904                CDWHCIFrameSchedulerPeriodic::TransactionComplete(unsigned int)
                0x00010a14                CDWHCIFrameSchedulerPeriodic::CDWHCIFrameSchedulerPeriodic()
                0x00010a14                CDWHCIFrameSchedulerPeriodic::CDWHCIFrameSchedulerPeriodic()
                0x00010a6c                CDWHCIFrameSchedulerPeriodic::operator new(unsigned int)
                0x00010acc                CDWHCIFrameSchedulerPeriodic::operator delete(void*, unsigned int)
                0x00010b38                CDWHCIFrameSchedulerPeriodic::~CDWHCIFrameSchedulerPeriodic()
                0x00010b50                CDWHCIFrameSchedulerPeriodic::InitAllocator(unsigned int)
                0x00010bac                CDWHCIFrameSchedulerPeriodic::InitProtectedAllocator(unsigned int, unsigned int)
 .text          0x00010c1c      0x424 ./circle/lib/usb/libusb.a(usbkeyboard.o)
                0x00010c1c                CUSBKeyboardDevice::~CUSBKeyboardDevice()
                0x00010c1c                CUSBKeyboardDevice::~CUSBKeyboardDevice()
                0x00010c68                CUSBKeyboardDevice::~CUSBKeyboardDevice()
                0x00010c88                CUSBKeyboardDevice::ReportHandler(unsigned char const*, unsigned int)
                0x00010df4                CUSBKeyboardDevice::CUSBKeyboardDevice(CUSBFunction*)
                0x00010df4                CUSBKeyboardDevice::CUSBKeyboardDevice(CUSBFunction*)
                0x00010e3c                CUSBKeyboardDevice::RegisterKeyPressedHandler(void (*)(char const*))
                0x00010e44                CUSBKeyboardDevice::RegisterSelectConsoleHandler(void (*)(unsigned int))
                0x00010e4c                CUSBKeyboardDevice::RegisterShutdownHandler(void (*)())
                0x00010e54                CUSBKeyboardDevice::GetLEDStatus() const
                0x00010e7c                CUSBKeyboardDevice::RegisterKeyStatusHandlerRaw(void (*)(unsigned char, unsigned char const*))
                0x00010eb4                CUSBKeyboardDevice::SetLEDs(unsigned char)
                0x00010f20                CUSBKeyboardDevice::Configure()
                0x00010fb8                CUSBKeyboardDevice::UpdateLEDs()
                0x00011014                CUSBKeyboardDevice::FindByte(unsigned char const*, unsigned char, unsigned int)
 .text          0x00011040      0x1f0 ./circle/lib/usb/libusb.a(dwhcirootport.o)
                0x00011040                CDWHCIRootPort::CDWHCIRootPort(CDWHCIDevice*)
                0x00011040                CDWHCIRootPort::CDWHCIRootPort(CDWHCIDevice*)
                0x00011080                CDWHCIRootPort::~CDWHCIRootPort()
                0x00011080                CDWHCIRootPort::~CDWHCIRootPort()
                0x000110a8                CDWHCIRootPort::Initialize()
 .text          0x00011230      0x8b4 ./circle/lib/usb/libusb.a(usbhiddevice.o)
                0x00011230                CUSBHIDDevice::SendCompletionRoutine(CUSBRequest*, void*, void*)
                0x000112ec                CUSBHIDDevice::CUSBHIDDevice(CUSBFunction*, unsigned int)
                0x000112ec                CUSBHIDDevice::CUSBHIDDevice(CUSBFunction*, unsigned int)
                0x0001133c                CUSBHIDDevice::~CUSBHIDDevice()
                0x0001133c                CUSBHIDDevice::~CUSBHIDDevice()
                0x000113c8                CUSBHIDDevice::~CUSBHIDDevice()
                0x000113e8                CUSBHIDDevice::Configure(unsigned int)
                0x00011644                CUSBHIDDevice::SendToEndpointOut(void const*, unsigned int, unsigned int)
                0x000116e0                CUSBHIDDevice::SendToEndpointOutAsync(void const*, unsigned int, unsigned int)
                0x000117c8                CUSBHIDDevice::ReceiveFromEndpointIn(void*, unsigned int, unsigned int)
                0x00011888                CUSBHIDDevice::StartRequest()
                0x000119b0                CUSBHIDDevice::CompletionRoutine(CUSBRequest*)
                0x00011a9c                CUSBHIDDevice::CompletionStub(CUSBRequest*, void*, void*)
 .text          0x00011ae4      0x22c ./circle/lib/usb/libusb.a(usbmouse.o)
                0x00011ae4                CUSBMouseDevice::~CUSBMouseDevice()
                0x00011ae4                CUSBMouseDevice::~CUSBMouseDevice()
                0x00011b40                CUSBMouseDevice::~CUSBMouseDevice()
                0x00011b60                CUSBMouseDevice::Configure()
                0x00011c94                CUSBMouseDevice::ReportHandler(unsigned char const*, unsigned int)
                0x00011ce0                CUSBMouseDevice::CUSBMouseDevice(CUSBFunction*)
                0x00011ce0                CUSBMouseDevice::CUSBMouseDevice(CUSBFunction*)
 .text          0x00011d10      0x7f0 ./circle/lib/usb/libusb.a(usbgamepadstandard.o)
                0x00011d10                CUSBGamePadStandardDevice::~CUSBGamePadStandardDevice()
                0x00011d10                CUSBGamePadStandardDevice::~CUSBGamePadStandardDevice()
                0x00011d4c                CUSBGamePadStandardDevice::~CUSBGamePadStandardDevice()
                0x00011d6c                CUSBGamePadStandardDevice::CUSBGamePadStandardDevice(CUSBFunction*, bool)
                0x00011d6c                CUSBGamePadStandardDevice::CUSBGamePadStandardDevice(CUSBFunction*, bool)
                0x00011da4                CUSBGamePadStandardDevice::BitGetUnsigned(void const*, unsigned int, unsigned int)
                0x00011eac                CUSBGamePadStandardDevice::BitGetSigned(void const*, unsigned int, unsigned int)
                0x00011ed4                CUSBGamePadStandardDevice::DecodeReport(unsigned char const*)
                0x00012358                CUSBGamePadStandardDevice::Configure()
 .text._ZN17CUSBGamePadDevice13GetPropertiesEv
                0x00012500        0x8 ./circle/lib/usb/libusb.a(usbgamepadstandard.o)
                0x00012500                CUSBGamePadDevice::GetProperties()
 .text._ZN17CUSBGamePadDevice10SetLEDModeE15TGamePadLEDMode
                0x00012508        0x8 ./circle/lib/usb/libusb.a(usbgamepadstandard.o)
                0x00012508                CUSBGamePadDevice::SetLEDMode(TGamePadLEDMode)
 .text._ZN17CUSBGamePadDevice10SetLEDModeEjhh
                0x00012510        0x8 ./circle/lib/usb/libusb.a(usbgamepadstandard.o)
                0x00012510                CUSBGamePadDevice::SetLEDMode(unsigned int, unsigned char, unsigned char)
 .text._ZN17CUSBGamePadDevice13SetRumbleModeE18TGamePadRumbleMode
                0x00012518        0x8 ./circle/lib/usb/libusb.a(usbgamepadstandard.o)
                0x00012518                CUSBGamePadDevice::SetRumbleMode(TGamePadRumbleMode)
 .text          0x00012520      0x568 ./circle/lib/usb/libusb.a(usbgamepadps3.o)
                0x00012520                CUSBGamePadPS3Device::~CUSBGamePadPS3Device()
                0x00012520                CUSBGamePadPS3Device::~CUSBGamePadPS3Device()
                0x00012540                CUSBGamePadPS3Device::~CUSBGamePadPS3Device()
                0x0001256c                CUSBGamePadPS3Device::SetRumbleMode(TGamePadRumbleMode)
                0x00012684                CUSBGamePadPS3Device::SetLEDMode(TGamePadLEDMode)
                0x0001271c                CUSBGamePadPS3Device::CUSBGamePadPS3Device(CUSBFunction*)
                0x0001271c                CUSBGamePadPS3Device::CUSBGamePadPS3Device(CUSBFunction*)
                0x0001276c                CUSBGamePadPS3Device::PS3Enable()
                0x000127fc                CUSBGamePadPS3Device::Configure()
                0x0001291c                CUSBGamePadPS3Device::DecodeReport(unsigned char const*)
 .text._ZN20CUSBGamePadPS3Device13GetPropertiesEv
                0x00012a88        0x8 ./circle/lib/usb/libusb.a(usbgamepadps3.o)
                0x00012a88                CUSBGamePadPS3Device::GetProperties()
 .text          0x00012a90      0x890 ./circle/lib/usb/libusb.a(usbgamepadps4.o)
                0x00012a90                CUSBGamePadPS4Device::DecodeReport(unsigned char const*)
                0x00012c44                CUSBGamePadPS4Device::~CUSBGamePadPS4Device()
                0x00012c44                CUSBGamePadPS4Device::~CUSBGamePadPS4Device()
                0x00012c90                CUSBGamePadPS4Device::~CUSBGamePadPS4Device()
                0x00012cb0                CUSBGamePadPS4Device::CUSBGamePadPS4Device(CUSBFunction*)
                0x00012cb0                CUSBGamePadPS4Device::CUSBGamePadPS4Device(CUSBFunction*)
                0x00012cfc                CUSBGamePadPS4Device::HandleTouchpad(unsigned char const*)
                0x00012ed0                CUSBGamePadPS4Device::ReportHandler(unsigned char const*, unsigned int)
                0x00012f38                CUSBGamePadPS4Device::SendLedRumbleCommand()
                0x00012fd8                CUSBGamePadPS4Device::SetLEDMode(TGamePadLEDMode)
                0x00013118                CUSBGamePadPS4Device::SetLEDMode(unsigned int, unsigned char, unsigned char)
                0x00013140                CUSBGamePadPS4Device::SetRumbleMode(TGamePadRumbleMode)
                0x000131ac                CUSBGamePadPS4Device::DisableTouchpad()
                0x000131c0                CUSBGamePadPS4Device::Configure()
 .text._ZN20CUSBGamePadPS4Device13GetPropertiesEv
                0x00013320        0x8 ./circle/lib/usb/libusb.a(usbgamepadps4.o)
                0x00013320                CUSBGamePadPS4Device::GetProperties()
 .text          0x00013328      0x3b0 ./circle/lib/usb/libusb.a(usbgamepadxbox360.o)
                0x00013328                CUSBGamePadXbox360Device::~CUSBGamePadXbox360Device()
                0x00013328                CUSBGamePadXbox360Device::~CUSBGamePadXbox360Device()
                0x00013348                CUSBGamePadXbox360Device::~CUSBGamePadXbox360Device()
                0x00013374                CUSBGamePadXbox360Device::DecodeReport(unsigned char const*)
                0x000134a8                CUSBGamePadXbox360Device::ReportHandler(unsigned char const*, unsigned int)
                0x00013514                CUSBGamePadXbox360Device::SetLEDMode(TGamePadLEDMode)
                0x00013568                CUSBGamePadXbox360Device::SetRumbleMode(TGamePadRumbleMode)
                0x000135f8                CUSBGamePadXbox360Device::CUSBGamePadXbox360Device(CUSBFunction*)
                0x000135f8                CUSBGamePadXbox360Device::CUSBGamePadXbox360Device(CUSBFunction*)
                0x00013618                CUSBGamePadXbox360Device::Configure()
 .text._ZN24CUSBGamePadXbox360Device13GetPropertiesEv
                0x000136d8        0x8 ./circle/lib/usb/libusb.a(usbgamepadxbox360.o)
                0x000136d8                CUSBGamePadXbox360Device::GetProperties()
 .text          0x000136e0      0x4ac ./circle/lib/usb/libusb.a(usbgamepadxboxone.o)
                0x000136e0                CUSBGamePadXboxOneDevice::DecodeReport(unsigned char const*)
                0x00013890                CUSBGamePadXboxOneDevice::~CUSBGamePadXboxOneDevice()
                0x00013890                CUSBGamePadXboxOneDevice::~CUSBGamePadXboxOneDevice()
                0x000138b0                CUSBGamePadXboxOneDevice::~CUSBGamePadXboxOneDevice()
                0x000138dc                CUSBGamePadXboxOneDevice::ReportHandler(unsigned char const*, unsigned int)
                0x000139c4                CUSBGamePadXboxOneDevice::SetRumbleMode(TGamePadRumbleMode)
                0x00013a64                CUSBGamePadXboxOneDevice::CUSBGamePadXboxOneDevice(CUSBFunction*)
                0x00013a64                CUSBGamePadXboxOneDevice::CUSBGamePadXboxOneDevice(CUSBFunction*)
                0x00013a8c                CUSBGamePadXboxOneDevice::Configure()
 .text._ZN24CUSBGamePadXboxOneDevice13GetPropertiesEv
                0x00013b8c        0x8 ./circle/lib/usb/libusb.a(usbgamepadxboxone.o)
                0x00013b8c                CUSBGamePadXboxOneDevice::GetProperties()
 .text          0x00013b94      0x67c ./circle/lib/usb/libusb.a(usbgamepadswitchpro.o)
                0x00013b94                CUSBGamePadSwitchProDevice::~CUSBGamePadSwitchProDevice()
                0x00013b94                CUSBGamePadSwitchProDevice::~CUSBGamePadSwitchProDevice()
                0x00013bb4                CUSBGamePadSwitchProDevice::~CUSBGamePadSwitchProDevice()
                0x00013be0                CUSBGamePadSwitchProDevice::DecodeReport(unsigned char const*)
                0x00013da0                CUSBGamePadSwitchProDevice::SetLEDMode(TGamePadLEDMode)
                0x00013e1c                CUSBGamePadSwitchProDevice::SetRumbleMode(TGamePadRumbleMode)
                0x00013f08                CUSBGamePadSwitchProDevice::CUSBGamePadSwitchProDevice(CUSBFunction*)
                0x00013f08                CUSBGamePadSwitchProDevice::CUSBGamePadSwitchProDevice(CUSBFunction*)
                0x00013f48                CUSBGamePadSwitchProDevice::Configure()
 .text._ZN26CUSBGamePadSwitchProDevice13GetPropertiesEv
                0x00014210        0x8 ./circle/lib/usb/libusb.a(usbgamepadswitchpro.o)
                0x00014210                CUSBGamePadSwitchProDevice::GetProperties()
 .text          0x00014218      0x71c ./circle/lib/usb/libusb.a(usbfunction.o)
                0x00014218                CUSBFunction::Initialize()
                0x00014220                CUSBFunction::~CUSBFunction()
                0x00014220                CUSBFunction::~CUSBFunction()
                0x00014278                CUSBFunction::~CUSBFunction()
                0x00014298                CUSBFunction::CUSBFunction(CUSBDevice*, CUSBConfigurationParser*)
                0x00014298                CUSBFunction::CUSBFunction(CUSBDevice*, CUSBConfigurationParser*)
                0x00014358                CUSBFunction::CUSBFunction(CUSBFunction*)
                0x00014358                CUSBFunction::CUSBFunction(CUSBFunction*)
                0x0001445c                CUSBFunction::GetInterfaceName() const
                0x000144c8                CUSBFunction::GetNumEndpoints() const
                0x00014508                CUSBFunction::GetDevice() const
                0x00014548                CUSBFunction::GetEndpoint0() const
                0x0001458c                CUSBFunction::GetHost() const
                0x000145d0                CUSBFunction::Configure()
                0x00014694                CUSBFunction::GetDescriptor(unsigned char)
                0x000146e0                CUSBFunction::ConfigurationError(char const*) const
                0x00014750                CUSBFunction::SelectInterfaceByClass(unsigned char, unsigned char, unsigned char)
                0x00014834                CUSBFunction::GetInterfaceNumber() const
                0x00014874                CUSBFunction::GetInterfaceClass() const
                0x000148b4                CUSBFunction::GetInterfaceSubClass() const
                0x000148f4                CUSBFunction::GetInterfaceProtocol() const
 .text          0x00014934      0x29c ./circle/lib/usb/libusb.a(dwhciframeschednsplit.o)
                0x00014934                CDWHCIFrameSchedulerNoSplit::~CDWHCIFrameSchedulerNoSplit()
                0x00014934                CDWHCIFrameSchedulerNoSplit::~CDWHCIFrameSchedulerNoSplit()
                0x00014938                CDWHCIFrameSchedulerNoSplit::IsOddFrame() const
                0x00014944                CDWHCIFrameSchedulerNoSplit::StartSplit()
                0x0001495c                CDWHCIFrameSchedulerNoSplit::CompleteSplit()
                0x00014980                CDWHCIFrameSchedulerNoSplit::TransactionComplete(unsigned int)
                0x00014998                CDWHCIFrameSchedulerNoSplit::WaitForFrame()
                0x00014a04                CDWHCIFrameSchedulerNoSplit::CDWHCIFrameSchedulerNoSplit(bool)
                0x00014a04                CDWHCIFrameSchedulerNoSplit::CDWHCIFrameSchedulerNoSplit(bool)
                0x00014a20                CDWHCIFrameSchedulerNoSplit::operator new(unsigned int)
                0x00014a80                CDWHCIFrameSchedulerNoSplit::operator delete(void*, unsigned int)
                0x00014aec                CDWHCIFrameSchedulerNoSplit::~CDWHCIFrameSchedulerNoSplit()
                0x00014b04                CDWHCIFrameSchedulerNoSplit::InitAllocator(unsigned int)
                0x00014b60                CDWHCIFrameSchedulerNoSplit::InitProtectedAllocator(unsigned int, unsigned int)
 .text          0x00014bd0      0x38c ./circle/lib/usb/libusb.a(usbprinter.o)
                0x00014bd0                CUSBPrinterDevice::~CUSBPrinterDevice()
                0x00014bd0                CUSBPrinterDevice::~CUSBPrinterDevice()
                0x00014c44                CUSBPrinterDevice::~CUSBPrinterDevice()
                0x00014c64                CUSBPrinterDevice::Write(void const*, unsigned int)
                0x00014d10                CUSBPrinterDevice::CUSBPrinterDevice(CUSBFunction*)
                0x00014d10                CUSBPrinterDevice::CUSBPrinterDevice(CUSBFunction*)
                0x00014d40                CUSBPrinterDevice::Configure()
 .text          0x00014f5c      0x688 ./circle/lib/usb/libusb.a(usbbluetooth.o)
                0x00014f5c                CUSBBluetoothDevice::~CUSBBluetoothDevice()
                0x00014f5c                CUSBBluetoothDevice::~CUSBBluetoothDevice()
                0x00015018                CUSBBluetoothDevice::~CUSBBluetoothDevice()
                0x00015038                CUSBBluetoothDevice::CUSBBluetoothDevice(CUSBFunction*)
                0x00015038                CUSBBluetoothDevice::CUSBBluetoothDevice(CUSBFunction*)
                0x00015074                CUSBBluetoothDevice::SendHCICommand(void const*, unsigned int)
                0x000150d0                CUSBBluetoothDevice::StartRequest()
                0x000151f0                CUSBBluetoothDevice::RegisterHCIEventHandler(void (*)(void const*, unsigned int))
                0x00015234                CUSBBluetoothDevice::CompletionRoutine(CUSBRequest*)
                0x00015368                CUSBBluetoothDevice::CompletionStub(CUSBRequest*, void*, void*)
                0x000153b0                CUSBBluetoothDevice::Configure()
 .text          0x000155e4      0x738 ./circle/lib/usb/libusb.a(usbmidi.o)
                0x000155e4                CUSBMIDIDevice::~CUSBMIDIDevice()
                0x000155e4                CUSBMIDIDevice::~CUSBMIDIDevice()
                0x00015648                CUSBMIDIDevice::~CUSBMIDIDevice()
                0x00015668                CUSBMIDIDevice::CUSBMIDIDevice(CUSBFunction*)
                0x00015668                CUSBMIDIDevice::CUSBMIDIDevice(CUSBFunction*)
                0x000156a0                CUSBMIDIDevice::RegisterPacketHandler(void (*)(unsigned int, unsigned char*, unsigned int))
                0x000156f4                CUSBMIDIDevice::StartRequest()
                0x00015824                CUSBMIDIDevice::CompletionRoutine(CUSBRequest*)
                0x000159f4                CUSBMIDIDevice::CompletionStub(CUSBRequest*, void*, void*)
                0x00015a3c                CUSBMIDIDevice::TimerHandler(unsigned int)
                0x00015a7c                CUSBMIDIDevice::TimerStub(unsigned int, void*, void*)
                0x00015ac4                CUSBMIDIDevice::Configure()
 .text          0x00015d1c      0x5b0 ./circle/lib/usb/libusb.a(usbcdcethernet.o)
                0x00015d1c                CUSBCDCEthernetDevice::GetMACAddress() const
                0x00015d24                CUSBCDCEthernetDevice::~CUSBCDCEthernetDevice()
                0x00015d24                CUSBCDCEthernetDevice::~CUSBCDCEthernetDevice()
                0x00015da0                CUSBCDCEthernetDevice::~CUSBCDCEthernetDevice()
                0x00015dc0                CUSBCDCEthernetDevice::SendFrame(void const*, unsigned int)
                0x00015e68                CUSBCDCEthernetDevice::ReceiveFrame(void*, unsigned int*)
                0x00015f5c                CUSBCDCEthernetDevice::CUSBCDCEthernetDevice(CUSBFunction*)
                0x00015f5c                CUSBCDCEthernetDevice::CUSBCDCEthernetDevice(CUSBFunction*)
                0x00015f90                CUSBCDCEthernetDevice::InitMACAddress(unsigned char)
                0x0001608c                CUSBCDCEthernetDevice::Configure()
 .text._ZN10CNetDevice8IsLinkUpEv
                0x000162cc        0x8 ./circle/lib/usb/libusb.a(usbcdcethernet.o)
                0x000162cc                CNetDevice::IsLinkUp()
 .text._ZN10CNetDevice12GetLinkSpeedEv
                0x000162d4        0x8 ./circle/lib/usb/libusb.a(usbcdcethernet.o)
                0x000162d4                CNetDevice::GetLinkSpeed()
 .text          0x000162dc      0x378 ./circle/lib/usb/libusb.a(usbconfigparser.o)
                0x000162dc                CUSBConfigurationParser::CUSBConfigurationParser(void const*, unsigned int)
                0x000162dc                CUSBConfigurationParser::CUSBConfigurationParser(void const*, unsigned int)
                0x00016448                CUSBConfigurationParser::CUSBConfigurationParser(CUSBConfigurationParser*)
                0x00016448                CUSBConfigurationParser::CUSBConfigurationParser(CUSBConfigurationParser*)
                0x000164a4                CUSBConfigurationParser::~CUSBConfigurationParser()
                0x000164a4                CUSBConfigurationParser::~CUSBConfigurationParser()
                0x000164a8                CUSBConfigurationParser::IsValid() const
                0x000164b0                CUSBConfigurationParser::GetDescriptor(unsigned char)
                0x00016590                CUSBConfigurationParser::GetCurrentDescriptor()
                0x000165e8                CUSBConfigurationParser::Error(char const*) const
 .text          0x00016654      0x5b0 ./circle/lib/usb/libusb.a(usbstring.o)
                0x00016654                CUSBString::CUSBString(CUSBDevice*)
                0x00016654                CUSBString::CUSBString(CUSBDevice*)
                0x000166cc                CUSBString::CUSBString(CUSBString*)
                0x000166cc                CUSBString::CUSBString(CUSBString*)
                0x00016798                CUSBString::~CUSBString()
                0x00016798                CUSBString::~CUSBString()
                0x000167d8                CUSBString::GetFromDescriptor(unsigned char, unsigned short)
                0x00016a70                CUSBString::Get() const
                0x00016a78                CUSBString::GetLanguageID()
 .text          0x00016c04      0xb74 ./circle/lib/usb/libusb.a(smsc951x.o)
                0x00016c04                CSMSC951xDevice::GetMACAddress() const
                0x00016c0c                CSMSC951xDevice::~CSMSC951xDevice()
                0x00016c0c                CSMSC951xDevice::~CSMSC951xDevice()
                0x00016c88                CSMSC951xDevice::~CSMSC951xDevice()
                0x00016ca8                CSMSC951xDevice::ReceiveFrame(void*, unsigned int*)
                0x00016eec                CSMSC951xDevice::SendFrame(void const*, unsigned int)
                0x00016f00                CSMSC951xDevice::CSMSC951xDevice(CUSBFunction*)
                0x00016f00                CSMSC951xDevice::CSMSC951xDevice(CUSBFunction*)
                0x00016f34                CSMSC951xDevice::WriteReg(unsigned int, unsigned int)
                0x00016f9c                CSMSC951xDevice::ReadReg(unsigned int, unsigned int*)
                0x00017004                CSMSC951xDevice::PHYWaitNotBusy()
                0x00017094                CSMSC951xDevice::PHYWrite(unsigned char, unsigned short)
                0x00017134                CSMSC951xDevice::PHYRead(unsigned char, unsigned short*)
                0x0001721c                CSMSC951xDevice::IsLinkUp()
                0x00017248                CSMSC951xDevice::GetLinkSpeed()
                0x000172a4                CSMSC951xDevice::DumpReg(char const*, unsigned int)
                0x00017318                CSMSC951xDevice::DumpRegs()
                0x000174b0                CSMSC951xDevice::Configure()
 .text          0x00017778      0xe40 ./circle/lib/usb/libusb.a(lan7800.o)
                0x00017778                CLAN7800Device::GetMACAddress() const
                0x00017780                CLAN7800Device::~CLAN7800Device()
                0x00017780                CLAN7800Device::~CLAN7800Device()
                0x000177fc                CLAN7800Device::~CLAN7800Device()
                0x0001781c                CLAN7800Device::ReceiveFrame(void*, unsigned int*)
                0x00017a5c                CLAN7800Device::SendFrame(void const*, unsigned int)
                0x00017a70                CLAN7800Device::CLAN7800Device(CUSBFunction*)
                0x00017a70                CLAN7800Device::CLAN7800Device(CUSBFunction*)
                0x00017aa4                CLAN7800Device::WriteReg(unsigned int, unsigned int)
                0x00017b3c                CLAN7800Device::ReadReg(unsigned int, unsigned int*)
                0x00017bc8                CLAN7800Device::WaitReg(unsigned int, unsigned int, unsigned int, unsigned int, unsigned int)
                0x00017c80                CLAN7800Device::PHYWrite(unsigned char, unsigned short)
                0x00017d4c                CLAN7800Device::PHYRead(unsigned char, unsigned short*)
                0x00017e58                CLAN7800Device::IsLinkUp()
                0x00017e84                CLAN7800Device::GetLinkSpeed()
                0x00017f60                CLAN7800Device::InitPHY()
                0x00017fc8                CLAN7800Device::ReadWriteReg(unsigned int, unsigned int, unsigned int)
                0x00018018                CLAN7800Device::InitMACAddress()
                0x00018138                CLAN7800Device::Configure()
 .text          0x000185b8      0x2ac ./circle/lib/usb/libusb.a(macaddress.o)
                0x000185b8                CMACAddress::CMACAddress()
                0x000185b8                CMACAddress::CMACAddress()
                0x000185c4                CMACAddress::~CMACAddress()
                0x000185c4                CMACAddress::~CMACAddress()
                0x000185c8                CMACAddress::operator==(CMACAddress const&) const
                0x00018638                CMACAddress::operator!=(CMACAddress const&) const
                0x0001864c                CMACAddress::Set(unsigned char const*)
                0x00018694                CMACAddress::CMACAddress(unsigned char const*)
                0x00018694                CMACAddress::CMACAddress(unsigned char const*)
                0x000186a8                CMACAddress::SetBroadcast()
                0x000186cc                CMACAddress::Get() const
                0x00018700                CMACAddress::CopyTo(unsigned char*) const
                0x0001876c                CMACAddress::IsBroadcast() const
                0x000187c8                CMACAddress::GetSize() const
                0x000187d0                CMACAddress::Format(CString*) const
 .text          0x00018864       0xf4 ./circle/lib/usb/libusb.a(netdevice.o)
                0x00018864                CNetDevice::CNetDevice(CUSBFunction*)
                0x00018864                CNetDevice::CNetDevice(CUSBFunction*)
                0x00018884                CNetDevice::~CNetDevice()
                0x00018884                CNetDevice::~CNetDevice()
                0x000188a4                CNetDevice::~CNetDevice()
                0x000188d0                CNetDevice::GetSpeedString(TNetDeviceSpeed)
                0x000188ec                CNetDevice::AddNetDevice()
 .text          0x00018958      0x214 ./circle/lib/usb/libusb.a(usbgamepad.o)
                0x00018958                CUSBGamePadDevice::GetInitialState()
                0x00018960                CUSBGamePadDevice::ReportHandler(unsigned char const*, unsigned int)
                0x000189b4                CUSBGamePadDevice::RegisterStatusHandler(void (*)(unsigned int, TGamePadState const*))
                0x00018a08                CUSBGamePadDevice::Configure()
                0x00018ac0                CUSBGamePadDevice::CUSBGamePadDevice(CUSBFunction*)
                0x00018ac0                CUSBGamePadDevice::CUSBGamePadDevice(CUSBFunction*)
                0x00018b08                CUSBGamePadDevice::~CUSBGamePadDevice()
                0x00018b08                CUSBGamePadDevice::~CUSBGamePadDevice()
                0x00018b4c                CUSBGamePadDevice::~CUSBGamePadDevice()
 .text          0x00018b6c      0x368 ./circle/lib/input/libinput.a(keyboardbehaviour.o)
                0x00018b6c                CKeyboardBehaviour::CKeyboardBehaviour()
                0x00018b6c                CKeyboardBehaviour::CKeyboardBehaviour()
                0x00018ba0                CKeyboardBehaviour::~CKeyboardBehaviour()
                0x00018ba0                CKeyboardBehaviour::~CKeyboardBehaviour()
                0x00018bc8                CKeyboardBehaviour::RegisterKeyPressedHandler(void (*)(char const*))
                0x00018c00                CKeyboardBehaviour::RegisterSelectConsoleHandler(void (*)(unsigned int))
                0x00018c38                CKeyboardBehaviour::RegisterShutdownHandler(void (*)())
                0x00018c70                CKeyboardBehaviour::GetLEDStatus() const
                0x00018c78                CKeyboardBehaviour::GenerateKeyEvent(unsigned char)
                0x00018d58                CKeyboardBehaviour::KeyPressed(unsigned char)
                0x00018d94                CKeyboardBehaviour::KeyReleased(unsigned char)
                0x00018dfc                CKeyboardBehaviour::TimerHandler(unsigned int)
                0x00018e8c                CKeyboardBehaviour::TimerStub(unsigned int, void*, void*)
 .text          0x00018ed4      0x3c4 ./circle/lib/input/libinput.a(keymap.o)
                0x00018ed4                CKeyMap::~CKeyMap()
                0x00018ed4                CKeyMap::~CKeyMap()
                0x00018ed8                CKeyMap::ClearTable(unsigned char)
                0x00018f10                CKeyMap::SetEntry(unsigned char, unsigned char, unsigned short)
                0x00018f64                CKeyMap::Translate(unsigned char, unsigned char)
                0x00019070                CKeyMap::GetString(unsigned short, unsigned char, char*) const
                0x00019130                CKeyMap::GetLEDStatus() const
                0x00019160                CKeyMap::LookupDefaultMap(char const*)
                0x000191f8                CKeyMap::CKeyMap()
                0x000191f8                CKeyMap::CKeyMap()
 .text          0x00019298      0x19c ./circle/lib/input/libinput.a(mouse.o)
                0x00019298                CMouseDevice::~CMouseDevice()
                0x00019298                CMouseDevice::~CMouseDevice()
                0x000192e4                CMouseDevice::~CMouseDevice()
                0x00019304                CMouseDevice::CMouseDevice()
                0x00019304                CMouseDevice::CMouseDevice()
                0x00019370                CMouseDevice::Setup(unsigned int, unsigned int)
                0x00019378                CMouseDevice::RegisterEventHandler(void (*)(TMouseEvent, unsigned int, unsigned int, unsigned int))
                0x00019380                CMouseDevice::SetCursor(unsigned int, unsigned int)
                0x00019388                CMouseDevice::ShowCursor(bool)
                0x00019390                CMouseDevice::UpdateCursor()
                0x000193a4                CMouseDevice::RegisterStatusHandler(void (*)(unsigned int, int, int))
                0x000193f8                CMouseDevice::ReportHandler(unsigned int, int, int)
 .text          0x00019434      0x514 ./circle/lib/input/libinput.a(mousebehaviour.o)
                0x00019434                CMouseBehaviour::CMouseBehaviour()
                0x00019434                CMouseBehaviour::CMouseBehaviour()
                0x0001945c                CMouseBehaviour::~CMouseBehaviour()
                0x0001945c                CMouseBehaviour::~CMouseBehaviour()
                0x00019460                CMouseBehaviour::Setup(unsigned int, unsigned int)
                0x000195bc                CMouseBehaviour::RegisterEventHandler(void (*)(TMouseEvent, unsigned int, unsigned int, unsigned int))
                0x00019610                CMouseBehaviour::MouseStatusChanged(unsigned int, int, int)
                0x00019780                CMouseBehaviour::SetCursorState(unsigned int, unsigned int, bool)
                0x000197f4                CMouseBehaviour::SetCursor(unsigned int, unsigned int)
                0x000198a0                CMouseBehaviour::ShowCursor(bool)
                0x00019918                CMouseBehaviour::UpdateCursor()
 .text          0x00019948      0x2c8 ./circle/lib/fs/libfs.a(partitionmanager.o)
                0x00019948                CPartitionManager::CPartitionManager(CDevice*, char const*)
                0x00019948                CPartitionManager::CPartitionManager(CDevice*, char const*)
                0x00019978                CPartitionManager::~CPartitionManager()
                0x00019978                CPartitionManager::~CPartitionManager()
                0x000199c4                CPartitionManager::Initialize()
 .text          0x00019c10      0x300 ./circle/lib/fs/libfs.a(partition.o)
                0x00019c10                CPartition::Read(void*, unsigned int)
                0x00019cc0                CPartition::Write(void const*, unsigned int)
                0x00019d70                CPartition::~CPartition()
                0x00019d70                CPartition::~CPartition()
                0x00019d98                CPartition::~CPartition()
                0x00019dcc                CPartition::Seek(unsigned long long)
                0x00019ea0                CPartition::CPartition(CDevice*, unsigned int, unsigned int)
                0x00019ea0                CPartition::CPartition(CDevice*, unsigned int, unsigned int)
 .text          0x00019f10      0x244 ./circle/lib/libcircle.a(actled.o)
                0x00019f10                CActLED::~CActLED()
                0x00019f10                CActLED::~CActLED()
                0x00019f24                CActLED::On()
                0x00019f54                CActLED::Off()
                0x00019f8c                CActLED::CActLED()
                0x00019f8c                CActLED::CActLED()
                0x0001a0f8                CActLED::Blink(unsigned int, unsigned int, unsigned int)
                0x0001a144                CActLED::Get()
 .text          0x0001a154       0x90 ./circle/lib/libcircle.a(assert.o)
                0x0001a154                assertion_failed
 .text          0x0001a1e4      0x27c ./circle/lib/libcircle.a(bcmpropertytags.o)
                0x0001a1e4                CBcmPropertyTags::CBcmPropertyTags()
                0x0001a1e4                CBcmPropertyTags::CBcmPropertyTags()
                0x0001a1fc                CBcmPropertyTags::~CBcmPropertyTags()
                0x0001a1fc                CBcmPropertyTags::~CBcmPropertyTags()
                0x0001a210                CBcmPropertyTags::GetTags(void*, unsigned int)
                0x0001a340                CBcmPropertyTags::GetTag(unsigned int, void*, unsigned int, unsigned int)
 .text          0x0001a460      0x328 ./circle/lib/libcircle.a(classallocator.o)
                0x0001a460                CClassAllocator::~CClassAllocator()
                0x0001a460                CClassAllocator::~CClassAllocator()
                0x0001a488                CClassAllocator::Init(unsigned int, unsigned int)
                0x0001a568                CClassAllocator::CClassAllocator(unsigned int, unsigned int, char const*)
                0x0001a568                CClassAllocator::CClassAllocator(unsigned int, unsigned int, char const*)
                0x0001a598                CClassAllocator::CClassAllocator(unsigned int, unsigned int, unsigned int, char const*)
                0x0001a598                CClassAllocator::CClassAllocator(unsigned int, unsigned int, unsigned int, char const*)
                0x0001a5cc                CClassAllocator::Allocate()
                0x0001a6b8                CClassAllocator::Free(void*)
 .text          0x0001a788      0x1bc ./circle/lib/libcircle.a(debug.o)
                0x0001a788                debug_hexdump(void const*, unsigned int, char const*)
                0x0001a8a0                debug_stacktrace(unsigned int const*, char const*)
 .text          0x0001a944       0x40 ./circle/lib/libcircle.a(device.o)
                0x0001a944                CDevice::~CDevice()
                0x0001a944                CDevice::~CDevice()
                0x0001a948                CDevice::Write(void const*, unsigned int)
                0x0001a948                CDevice::Read(void*, unsigned int)
                0x0001a950                CDevice::Seek(unsigned long long)
                0x0001a95c                CDevice::~CDevice()
                0x0001a974                CDevice::CDevice()
                0x0001a974                CDevice::CDevice()
 .text          0x0001a984      0x634 ./circle/lib/libcircle.a(devicenameservice.o)
                0x0001a984                CDeviceNameService::CDeviceNameService()
                0x0001a984                CDeviceNameService::CDeviceNameService()
                0x0001a9d0                CDeviceNameService::~CDeviceNameService()
                0x0001a9d0                CDeviceNameService::~CDeviceNameService()
                0x0001aa38                CDeviceNameService::AddDevice(char const*, CDevice*, bool)
                0x0001aaf4                CDeviceNameService::RemoveDevice(char const*, bool)
                0x0001ac2c                CDeviceNameService::GetDevice(char const*, bool)
                0x0001ad38                CDeviceNameService::Get()
                0x0001ad70                CDeviceNameService::AddDevice(char const*, unsigned int, CDevice*, bool)
                0x0001add8                CDeviceNameService::RemoveDevice(char const*, unsigned int, bool)
                0x0001ae38                CDeviceNameService::GetDevice(char const*, unsigned int, bool)
                0x0001aea0                CDeviceNameService::ListDevices(CDevice*)
 .text          0x0001afb8      0xd38 ./circle/lib/libcircle.a(gpiopin.o)
                0x0001afb8                CGPIOPin::~CGPIOPin()
                0x0001afb8                CGPIOPin::~CGPIOPin()
                0x0001afbc                CGPIOPin::~CGPIOPin()
                0x0001afd4                CGPIOPin::CGPIOPin()
                0x0001afd4                CGPIOPin::CGPIOPin()
                0x0001b010                CGPIOPin::AssignPin(unsigned int)
                0x0001b0a4                CGPIOPin::Write(unsigned int)
                0x0001b164                CGPIOPin::Read() const
                0x0001b1ec                CGPIOPin::Invert()
                0x0001b22c                CGPIOPin::ConnectInterrupt(void (*)(void*), void*)
                0x0001b32c                CGPIOPin::DisconnectInterrupt()
                0x0001b408                CGPIOPin::EnableInterrupt(TGPIOInterrupt)
                0x0001b52c                CGPIOPin::DisableInterrupt()
                0x0001b5e8                CGPIOPin::EnableInterrupt2(TGPIOInterrupt)
                0x0001b720                CGPIOPin::DisableInterrupt2()
                0x0001b7e0                CGPIOPin::ReadAll()
                0x0001b7f0                CGPIOPin::SetPullUpMode(unsigned int)
                0x0001b890                CGPIOPin::SetAlternateFunction(unsigned int)
                0x0001b964                CGPIOPin::SetMode(TGPIOMode, bool)
                0x0001bb2c                CGPIOPin::CGPIOPin(unsigned int, TGPIOMode, CGPIOManager*)
                0x0001bb2c                CGPIOPin::CGPIOPin(unsigned int, TGPIOMode, CGPIOManager*)
                0x0001bb84                CGPIOPin::InterruptHandler()
                0x0001bc38                CGPIOPin::DisableAllInterrupts(unsigned int)
 .text.startup  0x0001bcf0       0x14 ./circle/lib/libcircle.a(gpiopin.o)
 .text          0x0001bd04      0x5dc ./circle/lib/libcircle.a(interrupt.o)
                0x0001bd04                CInterruptSystem::CInterruptSystem()
                0x0001bd04                CInterruptSystem::CInterruptSystem()
                0x0001bd3c                CInterruptSystem::~CInterruptSystem()
                0x0001bd3c                CInterruptSystem::~CInterruptSystem()
                0x0001bd50                CInterruptSystem::Initialize()
                0x0001bdbc                CInterruptSystem::DisconnectFIQ()
                0x0001be40                CInterruptSystem::EnableIRQ(unsigned int)
                0x0001bebc                CInterruptSystem::ConnectIRQ(unsigned int, void (*)(void*), void*)
                0x0001bf2c                CInterruptSystem::DisableIRQ(unsigned int)
                0x0001bfa8                CInterruptSystem::DisconnectIRQ(unsigned int)
                0x0001c024                CInterruptSystem::EnableFIQ(unsigned int)
                0x0001c070                CInterruptSystem::ConnectFIQ(unsigned int, void (*)(void*), void*)
                0x0001c144                CInterruptSystem::DisableFIQ()
                0x0001c160                CInterruptSystem::Get()
                0x0001c198                CInterruptSystem::CallIRQHandler(unsigned int)
                0x0001c204                CInterruptSystem::InterruptHandler()
                0x0001c2c8                InterruptHandler
 .text          0x0001c2e0      0x574 ./circle/lib/libcircle.a(koptions.o)
                0x0001c344                CKernelOptions::~CKernelOptions()
                0x0001c344                CKernelOptions::~CKernelOptions()
                0x0001c358                CKernelOptions::GetWidth() const
                0x0001c360                CKernelOptions::GetHeight() const
                0x0001c368                CKernelOptions::GetLogDevice() const
                0x0001c374                CKernelOptions::GetLogLevel() const
                0x0001c37c                CKernelOptions::GetKeyMap() const
                0x0001c384                CKernelOptions::GetUSBPowerDelay() const
                0x0001c38c                CKernelOptions::GetSoundDevice() const
                0x0001c398                CKernelOptions::GetSoundOption() const
                0x0001c3a0                CKernelOptions::GetCPUSpeed() const
                0x0001c3a8                CKernelOptions::GetSoCMaxTemp() const
                0x0001c3b0                CKernelOptions::Get()
                0x0001c3c0                CKernelOptions::GetToken()
                0x0001c43c                CKernelOptions::CKernelOptions()
                0x0001c43c                CKernelOptions::CKernelOptions()
                0x0001c7fc                CKernelOptions::GetOptionValue(char*)
                0x0001c834                CKernelOptions::GetDecimal(char*)
 .text          0x0001c854      0x7e4 ./circle/lib/libcircle.a(logger.o)
                0x0001c854                CLogger::CLogger(unsigned int, CTimer*)
                0x0001c854                CLogger::CLogger(unsigned int, CTimer*)
                0x0001c8ac                CLogger::~CLogger()
                0x0001c8ac                CLogger::~CLogger()
                0x0001c920                CLogger::Get()
                0x0001c930                CLogger::Write(char const*)
                0x0001c9dc                CLogger::WriteNoAlloc(char const*, TLogSeverity, char const*)
                0x0001cab4                CLogger::Read(void*, unsigned int)
                0x0001cb78                CLogger::WriteEvent(char const*, TLogSeverity, char const*)
                0x0001ccdc                CLogger::ReadEvent(TLogSeverity*, char*, char*, long*, unsigned int*, int*)
                0x0001cdc0                CLogger::RegisterEventNotificationHandler(void (*)())
                0x0001cdc8                CLogger::RegisterPanicHandler(void (*)())
                0x0001cdd0                CLogger::WriteV(char const*, TLogSeverity, char const*, std::__va_list)
                0x0001cfc4                CLogger::Write(char const*, TLogSeverity, char const*, ...)
                0x0001cff4                CLogger::Initialize(CDevice*)
 .text          0x0001d038      0x414 ./circle/lib/libcircle.a(machineinfo.o)
                0x0001d038                CMachineInfo::CMachineInfo()
                0x0001d038                CMachineInfo::CMachineInfo()
                0x0001d210                CMachineInfo::~CMachineInfo()
                0x0001d210                CMachineInfo::~CMachineInfo()
                0x0001d234                CMachineInfo::GetMachineModel() const
                0x0001d23c                CMachineInfo::GetMachineName() const
                0x0001d254                CMachineInfo::GetModelMajor() const
                0x0001d25c                CMachineInfo::GetModelRevision() const
                0x0001d264                CMachineInfo::GetSoCType() const
                0x0001d26c                CMachineInfo::GetRAMSize() const
                0x0001d274                CMachineInfo::GetSoCName() const
                0x0001d28c                CMachineInfo::GetRevisionRaw() const
                0x0001d294                CMachineInfo::GetClockRate(unsigned int) const
                0x0001d360                CMachineInfo::GetGPIOPin(TGPIOVirtualPin) const
                0x0001d3d4                CMachineInfo::GetDevice(TDeviceId) const
                0x0001d414                CMachineInfo::Get()
 .text          0x0001d44c     0x1238 ./circle/lib/libcircle.a(screen.o)
                0x0001d44c                CScreenDevice::~CScreenDevice()
                0x0001d44c                CScreenDevice::~CScreenDevice()
                0x0001d4c4                CScreenDevice::~CScreenDevice()
                0x0001d580                CScreenDevice::CScreenDevice(unsigned int, unsigned int, bool)
                0x0001d580                CScreenDevice::CScreenDevice(unsigned int, unsigned int, bool)
                0x0001d5f8                CScreenDevice::GetWidth() const
                0x0001d600                CScreenDevice::GetHeight() const
                0x0001d608                CScreenDevice::GetColumns() const
                0x0001d628                CScreenDevice::GetRows() const
                0x0001d648                CScreenDevice::GetStatus()
                0x0001d6b8                CScreenDevice::SetStatus(TScreenStatus const&)
                0x0001d7c4                CScreenDevice::CarriageReturn()
                0x0001d7d0                CScreenDevice::CursorHome()
                0x0001d7e4                CScreenDevice::CursorLeft()
                0x0001d850                CScreenDevice::CursorMove(unsigned int, unsigned int)
                0x0001d8b0                CScreenDevice::CursorUp()
                0x0001d8e0                CScreenDevice::DeleteChars(unsigned int)
                0x0001d8e4                CScreenDevice::DeleteLines(unsigned int)
                0x0001d8e8                CScreenDevice::InsertLines(unsigned int)
                0x0001d8ec                CScreenDevice::InsertMode(bool)
                0x0001d8f4                CScreenDevice::ReverseScroll()
                0x0001d8f8                CScreenDevice::SetCursorMode(bool)
                0x0001d900                CScreenDevice::SetScrollRegion(unsigned int, unsigned int)
                0x0001d97c                CScreenDevice::SetStandoutMode(unsigned int)
                0x0001da1c                CScreenDevice::Scroll()
                0x0001dac0                CScreenDevice::CursorDown()
                0x0001db0c                CScreenDevice::NewLine()
                0x0001db18                CScreenDevice::CursorRight()
                0x0001db54                CScreenDevice::Tabulator()
                0x0001dba0                CScreenDevice::DisplayChar(char, unsigned int, unsigned int, unsigned short)
                0x0001dc74                CScreenDevice::DisplayChar(char)
                0x0001dcb0                CScreenDevice::EraseChar(unsigned int, unsigned int)
                0x0001dd34                CScreenDevice::ClearLineEnd()
                0x0001dddc                CScreenDevice::EraseChars(unsigned int)
                0x0001dde8                CScreenDevice::ClearDisplayEnd()
                0x0001de6c                CScreenDevice::Write(char)
                0x0001e37c                CScreenDevice::Write(void const*, unsigned int)
                0x0001e444                CScreenDevice::Initialize()
                0x0001e5b4                CScreenDevice::InvertCursor()
                0x0001e5c4                CScreenDevice::SetPixel(unsigned int, unsigned int, unsigned short)
                0x0001e5f0                CScreenDevice::GetPixel(unsigned int, unsigned int)
                0x0001e628                CScreenDevice::Rotor(unsigned int, unsigned int)
 *fill*         0x0001e684        0x4 
 .text          0x0001e688     0x10b4 ./circle/lib/libcircle.a(string.o)
                0x0001e688                CString::~CString()
                0x0001e688                CString::~CString()
                0x0001e6b4                CString::~CString()
                0x0001e754                CString::CString()
                0x0001e754                CString::CString()
                0x0001e76c                CString::CString(char const*)
                0x0001e76c                CString::CString(char const*)
                0x0001e7ac                CString::operator char const*() const
                0x0001e7c4                CString::operator=(char const*)
                0x0001e808                CString::operator=(CString const&)
                0x0001e864                CString::GetLength() const
                0x0001e874                CString::Append(char const*)
                0x0001e8f8                CString::Compare(char const*) const
                0x0001e900                CString::Find(char) const
                0x0001e944                CString::PutChar(char, unsigned int)
                0x0001e984                CString::PutString(char const*)
                0x0001e9c8                CString::Replace(char const*, char const*)
                0x0001eb44                CString::ReserveSpace(unsigned int)
                0x0001eb50                CString::ntoa(char*, unsigned long, unsigned int, bool)
                0x0001ec08                CString::ftoa(char*, double, unsigned int)
                0x0001ee88                CString::FormatV(char const*, std::__va_list)
                0x0001f70c                CString::Format(char const*, ...)
 .text          0x0001f73c       0xec ./circle/lib/libcircle.a(sysinit.o)
                0x0001f73c                __aeabi_atexit
                0x0001f740                halt
                0x0001f74c                reboot
                0x0001f778                sysinit
 .text          0x0001f828      0xdc4 ./circle/lib/libcircle.a(timer.o)
                0x0001f860                CTimer::CTimer(CInterruptSystem*)
                0x0001f860                CTimer::CTimer(CInterruptSystem*)
                0x0001f8e8                CTimer::~CTimer()
                0x0001f8e8                CTimer::~CTimer()
                0x0001f9d0                CTimer::SetTimeZone(int)
                0x0001f9f4                CTimer::GetTimeZone() const
                0x0001f9fc                CTimer::SetTime(unsigned int, bool)
                0x0001fa78                CTimer::GetClockTicks()
                0x0001fa94                CTimer::GetTicks() const
                0x0001fa9c                CTimer::GetUptime() const
                0x0001faa4                CTimer::GetTime() const
                0x0001faac                CTimer::GetLocalTime(unsigned int*, unsigned int*)
                0x0001fb6c                CTimer::GetUniversalTime() const
                0x0001fb8c                CTimer::GetUniversalTime(unsigned int*, unsigned int*)
                0x0001fc70                CTimer::GetTimeString()
                0x0001fe74                CTimer::StartKernelTimer(unsigned int, void (*)(unsigned int, void*, void*), void*, void*)
                0x0001ffdc                CTimer::CancelKernelTimer(unsigned int)
                0x00020098                CTimer::PollKernelTimers()
                0x00020200                CTimer::InterruptHandler()
                0x00020304                CTimer::InterruptHandler(void*)
                0x00020344                CTimer::TuneMsDelay()
                0x000203ec                CTimer::Initialize()
                0x00020474                CTimer::RegisterPeriodicHandler(void (*)())
                0x000204cc                CTimer::SimpleMsDelay(unsigned int)
                0x000204e8                CTimer::SimpleusDelay(unsigned int)
                0x000204f4                CTimer::IsLeapYear(unsigned int)
                0x00020540                CTimer::GetDaysOfMonth(unsigned int, unsigned int)
                0x000205b0                CTimer::Get()
 .text          0x000205ec      0x5c8 ./circle/lib/libcircle.a(util.o)
                0x000205ec                memset
                0x00020610                memcmp
                0x0002066c                strlen
                0x00020694                strcmp
                0x00020700                strcasecmp
                0x000207d0                strncmp
                0x00020864                strcpy
                0x00020890                strncpy
                0x000208dc                strcat
                0x00020920                strchr
                0x00020960                strtok_r
                0x00020a2c                strtoul
                0x00020bb0                char2int
 .text          0x00020bb4       0x5c ./circle/lib/libcircle.a(util_fast.o)
                0x00020bb4                memcpy
 .text          0x00020c10      0x24c ./circle/lib/libcircle.a(virtualgpiopin.o)
                0x00020c10                CVirtualGPIOPin::~CVirtualGPIOPin()
                0x00020c10                CVirtualGPIOPin::~CVirtualGPIOPin()
                0x00020c14                CVirtualGPIOPin::~CVirtualGPIOPin()
                0x00020cd0                CVirtualGPIOPin::CVirtualGPIOPin(unsigned int)
                0x00020cd0                CVirtualGPIOPin::CVirtualGPIOPin(unsigned int)
                0x00020e14                CVirtualGPIOPin::Write(unsigned int)
                0x00020e50                CVirtualGPIOPin::Invert()
 .text.startup  0x00020e5c       0x14 ./circle/lib/libcircle.a(virtualgpiopin.o)
 .text          0x00020e70      0x2c0 ./circle/lib/libcircle.a(exceptionhandler.o)
                0x00020e70                CExceptionHandler::CExceptionHandler()
                0x00020e70                CExceptionHandler::CExceptionHandler()
                0x00020f00                CExceptionHandler::~CExceptionHandler()
                0x00020f00                CExceptionHandler::~CExceptionHandler()
                0x00020f14                CExceptionHandler::Throw(unsigned int)
                0x00020f54                CExceptionHandler::Throw(unsigned int, TAbortFrame*)
                0x00021044                CExceptionHandler::Get()
                0x0002107c                ExceptionHandler
                0x000210e8                raise
 .text          0x00021130      0x170 ./circle/lib/libcircle.a(exceptionstub.o)
                0x00021130                UndefinedInstructionInternal
                0x0002117c                PrefetchAbortStub
                0x000211c8                DataAbortStub
                0x00021214                UndefinedInstructionStub
                0x00021230                IRQStub
                0x00021240                FIQStub
 .text          0x000212a0      0x2cc ./circle/lib/libcircle.a(memory.o)
                0x000212a0                CMemorySystem::~CMemorySystem()
                0x000212a0                CMemorySystem::~CMemorySystem()
                0x00021318                CMemorySystem::GetMemSize() const
                0x0002135c                CMemorySystem::Get()
                0x00021394                CMemorySystem::EnableMMU()
                0x00021470                CMemorySystem::CMemorySystem(bool)
                0x00021470                CMemorySystem::CMemorySystem(bool)
                0x00021560                CMemorySystem::GetCoherentPage(unsigned int)
 .text          0x0002156c       0xb8 ./circle/lib/libcircle.a(pagetable.o)
                0x0002156c                CPageTable::CPageTable(unsigned int)
                0x0002156c                CPageTable::CPageTable(unsigned int)
                0x00021614                CPageTable::~CPageTable()
                0x00021614                CPageTable::~CPageTable()
                0x00021618                CPageTable::GetBaseAddress() const
 .text          0x00021624        0x0 ./circle/lib/libcircle.a(startup.o)
 .text          0x00021624      0x180 ./circle/lib/libcircle.a(synchronize.o)
                0x00021624                CurrentExecutionLevel
                0x0002163c                EnterCritical
                0x000216f0                LeaveCritical
                0x00021748                CleanAndInvalidateDataCacheRange
                0x00021784                SyncDataAndInstructionCache
 .text          0x000217a4       0x18 ./circle/lib/libcircle.a(new.o)
                0x000217a4                operator new(unsigned int)
                0x000217a8                operator new[](unsigned int)
                0x000217ac                operator delete(void*)
                0x000217b0                operator delete[](void*)
                0x000217b4                operator delete(void*, unsigned int)
                0x000217b8                operator delete[](void*, unsigned int)
 .text          0x000217bc       0x18 ./circle/lib/libcircle.a(purecall.o)
                0x000217bc                __cxa_pure_virtual
 .text          0x000217d4      0x608 ./circle/lib/libcircle.a(alloc.o)
                0x000217d4                mem_init
                0x00021810                mem_get_size
                0x00021838                malloc
                0x00021a30                free
                0x00021b50                calloc
                0x00021ba8                realloc
                0x00021c90                palloc
                0x00021d7c                pfree
 .text.startup  0x00021ddc       0x18 ./circle/lib/libcircle.a(alloc.o)
 .text          0x00021df4      0x478 ./circle/lib/libcircle.a(bcmframebuffer.o)
                0x00021eb0                CBcmFrameBuffer::CBcmFrameBuffer(unsigned int, unsigned int, unsigned int, unsigned int, unsigned int)
                0x00021eb0                CBcmFrameBuffer::CBcmFrameBuffer(unsigned int, unsigned int, unsigned int, unsigned int, unsigned int)
                0x00021fe8                CBcmFrameBuffer::~CBcmFrameBuffer()
                0x00021fe8                CBcmFrameBuffer::~CBcmFrameBuffer()
                0x00022004                CBcmFrameBuffer::SetPalette(unsigned char, unsigned short)
                0x0002205c                CBcmFrameBuffer::SetPalette32(unsigned char, unsigned int)
                0x00022094                CBcmFrameBuffer::Initialize()
                0x00022154                CBcmFrameBuffer::GetWidth() const
                0x0002215c                CBcmFrameBuffer::GetHeight() const
                0x00022164                CBcmFrameBuffer::GetVirtWidth() const
                0x0002216c                CBcmFrameBuffer::GetVirtHeight() const
                0x00022174                CBcmFrameBuffer::GetPitch() const
                0x0002217c                CBcmFrameBuffer::GetDepth() const
                0x00022184                CBcmFrameBuffer::GetBuffer() const
                0x0002218c                CBcmFrameBuffer::GetSize() const
                0x00022194                CBcmFrameBuffer::UpdatePalette()
                0x000221ac                CBcmFrameBuffer::SetVirtualOffset(unsigned int, unsigned int)
                0x00022224                CBcmFrameBuffer::WaitForVerticalSync()
 .text          0x0002226c      0x17c ./circle/lib/libcircle.a(bcmmailbox.o)
                0x0002226c                CBcmMailBox::CBcmMailBox(unsigned int)
                0x0002226c                CBcmMailBox::CBcmMailBox(unsigned int)
                0x00022274                CBcmMailBox::~CBcmMailBox()
                0x00022274                CBcmMailBox::~CBcmMailBox()
                0x00022278                CBcmMailBox::Flush()
                0x000222b0                CBcmMailBox::Read()
                0x000222e0                CBcmMailBox::Write(unsigned int)
                0x00022334                CBcmMailBox::WriteRead(unsigned int)
 .text.startup  0x000223e8       0x14 ./circle/lib/libcircle.a(bcmmailbox.o)
 .text          0x000223fc       0xa8 ./circle/lib/libcircle.a(chargenerator.o)
                0x000223fc                CCharGenerator::CCharGenerator()
                0x000223fc                CCharGenerator::CCharGenerator()
                0x00022408                CCharGenerator::~CCharGenerator()
                0x00022408                CCharGenerator::~CCharGenerator()
                0x0002240c                CCharGenerator::GetCharWidth() const
                0x00022414                CCharGenerator::GetCharHeight() const
                0x0002241c                CCharGenerator::GetUnderline() const
                0x00022424                CCharGenerator::GetPixel(char, unsigned int, unsigned int) const
 *fill*         0x000224a4        0x4 
 .text          0x000224a8        0xc ./circle/lib/libcircle.a(delayloop.o)
                0x000224a8                DelayLoop
 .text          0x000224b4      0x384 ./circle/lib/libcircle.a(gpiomanager.o)
                0x000224b4                CGPIOManager::CGPIOManager(CInterruptSystem*)
                0x000224b4                CGPIOManager::CGPIOManager(CInterruptSystem*)
                0x000224e0                CGPIOManager::~CGPIOManager()
                0x000224e0                CGPIOManager::~CGPIOManager()
                0x0002256c                CGPIOManager::Initialize()
                0x000225ec                CGPIOManager::ConnectInterrupt(CGPIOPin*)
                0x00022690                CGPIOManager::DisconnectInterrupt(CGPIOPin*)
                0x00022748                CGPIOManager::InterruptHandler()
                0x000227fc                CGPIOManager::InterruptStub(void*)
 .text          0x00022838      0x4bc ./circle/lib/libcircle.a(ptrlist.o)
                0x00022838                CPtrList::CPtrList()
                0x00022838                CPtrList::CPtrList()
                0x00022844                CPtrList::~CPtrList()
                0x00022844                CPtrList::~CPtrList()
                0x00022878                CPtrList::GetFirst()
                0x00022880                CPtrList::GetNext(TPtrListElement*)
                0x000228d8                CPtrList::GetPtr(TPtrListElement*)
                0x00022930                CPtrList::InsertBefore(TPtrListElement*, void*)
                0x00022a34                CPtrList::InsertAfter(TPtrListElement*, void*)
                0x00022b2c                CPtrList::Remove(TPtrListElement*)
                0x00022c78                CPtrList::Find(void*)
                0x00022cf4                _etext = .

.glue_7         0x00022cf4        0x0
 .glue_7        0x00022cf4        0x0 linker stubs

.glue_7t        0x00022cf4        0x0
 .glue_7t       0x00022cf4        0x0 linker stubs

.vfp11_veneer   0x00022cf4        0x0
 .vfp11_veneer  0x00022cf4        0x0 linker stubs

.v4_bx          0x00022cf4        0x0
 .v4_bx         0x00022cf4        0x0 linker stubs

.iplt           0x00022cf4        0x0
 .iplt          0x00022cf4        0x0 src/main.o

.rodata         0x00022cf4     0x6a50
 *(.rodata*)
 .rodata        0x00022cf4        0x7 src/kernel.o
 *fill*         0x00022cfb        0x1 
 .rodata.str1.4
                0x00022cfc       0xc4 src/kernel.o
                                 0xca (size before relaxing)
 .rodata        0x00022dc0       0x1c src/rdserial.o
                0x00022dc0                vtable for CRdSerialDevice
 .rodata.str1.4
                0x00022ddc       0xeb src/rdserial.o
                                 0xfb (size before relaxing)
 *fill*         0x00022ec7        0x1 
 .rodata        0x00022ec8      0x200 src/MiniHDLC.o
                0x00022ec8                MiniHDLC::_CRCTable
 .rodata        0x000230c8       0x23 ./circle/lib/usb/libusb.a(dwhcidevice.o)
                0x000230c8                vtable for CDWHCIDevice
 *fill*         0x000230eb        0x1 
 .rodata.str1.4
                0x000230ec      0x556 ./circle/lib/usb/libusb.a(dwhcidevice.o)
                                0x57e (size before relaxing)
 *fill*         0x00023642        0x2 
 .rodata.str1.4
                0x00023644       0x7d ./circle/lib/usb/libusb.a(dwhciregister.o)
 *fill*         0x000236c1        0x3 
 .rodata.str1.4
                0x000236c4      0x204 ./circle/lib/usb/libusb.a(dwhcixferstagedata.o)
                                0x208 (size before relaxing)
 .rodata        0x000238c8       0x1f ./circle/lib/usb/libusb.a(usbdevice.o)
                0x000238c8                vtable for CUSBDevice
 *fill*         0x000238e7        0x1 
 .rodata.str1.4
                0x000238e8      0x352 ./circle/lib/usb/libusb.a(usbdevice.o)
                                0x356 (size before relaxing)
 *fill*         0x00023c3a        0x2 
 .rodata.str1.4
                0x00023c3c      0x137 ./circle/lib/usb/libusb.a(usbendpoint.o)
                                0x14b (size before relaxing)
 *fill*         0x00023d73        0x1 
 .rodata        0x00023d74       0x18 ./circle/lib/usb/libusb.a(usbhostcontroller.o)
                0x00023d74                vtable for CUSBHostController
 .rodata.str1.4
                0x00023d8c       0xcc ./circle/lib/usb/libusb.a(usbrequest.o)
                                0x108 (size before relaxing)
 .rodata.str1.4
                0x00023e58      0x16e ./circle/lib/usb/libusb.a(usbdevicefactory.o)
                                0x17a (size before relaxing)
 *fill*         0x00023fc6        0x2 
 .rodata        0x00023fc8       0x2b ./circle/lib/usb/libusb.a(usbstandardhub.o)
                0x00023fc8                vtable for CUSBStandardHub
 *fill*         0x00023ff3        0x1 
 .rodata.str1.4
                0x00023ff4      0x22c ./circle/lib/usb/libusb.a(usbstandardhub.o)
 .rodata        0x00024220       0x29 ./circle/lib/usb/libusb.a(usbmassdevice.o)
                0x00024220                vtable for CUSBBulkOnlyMassStorageDevice
 *fill*         0x00024249        0x3 
 .rodata.str1.4
                0x0002424c      0x24e ./circle/lib/usb/libusb.a(usbmassdevice.o)
                                0x282 (size before relaxing)
 *fill*         0x0002449a        0x2 
 .rodata        0x0002449c       0x24 ./circle/lib/usb/libusb.a(dwhciframeschednper.o)
                0x0002449c                vtable for CDWHCIFrameSchedulerNonPeriodic
 .rodata.str1.4
                0x000244c0       0xac ./circle/lib/usb/libusb.a(dwhciframeschednper.o)
                                 0xe8 (size before relaxing)
 .rodata        0x0002456c       0x24 ./circle/lib/usb/libusb.a(dwhciframeschedper.o)
                0x0002456c                vtable for CDWHCIFrameSchedulerPeriodic
 .rodata.str1.4
                0x00024590       0x85 ./circle/lib/usb/libusb.a(dwhciframeschedper.o)
                                0x101 (size before relaxing)
 *fill*         0x00024615        0x3 
 .rodata        0x00024618       0x37 ./circle/lib/usb/libusb.a(usbkeyboard.o)
                0x00024618                vtable for CUSBKeyboardDevice
 *fill*         0x0002464f        0x1 
 .rodata.str1.4
                0x00024650       0x5e ./circle/lib/usb/libusb.a(usbkeyboard.o)
 *fill*         0x000246ae        0x2 
 .rodata        0x000246b0        0x7 ./circle/lib/usb/libusb.a(dwhcirootport.o)
 *fill*         0x000246b7        0x1 
 .rodata.str1.4
                0x000246b8       0x83 ./circle/lib/usb/libusb.a(dwhcirootport.o)
                                 0x93 (size before relaxing)
 *fill*         0x0002473b        0x1 
 .rodata        0x0002473c       0x30 ./circle/lib/usb/libusb.a(usbhiddevice.o)
                0x00024744                vtable for CUSBHIDDevice
 .rodata.str1.4
                0x0002476c      0x103 ./circle/lib/usb/libusb.a(usbhiddevice.o)
                                0x143 (size before relaxing)
 *fill*         0x0002486f        0x1 
 .rodata        0x00024870       0x2f ./circle/lib/usb/libusb.a(usbmouse.o)
                0x00024870                vtable for CUSBMouseDevice
 *fill*         0x0002489f        0x1 
 .rodata.str1.4
                0x000248a0       0x21 ./circle/lib/usb/libusb.a(usbmouse.o)
                                 0x40 (size before relaxing)
 *fill*         0x000248c1        0x3 
 .rodata        0x000248c4       0x4e ./circle/lib/usb/libusb.a(usbgamepadstandard.o)
                0x000248c4                vtable for CUSBGamePadStandardDevice
 *fill*         0x00024912        0x2 
 .rodata.str1.4