Archive member included to satisfy reference by file (symbol)

c:/program files (x86)/gnu tools arm embedded/7 2017-q4-major/bin/../lib/gcc/arm-none-eabi/7.2.1/hard/libgcc.a(_udivsi3.o)
                              rdserial.o (__aeabi_uidiv)
c:/program files (x86)/gnu tools arm embedded/7 2017-q4-major/bin/../lib/gcc/arm-none-eabi/7.2.1/hard/libgcc.a(_dvmd_tls.o)
                              c:/program files (x86)/gnu tools arm embedded/7 2017-q4-major/bin/../lib/gcc/arm-none-eabi/7.2.1/hard/libgcc.a(_udivsi3.o) (__aeabi_idiv0)
../../../PiCircle/circle/lib/usb/libusb.a(dwhcidevice.o)
                              kernel.o (CDWHCIDevice::~CDWHCIDevice())
../../../PiCircle/circle/lib/usb/libusb.a(dwhciregister.o)
                              ../../../PiCircle/circle/lib/usb/libusb.a(dwhcidevice.o) (CDWHCIRegister::CDWHCIRegister(unsigned int))
../../../PiCircle/circle/lib/usb/libusb.a(dwhcixferstagedata.o)
                              ../../../PiCircle/circle/lib/usb/libusb.a(dwhcidevice.o) (CDWHCITransferStageData::~CDWHCITransferStageData())
../../../PiCircle/circle/lib/usb/libusb.a(usbdevice.o)
                              ../../../PiCircle/circle/lib/usb/libusb.a(dwhcixferstagedata.o) (CUSBDevice::GetAddress() const)
../../../PiCircle/circle/lib/usb/libusb.a(usbendpoint.o)
                              ../../../PiCircle/circle/lib/usb/libusb.a(usbdevice.o) (CUSBEndpoint::CUSBEndpoint(CUSBDevice*))
../../../PiCircle/circle/lib/usb/libusb.a(usbhostcontroller.o)
                              ../../../PiCircle/circle/lib/usb/libusb.a(dwhcidevice.o) (CUSBHostController::CUSBHostController())
../../../PiCircle/circle/lib/usb/libusb.a(usbrequest.o)
                              ../../../PiCircle/circle/lib/usb/libusb.a(usbhostcontroller.o) (CUSBRequest::CUSBRequest(CUSBEndpoint*, void*, unsigned int, TSetupData*))
../../../PiCircle/circle/lib/usb/libusb.a(usbdevicefactory.o)
                              ../../../PiCircle/circle/lib/usb/libusb.a(usbdevice.o) (CUSBDeviceFactory::GetDevice(CUSBFunction*, CString*))
../../../PiCircle/circle/lib/usb/libusb.a(usbstandardhub.o)
                              ../../../PiCircle/circle/lib/usb/libusb.a(usbdevicefactory.o) (CUSBStandardHub::CUSBStandardHub(CUSBFunction*))
../../../PiCircle/circle/lib/usb/libusb.a(usbmassdevice.o)
                              ../../../PiCircle/circle/lib/usb/libusb.a(usbdevicefactory.o) (CUSBBulkOnlyMassStorageDevice::CUSBBulkOnlyMassStorageDevice(CUSBFunction*))
../../../PiCircle/circle/lib/usb/libusb.a(dwhciframeschednper.o)
                              ../../../PiCircle/circle/lib/usb/libusb.a(dwhcixferstagedata.o) (CDWHCIFrameSchedulerNonPeriodic::CDWHCIFrameSchedulerNonPeriodic())
../../../PiCircle/circle/lib/usb/libusb.a(dwhciframeschedper.o)
                              ../../../PiCircle/circle/lib/usb/libusb.a(dwhcixferstagedata.o) (CDWHCIFrameSchedulerPeriodic::CDWHCIFrameSchedulerPeriodic())
../../../PiCircle/circle/lib/usb/libusb.a(usbkeyboard.o)
                              ../../../PiCircle/circle/lib/usb/libusb.a(usbdevicefactory.o) (CUSBKeyboardDevice::CUSBKeyboardDevice(CUSBFunction*))
../../../PiCircle/circle/lib/usb/libusb.a(dwhcirootport.o)
                              ../../../PiCircle/circle/lib/usb/libusb.a(dwhcidevice.o) (CDWHCIRootPort::CDWHCIRootPort(CDWHCIDevice*))
../../../PiCircle/circle/lib/usb/libusb.a(usbhiddevice.o)
                              ../../../PiCircle/circle/lib/usb/libusb.a(usbkeyboard.o) (CUSBHIDDevice::CUSBHIDDevice(CUSBFunction*, unsigned int))
../../../PiCircle/circle/lib/usb/libusb.a(usbmouse.o)
                              ../../../PiCircle/circle/lib/usb/libusb.a(usbdevicefactory.o) (CUSBMouseDevice::CUSBMouseDevice(CUSBFunction*))
../../../PiCircle/circle/lib/usb/libusb.a(usbgamepadstandard.o)
                              ../../../PiCircle/circle/lib/usb/libusb.a(usbdevicefactory.o) (CUSBGamePadStandardDevice::CUSBGamePadStandardDevice(CUSBFunction*, bool))
../../../PiCircle/circle/lib/usb/libusb.a(usbgamepadps3.o)
                              ../../../PiCircle/circle/lib/usb/libusb.a(usbdevicefactory.o) (CUSBGamePadPS3Device::CUSBGamePadPS3Device(CUSBFunction*))
../../../PiCircle/circle/lib/usb/libusb.a(usbgamepadps4.o)
                              ../../../PiCircle/circle/lib/usb/libusb.a(usbdevicefactory.o) (CUSBGamePadPS4Device::CUSBGamePadPS4Device(CUSBFunction*))
../../../PiCircle/circle/lib/usb/libusb.a(usbgamepadxbox360.o)
                              ../../../PiCircle/circle/lib/usb/libusb.a(usbdevicefactory.o) (CUSBGamePadXbox360Device::CUSBGamePadXbox360Device(CUSBFunction*))
../../../PiCircle/circle/lib/usb/libusb.a(usbgamepadxboxone.o)
                              ../../../PiCircle/circle/lib/usb/libusb.a(usbdevicefactory.o) (CUSBGamePadXboxOneDevice::CUSBGamePadXboxOneDevice(CUSBFunction*))
../../../PiCircle/circle/lib/usb/libusb.a(usbgamepadswitchpro.o)
[...]
Memory Configuration

Name             Origin             Length             Attributes
*default*        0x00000000         0xffffffff

Linker script and memory map

Address of section .init set to 0x8000

.init           0x00008000       0x64
 *(.init)
 .init          0x00008000       0x64 ../../../PiCircle/circle/lib/libcircle.a(startup.o)
                0x00008000                _start

.text           0x00008068    0x1a774
 *(.text*)
 .text          0x00008068        0x0 main.o
 .text.startup  0x00008068       0x3c main.o
                0x00008068                main
 .text          0x000080a4      0x50c kernel.o
                0x000080a4                CKernel::ShutdownHandler()
                0x000080ec                CKernel::CKernel()
                0x000080ec                CKernel::CKernel()
                0x000081d4                CKernel::Initialize()
                0x00008268                CKernel::~CKernel()
                0x00008268                CKernel::~CKernel()
                0x000082e8                CKernel::KeyPressedHandler(char const*)
                0x00008344                CKernel::Run()
                0x000084b4                CKernel::KeyStatusHandlerRaw(unsigned char, unsigned char const*)
 .text          0x000085b0      0xcbc rdserial.o
                0x000085b0                CRdSerialDevice::Read(void*, unsigned int)
                0x0000877c                CRdSerialDevice::CRdSerialDevice(CInterruptSystem*, bool)
                0x0000877c                CRdSerialDevice::CRdSerialDevice(CInterruptSystem*, bool)
                0x0000883c                CRdSerialDevice::Initialize(unsigned int)
                0x000089f4                CRdSerialDevice::GetOptions() const
                0x00008a00                CRdSerialDevice::SetOptions(unsigned int)
                0x00008a0c                CRdSerialDevice::RegisterMagicReceivedHandler(char const*, void (*)())
                0x00008aec                CRdSerialDevice::AvailableForWrite()
                0x00008b74                CRdSerialDevice::AvailableForRead()
                0x00008bf8                CRdSerialDevice::Peek()
                0x00008ca4                CRdSerialDevice::Flush()
                0x00008cc8                CRdSerialDevice::Write(unsigned char)
                0x00008db0                CRdSerialDevice::Write(void const*, unsigned int)
                0x00008f68                CRdSerialDevice::InterruptHandler()
                0x0000914c                CRdSerialDevice::InterruptStub(void*)
                0x0000918c                CRdSerialDevice::~CRdSerialDevice()
                0x0000918c                CRdSerialDevice::~CRdSerialDevice()
                0x00009248                CRdSerialDevice::~CRdSerialDevice()
 .text          0x0000926c      0x114 c:/program files (x86)/gnu tools arm embedded/7 2017-q4-major/bin/../lib/gcc/arm-none-eabi/7.2.1/hard/libgcc.a(_udivsi3.o)
                0x0000926c                __aeabi_uidiv
                0x0000926c                __udivsi3
                0x00009360                __aeabi_uidivmod
 .text          0x00009380        0x4 c:/program files (x86)/gnu tools arm embedded/7 2017-q4-major/bin/../lib/gcc/arm-none-eabi/7.2.1/hard/libgcc.a(_dvmd_tls.o)
                0x00009380                __aeabi_idiv0
                0x00009380                __aeabi_ldiv0
 .text          0x00009384     0x2688 ../../../PiCircle/circle/lib/usb/libusb.a(dwhcidevice.o)
                0x00009384                CDWHCIDevice::CompletionRoutine(CUSBRequest*, void*, void*)
                0x000093e4                CDWHCIDevice::~CDWHCIDevice()
                0x000093e4                CDWHCIDevice::~CDWHCIDevice()
                0x00009418                CDWHCIDevice::~CDWHCIDevice()
                0x000094b4                CDWHCIDevice::CDWHCIDevice(CInterruptSystem*, CTimer*)
                0x000094b4                CDWHCIDevice::CDWHCIDevice(CInterruptSystem*, CTimer*)
                0x00009590                CDWHCIDevice::GetPortSpeed()
                0x000095e4                CDWHCIDevice::OvercurrentDetected()
                0x00009620                CDWHCIDevice::DisableRootPort()
                0x00009664                CDWHCIDevice::PowerOn()
                0x000096cc                CDWHCIDevice::EnableGlobalInterrupts()
                0x00009710                CDWHCIDevice::EnableCommonInterrupts()
                0x00009748                CDWHCIDevice::EnableHostInterrupts()
                0x000097a4                CDWHCIDevice::EnableChannelInterrupt(unsigned int)
                0x00009818                CDWHCIDevice::DisableChannelInterrupt(unsigned int)
                0x0000988c                CDWHCIDevice::StartChannel(CDWHCITransferStageData*)
                0x00009c64                CDWHCIDevice::StartTransaction(CDWHCITransferStageData*)
                0x00009d80                CDWHCIDevice::TimerHandler(CDWHCITransferStageData*)
                0x00009e44                CDWHCIDevice::TimerStub(unsigned int, void*, void*)
                0x00009eb4                CDWHCIDevice::AllocateChannel()
                0x00009f8c                CDWHCIDevice::FreeChannel(unsigned int)
                0x0000a028                CDWHCIDevice::TransferStageAsync(CUSBRequest*, bool, bool, unsigned int)
                0x0000a190                CDWHCIDevice::SubmitAsyncRequest(CUSBRequest*, unsigned int)
                0x0000a270                CDWHCIDevice::ChannelInterruptHandler(unsigned int)
                0x0000a7b0                CDWHCIDevice::InterruptHandler()
                0x0000a8b0                CDWHCIDevice::InterruptStub(void*)
                0x0000a8f0                CDWHCIDevice::AllocateWaitBlock()
                0x0000a964                CDWHCIDevice::FreeWaitBlock(unsigned int)
                0x0000a9fc                CDWHCIDevice::TransferStage(CUSBRequest*, bool, bool, unsigned int)
                0x0000ab10                CDWHCIDevice::SubmitBlockingRequest(CUSBRequest*, unsigned int)
                0x0000adc4                CDWHCIDevice::WaitForBit(CDWHCIRegister*, unsigned int, bool, unsigned int)
                0x0000aec4                CDWHCIDevice::EnableRootPort()
                0x0000af80                CDWHCIDevice::Reset()
                0x0000b020                CDWHCIDevice::InitCore()
                0x0000b27c                CDWHCIDevice::FlushTxFIFO(unsigned int)
                0x0000b318                CDWHCIDevice::FlushRxFIFO()
                0x0000b398                CDWHCIDevice::InitHost()
                0x0000b598                CDWHCIDevice::Initialize()
                0x0000b804                CDWHCIDevice::DumpRegister(char const*, unsigned int)
                0x0000b864                CDWHCIDevice::DumpStatus(unsigned int)
 .text          0x0000ba0c      0x2f8 ../../../PiCircle/circle/lib/usb/libusb.a(dwhciregister.o)
                0x0000ba0c                CDWHCIRegister::CDWHCIRegister(unsigned int)
                0x0000ba0c                CDWHCIRegister::CDWHCIRegister(unsigned int)
                0x0000ba1c                CDWHCIRegister::CDWHCIRegister(unsigned int, unsigned int)
                0x0000ba1c                CDWHCIRegister::CDWHCIRegister(unsigned int, unsigned int)
                0x0000ba2c                CDWHCIRegister::~CDWHCIRegister()
                0x0000ba2c                CDWHCIRegister::~CDWHCIRegister()
                0x0000ba30                CDWHCIRegister::Read()
                0x0000ba4c                CDWHCIRegister::Write()
                0x0000ba88                CDWHCIRegister::Get() const
                0x0000babc                CDWHCIRegister::Set(unsigned int)
                0x0000bacc                CDWHCIRegister::IsSet(unsigned int) const
                0x0000bb10                CDWHCIRegister::And(unsigned int)
                0x0000bb50                CDWHCIRegister::Or(unsigned int)
                0x0000bb90                CDWHCIRegister::ClearBit(unsigned int)
                0x0000bbf4                CDWHCIRegister::SetBit(unsigned int)
                0x0000bc58                CDWHCIRegister::ClearAll()
                0x0000bc6c                CDWHCIRegister::SetAll()
                0x0000bc80                CDWHCIRegister::Dump() const
 .text          0x0000bd04      0xbdc ../../../PiCircle/circle/lib/usb/libusb.a(dwhcixferstagedata.o)
                0x0000bd04                CDWHCITransferStageData::~CDWHCITransferStageData()
                0x0000bd04                CDWHCITransferStageData::~CDWHCITransferStageData()
                0x0000bd48                CDWHCITransferStageData::SetChannelNumber(unsigned int)
                0x0000bd50                CDWHCITransferStageData::TransactionComplete(unsigned int, unsigned int, unsigned int)
                0x0000bf0c                CDWHCITransferStageData::SetSplitComplete(bool)
                0x0000bf44                CDWHCITransferStageData::SetState(unsigned int)
                0x0000bf4c                CDWHCITransferStageData::GetState() const
                0x0000bf54                CDWHCITransferStageData::SetSubState(unsigned int)
                0x0000bf5c                CDWHCITransferStageData::GetSubState() const
                0x0000bf64                CDWHCITransferStageData::BeginSplitCycle()
                0x0000bf6c                CDWHCITransferStageData::GetChannelNumber() const
                0x0000bf74                CDWHCITransferStageData::IsPeriodic() const
                0x0000bfc4                CDWHCITransferStageData::CDWHCITransferStageData(unsigned int, CUSBRequest*, bool, bool, unsigned int)
                0x0000bfc4                CDWHCITransferStageData::CDWHCITransferStageData(unsigned int, CUSBRequest*, bool, bool, unsigned int)
                0x0000c2e4                CDWHCITransferStageData::GetDeviceAddress() const
                0x0000c32c                CDWHCITransferStageData::GetEndpointType() const
                0x0000c3ac                CDWHCITransferStageData::GetEndpointNumber() const
                0x0000c3f4                CDWHCITransferStageData::GetMaxPacketSize() const
                0x0000c3fc                CDWHCITransferStageData::GetSpeed() const
                0x0000c404                CDWHCITransferStageData::GetPID() const
                0x0000c488                CDWHCITransferStageData::IsDirectionIn() const
                0x0000c490                CDWHCITransferStageData::IsStatusStage() const
                0x0000c498                CDWHCITransferStageData::GetDMAAddress() const
                0x0000c4dc                CDWHCITransferStageData::GetBytesToTransfer() const
                0x0000c4e4                CDWHCITransferStageData::GetPacketsToTransfer() const
                0x0000c4ec                CDWHCITransferStageData::IsSplit() const
                0x0000c4f4                CDWHCITransferStageData::IsSplitComplete() const
                0x0000c52c                CDWHCITransferStageData::GetHubAddress() const
                0x0000c59c                CDWHCITransferStageData::GetHubPortAddress() const
                0x0000c60c                CDWHCITransferStageData::GetSplitPosition() const
                0x0000c614                CDWHCITransferStageData::GetStatusMask() const
                0x0000c648                CDWHCITransferStageData::GetTransactionStatus() const
                0x0000c68c                CDWHCITransferStageData::IsStageComplete() const
                0x0000c69c                CDWHCITransferStageData::GetResultLen() const
                0x0000c6b0                CDWHCITransferStageData::IsTimeout() const
                0x0000c6f0                CDWHCITransferStageData::GetURB() const
                0x0000c730                CDWHCITransferStageData::GetFrameScheduler() const
                0x0000c738                CDWHCITransferStageData::operator new(unsigned int)
                0x0000c79c                CDWHCITransferStageData::operator delete(void*, unsigned int)
                0x0000c80c                CDWHCITransferStageData::InitAllocator(unsigned int)
                0x0000c86c                CDWHCITransferStageData::InitProtectedAllocator(unsigned int, unsigned int)
 .text          0x0000c8e0      0xf18 ../../../PiCircle/circle/lib/usb/libusb.a(usbdevice.o)
                0x0000c8e0                CUSBDevice::~CUSBDevice()
                0x0000c8e0                CUSBDevice::~CUSBDevice()
                0x0000c994                CUSBDevice::~CUSBDevice()
                0x0000c9b4                CUSBDevice::CUSBDevice(CUSBHostController*, TUSBSpeed, bool, unsigned char, unsigned char)
                0x0000c9b4                CUSBDevice::CUSBDevice(CUSBHostController*, TUSBSpeed, bool, unsigned char, unsigned char)
                0x0000ca98                CUSBDevice::GetName(TDeviceNameSelector) const
                0x0000cbb4                CUSBDevice::GetNames() const
                0x0000ccf4                CUSBDevice::SetAddress(unsigned char)
                0x0000cd2c                CUSBDevice::GetAddress() const
                0x0000cd34                CUSBDevice::GetSpeed() const
                0x0000cd3c                CUSBDevice::IsSplit() const
                0x0000cd44                CUSBDevice::GetHubAddress() const
                0x0000cd4c                CUSBDevice::GetHubPortNumber() const
                0x0000cd54                CUSBDevice::GetEndpoint0() const
                0x0000cd98                CUSBDevice::GetHost() const
                0x0000cddc                CUSBDevice::GetDeviceDescriptor() const
                0x0000ce20                CUSBDevice::GetConfigurationDescriptor() const
                0x0000ce64                CUSBDevice::GetDescriptor(unsigned char)
                0x0000ceb4                CUSBDevice::ConfigurationError(char const*) const
                0x0000cf04                CUSBDevice::LogWrite(TLogSeverity, char const*, ...)
                0x0000cfbc                CUSBDevice::Initialize()
                0x0000d6f0                CUSBDevice::Configure()
 .text          0x0000d7f8      0x48c ../../../PiCircle/circle/lib/usb/libusb.a(usbendpoint.o)
                0x0000d7f8                CUSBEndpoint::CUSBEndpoint(CUSBDevice*)
                0x0000d7f8                CUSBEndpoint::CUSBEndpoint(CUSBDevice*)
                0x0000d858                CUSBEndpoint::CUSBEndpoint(CUSBDevice*, TUSBEndpointDescriptor const*)
                0x0000d858                CUSBEndpoint::CUSBEndpoint(CUSBDevice*, TUSBEndpointDescriptor const*)
                0x0000da14                CUSBEndpoint::CUSBEndpoint(CUSBEndpoint*, CUSBDevice*)
                0x0000da14                CUSBEndpoint::CUSBEndpoint(CUSBEndpoint*, CUSBDevice*)
                0x0000daa0                CUSBEndpoint::~CUSBEndpoint()
                0x0000daa0                CUSBEndpoint::~CUSBEndpoint()
                0x0000daa4                CUSBEndpoint::GetDevice() const
                0x0000dae4                CUSBEndpoint::GetNumber() const
                0x0000daec                CUSBEndpoint::GetType() const
                0x0000daf4                CUSBEndpoint::IsDirectionIn() const
                0x0000dafc                CUSBEndpoint::SetMaxPacketSize(unsigned int)
                0x0000db04                CUSBEndpoint::GetMaxPacketSize() const
                0x0000db0c                CUSBEndpoint::GetInterval() const
                0x0000db40                CUSBEndpoint::GetNextPID(bool)
                0x0000db88                CUSBEndpoint::SkipPID(unsigned int, bool)
                0x0000dc4c                CUSBEndpoint::ResetPID()
 .text          0x0000dc84      0x228 ../../../PiCircle/circle/lib/usb/libusb.a(usbhostcontroller.o)
                0x0000dc84                CUSBHostController::CUSBHostController()
                0x0000dc84                CUSBHostController::CUSBHostController()
                0x0000dc94                CUSBHostController::~CUSBHostController()
                0x0000dc94                CUSBHostController::~CUSBHostController()
                0x0000dc98                CUSBHostController::~CUSBHostController()
                0x0000dcb0                CUSBHostController::ControlMessage(CUSBEndpoint*, unsigned char, unsigned char, unsigned short, unsigned short, void*, unsigned short)
                0x0000dd78                CUSBHostController::GetDescriptor(CUSBEndpoint*, unsigned char, unsigned char, void*, unsigned int, unsigned char, unsigned short)
                0x0000ddb0                CUSBHostController::SetAddress(CUSBEndpoint*, unsigned char)
                0x0000ddfc                CUSBHostController::SetConfiguration(CUSBEndpoint*, unsigned char)
                0x0000de48                CUSBHostController::Transfer(CUSBEndpoint*, void*, unsigned int, unsigned int)
 .text          0x0000deac      0x3f4 ../../../PiCircle/circle/lib/usb/libusb.a(usbrequest.o)
                0x0000deac                CUSBRequest::CUSBRequest(CUSBEndpoint*, void*, unsigned int, TSetupData*)
                0x0000deac                CUSBRequest::CUSBRequest(CUSBEndpoint*, void*, unsigned int, TSetupData*)
                0x0000df40                CUSBRequest::~CUSBRequest()
                0x0000df40                CUSBRequest::~CUSBRequest()
                0x0000df44                CUSBRequest::GetEndpoint() const
                0x0000df84                CUSBRequest::SetStatus(int)
                0x0000df8c                CUSBRequest::SetResultLen(unsigned int)
                0x0000df94                CUSBRequest::GetStatus() const
                0x0000df9c                CUSBRequest::GetResultLength() const
                0x0000dfd0                CUSBRequest::GetSetupData()
                0x0000e02c                CUSBRequest::GetBuffer()
                0x0000e078                CUSBRequest::GetBufLen() const
                0x0000e080                CUSBRequest::SetCompletionRoutine(void (*)(CUSBRequest*, void*, void*), void*, void*)
                0x0000e0ac                CUSBRequest::CallCompletionRoutine()
                0x0000e0f4                CUSBRequest::SetCompleteOnNAK()
                0x0000e100                CUSBRequest::IsCompleteOnNAK() const
                0x0000e108                CUSBRequest::operator new(unsigned int)
                0x0000e168                CUSBRequest::operator delete(void*, unsigned int)
                0x0000e1d4                CUSBRequest::InitAllocator(unsigned int)
                0x0000e230                CUSBRequest::InitProtectedAllocator(unsigned int, unsigned int)
 .text          0x0000e2a0      0x474 ../../../PiCircle/circle/lib/usb/libusb.a(usbdevicefactory.o)
                0x0000e2a0                CUSBDeviceFactory::GetDevice(CUSBFunction*, CString*)
 .text          0x0000e714      0xabc ../../../PiCircle/circle/lib/usb/libusb.a(usbstandardhub.o)
                0x0000e714                CUSBStandardHub::~CUSBStandardHub()
                0x0000e714                CUSBStandardHub::~CUSBStandardHub()
                0x0000e7ac                CUSBStandardHub::~CUSBStandardHub()
                0x0000e7cc                CUSBStandardHub::CUSBStandardHub(CUSBFunction*)
                0x0000e7cc                CUSBStandardHub::CUSBStandardHub(CUSBFunction*)
                0x0000e818                CUSBStandardHub::EnumeratePorts()
                0x0000efb8                CUSBStandardHub::Configure()
 .text          0x0000f1d0      0xcf4 ../../../PiCircle/circle/lib/usb/libusb.a(usbmassdevice.o)
                0x0000f1d0                CUSBBulkOnlyMassStorageDevice::Seek(unsigned long long)
                0x0000f1e0                CUSBBulkOnlyMassStorageDevice::~CUSBBulkOnlyMassStorageDevice()
                0x0000f1e0                CUSBBulkOnlyMassStorageDevice::~CUSBBulkOnlyMassStorageDevice()
                0x0000f27c                CUSBBulkOnlyMassStorageDevice::~CUSBBulkOnlyMassStorageDevice()
                0x0000f29c                CUSBBulkOnlyMassStorageDevice::CUSBBulkOnlyMassStorageDevice(CUSBFunction*)
                0x0000f29c                CUSBBulkOnlyMassStorageDevice::CUSBBulkOnlyMassStorageDevice(CUSBFunction*)
                0x0000f2e0                CUSBBulkOnlyMassStorageDevice::GetCapacity() const
                0x0000f2e8                CUSBBulkOnlyMassStorageDevice::Command(void*, unsigned int, void*, unsigned int, bool)
                0x0000f5b4                CUSBBulkOnlyMassStorageDevice::TryRead(void*, unsigned int)
                0x0000f6e8                CUSBBulkOnlyMassStorageDevice::TryWrite(void const*, unsigned int)
                0x0000f814                CUSBBulkOnlyMassStorageDevice::Reset()
                0x0000f96c                CUSBBulkOnlyMassStorageDevice::Read(void*, unsigned int)
                0x0000f9d4                CUSBBulkOnlyMassStorageDevice::Write(void const*, unsigned int)
                0x0000fa3c                CUSBBulkOnlyMassStorageDevice::Configure()
 .text          0x0000fec4      0x3b0 ../../../PiCircle/circle/lib/usb/libusb.a(dwhciframeschednper.o)
                0x0000fec4                CDWHCIFrameSchedulerNonPeriodic::~CDWHCIFrameSchedulerNonPeriodic()
                0x0000fec4                CDWHCIFrameSchedulerNonPeriodic::~CDWHCIFrameSchedulerNonPeriodic()
                0x0000fec8                CDWHCIFrameSchedulerNonPeriodic::StartSplit()
                0x0000fed4                CDWHCIFrameSchedulerNonPeriodic::WaitForFrame()
                0x0000fed8                CDWHCIFrameSchedulerNonPeriodic::IsOddFrame() const
                0x0000fee0                CDWHCIFrameSchedulerNonPeriodic::CompleteSplit()
                0x0000ff60                CDWHCIFrameSchedulerNonPeriodic::TransactionComplete(unsigned int)
                0x00010074                CDWHCIFrameSchedulerNonPeriodic::CDWHCIFrameSchedulerNonPeriodic()
                0x00010074                CDWHCIFrameSchedulerNonPeriodic::CDWHCIFrameSchedulerNonPeriodic()
                0x000100c4                CDWHCIFrameSchedulerNonPeriodic::operator new(unsigned int)
                0x00010124                CDWHCIFrameSchedulerNonPeriodic::operator delete(void*, unsigned int)
                0x00010190                CDWHCIFrameSchedulerNonPeriodic::~CDWHCIFrameSchedulerNonPeriodic()
                0x000101a8                CDWHCIFrameSchedulerNonPeriodic::InitAllocator(unsigned int)
                0x00010204                CDWHCIFrameSchedulerNonPeriodic::InitProtectedAllocator(unsigned int, unsigned int)
 .text          0x00010274      0x490 ../../../PiCircle/circle/lib/usb/libusb.a(dwhciframeschedper.o)
                0x00010274                CDWHCIFrameSchedulerPeriodic::~CDWHCIFrameSchedulerPeriodic()
                0x00010274                CDWHCIFrameSchedulerPeriodic::~CDWHCIFrameSchedulerPeriodic()
                0x00010278                CDWHCIFrameSchedulerPeriodic::StartSplit()
                0x0001028c                CDWHCIFrameSchedulerPeriodic::IsOddFrame() const
                0x00010298                CDWHCIFrameSchedulerPeriodic::WaitForFrame()
                0x00010308                CDWHCIFrameSchedulerPeriodic::CompleteSplit()
                0x000103ec                CDWHCIFrameSchedulerPeriodic::TransactionComplete(unsigned int)
                0x000104fc                CDWHCIFrameSchedulerPeriodic::CDWHCIFrameSchedulerPeriodic()
                0x000104fc                CDWHCIFrameSchedulerPeriodic::CDWHCIFrameSchedulerPeriodic()
                0x00010554                CDWHCIFrameSchedulerPeriodic::operator new(unsigned int)
                0x000105b4                CDWHCIFrameSchedulerPeriodic::operator delete(void*, unsigned int)
                0x00010620                CDWHCIFrameSchedulerPeriodic::~CDWHCIFrameSchedulerPeriodic()
                0x00010638                CDWHCIFrameSchedulerPeriodic::InitAllocator(unsigned int)
                0x00010694                CDWHCIFrameSchedulerPeriodic::InitProtectedAllocator(unsigned int, unsigned int)
 .text          0x00010704      0x424 ../../../PiCircle/circle/lib/usb/libusb.a(usbkeyboard.o)
                0x00010704                CUSBKeyboardDevice::~CUSBKeyboardDevice()
                0x00010704                CUSBKeyboardDevice::~CUSBKeyboardDevice()
                0x00010750                CUSBKeyboardDevice::~CUSBKeyboardDevice()
                0x00010770                CUSBKeyboardDevice::ReportHandler(unsigned char const*, unsigned int)
                0x000108dc                CUSBKeyboardDevice::CUSBKeyboardDevice(CUSBFunction*)
                0x000108dc                CUSBKeyboardDevice::CUSBKeyboardDevice(CUSBFunction*)
                0x00010924                CUSBKeyboardDevice::RegisterKeyPressedHandler(void (*)(char const*))
                0x0001092c                CUSBKeyboardDevice::RegisterSelectConsoleHandler(void (*)(unsigned int))
                0x00010934                CUSBKeyboardDevice::RegisterShutdownHandler(void (*)())
                0x0001093c                CUSBKeyboardDevice::GetLEDStatus() const
                0x00010964                CUSBKeyboardDevice::RegisterKeyStatusHandlerRaw(void (*)(unsigned char, unsigned char const*))
                0x0001099c                CUSBKeyboardDevice::SetLEDs(unsigned char)
                0x00010a08                CUSBKeyboardDevice::Configure()
                0x00010aa0                CUSBKeyboardDevice::UpdateLEDs()
                0x00010afc                CUSBKeyboardDevice::FindByte(unsigned char const*, unsigned char, unsigned int)
 .text          0x00010b28      0x1f0 ../../../PiCircle/circle/lib/usb/libusb.a(dwhcirootport.o)
                0x00010b28                CDWHCIRootPort::CDWHCIRootPort(CDWHCIDevice*)
                0x00010b28                CDWHCIRootPort::CDWHCIRootPort(CDWHCIDevice*)
                0x00010b68                CDWHCIRootPort::~CDWHCIRootPort()
                0x00010b68                CDWHCIRootPort::~CDWHCIRootPort()
                0x00010b90                CDWHCIRootPort::Initialize()
 .text          0x00010d18      0x8b4 ../../../PiCircle/circle/lib/usb/libusb.a(usbhiddevice.o)
                0x00010d18                CUSBHIDDevice::SendCompletionRoutine(CUSBRequest*, void*, void*)
                0x00010dd4                CUSBHIDDevice::CUSBHIDDevice(CUSBFunction*, unsigned int)
                0x00010dd4                CUSBHIDDevice::CUSBHIDDevice(CUSBFunction*, unsigned int)
                0x00010e24                CUSBHIDDevice::~CUSBHIDDevice()
                0x00010e24                CUSBHIDDevice::~CUSBHIDDevice()
                0x00010eb0                CUSBHIDDevice::~CUSBHIDDevice()
                0x00010ed0                CUSBHIDDevice::Configure(unsigned int)
                0x0001112c                CUSBHIDDevice::SendToEndpointOut(void const*, unsigned int, unsigned int)
                0x000111c8                CUSBHIDDevice::SendToEndpointOutAsync(void const*, unsigned int, unsigned int)
                0x000112b0                CUSBHIDDevice::ReceiveFromEndpointIn(void*, unsigned int, unsigned int)
                0x00011370                CUSBHIDDevice::StartRequest()
                0x00011498                CUSBHIDDevice::CompletionRoutine(CUSBRequest*)
                0x00011584                CUSBHIDDevice::CompletionStub(CUSBRequest*, void*, void*)
 .text          0x000115cc      0x22c ../../../PiCircle/circle/lib/usb/libusb.a(usbmouse.o)
                0x000115cc                CUSBMouseDevice::~CUSBMouseDevice()
                0x000115cc                CUSBMouseDevice::~CUSBMouseDevice()
                0x00011628                CUSBMouseDevice::~CUSBMouseDevice()
                0x00011648                CUSBMouseDevice::Configure()
                0x0001177c                CUSBMouseDevice::ReportHandler(unsigned char const*, unsigned int)
                0x000117c8                CUSBMouseDevice::CUSBMouseDevice(CUSBFunction*)
                0x000117c8                CUSBMouseDevice::CUSBMouseDevice(CUSBFunction*)
 .text          0x000117f8      0x7f0 ../../../PiCircle/circle/lib/usb/libusb.a(usbgamepadstandard.o)
                0x000117f8                CUSBGamePadStandardDevice::~CUSBGamePadStandardDevice()
                0x000117f8                CUSBGamePadStandardDevice::~CUSBGamePadStandardDevice()
                0x00011834                CUSBGamePadStandardDevice::~CUSBGamePadStandardDevice()
                0x00011854                CUSBGamePadStandardDevice::CUSBGamePadStandardDevice(CUSBFunction*, bool)
                0x00011854                CUSBGamePadStandardDevice::CUSBGamePadStandardDevice(CUSBFunction*, bool)
                0x0001188c                CUSBGamePadStandardDevice::BitGetUnsigned(void const*, unsigned int, unsigned int)
                0x00011994                CUSBGamePadStandardDevice::BitGetSigned(void const*, unsigned int, unsigned int)
                0x000119bc                CUSBGamePadStandardDevice::DecodeReport(unsigned char const*)
                0x00011e40                CUSBGamePadStandardDevice::Configure()
 .text._ZN17CUSBGamePadDevice13GetPropertiesEv
                0x00011fe8        0x8 ../../../PiCircle/circle/lib/usb/libusb.a(usbgamepadstandard.o)
                0x00011fe8                CUSBGamePadDevice::GetProperties()
 .text._ZN17CUSBGamePadDevice10SetLEDModeE15TGamePadLEDMode
                0x00011ff0        0x8 ../../../PiCircle/circle/lib/usb/libusb.a(usbgamepadstandard.o)
                0x00011ff0                CUSBGamePadDevice::SetLEDMode(TGamePadLEDMode)
 .text._ZN17CUSBGamePadDevice10SetLEDModeEjhh
                0x00011ff8        0x8 ../../../PiCircle/circle/lib/usb/libusb.a(usbgamepadstandard.o)
                0x00011ff8                CUSBGamePadDevice::SetLEDMode(unsigned int, unsigned char, unsigned char)
 .text._ZN17CUSBGamePadDevice13SetRumbleModeE18TGamePadRumbleMode
                0x00012000        0x8 ../../../PiCircle/circle/lib/usb/libusb.a(usbgamepadstandard.o)
                0x00012000                CUSBGamePadDevice::SetRumbleMode(TGamePadRumbleMode)
 .text          0x00012008      0x568 ../../../PiCircle/circle/lib/usb/libusb.a(usbgamepadps3.o)
                0x00012008                CUSBGamePadPS3Device::~CUSBGamePadPS3Device()
                0x00012008                CUSBGamePadPS3Device::~CUSBGamePadPS3Device()
                0x00012028                CUSBGamePadPS3Device::~CUSBGamePadPS3Device()
                0x00012054                CUSBGamePadPS3Device::SetRumbleMode(TGamePadRumbleMode)
                0x0001216c                CUSBGamePadPS3Device::SetLEDMode(TGamePadLEDMode)
                0x00012204                CUSBGamePadPS3Device::CUSBGamePadPS3Device(CUSBFunction*)
                0x00012204                CUSBGamePadPS3Device::CUSBGamePadPS3Device(CUSBFunction*)
                0x00012254                CUSBGamePadPS3Device::PS3Enable()
                0x000122e4                CUSBGamePadPS3Device::Configure()
                0x00012404                CUSBGamePadPS3Device::DecodeReport(unsigned char const*)
 .text._ZN20CUSBGamePadPS3Device13GetPropertiesEv
                0x00012570        0x8 ../../../PiCircle/circle/lib/usb/libusb.a(usbgamepadps3.o)
                0x00012570                CUSBGamePadPS3Device::GetProperties()
 .text          0x00012578      0x890 ../../../PiCircle/circle/lib/usb/libusb.a(usbgamepadps4.o)
                0x00012578                CUSBGamePadPS4Device::DecodeReport(unsigned char const*)
                0x0001272c                CUSBGamePadPS4Device::~CUSBGamePadPS4Device()
                0x0001272c                CUSBGamePadPS4Device::~CUSBGamePadPS4Device()
                0x00012778                CUSBGamePadPS4Device::~CUSBGamePadPS4Device()
                0x00012798                CUSBGamePadPS4Device::CUSBGamePadPS4Device(CUSBFunction*)
                0x00012798                CUSBGamePadPS4Device::CUSBGamePadPS4Device(CUSBFunction*)
                0x000127e4                CUSBGamePadPS4Device::HandleTouchpad(unsigned char const*)
                0x000129b8                CUSBGamePadPS4Device::ReportHandler(unsigned char const*, unsigned int)
                0x00012a20                CUSBGamePadPS4Device::SendLedRumbleCommand()
                0x00012ac0                CUSBGamePadPS4Device::SetLEDMode(TGamePadLEDMode)
                0x00012c00                CUSBGamePadPS4Device::SetLEDMode(unsigned int, unsigned char, unsigned char)
                0x00012c28                CUSBGamePadPS4Device::SetRumbleMode(TGamePadRumbleMode)
                0x00012c94                CUSBGamePadPS4Device::DisableTouchpad()
                0x00012ca8                CUSBGamePadPS4Device::Configure()
 .text._ZN20CUSBGamePadPS4Device13GetPropertiesEv
                0x00012e08        0x8 ../../../PiCircle/circle/lib/usb/libusb.a(usbgamepadps4.o)
                0x00012e08                CUSBGamePadPS4Device::GetProperties()
 .text          0x00012e10      0x3b0 ../../../PiCircle/circle/lib/usb/libusb.a(usbgamepadxbox360.o)
                0x00012e10                CUSBGamePadXbox360Device::~CUSBGamePadXbox360Device()
                0x00012e10                CUSBGamePadXbox360Device::~CUSBGamePadXbox360Device()
                0x00012e30                CUSBGamePadXbox360Device::~CUSBGamePadXbox360Device()
                0x00012e5c                CUSBGamePadXbox360Device::DecodeReport(unsigned char const*)
                0x00012f90                CUSBGamePadXbox360Device::ReportHandler(unsigned char const*, unsigned int)
                0x00012ffc                CUSBGamePadXbox360Device::SetLEDMode(TGamePadLEDMode)
                0x00013050                CUSBGamePadXbox360Device::SetRumbleMode(TGamePadRumbleMode)
                0x000130e0                CUSBGamePadXbox360Device::CUSBGamePadXbox360Device(CUSBFunction*)
                0x000130e0                CUSBGamePadXbox360Device::CUSBGamePadXbox360Device(CUSBFunction*)
                0x00013100                CUSBGamePadXbox360Device::Configure()
 .text._ZN24CUSBGamePadXbox360Device13GetPropertiesEv
                0x000131c0        0x8 ../../../PiCircle/circle/lib/usb/libusb.a(usbgamepadxbox360.o)
                0x000131c0                CUSBGamePadXbox360Device::GetProperties()
 .text          0x000131c8      0x4ac ../../../PiCircle/circle/lib/usb/libusb.a(usbgamepadxboxone.o)
                0x000131c8                CUSBGamePadXboxOneDevice::DecodeReport(unsigned char const*)
                0x00013378                CUSBGamePadXboxOneDevice::~CUSBGamePadXboxOneDevice()
                0x00013378                CUSBGamePadXboxOneDevice::~CUSBGamePadXboxOneDevice()
                0x00013398                CUSBGamePadXboxOneDevice::~CUSBGamePadXboxOneDevice()
                0x000133c4                CUSBGamePadXboxOneDevice::ReportHandler(unsigned char const*, unsigned int)
                0x000134ac                CUSBGamePadXboxOneDevice::SetRumbleMode(TGamePadRumbleMode)
                0x0001354c                CUSBGamePadXboxOneDevice::CUSBGamePadXboxOneDevice(CUSBFunction*)
                0x0001354c                CUSBGamePadXboxOneDevice::CUSBGamePadXboxOneDevice(CUSBFunction*)
                0x00013574                CUSBGamePadXboxOneDevice::Configure()
 .text._ZN24CUSBGamePadXboxOneDevice13GetPropertiesEv
                0x00013674        0x8 ../../../PiCircle/circle/lib/usb/libusb.a(usbgamepadxboxone.o)
                0x00013674                CUSBGamePadXboxOneDevice::GetProperties()
 .text          0x0001367c      0x67c ../../../PiCircle/circle/lib/usb/libusb.a(usbgamepadswitchpro.o)
                0x0001367c                CUSBGamePadSwitchProDevice::~CUSBGamePadSwitchProDevice()
                0x0001367c                CUSBGamePadSwitchProDevice::~CUSBGamePadSwitchProDevice()
                0x0001369c                CUSBGamePadSwitchProDevice::~CUSBGamePadSwitchProDevice()
                0x000136c8                CUSBGamePadSwitchProDevice::DecodeReport(unsigned char const*)
                0x00013888                CUSBGamePadSwitchProDevice::SetLEDMode(TGamePadLEDMode)
                0x00013904                CUSBGamePadSwitchProDevice::SetRumbleMode(TGamePadRumbleMode)
                0x000139f0                CUSBGamePadSwitchProDevice::CUSBGamePadSwitchProDevice(CUSBFunction*)
                0x000139f0                CUSBGamePadSwitchProDevice::CUSBGamePadSwitchProDevice(CUSBFunction*)
                0x00013a30                CUSBGamePadSwitchProDevice::Configure()
 .text._ZN26CUSBGamePadSwitchProDevice13GetPropertiesEv
                0x00013cf8        0x8 ../../../PiCircle/circle/lib/usb/libusb.a(usbgamepadswitchpro.o)
                0x00013cf8                CUSBGamePadSwitchProDevice::GetProperties()
 .text          0x00013d00      0x71c ../../../PiCircle/circle/lib/usb/libusb.a(usbfunction.o)
                0x00013d00                CUSBFunction::Initialize()
                0x00013d08                CUSBFunction::~CUSBFunction()
                0x00013d08                CUSBFunction::~CUSBFunction()
                0x00013d60                CUSBFunction::~CUSBFunction()
                0x00013d80                CUSBFunction::CUSBFunction(CUSBDevice*, CUSBConfigurationParser*)
                0x00013d80                CUSBFunction::CUSBFunction(CUSBDevice*, CUSBConfigurationParser*)
                0x00013e40                CUSBFunction::CUSBFunction(CUSBFunction*)
                0x00013e40                CUSBFunction::CUSBFunction(CUSBFunction*)
                0x00013f44                CUSBFunction::GetInterfaceName() const
                0x00013fb0                CUSBFunction::GetNumEndpoints() const
                0x00013ff0                CUSBFunction::GetDevice() const
                0x00014030                CUSBFunction::GetEndpoint0() const
                0x00014074                CUSBFunction::GetHost() const
                0x000140b8                CUSBFunction::Configure()
                0x0001417c                CUSBFunction::GetDescriptor(unsigned char)
                0x000141c8                CUSBFunction::ConfigurationError(char const*) const
                0x00014238                CUSBFunction::SelectInterfaceByClass(unsigned char, unsigned char, unsigned char)
                0x0001431c                CUSBFunction::GetInterfaceNumber() const
                0x0001435c                CUSBFunction::GetInterfaceClass() const
                0x0001439c                CUSBFunction::GetInterfaceSubClass() const
                0x000143dc                CUSBFunction::GetInterfaceProtocol() const
 .text          0x0001441c      0x29c ../../../PiCircle/circle/lib/usb/libusb.a(dwhciframeschednsplit.o)
                0x0001441c                CDWHCIFrameSchedulerNoSplit::~CDWHCIFrameSchedulerNoSplit()
                0x0001441c                CDWHCIFrameSchedulerNoSplit::~CDWHCIFrameSchedulerNoSplit()
                0x00014420                CDWHCIFrameSchedulerNoSplit::IsOddFrame() const
                0x0001442c                CDWHCIFrameSchedulerNoSplit::StartSplit()
                0x00014444                CDWHCIFrameSchedulerNoSplit::CompleteSplit()
                0x00014468                CDWHCIFrameSchedulerNoSplit::TransactionComplete(unsigned int)
                0x00014480                CDWHCIFrameSchedulerNoSplit::WaitForFrame()
                0x000144ec                CDWHCIFrameSchedulerNoSplit::CDWHCIFrameSchedulerNoSplit(bool)
                0x000144ec                CDWHCIFrameSchedulerNoSplit::CDWHCIFrameSchedulerNoSplit(bool)
                0x00014508                CDWHCIFrameSchedulerNoSplit::operator new(unsigned int)
                0x00014568                CDWHCIFrameSchedulerNoSplit::operator delete(void*, unsigned int)
                0x000145d4                CDWHCIFrameSchedulerNoSplit::~CDWHCIFrameSchedulerNoSplit()
                0x000145ec                CDWHCIFrameSchedulerNoSplit::InitAllocator(unsigned int)
                0x00014648                CDWHCIFrameSchedulerNoSplit::InitProtectedAllocator(unsigned int, unsigned int)
 .text          0x000146b8      0x38c ../../../PiCircle/circle/lib/usb/libusb.a(usbprinter.o)
                0x000146b8                CUSBPrinterDevice::~CUSBPrinterDevice()
                0x000146b8                CUSBPrinterDevice::~CUSBPrinterDevice()
                0x0001472c                CUSBPrinterDevice::~CUSBPrinterDevice()
                0x0001474c                CUSBPrinterDevice::Write(void const*, unsigned int)
                0x000147f8                CUSBPrinterDevice::CUSBPrinterDevice(CUSBFunction*)
                0x000147f8                CUSBPrinterDevice::CUSBPrinterDevice(CUSBFunction*)
                0x00014828                CUSBPrinterDevice::Configure()
 .text          0x00014a44      0x688 ../../../PiCircle/circle/lib/usb/libusb.a(usbbluetooth.o)
                0x00014a44                CUSBBluetoothDevice::~CUSBBluetoothDevice()
                0x00014a44                CUSBBluetoothDevice::~CUSBBluetoothDevice()
                0x00014b00                CUSBBluetoothDevice::~CUSBBluetoothDevice()
                0x00014b20                CUSBBluetoothDevice::CUSBBluetoothDevice(CUSBFunction*)
                0x00014b20                CUSBBluetoothDevice::CUSBBluetoothDevice(CUSBFunction*)
                0x00014b5c                CUSBBluetoothDevice::SendHCICommand(void const*, unsigned int)
                0x00014bb8                CUSBBluetoothDevice::StartRequest()
                0x00014cd8                CUSBBluetoothDevice::RegisterHCIEventHandler(void (*)(void const*, unsigned int))
                0x00014d1c                CUSBBluetoothDevice::CompletionRoutine(CUSBRequest*)
                0x00014e50                CUSBBluetoothDevice::CompletionStub(CUSBRequest*, void*, void*)
                0x00014e98                CUSBBluetoothDevice::Configure()
 .text          0x000150cc      0x738 ../../../PiCircle/circle/lib/usb/libusb.a(usbmidi.o)
                0x000150cc                CUSBMIDIDevice::~CUSBMIDIDevice()
                0x000150cc                CUSBMIDIDevice::~CUSBMIDIDevice()
                0x00015130                CUSBMIDIDevice::~CUSBMIDIDevice()
                0x00015150                CUSBMIDIDevice::CUSBMIDIDevice(CUSBFunction*)
                0x00015150                CUSBMIDIDevice::CUSBMIDIDevice(CUSBFunction*)
                0x00015188                CUSBMIDIDevice::RegisterPacketHandler(void (*)(unsigned int, unsigned char*, unsigned int))
                0x000151dc                CUSBMIDIDevice::StartRequest()
                0x0001530c                CUSBMIDIDevice::CompletionRoutine(CUSBRequest*)
                0x000154dc                CUSBMIDIDevice::CompletionStub(CUSBRequest*, void*, void*)
                0x00015524                CUSBMIDIDevice::TimerHandler(unsigned int)
                0x00015564                CUSBMIDIDevice::TimerStub(unsigned int, void*, void*)
                0x000155ac                CUSBMIDIDevice::Configure()
 .text          0x00015804      0x5b0 ../../../PiCircle/circle/lib/usb/libusb.a(usbcdcethernet.o)
                0x00015804                CUSBCDCEthernetDevice::GetMACAddress() const
                0x0001580c                CUSBCDCEthernetDevice::~CUSBCDCEthernetDevice()
                0x0001580c                CUSBCDCEthernetDevice::~CUSBCDCEthernetDevice()
                0x00015888                CUSBCDCEthernetDevice::~CUSBCDCEthernetDevice()
                0x000158a8                CUSBCDCEthernetDevice::SendFrame(void const*, unsigned int)
                0x00015950                CUSBCDCEthernetDevice::ReceiveFrame(void*, unsigned int*)
                0x00015a44                CUSBCDCEthernetDevice::CUSBCDCEthernetDevice(CUSBFunction*)
                0x00015a44                CUSBCDCEthernetDevice::CUSBCDCEthernetDevice(CUSBFunction*)
                0x00015a78                CUSBCDCEthernetDevice::InitMACAddress(unsigned char)
                0x00015b74                CUSBCDCEthernetDevice::Configure()
 .text._ZN10CNetDevice8IsLinkUpEv
                0x00015db4        0x8 ../../../PiCircle/circle/lib/usb/libusb.a(usbcdcethernet.o)
                0x00015db4                CNetDevice::IsLinkUp()
 .text._ZN10CNetDevice12GetLinkSpeedEv
                0x00015dbc        0x8 ../../../PiCircle/circle/lib/usb/libusb.a(usbcdcethernet.o)
                0x00015dbc                CNetDevice::GetLinkSpeed()
 .text          0x00015dc4      0x378 ../../../PiCircle/circle/lib/usb/libusb.a(usbconfigparser.o)
                0x00015dc4                CUSBConfigurationParser::CUSBConfigurationParser(void const*, unsigned int)
                0x00015dc4                CUSBConfigurationParser::CUSBConfigurationParser(void const*, unsigned int)
                0x00015f30                CUSBConfigurationParser::CUSBConfigurationParser(CUSBConfigurationParser*)
                0x00015f30                CUSBConfigurationParser::CUSBConfigurationParser(CUSBConfigurationParser*)
                0x00015f8c                CUSBConfigurationParser::~CUSBConfigurationParser()
                0x00015f8c                CUSBConfigurationParser::~CUSBConfigurationParser()
                0x00015f90                CUSBConfigurationParser::IsValid() const
                0x00015f98                CUSBConfigurationParser::GetDescriptor(unsigned char)
                0x00016078                CUSBConfigurationParser::GetCurrentDescriptor()
                0x000160d0                CUSBConfigurationParser::Error(char const*) const
 .text          0x0001613c      0x5b0 ../../../PiCircle/circle/lib/usb/libusb.a(usbstring.o)
                0x0001613c                CUSBString::CUSBString(CUSBDevice*)
                0x0001613c                CUSBString::CUSBString(CUSBDevice*)
                0x000161b4                CUSBString::CUSBString(CUSBString*)
                0x000161b4                CUSBString::CUSBString(CUSBString*)
                0x00016280                CUSBString::~CUSBString()
                0x00016280                CUSBString::~CUSBString()
                0x000162c0                CUSBString::GetFromDescriptor(unsigned char, unsigned short)
                0x00016558                CUSBString::Get() const
                0x00016560                CUSBString::GetLanguageID()
 .text          0x000166ec      0xb74 ../../../PiCircle/circle/lib/usb/libusb.a(smsc951x.o)
                0x000166ec                CSMSC951xDevice::GetMACAddress() const
                0x000166f4                CSMSC951xDevice::~CSMSC951xDevice()
                0x000166f4                CSMSC951xDevice::~CSMSC951xDevice()
                0x00016770                CSMSC951xDevice::~CSMSC951xDevice()
                0x00016790                CSMSC951xDevice::ReceiveFrame(void*, unsigned int*)
                0x000169d4                CSMSC951xDevice::SendFrame(void const*, unsigned int)
                0x000169e8                CSMSC951xDevice::CSMSC951xDevice(CUSBFunction*)
                0x000169e8                CSMSC951xDevice::CSMSC951xDevice(CUSBFunction*)
                0x00016a1c                CSMSC951xDevice::WriteReg(unsigned int, unsigned int)
                0x00016a84                CSMSC951xDevice::ReadReg(unsigned int, unsigned int*)
                0x00016aec                CSMSC951xDevice::PHYWaitNotBusy()
                0x00016b7c                CSMSC951xDevice::PHYWrite(unsigned char, unsigned short)
                0x00016c1c                CSMSC951xDevice::PHYRead(unsigned char, unsigned short*)
                0x00016d04                CSMSC951xDevice::IsLinkUp()
                0x00016d30                CSMSC951xDevice::GetLinkSpeed()
                0x00016d8c                CSMSC951xDevice::DumpReg(char const*, unsigned int)
                0x00016e00                CSMSC951xDevice::DumpRegs()
                0x00016f98                CSMSC951xDevice::Configure()
 .text          0x00017260      0xe40 ../../../PiCircle/circle/lib/usb/libusb.a(lan7800.o)
                0x00017260                CLAN7800Device::GetMACAddress() const
                0x00017268                CLAN7800Device::~CLAN7800Device()
                0x00017268                CLAN7800Device::~CLAN7800Device()
                0x000172e4                CLAN7800Device::~CLAN7800Device()
                0x00017304                CLAN7800Device::ReceiveFrame(void*, unsigned int*)
                0x00017544                CLAN7800Device::SendFrame(void const*, unsigned int)
                0x00017558                CLAN7800Device::CLAN7800Device(CUSBFunction*)
                0x00017558                CLAN7800Device::CLAN7800Device(CUSBFunction*)
                0x0001758c                CLAN7800Device::WriteReg(unsigned int, unsigned int)
                0x00017624                CLAN7800Device::ReadReg(unsigned int, unsigned int*)
                0x000176b0                CLAN7800Device::WaitReg(unsigned int, unsigned int, unsigned int, unsigned int, unsigned int)
                0x00017768                CLAN7800Device::PHYWrite(unsigned char, unsigned short)
                0x00017834                CLAN7800Device::PHYRead(unsigned char, unsigned short*)
                0x00017940                CLAN7800Device::IsLinkUp()
                0x0001796c                CLAN7800Device::GetLinkSpeed()
                0x00017a48                CLAN7800Device::InitPHY()
                0x00017ab0                CLAN7800Device::ReadWriteReg(unsigned int, unsigned int, unsigned int)
                0x00017b00                CLAN7800Device::InitMACAddress()
                0x00017c20                CLAN7800Device::Configure()
 .text          0x000180a0      0x2ac ../../../PiCircle/circle/lib/usb/libusb.a(macaddress.o)
                0x000180a0                CMACAddress::CMACAddress()
                0x000180a0                CMACAddress::CMACAddress()
                0x000180ac                CMACAddress::~CMACAddress()
                0x000180ac                CMACAddress::~CMACAddress()
                0x000180b0                CMACAddress::operator==(CMACAddress const&) const
                0x00018120                CMACAddress::operator!=(CMACAddress const&) const
                0x00018134                CMACAddress::Set(unsigned char const*)
                0x0001817c                CMACAddress::CMACAddress(unsigned char const*)
                0x0001817c                CMACAddress::CMACAddress(unsigned char const*)
                0x00018190                CMACAddress::SetBroadcast()
                0x000181b4                CMACAddress::Get() const
                0x000181e8                CMACAddress::CopyTo(unsigned char*) const
                0x00018254                CMACAddress::IsBroadcast() const
                0x000182b0                CMACAddress::GetSize() const
                0x000182b8                CMACAddress::Format(CString*) const
 .text          0x0001834c       0xf4 ../../../PiCircle/circle/lib/usb/libusb.a(netdevice.o)
                0x0001834c                CNetDevice::CNetDevice(CUSBFunction*)
                0x0001834c                CNetDevice::CNetDevice(CUSBFunction*)
                0x0001836c                CNetDevice::~CNetDevice()
                0x0001836c                CNetDevice::~CNetDevice()
                0x0001838c                CNetDevice::~CNetDevice()
                0x000183b8                CNetDevice::GetSpeedString(TNetDeviceSpeed)
                0x000183d4                CNetDevice::AddNetDevice()
 .text          0x00018440      0x214 ../../../PiCircle/circle/lib/usb/libusb.a(usbgamepad.o)
                0x00018440                CUSBGamePadDevice::GetInitialState()
                0x00018448                CUSBGamePadDevice::ReportHandler(unsigned char const*, unsigned int)
                0x0001849c                CUSBGamePadDevice::RegisterStatusHandler(void (*)(unsigned int, TGamePadState const*))
                0x000184f0                CUSBGamePadDevice::Configure()
                0x000185a8                CUSBGamePadDevice::CUSBGamePadDevice(CUSBFunction*)
                0x000185a8                CUSBGamePadDevice::CUSBGamePadDevice(CUSBFunction*)
                0x000185f0                CUSBGamePadDevice::~CUSBGamePadDevice()
                0x000185f0                CUSBGamePadDevice::~CUSBGamePadDevice()
                0x00018634                CUSBGamePadDevice::~CUSBGamePadDevice()
 .text          0x00018654      0x368 ../../../PiCircle/circle/lib/input/libinput.a(keyboardbehaviour.o)
                0x00018654                CKeyboardBehaviour::CKeyboardBehaviour()
                0x00018654                CKeyboardBehaviour::CKeyboardBehaviour()
                0x00018688                CKeyboardBehaviour::~CKeyboardBehaviour()
                0x00018688                CKeyboardBehaviour::~CKeyboardBehaviour()
                0x000186b0                CKeyboardBehaviour::RegisterKeyPressedHandler(void (*)(char const*))
                0x000186e8                CKeyboardBehaviour::RegisterSelectConsoleHandler(void (*)(unsigned int))
                0x00018720                CKeyboardBehaviour::RegisterShutdownHandler(void (*)())
                0x00018758                CKeyboardBehaviour::GetLEDStatus() const
                0x00018760                CKeyboardBehaviour::GenerateKeyEvent(unsigned char)
                0x00018840                CKeyboardBehaviour::KeyPressed(unsigned char)
                0x0001887c                CKeyboardBehaviour::KeyReleased(unsigned char)
                0x000188e4                CKeyboardBehaviour::TimerHandler(unsigned int)
                0x00018974                CKeyboardBehaviour::TimerStub(unsigned int, void*, void*)
 .text          0x000189bc      0x3c4 ../../../PiCircle/circle/lib/input/libinput.a(keymap.o)
                0x000189bc                CKeyMap::~CKeyMap()
                0x000189bc                CKeyMap::~CKeyMap()
                0x000189c0                CKeyMap::ClearTable(unsigned char)
                0x000189f8                CKeyMap::SetEntry(unsigned char, unsigned char, unsigned short)
                0x00018a4c                CKeyMap::Translate(unsigned char, unsigned char)
                0x00018b58                CKeyMap::GetString(unsigned short, unsigned char, char*) const
                0x00018c18                CKeyMap::GetLEDStatus() const
                0x00018c48                CKeyMap::LookupDefaultMap(char const*)
                0x00018ce0                CKeyMap::CKeyMap()
                0x00018ce0                CKeyMap::CKeyMap()
 .text          0x00018d80      0x19c ../../../PiCircle/circle/lib/input/libinput.a(mouse.o)
                0x00018d80                CMouseDevice::~CMouseDevice()
                0x00018d80                CMouseDevice::~CMouseDevice()
                0x00018dcc                CMouseDevice::~CMouseDevice()
                0x00018dec                CMouseDevice::CMouseDevice()
                0x00018dec                CMouseDevice::CMouseDevice()
                0x00018e58                CMouseDevice::Setup(unsigned int, unsigned int)
                0x00018e60                CMouseDevice::RegisterEventHandler(void (*)(TMouseEvent, unsigned int, unsigned int, unsigned int))
                0x00018e68                CMouseDevice::SetCursor(unsigned int, unsigned int)
                0x00018e70                CMouseDevice::ShowCursor(bool)
                0x00018e78                CMouseDevice::UpdateCursor()
                0x00018e8c                CMouseDevice::RegisterStatusHandler(void (*)(unsigned int, int, int))
                0x00018ee0                CMouseDevice::ReportHandler(unsigned int, int, int)
 .text          0x00018f1c      0x514 ../../../PiCircle/circle/lib/input/libinput.a(mousebehaviour.o)
                0x00018f1c                CMouseBehaviour::CMouseBehaviour()
                0x00018f1c                CMouseBehaviour::CMouseBehaviour()
                0x00018f44                CMouseBehaviour::~CMouseBehaviour()
                0x00018f44                CMouseBehaviour::~CMouseBehaviour()
                0x00018f48                CMouseBehaviour::Setup(unsigned int, unsigned int)
                0x000190a4                CMouseBehaviour::RegisterEventHandler(void (*)(TMouseEvent, unsigned int, unsigned int, unsigned int))
                0x000190f8                CMouseBehaviour::MouseStatusChanged(unsigned int, int, int)
                0x00019268                CMouseBehaviour::SetCursorState(unsigned int, unsigned int, bool)
                0x000192dc                CMouseBehaviour::SetCursor(unsigned int, unsigned int)
                0x00019388                CMouseBehaviour::ShowCursor(bool)
                0x00019400                CMouseBehaviour::UpdateCursor()
 .text          0x00019430      0x2c8 ../../../PiCircle/circle/lib/fs/libfs.a(partitionmanager.o)
                0x00019430                CPartitionManager::CPartitionManager(CDevice*, char const*)
                0x00019430                CPartitionManager::CPartitionManager(CDevice*, char const*)
                0x00019460                CPartitionManager::~CPartitionManager()
                0x00019460                CPartitionManager::~CPartitionManager()
                0x000194ac                CPartitionManager::Initialize()
 .text          0x000196f8      0x300 ../../../PiCircle/circle/lib/fs/libfs.a(partition.o)
                0x000196f8                CPartition::Read(void*, unsigned int)
                0x000197a8                CPartition::Write(void const*, unsigned int)
                0x00019858                CPartition::~CPartition()
                0x00019858                CPartition::~CPartition()
                0x00019880                CPartition::~CPartition()
                0x000198b4                CPartition::Seek(unsigned long long)
                0x00019988                CPartition::CPartition(CDevice*, unsigned int, unsigned int)
                0x00019988                CPartition::CPartition(CDevice*, unsigned int, unsigned int)
 .text          0x000199f8      0x244 ../../../PiCircle/circle/lib/libcircle.a(actled.o)
                0x000199f8                CActLED::~CActLED()
                0x000199f8                CActLED::~CActLED()
                0x00019a0c                CActLED::On()
                0x00019a3c                CActLED::Off()
                0x00019a74                CActLED::CActLED()
                0x00019a74                CActLED::CActLED()
                0x00019be0                CActLED::Blink(unsigned int, unsigned int, unsigned int)
                0x00019c2c                CActLED::Get()
 .text          0x00019c3c       0x90 ../../../PiCircle/circle/lib/libcircle.a(assert.o)
                0x00019c3c                assertion_failed
 .text          0x00019ccc      0x27c ../../../PiCircle/circle/lib/libcircle.a(bcmpropertytags.o)
                0x00019ccc                CBcmPropertyTags::CBcmPropertyTags()
                0x00019ccc                CBcmPropertyTags::CBcmPropertyTags()
                0x00019ce4                CBcmPropertyTags::~CBcmPropertyTags()
                0x00019ce4                CBcmPropertyTags::~CBcmPropertyTags()
                0x00019cf8                CBcmPropertyTags::GetTags(void*, unsigned int)
                0x00019e28                CBcmPropertyTags::GetTag(unsigned int, void*, unsigned int, unsigned int)
 .text          0x00019f48      0x328 ../../../PiCircle/circle/lib/libcircle.a(classallocator.o)
                0x00019f48                CClassAllocator::~CClassAllocator()
                0x00019f48                CClassAllocator::~CClassAllocator()
                0x00019f70                CClassAllocator::Init(unsigned int, unsigned int)
                0x0001a050                CClassAllocator::CClassAllocator(unsigned int, unsigned int, char const*)
                0x0001a050                CClassAllocator::CClassAllocator(unsigned int, unsigned int, char const*)
                0x0001a080                CClassAllocator::CClassAllocator(unsigned int, unsigned int, unsigned int, char const*)
                0x0001a080                CClassAllocator::CClassAllocator(unsigned int, unsigned int, unsigned int, char const*)
                0x0001a0b4                CClassAllocator::Allocate()
                0x0001a1a0                CClassAllocator::Free(void*)
 .text          0x0001a270      0x1bc ../../../PiCircle/circle/lib/libcircle.a(debug.o)
                0x0001a270                debug_hexdump(void const*, unsigned int, char const*)
                0x0001a388                debug_stacktrace(unsigned int const*, char const*)
 .text          0x0001a42c       0x40 ../../../PiCircle/circle/lib/libcircle.a(device.o)
                0x0001a42c                CDevice::~CDevice()
                0x0001a42c                CDevice::~CDevice()
                0x0001a430                CDevice::Write(void const*, unsigned int)
                0x0001a430                CDevice::Read(void*, unsigned int)
                0x0001a438                CDevice::Seek(unsigned long long)
                0x0001a444                CDevice::~CDevice()
                0x0001a45c                CDevice::CDevice()
                0x0001a45c                CDevice::CDevice()
 .text          0x0001a46c      0x634 ../../../PiCircle/circle/lib/libcircle.a(devicenameservice.o)
                0x0001a46c                CDeviceNameService::CDeviceNameService()
                0x0001a46c                CDeviceNameService::CDeviceNameService()
                0x0001a4b8                CDeviceNameService::~CDeviceNameService()
                0x0001a4b8                CDeviceNameService::~CDeviceNameService()
                0x0001a520                CDeviceNameService::AddDevice(char const*, CDevice*, bool)
                0x0001a5dc                CDeviceNameService::RemoveDevice(char const*, bool)
                0x0001a714                CDeviceNameService::GetDevice(char const*, bool)
                0x0001a820                CDeviceNameService::Get()
                0x0001a858                CDeviceNameService::AddDevice(char const*, unsigned int, CDevice*, bool)
                0x0001a8c0                CDeviceNameService::RemoveDevice(char const*, unsigned int, bool)
                0x0001a920                CDeviceNameService::GetDevice(char const*, unsigned int, bool)
                0x0001a988                CDeviceNameService::ListDevices(CDevice*)
 .text          0x0001aaa0      0xd38 ../../../PiCircle/circle/lib/libcircle.a(gpiopin.o)
                0x0001aaa0                CGPIOPin::~CGPIOPin()
                0x0001aaa0                CGPIOPin::~CGPIOPin()
                0x0001aaa4                CGPIOPin::~CGPIOPin()
                0x0001aabc                CGPIOPin::CGPIOPin()
                0x0001aabc                CGPIOPin::CGPIOPin()
                0x0001aaf8                CGPIOPin::AssignPin(unsigned int)
                0x0001ab8c                CGPIOPin::Write(unsigned int)
                0x0001ac4c                CGPIOPin::Read() const
                0x0001acd4                CGPIOPin::Invert()
                0x0001ad14                CGPIOPin::ConnectInterrupt(void (*)(void*), void*)
                0x0001ae14                CGPIOPin::DisconnectInterrupt()
                0x0001aef0                CGPIOPin::EnableInterrupt(TGPIOInterrupt)
                0x0001b014                CGPIOPin::DisableInterrupt()
                0x0001b0d0                CGPIOPin::EnableInterrupt2(TGPIOInterrupt)
                0x0001b208                CGPIOPin::DisableInterrupt2()
                0x0001b2c8                CGPIOPin::ReadAll()
                0x0001b2d8                CGPIOPin::SetPullUpMode(unsigned int)
                0x0001b378                CGPIOPin::SetAlternateFunction(unsigned int)
                0x0001b44c                CGPIOPin::SetMode(TGPIOMode, bool)
                0x0001b614                CGPIOPin::CGPIOPin(unsigned int, TGPIOMode, CGPIOManager*)
                0x0001b614                CGPIOPin::CGPIOPin(unsigned int, TGPIOMode, CGPIOManager*)
                0x0001b66c                CGPIOPin::InterruptHandler()
                0x0001b720                CGPIOPin::DisableAllInterrupts(unsigned int)
 .text.startup  0x0001b7d8       0x14 ../../../PiCircle/circle/lib/libcircle.a(gpiopin.o)
 .text          0x0001b7ec      0x5dc ../../../PiCircle/circle/lib/libcircle.a(interrupt.o)
                0x0001b7ec                CInterruptSystem::CInterruptSystem()
                0x0001b7ec                CInterruptSystem::CInterruptSystem()
                0x0001b824                CInterruptSystem::~CInterruptSystem()
                0x0001b824                CInterruptSystem::~CInterruptSystem()
                0x0001b838                CInterruptSystem::Initialize()
                0x0001b8a4                CInterruptSystem::DisconnectFIQ()
                0x0001b928                CInterruptSystem::EnableIRQ(unsigned int)
                0x0001b9a4                CInterruptSystem::ConnectIRQ(unsigned int, void (*)(void*), void*)
                0x0001ba14                CInterruptSystem::DisableIRQ(unsigned int)
                0x0001ba90                CInterruptSystem::DisconnectIRQ(unsigned int)
                0x0001bb0c                CInterruptSystem::EnableFIQ(unsigned int)
                0x0001bb58                CInterruptSystem::ConnectFIQ(unsigned int, void (*)(void*), void*)
                0x0001bc2c                CInterruptSystem::DisableFIQ()
                0x0001bc48                CInterruptSystem::Get()
                0x0001bc80                CInterruptSystem::CallIRQHandler(unsigned int)
                0x0001bcec                CInterruptSystem::InterruptHandler()
                0x0001bdb0                InterruptHandler
 .text          0x0001bdc8      0x574 ../../../PiCircle/circle/lib/libcircle.a(koptions.o)
                0x0001be2c                CKernelOptions::~CKernelOptions()
                0x0001be2c                CKernelOptions::~CKernelOptions()
                0x0001be40                CKernelOptions::GetWidth() const
                0x0001be48                CKernelOptions::GetHeight() const
                0x0001be50                CKernelOptions::GetLogDevice() const
                0x0001be5c                CKernelOptions::GetLogLevel() const
                0x0001be64                CKernelOptions::GetKeyMap() const
                0x0001be6c                CKernelOptions::GetUSBPowerDelay() const
                0x0001be74                CKernelOptions::GetSoundDevice() const
                0x0001be80                CKernelOptions::GetSoundOption() const
                0x0001be88                CKernelOptions::GetCPUSpeed() const
                0x0001be90                CKernelOptions::GetSoCMaxTemp() const
                0x0001be98                CKernelOptions::Get()
                0x0001bea8                CKernelOptions::GetToken()
                0x0001bf24                CKernelOptions::CKernelOptions()
                0x0001bf24                CKernelOptions::CKernelOptions()
                0x0001c2e4                CKernelOptions::GetOptionValue(char*)
                0x0001c31c                CKernelOptions::GetDecimal(char*)
 .text          0x0001c33c      0x7e4 ../../../PiCircle/circle/lib/libcircle.a(logger.o)
                0x0001c33c                CLogger::CLogger(unsigned int, CTimer*)
                0x0001c33c                CLogger::CLogger(unsigned int, CTimer*)
                0x0001c394                CLogger::~CLogger()
                0x0001c394                CLogger::~CLogger()
                0x0001c408                CLogger::Get()
                0x0001c418                CLogger::Write(char const*)
                0x0001c4c4                CLogger::WriteNoAlloc(char const*, TLogSeverity, char const*)
                0x0001c59c                CLogger::Read(void*, unsigned int)
                0x0001c660                CLogger::WriteEvent(char const*, TLogSeverity, char const*)
                0x0001c7c4                CLogger::ReadEvent(TLogSeverity*, char*, char*, long*, unsigned int*, int*)
                0x0001c8a8                CLogger::RegisterEventNotificationHandler(void (*)())
                0x0001c8b0                CLogger::RegisterPanicHandler(void (*)())
                0x0001c8b8                CLogger::WriteV(char const*, TLogSeverity, char const*, std::__va_list)
                0x0001caac                CLogger::Write(char const*, TLogSeverity, char const*, ...)
                0x0001cadc                CLogger::Initialize(CDevice*)
 .text          0x0001cb20      0x414 ../../../PiCircle/circle/lib/libcircle.a(machineinfo.o)
                0x0001cb20                CMachineInfo::CMachineInfo()
                0x0001cb20                CMachineInfo::CMachineInfo()
                0x0001ccf8                CMachineInfo::~CMachineInfo()
                0x0001ccf8                CMachineInfo::~CMachineInfo()
                0x0001cd1c                CMachineInfo::GetMachineModel() const
                0x0001cd24                CMachineInfo::GetMachineName() const
                0x0001cd3c                CMachineInfo::GetModelMajor() const
                0x0001cd44                CMachineInfo::GetModelRevision() const
                0x0001cd4c                CMachineInfo::GetSoCType() const
                0x0001cd54                CMachineInfo::GetRAMSize() const
                0x0001cd5c                CMachineInfo::GetSoCName() const
                0x0001cd74                CMachineInfo::GetRevisionRaw() const
                0x0001cd7c                CMachineInfo::GetClockRate(unsigned int) const
                0x0001ce48                CMachineInfo::GetGPIOPin(TGPIOVirtualPin) const
                0x0001cebc                CMachineInfo::GetDevice(TDeviceId) const
                0x0001cefc                CMachineInfo::Get()
 .text          0x0001cf34     0x1238 ../../../PiCircle/circle/lib/libcircle.a(screen.o)
                0x0001cf34                CScreenDevice::~CScreenDevice()
                0x0001cf34                CScreenDevice::~CScreenDevice()
                0x0001cfac                CScreenDevice::~CScreenDevice()
                0x0001d068                CScreenDevice::CScreenDevice(unsigned int, unsigned int, bool)
                0x0001d068                CScreenDevice::CScreenDevice(unsigned int, unsigned int, bool)
                0x0001d0e0                CScreenDevice::GetWidth() const
                0x0001d0e8                CScreenDevice::GetHeight() const
                0x0001d0f0                CScreenDevice::GetColumns() const
                0x0001d110                CScreenDevice::GetRows() const
                0x0001d130                CScreenDevice::GetStatus()
                0x0001d1a0                CScreenDevice::SetStatus(TScreenStatus const&)
                0x0001d2ac                CScreenDevice::CarriageReturn()
                0x0001d2b8                CScreenDevice::CursorHome()
                0x0001d2cc                CScreenDevice::CursorLeft()
                0x0001d338                CScreenDevice::CursorMove(unsigned int, unsigned int)
                0x0001d398                CScreenDevice::CursorUp()
                0x0001d3c8                CScreenDevice::DeleteChars(unsigned int)
                0x0001d3cc                CScreenDevice::DeleteLines(unsigned int)
                0x0001d3d0                CScreenDevice::InsertLines(unsigned int)
                0x0001d3d4                CScreenDevice::InsertMode(bool)
                0x0001d3dc                CScreenDevice::ReverseScroll()
                0x0001d3e0                CScreenDevice::SetCursorMode(bool)
                0x0001d3e8                CScreenDevice::SetScrollRegion(unsigned int, unsigned int)
                0x0001d464                CScreenDevice::SetStandoutMode(unsigned int)
                0x0001d504                CScreenDevice::Scroll()
                0x0001d5a8                CScreenDevice::CursorDown()
                0x0001d5f4                CScreenDevice::NewLine()
                0x0001d600                CScreenDevice::CursorRight()
                0x0001d63c                CScreenDevice::Tabulator()
                0x0001d688                CScreenDevice::DisplayChar(char, unsigned int, unsigned int, unsigned short)
                0x0001d75c                CScreenDevice::DisplayChar(char)
                0x0001d798                CScreenDevice::EraseChar(unsigned int, unsigned int)
                0x0001d81c                CScreenDevice::ClearLineEnd()
                0x0001d8c4                CScreenDevice::EraseChars(unsigned int)
                0x0001d8d0                CScreenDevice::ClearDisplayEnd()
                0x0001d954                CScreenDevice::Write(char)
                0x0001de64                CScreenDevice::Write(void const*, unsigned int)
                0x0001df2c                CScreenDevice::Initialize()
                0x0001e09c                CScreenDevice::InvertCursor()
                0x0001e0ac                CScreenDevice::SetPixel(unsigned int, unsigned int, unsigned short)
                0x0001e0d8                CScreenDevice::GetPixel(unsigned int, unsigned int)
                0x0001e110                CScreenDevice::Rotor(unsigned int, unsigned int)
 *fill*         0x0001e16c        0x4 
 .text          0x0001e170     0x10b4 ../../../PiCircle/circle/lib/libcircle.a(string.o)
                0x0001e170                CString::~CString()
                0x0001e170                CString::~CString()
                0x0001e19c                CString::~CString()
                0x0001e23c                CString::CString()
                0x0001e23c                CString::CString()
                0x0001e254                CString::CString(char const*)
                0x0001e254                CString::CString(char const*)
                0x0001e294                CString::operator char const*() const
                0x0001e2ac                CString::operator=(char const*)
                0x0001e2f0                CString::operator=(CString const&)
                0x0001e34c                CString::GetLength() const
                0x0001e35c                CString::Append(char const*)
                0x0001e3e0                CString::Compare(char const*) const
                0x0001e3e8                CString::Find(char) const
                0x0001e42c                CString::PutChar(char, unsigned int)
                0x0001e46c                CString::PutString(char const*)
                0x0001e4b0                CString::Replace(char const*, char const*)
                0x0001e62c                CString::ReserveSpace(unsigned int)
                0x0001e638                CString::ntoa(char*, unsigned long, unsigned int, bool)
                0x0001e6f0                CString::ftoa(char*, double, unsigned int)
                0x0001e970                CString::FormatV(char const*, std::__va_list)
                0x0001f1f4                CString::Format(char const*, ...)
 .text          0x0001f224       0xec ../../../PiCircle/circle/lib/libcircle.a(sysinit.o)
                0x0001f224                __aeabi_atexit
                0x0001f228                halt
                0x0001f234                reboot
                0x0001f260                sysinit
 .text          0x0001f310      0xdc4 ../../../PiCircle/circle/lib/libcircle.a(timer.o)
                0x0001f348                CTimer::CTimer(CInterruptSystem*)
                0x0001f348                CTimer::CTimer(CInterruptSystem*)
                0x0001f3d0                CTimer::~CTimer()
                0x0001f3d0                CTimer::~CTimer()
                0x0001f4b8                CTimer::SetTimeZone(int)
                0x0001f4dc                CTimer::GetTimeZone() const
                0x0001f4e4                CTimer::SetTime(unsigned int, bool)
                0x0001f560                CTimer::GetClockTicks()
                0x0001f57c                CTimer::GetTicks() const
                0x0001f584                CTimer::GetUptime() const
                0x0001f58c                CTimer::GetTime() const
                0x0001f594                CTimer::GetLocalTime(unsigned int*, unsigned int*)
                0x0001f654                CTimer::GetUniversalTime() const
                0x0001f674                CTimer::GetUniversalTime(unsigned int*, unsigned int*)
                0x0001f758                CTimer::GetTimeString()
                0x0001f95c                CTimer::StartKernelTimer(unsigned int, void (*)(unsigned int, void*, void*), void*, void*)
                0x0001fac4                CTimer::CancelKernelTimer(unsigned int)
                0x0001fb80                CTimer::PollKernelTimers()
                0x0001fce8                CTimer::InterruptHandler()
                0x0001fdec                CTimer::InterruptHandler(void*)
                0x0001fe2c                CTimer::TuneMsDelay()
                0x0001fed4                CTimer::Initialize()
                0x0001ff5c                CTimer::RegisterPeriodicHandler(void (*)())
                0x0001ffb4                CTimer::SimpleMsDelay(unsigned int)
                0x0001ffd0                CTimer::SimpleusDelay(unsigned int)
                0x0001ffdc                CTimer::IsLeapYear(unsigned int)
                0x00020028                CTimer::GetDaysOfMonth(unsigned int, unsigned int)
                0x00020098                CTimer::Get()
 .text          0x000200d4      0x5c8 ../../../PiCircle/circle/lib/libcircle.a(util.o)
                0x000200d4                memset
                0x000200f8                memcmp
                0x00020154                strlen
                0x0002017c                strcmp
                0x000201e8                strcasecmp
                0x000202b8                strncmp
                0x0002034c                strcpy
                0x00020378                strncpy
                0x000203c4                strcat
                0x00020408                strchr
                0x00020448                strtok_r
                0x00020514                strtoul
                0x00020698                char2int
 .text          0x0002069c       0x5c ../../../PiCircle/circle/lib/libcircle.a(util_fast.o)
                0x0002069c                memcpy
 .text          0x000206f8      0x24c ../../../PiCircle/circle/lib/libcircle.a(virtualgpiopin.o)
                0x000206f8                CVirtualGPIOPin::~CVirtualGPIOPin()
                0x000206f8                CVirtualGPIOPin::~CVirtualGPIOPin()
                0x000206fc                CVirtualGPIOPin::~CVirtualGPIOPin()
                0x000207b8                CVirtualGPIOPin::CVirtualGPIOPin(unsigned int)
                0x000207b8                CVirtualGPIOPin::CVirtualGPIOPin(unsigned int)
                0x000208fc                CVirtualGPIOPin::Write(unsigned int)
                0x00020938                CVirtualGPIOPin::Invert()
 .text.startup  0x00020944       0x14 ../../../PiCircle/circle/lib/libcircle.a(virtualgpiopin.o)
 .text          0x00020958      0x2c0 ../../../PiCircle/circle/lib/libcircle.a(exceptionhandler.o)
                0x00020958                CExceptionHandler::CExceptionHandler()
                0x00020958                CExceptionHandler::CExceptionHandler()
                0x000209e8                CExceptionHandler::~CExceptionHandler()
                0x000209e8                CExceptionHandler::~CExceptionHandler()
                0x000209fc                CExceptionHandler::Throw(unsigned int)
                0x00020a3c                CExceptionHandler::Throw(unsigned int, TAbortFrame*)
                0x00020b2c                CExceptionHandler::Get()
                0x00020b64                ExceptionHandler
                0x00020bd0                raise
 .text          0x00020c18      0x170 ../../../PiCircle/circle/lib/libcircle.a(exceptionstub.o)
                0x00020c18                UndefinedInstructionInternal
                0x00020c64                PrefetchAbortStub
                0x00020cb0                DataAbortStub
                0x00020cfc                UndefinedInstructionStub
                0x00020d18                IRQStub
                0x00020d28                FIQStub
 .text          0x00020d88      0x2cc ../../../PiCircle/circle/lib/libcircle.a(memory.o)
                0x00020d88                CMemorySystem::~CMemorySystem()
                0x00020d88                CMemorySystem::~CMemorySystem()
                0x00020e00                CMemorySystem::GetMemSize() const
                0x00020e44                CMemorySystem::Get()
                0x00020e7c                CMemorySystem::EnableMMU()
                0x00020f58                CMemorySystem::CMemorySystem(bool)
                0x00020f58                CMemorySystem::CMemorySystem(bool)
                0x00021048                CMemorySystem::GetCoherentPage(unsigned int)
 .text          0x00021054       0xb8 ../../../PiCircle/circle/lib/libcircle.a(pagetable.o)
                0x00021054                CPageTable::CPageTable(unsigned int)
                0x00021054                CPageTable::CPageTable(unsigned int)
                0x000210fc                CPageTable::~CPageTable()
                0x000210fc                CPageTable::~CPageTable()
                0x00021100                CPageTable::GetBaseAddress() const
 .text          0x0002110c        0x0 ../../../PiCircle/circle/lib/libcircle.a(startup.o)
 .text          0x0002110c      0x180 ../../../PiCircle/circle/lib/libcircle.a(synchronize.o)
                0x0002110c                CurrentExecutionLevel
                0x00021124                EnterCritical
                0x000211d8                LeaveCritical
                0x00021230                CleanAndInvalidateDataCacheRange
                0x0002126c                SyncDataAndInstructionCache
 .text          0x0002128c       0x18 ../../../PiCircle/circle/lib/libcircle.a(new.o)
                0x0002128c                operator new(unsigned int)
                0x00021290                operator new[](unsigned int)
                0x00021294                operator delete(void*)
                0x00021298                operator delete[](void*)
                0x0002129c                operator delete(void*, unsigned int)
                0x000212a0                operator delete[](void*, unsigned int)
 .text          0x000212a4       0x18 ../../../PiCircle/circle/lib/libcircle.a(purecall.o)
                0x000212a4                __cxa_pure_virtual
 .text          0x000212bc      0x608 ../../../PiCircle/circle/lib/libcircle.a(alloc.o)
                0x000212bc                mem_init
                0x000212f8                mem_get_size
                0x00021320                malloc
                0x00021518                free
                0x00021638                calloc
                0x00021690                realloc
                0x00021778                palloc
                0x00021864                pfree
 .text.startup  0x000218c4       0x18 ../../../PiCircle/circle/lib/libcircle.a(alloc.o)
 .text          0x000218dc      0x478 ../../../PiCircle/circle/lib/libcircle.a(bcmframebuffer.o)
                0x00021998                CBcmFrameBuffer::CBcmFrameBuffer(unsigned int, unsigned int, unsigned int, unsigned int, unsigned int)
                0x00021998                CBcmFrameBuffer::CBcmFrameBuffer(unsigned int, unsigned int, unsigned int, unsigned int, unsigned int)
                0x00021ad0                CBcmFrameBuffer::~CBcmFrameBuffer()
                0x00021ad0                CBcmFrameBuffer::~CBcmFrameBuffer()
                0x00021aec                CBcmFrameBuffer::SetPalette(unsigned char, unsigned short)
                0x00021b44                CBcmFrameBuffer::SetPalette32(unsigned char, unsigned int)
                0x00021b7c                CBcmFrameBuffer::Initialize()
                0x00021c3c                CBcmFrameBuffer::GetWidth() const
                0x00021c44                CBcmFrameBuffer::GetHeight() const
                0x00021c4c                CBcmFrameBuffer::GetVirtWidth() const
                0x00021c54                CBcmFrameBuffer::GetVirtHeight() const
                0x00021c5c                CBcmFrameBuffer::GetPitch() const
                0x00021c64                CBcmFrameBuffer::GetDepth() const
                0x00021c6c                CBcmFrameBuffer::GetBuffer() const
                0x00021c74                CBcmFrameBuffer::GetSize() const
                0x00021c7c                CBcmFrameBuffer::UpdatePalette()
                0x00021c94                CBcmFrameBuffer::SetVirtualOffset(unsigned int, unsigned int)
                0x00021d0c                CBcmFrameBuffer::WaitForVerticalSync()
 .text          0x00021d54      0x17c ../../../PiCircle/circle/lib/libcircle.a(bcmmailbox.o)
                0x00021d54                CBcmMailBox::CBcmMailBox(unsigned int)
                0x00021d54                CBcmMailBox::CBcmMailBox(unsigned int)
                0x00021d5c                CBcmMailBox::~CBcmMailBox()
                0x00021d5c                CBcmMailBox::~CBcmMailBox()
                0x00021d60                CBcmMailBox::Flush()
                0x00021d98                CBcmMailBox::Read()
                0x00021dc8                CBcmMailBox::Write(unsigned int)
                0x00021e1c                CBcmMailBox::WriteRead(unsigned int)
 .text.startup  0x00021ed0       0x14 ../../../PiCircle/circle/lib/libcircle.a(bcmmailbox.o)
 .text          0x00021ee4       0xa8 ../../../PiCircle/circle/lib/libcircle.a(chargenerator.o)
                0x00021ee4                CCharGenerator::CCharGenerator()
                0x00021ee4                CCharGenerator::CCharGenerator()
                0x00021ef0                CCharGenerator::~CCharGenerator()
                0x00021ef0                CCharGenerator::~CCharGenerator()
                0x00021ef4                CCharGenerator::GetCharWidth() const
                0x00021efc                CCharGenerator::GetCharHeight() const
                0x00021f04                CCharGenerator::GetUnderline() const
                0x00021f0c                CCharGenerator::GetPixel(char, unsigned int, unsigned int) const
 *fill*         0x00021f8c        0x4 
 .text          0x00021f90        0xc ../../../PiCircle/circle/lib/libcircle.a(delayloop.o)
                0x00021f90                DelayLoop
 .text          0x00021f9c      0x384 ../../../PiCircle/circle/lib/libcircle.a(gpiomanager.o)
                0x00021f9c                CGPIOManager::CGPIOManager(CInterruptSystem*)
                0x00021f9c                CGPIOManager::CGPIOManager(CInterruptSystem*)
                0x00021fc8                CGPIOManager::~CGPIOManager()
                0x00021fc8                CGPIOManager::~CGPIOManager()
                0x00022054                CGPIOManager::Initialize()
                0x000220d4                CGPIOManager::ConnectInterrupt(CGPIOPin*)
                0x00022178                CGPIOManager::DisconnectInterrupt(CGPIOPin*)
                0x00022230                CGPIOManager::InterruptHandler()
                0x000222e4                CGPIOManager::InterruptStub(void*)
 .text          0x00022320      0x4bc ../../../PiCircle/circle/lib/libcircle.a(ptrlist.o)
                0x00022320                CPtrList::CPtrList()
                0x00022320                CPtrList::CPtrList()
                0x0002232c                CPtrList::~CPtrList()
                0x0002232c                CPtrList::~CPtrList()
                0x00022360                CPtrList::GetFirst()
                0x00022368                CPtrList::GetNext(TPtrListElement*)
                0x000223c0                CPtrList::GetPtr(TPtrListElement*)
                0x00022418                CPtrList::InsertBefore(TPtrListElement*, void*)
                0x0002251c                CPtrList::InsertAfter(TPtrListElement*, void*)
                0x00022614                CPtrList::Remove(TPtrListElement*)
                0x00022760                CPtrList::Find(void*)
                0x000227dc                _etext = .

.glue_7         0x000227dc        0x0
 .glue_7        0x000227dc        0x0 linker stubs

.glue_7t        0x000227dc        0x0
 .glue_7t       0x000227dc        0x0 linker stubs

.vfp11_veneer   0x000227dc        0x0
 .vfp11_veneer  0x000227dc        0x0 linker stubs

.v4_bx          0x000227dc        0x0
 .v4_bx         0x000227dc        0x0 linker stubs

.iplt           0x000227dc        0x0
 .iplt          0x000227dc        0x0 main.o

.rodata         0x000227dc     0x6838
 *(.rodata*)
 .rodata        0x000227dc        0x7 kernel.o
 *fill*         0x000227e3        0x1 
 .rodata.str1.4
                0x000227e4       0xb0 kernel.o
                                 0xb6 (size before relaxing)
 .rodata        0x00022894       0x1c rdserial.o
                0x00022894                vtable for CRdSerialDevice
 .rodata.str1.4
                0x000228b0       0xe7 rdserial.o
                                 0xf7 (size before relaxing)
 *fill*         0x00022997        0x1 
 .rodata        0x00022998       0x23 ../../../PiCircle/circle/lib/usb/libusb.a(dwhcidevice.o)
                0x00022998                vtable for CDWHCIDevice
 *fill*         0x000229bb        0x1 
 .rodata.str1.4
                0x000229bc      0x556 ../../../PiCircle/circle/lib/usb/libusb.a(dwhcidevice.o)
                                0x57e (size before relaxing)
 *fill*         0x00022f12        0x2 
 .rodata.str1.4
                0x00022f14       0x7d ../../../PiCircle/circle/lib/usb/libusb.a(dwhciregister.o)
 *fill*         0x00022f91        0x3 
 .rodata.str1.4
                0x00022f94      0x204 ../../../PiCircle/circle/lib/usb/libusb.a(dwhcixferstagedata.o)
                                0x208 (size before relaxing)
 .rodata        0x00023198       0x1f ../../../PiCircle/circle/lib/usb/libusb.a(usbdevice.o)
                0x00023198                vtable for CUSBDevice
 *fill*         0x000231b7        0x1 
 .rodata.str1.4
                0x000231b8      0x352 ../../../PiCircle/circle/lib/usb/libusb.a(usbdevice.o)
                                0x356 (size before relaxing)
 *fill*         0x0002350a        0x2 
 .rodata.str1.4
                0x0002350c      0x137 ../../../PiCircle/circle/lib/usb/libusb.a(usbendpoint.o)
                                0x14b (size before relaxing)
 *fill*         0x00023643        0x1 
 .rodata        0x00023644       0x18 ../../../PiCircle/circle/lib/usb/libusb.a(usbhostcontroller.o)
                0x00023644                vtable for CUSBHostController
 .rodata.str1.4
                0x0002365c       0xcc ../../../PiCircle/circle/lib/usb/libusb.a(usbrequest.o)
                                0x108 (size before relaxing)
 .rodata.str1.4
                0x00023728      0x16e ../../../PiCircle/circle/lib/usb/libusb.a(usbdevicefactory.o)
                                0x17a (size before relaxing)
 *fill*         0x00023896        0x2 
 .rodata        0x00023898       0x2b ../../../PiCircle/circle/lib/usb/libusb.a(usbstandardhub.o)
                0x00023898                vtable for CUSBStandardHub
 *fill*         0x000238c3        0x1 
 .rodata.str1.4
                0x000238c4      0x22c ../../../PiCircle/circle/lib/usb/libusb.a(usbstandardhub.o)
 .rodata        0x00023af0       0x29 ../../../PiCircle/circle/lib/usb/libusb.a(usbmassdevice.o)
                0x00023af0                vtable for CUSBBulkOnlyMassStorageDevice
 *fill*         0x00023b19        0x3 
 .rodata.str1.4
                0x00023b1c      0x24e ../../../PiCircle/circle/lib/usb/libusb.a(usbmassdevice.o)
                                0x282 (size before relaxing)
 *fill*         0x00023d6a        0x2 
 .rodata        0x00023d6c       0x24 ../../../PiCircle/circle/lib/usb/libusb.a(dwhciframeschednper.o)
                0x00023d6c                vtable for CDWHCIFrameSchedulerNonPeriodic
 .rodata.str1.4
                0x00023d90       0xac ../../../PiCircle/circle/lib/usb/libusb.a(dwhciframeschednper.o)
                                 0xe8 (size before relaxing)
 .rodata        0x00023e3c       0x24 ../../../PiCircle/circle/lib/usb/libusb.a(dwhciframeschedper.o)
                0x00023e3c                vtable for CDWHCIFrameSchedulerPeriodic
 .rodata.str1.4
                0x00023e60       0x85 ../../../PiCircle/circle/lib/usb/libusb.a(dwhciframeschedper.o)
                                0x101 (size before relaxing)
 *fill*         0x00023ee5        0x3 
 .rodata        0x00023ee8       0x37 ../../../PiCircle/circle/lib/usb/libusb.a(usbkeyboard.o)
                0x00023ee8                vtable for CUSBKeyboardDevice
 *fill*         0x00023f1f        0x1 
 .rodata.str1.4
                0x00023f20       0x5e ../../../PiCircle/circle/lib/usb/libusb.a(usbkeyboard.o)
 *fill*         0x00023f7e        0x2 
 .rodata        0x00023f80        0x7 ../../../PiCircle/circle/lib/usb/libusb.a(dwhcirootport.o)
 *fill*         0x00023f87        0x1 
 .rodata.str1.4
                0x00023f88       0x83 ../../../PiCircle/circle/lib/usb/libusb.a(dwhcirootport.o)
                                 0x93 (size before relaxing)
 *fill*         0x0002400b        0x1 
 .rodata        0x0002400c       0x30 ../../../PiCircle/circle/lib/usb/libusb.a(usbhiddevice.o)
                0x00024014                vtable for CUSBHIDDevice
 .rodata.str1.4
                0x0002403c      0x103 ../../../PiCircle/circle/lib/usb/libusb.a(usbhiddevice.o)
                                0x143 (size before relaxing)
 *fill*         0x0002413f        0x1 
 .rodata        0x00024140       0x2f ../../../PiCircle/circle/lib/usb/libusb.a(usbmouse.o)